 ----------------- OpenCFD-EC3D ver 1.14a (MPI-OpenMP version)------------------
         Copyright by Li Xinliang, lixl@imech.ac.cn                            
         Programming by Li Xinliang  2016-1                                   
 ----------------------------------------------------------------------------- 
 Check if Multi-Grid can be used ...
 Total Block number is            1 Total Cell number is          400
 Check multigrid OK
 can not find partation.dat,  create partation ...
 Partation ......
 Total Cell number=         400
 Total Grid number=        1604
 Max grid number is         1604  ... rato to mean grid is   1.0000000000000000     
 Min grid number is         1604  ... rato to mean grid is   1.0000000000000000     
 rato max to min is    1.0000000000000000     
 Read material.in OK, Total_block=           1
   Block           1 : Block_type=           3  rho=   8000.0000000000000       Cp=   500.00000000000000       k=   13.400000000000000     
 Read porous.inp OK
   Porous Block           1 : eps=  0.29999999999999999       dp=   1.0000000000000000E-003  hv=   1403151.0000000000       rho_s=   8000.0000000000000       k_s=   13.400000000000000     
 creat main mesh OK, Num_Cell=         400
  read main mesh ...
  Mesh3d.x layout: separate (x,y,z in three records per block)
 read Mesh3d.x OK
 Convert bc3d.inp to bc3d.inc ...
 Convert bc3d.inp to bc3d.inc OK
 read bc3d.inc (Link/boundary file)......
 read bc3d.inc OK
 bc3d_interface.inp not found, skip interface
 Read solid_bc.inp OK
   Block           1  (solid):           2  thermal BC faces
     face           1  Tw=   0.0000000000000000       Qw=   0.0000000000000000     
     face           4  Tw=  -1.0000000000000000       Qw=   2000000.0000000000     
  Need not read wall_dist.dat 
 No FDM.in, Donot use hybrid FVM/FDM
 my_id, block_no, FDM, FD_Flux, FD_Scheme=           0           1           0
 comput Jocabian OK ...
 Check mesh quality ......
 Check mesh quality OK
 Initial by Free-stream flow ......
  Start ......
  AC porous solver (LS_Algorithm=3) block           1  eps=  0.29999999999999999       dp=   1.0000000000000000E-003  hv=   1403151.0000000000       beta=   100.00000000000000       CFL=   20.000000000000000     
   AC-porous iter           1  res_q=   0.0000000000000000       res_m=   5747.6999999999998     
   AC-porous iter           1  res_q=   0.0000000000000000       res_m=   5747.6999999999998     
   AC-porous iter        5000  res_q=   5.2753508765013271       res_m=   15.006743323741667     
   AC-porous iter       10000  res_q=  0.13666957211277972       res_m=  0.38861463789053441     
   AC-porous iter       15000  res_q=   3.5812464371787192E-003  res_m=   1.0185785457271499E-002
   AC-porous iter       20000  res_q=   9.3864764849627122E-005  res_m=   2.6697010574450170E-004
   AC-porous iter       25000  res_q=   2.4602142545404600E-006  res_m=   6.9973662281119778E-006
  AC porous solver block           1 : iterations =       27672  final res_q=   3.5138558729386199E-007  res_m=   9.9930133612424733E-007
   AC-porous LTNE iter        2000  dTf=   11.969043878785783       dTs=   12.514074120292321       Tf[   300.01871140858930      ,   707.49826570085190      ]  Ts[   301.09512065077763      ,   832.37476895036639      ]
   AC-porous LTNE iter        4000  dTf=   7.7366110566263160       dTs=   7.9274456554273911       Tf[   300.33011571288864      ,   895.27433723589206      ]  Ts[   319.29388932570890      ,   1026.3598244918921      ]
   AC-porous LTNE iter        6000  dTf=   5.9036406955793836       dTs=   6.0008565744381031       Tf[   300.97350494871642      ,   1028.7319204356415      ]  Ts[   356.88136629273828      ,   1162.5036957923373      ]
   AC-porous LTNE iter        8000  dTf=   4.8967324772806933       dTs=   4.9540447849879001       Tf[   301.76088308275638      ,   1135.3540893024283      ]  Ts[   402.87653581157662      ,   1270.6009767586559      ]
   AC-porous LTNE iter       10000  dTf=   4.2667203546923247       dTs=   4.3048517973650178       Tf[   302.58040788567985      ,   1226.2498841078670      ]  Ts[   450.74794876799609      ,   1362.4194488114176      ]
   AC-porous LTNE iter       12000  dTf=   3.8230117798279935       dTs=   3.8513674831590379       Tf[   303.38075302598276      ,   1306.7088109350252      ]  Ts[   497.49832865985070      ,   1443.5280190866306      ]
   AC-porous LTNE iter       14000  dTf=   3.4773413313957917       dTs=   3.5003437473403665       Tf[   304.14046626044478      ,   1379.4205006155426      ]  Ts[   541.87498617971949      ,   1516.7457002402548      ]
   AC-porous LTNE iter       16000  dTf=   3.1878472537564448       dTs=   3.2076148974254011       Tf[   304.85194882629139      ,   1445.8553983478644      ]  Ts[   583.43423951364980      ,   1583.6042966999908      ]
   AC-porous LTNE iter       18000  dTf=   2.9342459055114887       dTs=   2.9518213735580048       Tf[   305.51388126351844      ,   1506.9003371031934      ]  Ts[   622.09909888029313      ,   1645.0203703601001      ]
   AC-porous LTNE iter       20000  dTf=   2.7063552573806646       dTs=   2.7222759851874798       Tf[   306.12770078523988      ,   1563.1551219844530      ]  Ts[   657.95355319754754      ,   1701.6086479850576      ]
   AC-porous LTNE iter       22000  dTf=   2.4987525727970024       dTs=   2.5133168340394150       Tf[   306.69597296166700      ,   1615.0717525525970      ]  Ts[   691.14748044387352      ,   1753.8290746199236      ]
   AC-porous LTNE iter       24000  dTf=   2.3082829174534254       dTs=   2.3216739811771276       Tf[   307.22164518814748      ,   1663.0203221200959      ]  Ts[   721.85305220546161      ,   1802.0563650423003      ]
   AC-porous LTNE iter       26000  dTf=   2.1328950850263482       dTs=   2.1452393061044859       Tf[   307.70770992414811      ,   1707.3206950109363      ]  Ts[   750.24506790124417      ,   1846.6133873737992      ]
   AC-porous LTNE iter       28000  dTf=   1.9710959186945729       dTs=   1.9824900429493937       Tf[   308.15705792794131      ,   1748.2581730223171      ]  Ts[   776.49238430672995      ,   1887.7876294121622      ]
   AC-porous LTNE iter       30000  dTf=   1.8216928693618684       dTs=   1.8322169839307207       Tf[   308.57241920458068      ,   1786.0916368977885      ]  Ts[   800.75446731510533      ,   1925.8397174613779      ]
   AC-porous LTNE iter       32000  dTf=   1.6836710282959757       dTs=   1.6933948094949756       Tf[   308.95634409524394      ,   1821.0581195940438      ]  Ts[   823.18028784386308      ,   1961.0081698356112      ]
   AC-porous LTNE iter       34000  dTf=   1.5561330135171829       dTs=   1.5651188372582965       Tf[   309.31120240862509      ,   1853.3756587290156      ]  Ts[   843.90827133792129      ,   1993.5123374108948      ]
   AC-porous LTNE iter       36000  dTf=   1.4382683410087793       dTs=   1.4465729169269252       Tf[   309.63919035274768      ,   1883.2452929615461      ]  Ts[   863.06670278255615      ,   2023.5544448888982      ]
   AC-porous LTNE iter       38000  dTf=   1.3293367256223974       dTs=   1.3370120297345238       Tf[   309.94234054355741      ,   1910.8526091320309      ]  Ts[   880.77431137739825      ,   2051.3211624035689      ]
   AC-porous LTNE iter       40000  dTf=   1.2286580530424089       dTs=   1.2357519206825600       Tf[   310.22253293273457      ,   1936.3690334430955      ]  Ts[   897.14090887605983      ,   2076.9849113900264      ]
   AC-porous LTNE iter       42000  dTf=   1.1356056287511365       dTs=   1.1421621773356492       Tf[   310.48150568891975      ,   1959.9529602243040      ]  Ts[   912.26802519157366      ,   2100.7050032345878      ]
   AC-porous LTNE iter       44000  dTf=   1.0496011107156846       dTs=   1.0556610721532707       Tf[   310.72086561855309      ,   1981.7507651157662      ]  Ts[   926.24951710368578      ,   2122.6286598765769      ]
   AC-porous LTNE iter       46000  dTf=  0.97011037161428249       dTs=  0.97571137240265671       Tf[   310.94209796686135      ,   2001.8977275046484      ]  Ts[   939.17214075659263      ,   2142.8919423010084      ]
   AC-porous LTNE iter       48000  dTf=  0.89663992883424726       dTs=  0.90181673627330383       Tf[   311.14657555544301      ,   2020.5188765758523      ]  Ts[   951.11608540464238      ,   2161.6206018141293      ]
   AC-porous LTNE iter       50000  dTf=  0.82873376304064550       dTs=  0.83351850687995466       Tf[   311.33556726455123      ,   2037.7297702490330      ]  Ts[   962.15546887998869      ,   2178.9308636359492      ]
   AC-porous LTNE iter       52000  dTf=  0.76597043293349998       dTs=  0.77039280751478145       Tf[   311.51024589008142      ,   2053.6372137084318      ]  Ts[   972.35879653518225      ,   2194.9301496524631      ]
   AC-porous LTNE iter       54000  dTf=  0.70796043412838117       dTs=  0.71204788396653385       Tf[   311.67169541348164      ,   2068.3399228565827      ]  Ts[   981.78938589331381      ,   2209.7177457340727      ]
   AC-porous LTNE iter       56000  dTf=  0.65434377003475674       dTs=  0.65812166070281819       Tf[   311.82091772479265      ,   2081.9291372152397      ]  Ts[   990.50575935419874      ,   2223.3854181911461      ]
   AC-porous LTNE iter       58000  dTf=  0.60478771227963080       dTs=  0.60827948810720045       Tf[   311.95883883825064      ,   2094.4891862659815      ]  Ts[   998.56200726028180      ,   2236.0179833919051      ]
   AC-porous LTNE iter       60000  dTf=  0.55898473326487874       dTs=  0.56221206294731019       Tf[   312.08631463796286      ,   2106.0980128328774      ]  Ts[   1006.0081235129561      ,   2247.6938341703008      ]
   AC-porous LTNE iter       62000  dTf=  0.51665059664810542       dTs=  0.51963350779942630       Tf[   312.20413618881582      ,   2116.8276567966495      ]  Ts[   1012.8903157933883      ,   2258.4854263345874      ]
   AC-porous LTNE iter       64000  dTf=  0.47752259280605358       dTs=  0.48027959622186245       Tf[   312.31303464533903      ,   2126.7447021604276      ]  Ts[   1019.2512922990342      ,   2268.4597283149060      ]
   AC-porous LTNE iter       66000  dTf=  0.44135790838799949       dTs=  0.44390611296466886       Tf[   312.41368578888500      ,   2135.9106902510043      ]  Ts[   1025.1305267694188      ,   2277.6786367506043      ]
   AC-porous LTNE iter       68000  dTf=  0.40793211936625084       dTs=  0.41028733828034092       Tf[   312.50671422122690      ,   2144.3825016235132      ]  Ts[   1030.5645034425211      ,   2286.1993606000301      ]
   AC-porous LTNE iter       70000  dTf=  0.37703779826188111       dTs=  0.37921464708324493       Tf[   312.59269724057543      ,   2152.2127090413701      ]  Ts[   1035.5869434607057      ,   2294.0747761584271      ]
   AC-porous LTNE iter       72000  dTf=  0.34848322692278089       dTs=  0.35049521432620168       Tf[   312.67216842405941      ,   2159.4499037231353      ]  Ts[   1040.2290141305466      ,   2301.3537551885042      ]
   AC-porous LTNE iter       74000  dTf=  0.32209120679135594       dTs=  0.32395081838740225       Tf[   312.74562093889267      ,   2166.1389968809681      ]  Ts[   1044.5195223347257      ,   2308.0814681998440      ]
   AC-porous LTNE iter       76000  dTf=  0.29769795926131337       dTs=  0.29941673507801170       Tf[   312.81351060277791      ,   2172.3214984222268      ]  Ts[   1048.4850932963136      ,   2314.2996647595651      ]
   AC-porous LTNE iter       78000  dTf=  0.27515210935280265       dTs=  0.27674071545334300       Tf[   312.87625871253124      ,   2178.0357745440033      ]  Ts[   1052.1503358044095      ,   2320.0469325741519      ]
   AC-porous LTNE iter       80000  dTf=  0.25431374626987235       dTs=  0.25578204090788859       Tf[   312.93425465848634      ,   2183.3172858187013      ]  Ts[   1055.5379949266844      ,   2325.3589369496049      ]
   AC-porous LTNE iter       82000  dTf=  0.23505355527231586       dTs=  0.23641065011952378       Tf[   312.98785834089904      ,   2188.1988072485938      ]  Ts[   1058.6690931564449      ,   2330.2686421165149      ]
   AC-porous LTNE iter       84000  dTf=  0.21725201511208070       dTs=  0.21850633177609780       Tf[   313.03740240334866      ,   2192.7106316547788      ]  Ts[   1061.5630608700153      ,   2334.8065157932742      ]
   AC-porous LTNE iter       86000  dTf=  0.20079865634943417       dTs=  0.20195797862106701       Tf[   313.08319429699242      ,   2196.8807576625168      ]  Ts[   1064.2378569040225      ,   2339.0007182567615      ]
   AC-porous LTNE iter       88000  dTf=  0.18559137585452845       dTs=  0.18666289803923064       Tf[   313.12551818849107      ,   2200.7350634498980      ]  Ts[   1066.7100800010808      ,   2342.8772770941969      ]
   AC-porous LTNE iter       90000  dTf=  0.17153580316380612       dTs=  0.17252617472195197       Tf[   313.16463672343366      ,   2204.2974673377116      ]  Ts[   1068.9950718150076      ,   2346.4602487201141      ]
   AC-porous LTNE iter       92000  dTf=  0.15854471487637056       dTs=  0.15946008165610692       Tf[   313.20079265621462      ,   2207.5900762172441      ]  Ts[   1071.1070121151949      ,   2349.7718676611817      ]
   AC-porous LTNE iter       94000  dTf=  0.14653749334320310       dTs=  0.14738353574466601       Tf[   313.23421035647266      ,   2210.6333227369819      ]  Ts[   1073.0590067806868      ,   2352.8326845349111      ]
   AC-porous LTNE iter       96000  dTf=  0.13543962643097984       dTs=  0.13622159469105100       Tf[   313.26509720144281      ,   2213.4460920997712      ]  Ts[   1074.8631691302878      ,   2355.6616935789561      ]
   AC-porous LTNE iter       98000  dTf=  0.12518224509858555       dTs=  0.12590499179805192       Tf[   313.29364486285658      ,   2216.0458392569194      ]  Ts[   1076.5306950929310      ,   2358.2764505217306      ]
   AC-porous LTNE iter      100000  dTf=  0.11570169602555325       dTs=  0.11636970624113019       Tf[   313.32003049638388      ,   2218.4486972268778      ]  Ts[   1078.0719326853871      ,   2360.6931815265712      ]
   AC-porous LTNE iter      102000  dTf=  0.10693914663625037       dTs=  0.10755656577703121       Tf[   313.34441784099187      ,   2220.6695772105254      ]  Ts[   1079.4964462279922      ,   2362.9268838850230      ]
   AC-porous LTNE iter      104000  dTf=   9.8840219937756046E-002  dTs=   9.9410879481638403E-002  Tf[   313.36695823504351      ,   2222.7222611242355      ]  Ts[   1080.8130756970281      ,   2364.9914190841346      ]
   AC-porous LTNE iter      106000  dTf=   9.1354657157353358E-002  dTs=   9.1882098383848643E-002  Tf[   313.38779155544739      ,   2224.6194871249481      ]  Ts[   1082.0299915822930      ,   2366.8995988252668      ]
   AC-porous LTNE iter      108000  dTf=   8.4436005800853309E-002  dTs=   8.4923501795856282E-002  Tf[   313.40704708567733      ,   2226.3730286584828      ]  Ts[   1083.1547455898917      ,   2368.6632645289287      ]
   AC-porous LTNE iter      110000  dTf=   7.8041331424628879E-002  dTs=   7.8491907419902418E-002  Tf[   313.42484431805480      ,   2227.9937675206852      ]  Ts[   1084.1943175051747      ,   2370.2933608176095      ]
   AC-porous LTNE iter      112000  dTf=   7.2130951154122158E-002  dTs=   7.2547403234239027E-002  Tf[   313.44129369527371      ,   2229.4917613858374      ]  Ts[   1085.1551585066265      ,   2371.8000034341294      ]
   AC-porous LTNE iter      114000  dTf=   6.6668187464074435E-002  dTs=   6.7053099969143659E-002  Tf[   313.45649729576388      ,   2230.8763062204944      ]  Ts[   1086.0432311993588      ,   2373.1925420158323      ]
   AC-porous LTNE iter      116000  dTf=   6.1619140591574251E-002  dTs=   6.1974902148449473E-002  Tf[   313.47054946714894      ,   2232.1559939707549      ]  Ts[   1086.8640466166482      ,   2374.4796181148986      ]
   AC-porous LTNE iter      118000  dTf=   5.6952478133098339E-002  dTs=   5.7281296463315812E-002  Tf[   313.48353741173224      ,   2233.3387658804513      ]  Ts[   1087.6226984193395      ,   2375.6692188243846      ]
   AC-porous LTNE iter      120000  dTf=   5.2639240549069655E-002  dTs=   5.2943156145829562E-002  Tf[   313.49554172764061      ,   2234.4319617714791      ]  Ts[   1088.3238945050882      ,   2376.7687263430239      ]
   AC-porous LTNE iter      122000  dTf=   4.8652661606411129E-002  dTs=   4.8933560467048665E-002  Tf[   313.50663690898318      ,   2235.4423655917949      ]  Ts[   1088.9719862237432      ,   2377.7849637863123      ]
   AC-porous LTNE iter      124000  dTf=   4.4968002126552165E-002  dTs=   4.5227627404528903E-002  Tf[   313.51689180813560      ,   2236.3762475140807      ]  Ts[   1089.5709953801518      ,   2378.7242375281057      ]
   AC-porous LTNE iter      126000  dTf=   4.1562396562312642E-002  dTs=   4.1802359382927534E-002  Tf[   313.52637006300819      ,   2237.2394028458666      ]  Ts[   1090.1246391918658      ,   2379.5923763354817      ]
   AC-porous LTNE iter      128000  dTf=   3.8414711042150884E-002  dTs=   3.8636500524717121E-002  Tf[   313.53513049195965      ,   2238.0371879930317      ]  Ts[   1090.6363533567685      ,   2380.3947675398190      ]
   AC-porous LTNE iter      130000  dTf=   3.5505412261045421E-002  dTs=   3.5710404746168933E-002  Tf[   313.54322745880063      ,   2238.7745536995121      ]  Ts[   1091.1093133737140      ,   2381.1363904684513      ]
   AC-porous LTNE iter      132000  dTf=   3.2816446246215492E-002  dTs=   3.3005913837769185E-002  Tf[   313.55071121015453      ,   2239.4560757697200      ]  Ts[   1091.5464542483974      ,   2381.8218473444508      ]
   AC-porous LTNE iter      134000  dTf=   3.0331126316468726E-002  dTs=   3.0506244771459023E-002  Tf[   313.55762818726754      ,   2240.0859834642633      ]  Ts[   1091.9504887068342      ,   2382.4553918462993      ]
   AC-porous LTNE iter      136000  dTf=   2.8034029536684102E-002  dTs=   2.8195885578497837E-002  Tf[   313.56402131420646      ,   2240.6681857449826      ]  Ts[   1092.3239240295568      ,   2383.0409555044498      ]
   AC-porous LTNE iter      138000  dTf=   2.5910901040333556E-002  dTs=   2.6060499080358568E-002  Tf[   313.56993026422714      ,   2241.2062955325214      ]  Ts[   1092.6690776107503      ,   2383.5821720989475      ]
   AC-porous LTNE iter      140000  dTf=   2.3948565499722463E-002  dTs=   2.4086833882392966E-002  Tf[   313.57539170597244      ,   2241.7036521266541      ]  Ts[   1092.9880913391164      ,   2384.0824002091936      ]
   AC-porous LTNE iter      142000  dTf=   2.2134845444270468E-002  dTs=   2.2262642246460018E-002  Tf[   313.58043953102293      ,   2242.1633419287582      ]  Ts[   1093.2829448896230      ,   2384.5447440561120      ]
   AC-porous LTNE iter      144000  dTf=   2.0458485601011489E-002  dTs=   2.0576603827066720E-002  Tf[   313.58510506421550      ,   2242.5882175946676      ]  Ts[   1093.5554680086072      ,   2384.9720727654112      ]
   AC-porous LTNE iter      146000  dTf=   1.8909083146809280E-002  dTs=   1.9018255786249938E-002  Tf[   313.58941725803237      ,   2242.9809157374079      ]  Ts[   1093.8073518684189      ,   2385.3670381728512      ]
   AC-porous LTNE iter      148000  dTf=   1.7477023105584522E-002  dTs=   1.7577927671482030E-002  Tf[   313.59340287226877      ,   2243.3438732886430      ]  Ts[   1094.0401595621913      ,   2385.7320912798059      ]
   AC-porous LTNE iter      150000  dTf=   1.6153418676367437E-002  dTs=   1.6246681340817304E-002  Tf[   313.59708664009469      ,   2243.6793426216514      ]  Ts[   1094.2553358038117      ,   2386.0694974637740      ]
   AC-porous LTNE iter      152000  dTf=   1.4930056056982721E-002  dTs=   1.5016255566024483E-002  Tf[   313.60049142153906      ,   2243.9894055284476      ]  Ts[   1094.4542158932666      ,   2386.3813505361068      ]
   AC-porous LTNE iter      154000  dTf=   1.3799343562368449E-002  dTs=   1.3879014847589133E-002  Tf[   313.60363834534940      ,   2244.2759861386976      ]  Ts[   1094.6380340029195      ,   2386.6695857355348      ]
   AC-porous LTNE iter      156000  dTf=   1.2754264416344085E-002  dTs=   1.2827901884975290E-002  Tf[   313.60654694010896      ,   2244.5408628600726      ]  Ts[   1094.8079308363658      ,   2386.9359917374813      ]
   AC-porous LTNE iter      158000  dTf=   1.1788333274125762E-002  dTs=   1.1856393874495552E-002  Tf[   313.60923525542512      ,   2244.7856794143436      ]  Ts[   1094.9649607072358      ,   2387.1822217538147      ]
   AC-porous LTNE iter      160000  dTf=   1.0895555932620482E-002  dTs=   1.0958462031794625E-002  Tf[   313.61171997393495      ,   2245.0119550377817      ]  Ts[   1095.1100980817082      ,   2387.4098037922290      ]
   AC-porous LTNE iter      162000  dTf=   1.0070392168927356E-002  dTs=   1.0128534143404977E-002  Tf[   313.61401651483465      ,   2245.2210939086663      ]  Ts[   1095.2442436258589      ,   2387.6201501380797      ]
   AC-porous LTNE iter      164000  dTf=   9.3077213296055561E-003  dTs=   9.3614599809370702E-003  Tf[   313.61613912956227      ,   2245.4143938614561      ]  Ts[   1095.3682297946618      ,   2387.8145661189565      ]
   AC-porous LTNE iter      166000  dTf=   8.6028105979494285E-003  dTs=   8.6524794064644084E-003  Tf[   313.61810099023847      ,   2245.5930544403991      ]  Ts[   1095.4828259980166      ,   2387.9942582047452      ]
   AC-porous LTNE iter      168000  dTf=   7.9512855577377195E-003  dTs=   7.9971927334554493E-003  Tf[   313.61991427140651      ,   2245.7581843434682      ]  Ts[   1095.5887433753287      ,   2388.1603414945353      ]
   AC-porous LTNE iter      170000  dTf=   7.3491030857439910E-003  dTs=   7.3915335410674743E-003  Tf[   313.62159022558347      ,   2245.9108083025048      ]  Ts[   1095.6866392086047      ,   2388.3138466365435      ]
   AC-porous LTNE iter      172000  dTf=   6.7925262906101125E-003  dTs=   6.8317433183437970E-003  Tf[   313.62313925308797      ,   2246.0518734424045      ]  Ts[   1095.7771210012540      ,   2388.4557262239214      ]
   AC-porous LTNE iter      174000  dTf=   6.2781012784398627E-003  dTs=   6.3143482457235223E-003  Tf[   313.62457096658159      ,   2246.1822551584414      ]  Ts[   1095.8607502480452      ,   2388.5868607060775      ]
   AC-porous LTNE iter      176000  dTf=   5.8026357046401245E-003  dTs=   5.8361375504318858E-003  Tf[   313.62589425072093      ,   2246.3027625488730      ]  Ts[   1095.9380459195252      ,   2388.7080638526836      ]
   AC-porous LTNE iter      178000  dTf=   5.3631790392500989E-003  dTs=   5.3941436599416193E-003  Tf[   313.62711731729149      ,   2246.4141434355233      ]  Ts[   1096.0094876825131      ,   2388.8200878031116      ]
   AC-porous LTNE iter      180000  dTf=   4.9570041646802565E-003  dTs=   4.9856237046697061E-003  Tf[   313.62824775616866      ,   2246.5170890048498      ]  Ts[   1096.0755188767814      ,   2388.9236277344444      ]
   AC-porous LTNE iter      182000  dTf=   4.5815905377821764E-003  dTs=   4.6080426041044120E-003  Tf[   313.62929258241553      ,   2246.6122380969427      ]  Ts[   1096.1365492662048      ,   2389.0193261751338      ]
   AC-porous LTNE iter      184000  dTf=   4.2346084778728255E-003  dTs=   4.2590572288645490E-003  Tf[   313.63025827981738      ,   2246.7001811700634      ]  Ts[   1096.1929575816323      ,   2389.1077769925059      ]
   AC-porous LTNE iter      186000  dTf=   3.9139047380558623E-003  dTs=   3.9365018888020131E-003  Tf[   313.63115084111610      ,   2246.7814639646458      ]  Ts[   1096.2450938710872      ,   2389.1895290778548      ]
   AC-porous LTNE iter      188000  dTf=   3.6174891688460775E-003  dTs=   3.6383749443302804E-003  Tf[   313.63197580519915      ,   2246.8565908900609      ]  Ts[   1096.2932816720693      ,   2389.2650897527706      ]
   AC-porous LTNE iter      190000  dTf=   3.3435223372180189E-003  dTs=   3.3628263440732553E-003  Tf[   313.63273829147272      ,   2246.9260281547713      ]  Ts[   1096.3378200193240      ,   2389.3349279174131      ]
   AC-porous LTNE iter      192000  dTf=   3.0903040933480952E-003  dTs=   3.1081461402209243E-003  Tf[   313.63344303162950      ,   2246.9902066594022      ]  Ts[   1096.3789853004739      ,   2389.3994769602336      ]
   AC-porous LTNE iter      194000  dTf=   2.8562630886881379E-003  dTs=   2.8727538847306278E-003  Tf[   313.63409439901284      ,   2247.0495246707219      ]  Ts[   1096.4170329712526      ,   2389.4591374474103      ]
   AC-porous LTNE iter      196000  dTf=   2.6399469279567711E-003  dTs=   2.6551888090580178E-003  Tf[   313.63469643575479      ,   2247.1043502932293      ]  Ts[   1096.4521991406684      ,   2389.5142796087102      ]
   AC-porous LTNE iter      198000  dTf=   2.4400132492701232E-003  dTs=   2.4541008019696164E-003  Tf[   313.63525287786081      ,   2247.1550237533943      ]  Ts[   1096.4847020362677      ,   2389.5652456349385      ]
   AC-porous LTNE iter      200000  dTf=   2.2552213495146134E-003  dTs=   2.2682419994453085E-003  Tf[   313.63576717839453      ,   2247.2018595109976      ]  Ts[   1096.5147433583973      ,   2389.6123518014069      ]
   AC-porous LTNE iter      202000  dTf=   2.0844244668296597E-003  dTs=   2.0964590080438938E-003  Tf[   313.63624252890367      ,   2247.2451482104761      ]  Ts[   1096.5425095317403      ,   2389.6558904306144      ]
   AC-porous LTNE iter      204000  dTf=   1.9265627151980880E-003  dTs=   1.9376858376745076E-003  Tf[   313.63668187922946      ,   2247.2851584846276      ]  Ts[   1096.5681728624161      ,   2389.6961317063215      ]
   AC-porous LTNE iter      206000  dTf=   1.7806564687816717E-003  dTs=   1.7909371908899629E-003  Tf[   313.63708795580845      ,   2247.3221386216842      ]  Ts[   1096.5918926070426      ,   2389.7333253502698      ]
   AC-porous LTNE iter      208000  dTf=   1.6458002660328930E-003  dTs=   1.6553023970118375E-003  Tf[   313.63746327859360      ,   2247.3563181059194      ]  Ts[   1096.6138159610953      ,   2389.7677021716668      ]
   AC-porous LTNE iter      210000  dTf=   1.5211572708722088E-003  dTs=   1.5299397523449443E-003  Tf[   313.63781017669231      ,   2247.3879090419664      ]  Ts[   1096.6340789724045      ,   2389.7994754997494      ]
   AC-porous LTNE iter      212000  dTf=   1.4059539794288867E-003  dTs=   1.4140713278720796E-003  Tf[   313.63813080281898      ,   2247.4171074708452      ]  Ts[   1096.6528073853108      ,   2389.8288425073811      ]
   AC-porous LTNE iter      214000  dTf=   1.2994755006729974E-003  dTs=   1.3069780970909051E-003  Tf[   313.63842714665452      ,   2247.4440945866331      ]  Ts[   1096.6701174210618      ,   2389.8559854347968      ]
   AC-porous LTNE iter      216000  dTf=   1.2010610571451252E-003  dTs=   1.2079954444743635E-003  Tf[   313.63870104719325      ,   2247.4690378608561      ]  Ts[   1096.6861164989732      ,   2389.8810727204082      ]
   AC-porous LTNE iter      218000  dTf=   1.1100999281552504E-003  dTs=   1.1165091514158121E-003  Tf[   313.63895420415531      ,   2247.4920920817694      ]  Ts[   1096.7009039031329      ,   2389.9042600461612      ]
   AC-porous LTNE iter      220000  dTf=   1.0260276476401486E-003  dTs=   1.0319514772163529E-003  Tf[   313.63918818853438      ,   2247.5134003148905      ]  Ts[   1096.7145713983862      ,   2389.9256913035570      ]
  AC-porous LTNE block           1 : sweeps =      220800  final dTf=   9.9420939068295411E-004  dTs=   9.9994951460757875E-004
 write flow3d.dat ......
 write flow3d.dat OK
 Output Ts to Ts_block_1.dat
 write VTK files ......
 write VTK files OK
