 ----------------- OpenCFD-EC3D ver 1.14a (MPI-OpenMP version)------------------
         Copyright by Li Xinliang, lixl@imech.ac.cn                            
         Programming by Li Xinliang  2016-1                                   
 ----------------------------------------------------------------------------- 
 Check if Multi-Grid can be used ...
 Total Block number is            1 Total Cell number is         9600
 Check multigrid OK
 can not find partation.dat,  create partation ...
 Partation ......
 Total Cell number=        9600
 Total Grid number=       19602
 Max grid number is        19602  ... rato to mean grid is   1.0000000000000000     
 Min grid number is        19602  ... rato to mean grid is   1.0000000000000000     
 rato max to min is    1.0000000000000000     
 Read material.in OK, Total_block=           1
   Block           1 : Block_type=           2  rho=   1.0000000000000000       Cp=   1.0000000000000000       k=   0.0000000000000000     
 porous.inp not found: porous blocks use defaults (eps=0.9, dp=1e-3 m, hv=0)
 creat main mesh OK, Num_Cell=        9600
  read main mesh ...
  Mesh3d.x layout: separate (x,y,z in three records per block)
 read Mesh3d.x OK
 Convert bc3d.inp to bc3d.inc ...
 Convert bc3d.inp to bc3d.inc OK
 read bc3d.inc (Link/boundary file)......
 read bc3d.inc OK
 bc3d_interface.inp not found, skip interface
 solid_bc.inp not found, no solid thermal BCs
  Need not read wall_dist.dat 
 No FDM.in, Donot use hybrid FVM/FDM
 my_id, block_no, FDM, FD_Flux, FD_Scheme=           0           1           0
 comput Jocabian OK ...
 Check mesh quality ......
 Check mesh quality OK
 Initial by Free-stream flow ......
  Start ......
  AC solver (LS_Algorithm=3) block           1  nx,ny,nz=         121          81           2  beta=   1.0000000000000000       CFL=   20.000000000000000       dual=           0  flux=           3  recon=           1  lim=           1
   AC iter           1  res_q=   70.219144182985971       res_m=   70.219144182985971     
   AC iter           1  res_q=   70.219144182985971       res_m=   70.219144182985971     
   AC iter        2000  res_q=                       NaN  res_m=                       NaN
   AC iter        4000  res_q=                       NaN  res_m=                       NaN
   AC iter        6000  res_q=                       NaN  res_m=                       NaN
   AC iter        8000  res_q=                       NaN  res_m=                       NaN
   AC iter       10000  res_q=                       NaN  res_m=                       NaN
   AC iter       12000  res_q=                       NaN  res_m=                       NaN
   AC iter       14000  res_q=                       NaN  res_m=                       NaN
--------------------------------------------------------------------------
Primary job  terminated normally, but 1 process returned
a non-zero exit code. Per user-direction, the job has been aborted.
--------------------------------------------------------------------------
--------------------------------------------------------------------------
mpirun noticed that process rank 0 with PID 0 on node DESKTOP-68P2P7O exited on signal 15 (Terminated).
--------------------------------------------------------------------------
