 ----------------- OpenCFD-EC3D ver 1.14a (MPI-OpenMP version)------------------
         Copyright by Li Xinliang, lixl@imech.ac.cn                            
         Programming by Li Xinliang  2016-1                                   
 ----------------------------------------------------------------------------- 
 Check if Multi-Grid can be used ...
 Total Block number is            1 Total Cell number is          400
 Check multigrid OK
 can not find partation.dat,  create partation ...
 Partation ......
 Total Cell number=         400
 Total Grid number=        1604
 Max grid number is         1604  ... rato to mean grid is   1.0000000000000000     
 Min grid number is         1604  ... rato to mean grid is   1.0000000000000000     
 rato max to min is    1.0000000000000000     
 Read material.in OK, Total_block=           1
   Block           1 : Block_type=           3  rho=   8000.0000000000000       Cp=   500.00000000000000       k=   13.400000000000000     
 Read porous.inp OK
   Porous Block           1 : eps=  0.59999999999999998       dp=   1.0000000000000000E-003  hv=   801800.40000000002       rho_s=   8000.0000000000000       k_s=   13.400000000000000     
 creat main mesh OK, Num_Cell=         400
  read main mesh ...
  Mesh3d.x layout: separate (x,y,z in three records per block)
 read Mesh3d.x OK
 Convert bc3d.inp to bc3d.inc ...
 Convert bc3d.inp to bc3d.inc OK
 read bc3d.inc (Link/boundary file)......
 read bc3d.inc OK
 bc3d_interface.inp not found, skip interface
 Read solid_bc.inp OK
   Block           1  (solid):           2  thermal BC faces
     face           1  Tw=   0.0000000000000000       Qw=   0.0000000000000000     
     face           4  Tw=  -1.0000000000000000       Qw=   3000000.0000000000     
  Need not read wall_dist.dat 
 No FDM.in, Donot use hybrid FVM/FDM
 my_id, block_no, FDM, FD_Flux, FD_Scheme=           0           1           0
 comput Jocabian OK ...
 Check mesh quality ......
 Check mesh quality OK
 Initial by Free-stream flow ......
  Start ......
  AC porous solver (LS_Algorithm=3) block           1  eps=  0.59999999999999998       dp=   1.0000000000000000E-003  hv=   801800.40000000002       beta=   100.00000000000000       CFL=   20.000000000000000     
   AC-porous iter           1  res_q=   0.0000000000000000       res_m=   1438.4000000000003     
   AC-porous iter           1  res_q=   0.0000000000000000       res_m=   1438.4000000000003     
   AC-porous iter        5000  res_q=   3.2107119896096488E-003  res_m=   3.3336941628006107E-002
  AC porous solver block           1 : iterations =        8928  final res_q=   1.9858337196865247E-007  res_m=   9.9803759007198256E-007
   AC-porous LTNE iter        2000  dTf=   26.335996464235222       dTs=   29.610260202751988       Tf[   300.02538556201660      ,   1158.5438524854326      ]  Ts[   302.58086665890033      ,   1647.2503626937507      ]
   AC-porous LTNE iter        4000  dTf=   16.239503020489565       dTs=   17.400841200857030       Tf[   300.40987190047571      ,   1562.7347519550522      ]  Ts[   341.61311623282671      ,   2089.1395880623231      ]
   AC-porous LTNE iter        6000  dTf=   11.799770671992974       dTs=   12.390150901486777       Tf[   301.13220164081940      ,   1836.0358365193620      ]  Ts[   414.91763721309820      ,   2378.7490382267874      ]
   AC-porous LTNE iter        8000  dTf=   9.3197204226441954       dTs=   9.6760731379581557       Tf[   301.94252327811444      ,   2043.9518100789210      ]  Ts[   497.14447138012360      ,   2595.7055536334319      ]
   AC-porous LTNE iter       10000  dTf=   7.7067687063295125       dTs=   7.9529738573846771       Tf[   302.72160769823626      ,   2212.4405925369247      ]  Ts[   576.19903055049633      ,   2770.0388092021567      ]
   AC-porous LTNE iter       12000  dTf=   6.5269549733643544       dTs=   6.7147550482791303       Tf[   303.42820418242263      ,   2353.6679037165509      ]  Ts[   647.89722818156781      ,   2915.5225014787939      ]
   AC-porous LTNE iter       14000  dTf=   5.5936504147207415       dTs=   5.7459356467334146       Tf[   304.05333461524782      ,   2474.0872716689128      ]  Ts[   711.32871866092557      ,   3039.2999379821722      ]
   AC-porous LTNE iter       16000  dTf=   4.8213581175114086       dTs=   4.9490382736553329       Tf[   304.60024595343947      ,   2577.6272683034676      ]  Ts[   766.82323373299005      ,   3145.6146516029735      ]
   AC-porous LTNE iter       18000  dTf=   4.1670830791426852       dTs=   4.2759654449528171       Tf[   305.07626437237718      ,   2667.0123205794162      ]  Ts[   815.12426024763590      ,   3237.3486826432750      ]
   AC-porous LTNE iter       20000  dTf=   3.6062764470107140       dTs=   3.6999024553119852       Tf[   305.48958286246574      ,   2744.3252103500868      ]  Ts[   857.06317504759852      ,   3316.6742608363893      ]
   AC-porous LTNE iter       22000  dTf=   3.1228617728947938       dTs=   3.2036905873928845       Tf[   305.84805455464686      ,   2811.2569686842121      ]  Ts[   893.43684345799659      ,   3385.3406567294296      ]
   AC-porous LTNE iter       24000  dTf=   2.7050332296093984       dTs=   2.7749464583939698       Tf[   306.15879209407791      ,   2869.2263285613385      ]  Ts[   924.96698386721937      ,   3444.8091890811411      ]
   AC-porous LTNE iter       26000  dTf=   2.3434299964769707       dTs=   2.4039560828250615       Tf[   306.42808419377019      ,   2919.4435400972570      ]  Ts[   952.29170691714523      ,   3496.3237860719396      ]
   AC-porous LTNE iter       28000  dTf=   2.0302965037781178       dTs=   2.0827180994242553       Tf[   306.66143113414950      ,   2962.9494382264306      ]  Ts[   975.96912020801017      ,   3540.9531460074477      ]
   AC-porous LTNE iter       30000  dTf=   1.7590582095967875       dTs=   1.8044696181787003       Tf[   306.86361959423630      ,   3000.6426591200657      ]  Ts[   996.48492238892948      ,   3579.6195085278086      ]
   AC-porous LTNE iter       32000  dTf=   1.5240780694698515       dTs=   1.5634204671591760       Tf[   307.03880550661421      ,   3033.3005094286736      ]  Ts[   1014.2608107808760      ,   3613.1204109790328      ]
   AC-porous LTNE iter       34000  dTf=   1.3204962433101173       dTs=   1.3545822464293451       Tf[   307.19059321232413      ,   3061.5959392683926      ]  Ts[   1029.6625132998763      ,   3642.1462419706945      ]
   AC-porous LTNE iter       36000  dTf=   1.1441119447304118       dTs=   1.1736444637349450       Tf[   307.32210705485176      ,   3086.1117948042361      ]  Ts[   1043.0070530795142      ,   3667.2949200944736      ]
   AC-porous LTNE iter       38000  dTf=  0.99128954797606639       dTs=   1.0168771287153504       Tf[   307.43605464259900      ,   3107.3529817651252      ]  Ts[   1054.5691676619679      ,   3689.0843952193854      ]
   AC-porous LTNE iter       40000  dTf=  0.85888070181590592       dTs=  0.88105041113476545       Tf[   307.53478216473616      ,   3125.7569284877100      ]  Ts[   1064.5869218382859      ,   3707.9633913460434      ]
   AC-porous LTNE iter       42000  dTf=  0.74415826351969372       dTs=  0.76336668753992853       Tf[   307.62032252425030      ,   3141.7026204152180      ]  Ts[   1073.2665916516239      ,   3724.3206782865486      ]
   AC-porous LTNE iter       44000  dTf=  0.64475963668655822       dTs=  0.66140234199292536       Tf[   307.69443712593375      ,   3155.5184151772241      ]  Ts[   1080.7869045725554      ,   3738.4930900963554      ]
   AC-porous LTNE iter       46000  dTf=  0.55863791440287969       dTs=  0.57305761777752195       Tf[   307.75865211708282      ,   3167.4888086173801      ]  Ts[   1087.3027167967450      ,   3750.7724664136690      ]
   AC-porous LTNE iter       48000  dTf=  0.48401964500317263       dTs=  0.49651328049685617       Tf[   307.81428980152924      ,   3177.8602949538590      ]  Ts[   1092.9482007865267      ,   3761.4116641558762      ]
   AC-porous LTNE iter       50000  dTf=  0.41936827884956074       dTs=  0.43019311630132506       Tf[   307.86249586339437      ,   3186.8464433221479      ]  Ts[   1097.8396076302092      ,   3770.6297652104481      ]
   AC-porous LTNE iter       52000  dTf=  0.36335251370383048       dTs=  0.37273145804465457       Tf[   307.90426295686979      ,   3194.6322958814817      ]  Ts[   1102.0776606667282      ,   3778.6165881118459      ]
   AC-porous LTNE iter       54000  dTf=  0.31481887487598215       dTs=  0.32294505685194963       Tf[   307.94045114603188      ,   3201.3781783134245      ]  Ts[   1105.7496294872051      ,   3785.5365969162694      ]
   AC-porous LTNE iter       56000  dTf=  0.27276796063097208       dTs=  0.27980871403860874       Tf[   307.97180561486488      ,   3207.2230012864838      ]  Ts[   1108.9311269482089      ,   3791.5322878920365      ]
   AC-porous LTNE iter       58000  dTf=  0.23633386160690861       dTs=  0.24243416910758242       Tf[   307.99897201188770      ,   3212.2871209139157      ]  Ts[   1111.6876661711635      ,   3796.7271238153266      ]
   AC-porous LTNE iter       60000  dTf=  0.20476632972759035       dTs=  0.21005180835845749       Tf[   308.02250974523611      ,   3216.6748171254594      ]  Ts[   1114.0760095771427      ,   3801.2280763155595      ]
   AC-porous LTNE iter       62000  dTf=  0.17741532893705880       dTs=  0.18199481682495389       Tf[   308.04290350192474      ,   3220.4764409941836      ]  Ts[   1116.1453377316475      ,   3805.1278286300453      ]
   AC-porous LTNE iter       64000  dTf=  0.15371764971496304       dTs=  0.15768544730326539       Tf[   308.06057322847244      ,   3223.7702752398959      ]  Ts[   1117.9382620655679      ,   3808.5066841314519      ]
   AC-porous LTNE iter       66000  dTf=  0.13318531141567291       dTs=  0.13662312326596293       Tf[   308.07588277840011      ,   3226.6241462206585      ]  Ts[   1119.4917023258231      ,   3811.4342199284042      ]
   AC-porous LTNE iter       68000  dTf=  0.11539551384657898       dTs=  0.11837413108560213       Tf[   308.08914740467213      ,   3229.0968206078737      ]  Ts[   1120.8376468235717      ,   3813.9707195920332      ]
   AC-porous LTNE iter       70000  dTf=   9.9981931010916014E-002  dTs=  0.10256268908506172       Tf[   308.10064025135688      ,   3231.2392155046591      ]  Ts[   1122.0038111346948      ,   3816.1684145102058      ]
   AC-porous LTNE iter       72000  dTf=   8.6627167675032979E-002  dTs=   8.8863209327882942E-002  Tf[   308.11059797818712      ,   3233.0954469266076      ]  Ts[   1123.0142088166385      ,   3818.0725594318751      ]
   AC-porous LTNE iter       74000  dTf=   7.5056223713090731E-002  dTs=   7.6993593328097631E-002  Tf[   308.11922563383581      ,   3234.7037382351364      ]  Ts[   1123.8896458934748      ,   3819.7223643492548      ]
   AC-porous LTNE iter       76000  dTf=   6.5030831182866677E-002  dTs=   6.6709422919302597E-002  Tf[   308.12670087826336      ,   3236.0972072295795      ]  Ts[   1124.6481492919277      ,   3821.1518019064179      ]
   AC-porous LTNE iter       78000  dTf=   5.6344548066590505E-002  dTs=   5.7798927327439742E-002  Tf[   308.13317764107381      ,   3237.3045481063486      ]  Ts[   1125.3053380501538      ,   3822.3903069613466      ]
   AC-porous LTNE iter       80000  dTf=   4.8818507137639244E-002  dTs=   5.0078622385626659E-002  Tf[   308.13878929122279      ,   3238.3506223272198      ]  Ts[   1125.8747449438165      ,   3823.4633827060247      ]
   AC-porous LTNE iter       82000  dTf=   4.2297732822135004E-002  dTs=   4.3389532256242092E-002  Tf[   308.14365138333801      ,   3239.2569705646151      ]  Ts[   1126.3680951517995      ,   3824.3931258259345      ]
   AC-porous LTNE iter       84000  dTf=   3.6647949844336836E-002  dTs=   3.7593915698835190E-002  Tf[   308.14786403721160      ,   3240.0422562651975      ]  Ts[   1126.7955477000871      ,   3825.1986815131945      ]
   AC-porous LTNE iter       86000  dTf=   3.1752818376389769E-002  dTs=   3.2572429892297805E-002  Tf[   308.15151399945802      ,   3240.7226499661197      ]  Ts[   1127.1659046556431      ,   3825.8966377028419      ]
   AC-porous LTNE iter       88000  dTf=   2.7511538282396941E-002  dTs=   2.8221672837389633E-002  Tf[   308.15467642979280      ,   3241.3121622772373      ]  Ts[   1127.4867923777174      ,   3826.5013666499940      ]
   AC-porous LTNE iter       90000  dTf=   2.3836773458697280E-002  dTs=   2.4452054090488673E-002  Tf[   308.15741644871559      ,   3241.8229323865030      ]  Ts[   1127.7648185593212      ,   3827.0253208823246      ]
   AC-porous LTNE iter       92000  dTf=   2.0652853474075528E-002  dTs=   2.1185949982736929E-002  Tf[   308.15979047846554      ,   3242.2654780290864      ]  Ts[   1128.0057082921990      ,   3827.4792896213407      ]
   AC-porous LTNE iter       94000  dTf=   1.7894215315664042E-002  dTs=   1.8356105176735582E-002  Tf[   308.16184740486398      ,   3242.6489120676174      ]  Ts[   1128.2144219575139      ,   3827.8726209531001      ]
   AC-porous LTNE iter       96000  dTf=   1.5504053338645463E-002  dTs=   1.5904247757589474E-002  Tf[   308.16362958396576      ,   3242.9811301436071      ]  Ts[   1128.3952573694528      ,   3828.2134143233752      ]
   AC-porous LTNE iter       98000  dTf=   1.3433149518732534E-002  dTs=   1.3779889265151724E-002  Tf[   308.16517371425374      ,   3243.2689732637036      ]  Ts[   1128.5519382756597      ,   3828.5086873205300      ]
   AC-porous LTNE iter      100000  dTf=   1.1638859983122529E-002  dTs=   1.1939285088828910E-002  Tf[   308.16651159232839      ,   3243.5183686692280      ]  Ts[   1128.6876910361545      ,   3828.7645201812979      ]
   AC-porous LTNE iter      102000  dTf=   1.0084236871080066E-002  dTs=   1.0344533663555922E-002  Tf[   308.16767076766308      ,   3243.7344518894351      ]  Ts[   1128.8053110603898      ,   3828.9861809944591      ]
   AC-porous LTNE iter      104000  dTf=   8.7372675247934239E-003  dTs=   8.9627960078360047E-003  Tf[   308.16867510989817      ,   3243.9216724918301      ]  Ts[   1128.9072203699643      ,   3829.1782341808625      ]
   AC-porous LTNE iter      106000  dTf=   7.5702152507801657E-003  dTs=   7.7656194971496006E-003  Tf[   308.16954530036526      ,   3244.0838857072968      ]  Ts[   1128.9955174728839      ,   3829.3446344835488      ]
   AC-porous LTNE iter      108000  dTf=   6.5590482149673335E-003  dTs=   6.7283519729244290E-003  Tf[   308.17029925795242      ,   3244.2244318167077      ]  Ts[   1129.0720205755947      ,   3829.4888084035283      ]
   AC-porous LTNE iter      110000  dTf=   5.6829445456969552E-003  dTs=   5.8296341039749677E-003  Tf[   308.17095250809166      ,   3244.3462049337390      ]  Ts[   1129.1383050236072      ,   3829.6137247580609      ]
   AC-porous LTNE iter      112000  dTf=   4.9238635856454493E-003  dTs=   5.0509595589574019E-003  Tf[   308.17151850245466      ,   3244.4517126001851      ]  Ts[   1129.1957357406818      ,   3829.7219558142110      ]
   AC-porous LTNE iter      114000  dTf=   4.2661744228098541E-003  dTs=   4.3762939617408847E-003  Tf[   308.17200889594960      ,   3244.5431274210873      ]  Ts[   1129.2454953353199      ,   3829.8157302568420      ]
   AC-porous LTNE iter      116000  dTf=   3.6963339593967248E-003  dTs=   3.7917446293249668E-003  Tf[   308.17243378671850      ,   3244.6223318026973      ]  Ts[   1129.2886084529314      ,   3829.8969790813289      ]
   AC-porous LTNE iter      118000  dTf=   3.2026080921241373E-003  dTs=   3.2852745957825391E-003  Tf[   308.17280192407571      ,   3244.6909567149810      ]  Ts[   1129.3259628751505      ,   3829.9673753566467      ]
   AC-porous LTNE iter      120000  dTf=   2.7748300672101323E-003  dTs=   2.8464546680879721E-003  Tf[   308.17312088867533      ,   3244.7504152763759      ]  Ts[   1129.3583278011556      ,   3830.0283686769885      ]
   AC-porous LTNE iter      122000  dTf=   2.4041911128733773E-003  dTs=   2.4662486812303541E-003  Tf[   308.17339724860943      ,   3244.8019318526281      ]  Ts[   1129.3863696867820      ,   3830.0812150117085      ]
   AC-porous LTNE iter      124000  dTf=   2.0830590488003509E-003  dTs=   2.1368274874475901E-003  Tf[   308.17363669465834      ,   3244.8465672686702      ]  Ts[   1129.4106659681402      ,   3830.1270025680378      ]
   AC-porous LTNE iter      126000  dTf=   1.8048211700261163E-003  dTs=   1.8514076505198318E-003  Tf[   308.17384415747506      ,   3244.8852406532515      ]  Ts[   1129.4317169522335      ,   3830.1666741994745      ]
   AC-porous LTNE iter      128000  dTf=   1.5637480209989008E-003  dTs=   1.6041118683460809E-003  Tf[   308.17402390911650      ,   3244.9187483654841      ]  Ts[   1129.4499561191546      ,   3830.2010468209774      ]
   AC-porous LTNE iter      130000  dTf=   1.3548754450312117E-003  dTs=   1.3898478091505240E-003  Tf[   308.17417965101333      ,   3244.9477803933673      ]  Ts[   1129.4657590483052      ,   3830.2308282306631      ]
   AC-porous LTNE iter      132000  dTf=   1.1739023179870856E-003  dTs=   1.2042033695252030E-003  Tf[   308.17431459018979      ,   3244.9729345619021      ]  Ts[   1129.4794511522741      ,   3830.2566316847629      ]
   AC-porous LTNE iter      134000  dTf=   1.0171021176574868E-003  dTs=   1.0433558136355714E-003  Tf[   308.17443150530175      ,   3244.9947288436874      ]  Ts[   1129.4913143776898      ,   3830.2789885258890      ]
  AC-porous LTNE block           1 : sweeps =      134600  final dTf=   9.7428122808196349E-004  dTs=   9.9942961242049932E-004
 write flow3d.dat ......
 write flow3d.dat OK
 Output Ts to Ts_block_1.dat
 write VTK files ......
 write VTK files OK
