 ----------------- OpenCFD-EC3D ver 1.14a (MPI-OpenMP version)------------------
         Copyright by Li Xinliang, lixl@imech.ac.cn                            
         Programming by Li Xinliang  2016-1                                   
 ----------------------------------------------------------------------------- 
 Check if Multi-Grid can be used ...
 Total Block number is            1 Total Cell number is          400
 Check multigrid OK
 can not find partation.dat,  create partation ...
 Partation ......
 Total Cell number=         400
 Total Grid number=        1604
 Max grid number is         1604  ... rato to mean grid is   1.0000000000000000     
 Min grid number is         1604  ... rato to mean grid is   1.0000000000000000     
 rato max to min is    1.0000000000000000     
 Read material.in OK, Total_block=           1
   Block           1 : Block_type=           3  rho=   8000.0000000000000       Cp=   500.00000000000000       k=   13.400000000000000     
 Read porous.inp OK
   Porous Block           1 : eps=  0.29999999999999999       dp=   1.0000000000000000E-003  hv=   2507171.0000000000       rho_s=   8000.0000000000000       k_s=   13.400000000000000     
 creat main mesh OK, Num_Cell=         400
  read main mesh ...
  Mesh3d.x layout: separate (x,y,z in three records per block)
 read Mesh3d.x OK
 Convert bc3d.inp to bc3d.inc ...
 Convert bc3d.inp to bc3d.inc OK
 read bc3d.inc (Link/boundary file)......
 read bc3d.inc OK
 bc3d_interface.inp not found, skip interface
 Read solid_bc.inp OK
   Block           1  (solid):           2  thermal BC faces
     face           1  Tw=   0.0000000000000000       Qw=   0.0000000000000000     
     face           4  Tw=  -1.0000000000000000       Qw=   3000000.0000000000     
  Need not read wall_dist.dat 
 No FDM.in, Donot use hybrid FVM/FDM
 my_id, block_no, FDM, FD_Flux, FD_Scheme=           0           1           0
 comput Jocabian OK ...
 Check mesh quality ......
 Check mesh quality OK
 Initial by Free-stream flow ......
  Start ......
  AC porous solver (LS_Algorithm=3) block           1  eps=  0.29999999999999999       dp=   1.0000000000000000E-003  hv=   2507171.0000000000       beta=   900.00000000000000       CFL=   20.000000000000000     
   AC-porous iter           1  res_q=   0.0000000000000000       res_m=   2732.5666666666675     
   AC-porous iter           1  res_q=   0.0000000000000000       res_m=   2732.5666666666675     
   AC-porous iter        5000  res_q=  0.12780111175756143       res_m=  0.52768361164201705     
   AC-porous iter       10000  res_q=   9.4072358133753681E-005  res_m=   3.8820759531372486E-004
  AC porous solver block           1 : iterations =       14133  final res_q=   2.4206348859513153E-007  res_m=   9.9891352905387757E-007
   AC-porous LTNE iter        2000  dTf=   12.015134131482682       dTs=   13.502701681965846       Tf[   300.01060460546114      ,   745.39897843706581      ]  Ts[   301.03472861881488      ,   1006.0131781995019      ]
   AC-porous LTNE iter        4000  dTf=   6.3954239546505960       dTs=   6.8776505827001984       Tf[   300.14638961613144      ,   916.70206243348775      ]  Ts[   314.26453035458246      ,   1193.7437161865469      ]
   AC-porous LTNE iter        6000  dTf=   4.1091692017793093       dTs=   4.3398676887491092       Tf[   300.36263942039761      ,   1017.8748473466444      ]  Ts[   335.32708255044787      ,   1301.4815639181711      ]
   AC-porous LTNE iter        8000  dTf=   2.8916929709851047       dTs=   3.0257505132972256       Tf[   300.57097439738004      ,   1086.1996393629868      ]  Ts[   355.61700467762904      ,   1373.2720450654272      ]
   AC-porous LTNE iter       10000  dTf=   2.1300716942532745       dTs=   2.2187706424958833       Tf[   300.74489181936940      ,   1135.5231214855169      ]  Ts[   372.55448942285545      ,   1424.7510704477218      ]
   AC-porous LTNE iter       12000  dTf=   1.6031056862188962       dTs=   1.6664109824321258       Tf[   300.88282777359063      ,   1172.2996935822991      ]  Ts[   385.98766043354112      ,   1463.0140920954659      ]
   AC-porous LTNE iter       14000  dTf=   1.2182109373395633       dTs=   1.2651560980339127       Tf[   300.99001778680707      ,   1200.1305333450205      ]  Ts[   396.42652883394453      ,   1491.9288151986641      ]
   AC-porous LTNE iter       16000  dTf=  0.92966548818594674       dTs=  0.96510422622827718       Tf[   301.07260933940245      ,   1221.3307185965411      ]  Ts[   404.46982199876754      ,   1513.9409296127697      ]
   AC-porous LTNE iter       18000  dTf=  0.71077784806811906       dTs=  0.73774416000765086       Tf[   301.13601731449160      ,   1237.5265417226924      ]  Ts[   410.64489074568866      ,   1530.7524612004286      ]
   AC-porous LTNE iter       20000  dTf=  0.54386261507534073       dTs=  0.56445374397117121       Tf[   301.18462184735807      ,   1249.9147755282734      ]  Ts[   415.37830520496431      ,   1543.6101393842991      ]
   AC-porous LTNE iter       22000  dTf=  0.41628924623114472       dTs=  0.43203624267744090       Tf[   301.22185404169909      ,   1259.3957055039955      ]  Ts[   419.00420941315798      ,   1553.4498422590045      ]
   AC-porous LTNE iter       24000  dTf=  0.31868845055078054       dTs=  0.33073883341944565       Tf[   301.25036651431628      ,   1266.6533252740421      ]  Ts[   421.78093234055291      ,   1560.9819356357561      ]
   AC-porous LTNE iter       26000  dTf=  0.24398639873220418       dTs=  0.25321057302926420       Tf[   301.27219868296845      ,   1272.2095712283062      ]  Ts[   423.90708542261058      ,   1566.7482566073868      ]
   AC-porous LTNE iter       28000  dTf=  0.18680008909609569       dTs=  0.19386176152761436       Tf[   301.28891480124190      ,   1276.4634755763034      ]  Ts[   425.53500551237221      ,   1571.1629778362628      ]
   AC-porous LTNE iter       30000  dTf=  0.14301902090164731       dTs=  0.14842545262445128       Tf[   301.30171344248106      ,   1279.7203588432214      ]  Ts[   426.78141719382006      ,   1574.5429800569257      ]
   AC-porous LTNE iter       32000  dTf=  0.10949966609882722       dTs=  0.11363893702878158       Tf[   301.31151258150868      ,   1282.2139210977257      ]  Ts[   427.73571859941603      ,   1577.1308036886869      ]
   AC-porous LTNE iter       34000  dTf=   8.3836428988888656E-002  dTs=   8.7005568050244619E-002  Tf[   301.31901515195892      ,   1284.1230698667080      ]  Ts[   428.46636580209298      ,   1579.1121212403705      ]
   AC-porous LTNE iter       36000  dTf=   6.4187900701654144E-002  dTs=   6.6614290665029330E-002  Tf[   301.32475937676145      ,   1285.5847757370857      ]  Ts[   429.02577431542522      ,   1580.6290816407577      ]
   AC-porous LTNE iter       38000  dTf=   4.9144368221504919E-002  dTs=   5.1002090173824399E-002  Tf[   301.32915734835956      ,   1286.7039056317874      ]  Ts[   429.45407627739519      ,   1581.7905161416011      ]
   AC-porous LTNE iter       40000  dTf=   3.7626551773428218E-002  dTs=   3.9048884405019635E-002  Tf[   301.33252458206755      ,   1287.5607483821473      ]  Ts[   429.78199854138484      ,   1582.6797486695853      ]
   AC-porous LTNE iter       42000  dTf=   2.8808133281017945E-002  dTs=   2.9897117991140476E-002  Tf[   301.33510264808496      ,   1288.2167755267574      ]  Ts[   430.03306672329308      ,   1583.3605744911513      ]
   AC-porous LTNE iter       44000  dTf=   2.2056460985140802E-002  dTs=   2.2890223678359689E-002  Tf[   301.33707650096557      ,   1288.7190516295725      ]  Ts[   430.22529285355381      ,   1583.8818372795201      ]
   AC-porous LTNE iter       46000  dTf=   1.6887157310520706E-002  dTs=   1.7525513623922961E-002  Tf[   301.33858774817867      ,   1289.1036108529704      ]  Ts[   430.37246755257519      ,   1584.2809333374992      ]
   AC-porous LTNE iter       48000  dTf=   1.2929367228025512E-002  dTs=   1.3418113964689837E-002  Tf[   301.33974480913957      ,   1289.3980421367717      ]  Ts[   430.48514938067649      ,   1584.5864945032454      ]
   AC-porous LTNE iter       50000  dTf=   9.8991520187610149E-003  dTs=   1.0273352718741080E-002  Tf[   301.34063069336071      ,   1289.6234684845801      ]  Ts[   430.57142232298287      ,   1584.8204422574013      ]
   AC-porous LTNE iter       52000  dTf=   7.5791188446601154E-003  dTs=   7.8656193109054584E-003  Tf[   301.34130895568057      ,   1289.7960623670183      ]  Ts[   430.63747574688381      ,   1584.9995604108979      ]
   AC-porous LTNE iter       54000  dTf=   5.8028245657624211E-003  dTs=   6.0221788087346795E-003  Tf[   301.34182825579103      ,   1289.9282059632426      ]  Ts[   430.68804843731948      ,   1585.1366992052608      ]
   AC-porous LTNE iter       56000  dTf=   4.4428347976008808E-003  dTs=   4.6107796765681996E-003  Tf[   301.34222584916586      ,   1290.0293794798170      ]  Ts[   430.72676856514386      ,   1585.2416972110645      ]
   AC-porous LTNE iter       58000  dTf=   3.4015815583643416E-003  dTs=   3.5301657262607478E-003  Tf[   301.34253025983020      ,   1290.1068412770683      ]  Ts[   430.75641397822585      ,   1585.3220871640178      ]
   AC-porous LTNE iter       60000  dTf=   2.6043635709811497E-003  dTs=   2.7028118659018219E-003  Tf[   301.34276332672329      ,   1290.1661485961843      ]  Ts[   430.77911148895407      ,   1585.3836363761784      ]
   AC-porous LTNE iter       62000  dTf=   1.9939870589951170E-003  dTs=   2.0693623405350081E-003  Tf[   301.34294177046047      ,   1290.2115562451738      ]  Ts[   430.79648945537957      ,   1585.4307604927812      ]
   AC-porous LTNE iter       64000  dTf=   1.5266625880485662E-003  dTs=   1.5843723988382408E-003  Tf[   301.34307839289949      ,   1290.2463218461189      ]  Ts[   430.80979460239882      ,   1585.4668402782311      ]
   AC-porous LTNE iter       66000  dTf=   1.1688634647271101E-003  dTs=   1.2130480058658577E-003  Tf[   301.34318299556651      ,   1290.2729395423310      ]  Ts[   430.81998146389446      ,   1585.4944641576237      ]
  AC-porous LTNE block           1 : sweeps =       67500  final dTf=   9.5670782525303366E-004  dTs=   9.9287261332392518E-004
 write flow3d.dat ......
 write flow3d.dat OK
 Output Ts to Ts_block_1.dat
 write VTK files ......
 write VTK files OK
