 ----------------- OpenCFD-EC3D ver 1.14a (MPI-OpenMP version)------------------
         Copyright by Li Xinliang, lixl@imech.ac.cn                            
         Programming by Li Xinliang  2016-1                                   
 ----------------------------------------------------------------------------- 
 Check if Multi-Grid can be used ...
 Total Block number is            1 Total Cell number is          400
 Check multigrid OK
 can not find partation.dat,  create partation ...
 Partation ......
 Total Cell number=         400
 Total Grid number=        1604
 Max grid number is         1604  ... rato to mean grid is   1.0000000000000000     
 Min grid number is         1604  ... rato to mean grid is   1.0000000000000000     
 rato max to min is    1.0000000000000000     
 Read material.in OK, Total_block=           1
   Block           1 : Block_type=           3  rho=   8000.0000000000000       Cp=   500.00000000000000       k=   13.400000000000000     
 Read porous.inp OK
   Porous Block           1 : eps=  0.59999999999999998       dp=   1.0000000000000000E-003  hv=   1150446.0000000000       rho_s=   8000.0000000000000       k_s=   13.400000000000000     
 creat main mesh OK, Num_Cell=         400
  read main mesh ...
  Mesh3d.x layout: separate (x,y,z in three records per block)
 read Mesh3d.x OK
 Convert bc3d.inp to bc3d.inc ...
 Convert bc3d.inp to bc3d.inc OK
 read bc3d.inc (Link/boundary file)......
 read bc3d.inc OK
 bc3d_interface.inp not found, skip interface
 Read solid_bc.inp OK
   Block           1  (solid):           2  thermal BC faces
     face           1  Tw=   0.0000000000000000       Qw=   0.0000000000000000     
     face           4  Tw=  -1.0000000000000000       Qw=   3000000.0000000000     
  Need not read wall_dist.dat 
 No FDM.in, Donot use hybrid FVM/FDM
 my_id, block_no, FDM, FD_Flux, FD_Scheme=           0           1           0
 comput Jocabian OK ...
 Check mesh quality ......
 Check mesh quality OK
 Initial by Free-stream flow ......
  Start ......
  AC porous solver (LS_Algorithm=3) block           1  eps=  0.59999999999999998       dp=   1.0000000000000000E-003  hv=   1150446.0000000000       beta=   400.00000000000000       CFL=   20.000000000000000     
   AC-porous iter           1  res_q=   0.0000000000000000       res_m=   1069.2000000000003     
   AC-porous iter           1  res_q=   0.0000000000000000       res_m=   1069.2000000000003     
   AC-porous iter        5000  res_q=   4.3194010146409504E-003  res_m=  0.13816158194618339     
   AC-porous iter       10000  res_q=   5.3017146228739865E-007  res_m=   6.5402644237879889E-006
  AC porous solver block           1 : iterations =       10446  final res_q=   2.8741897750705897E-007  res_m=   9.9417262616755917E-007
   AC-porous LTNE iter        2000  dTf=   19.167240950958785       dTs=   23.396488819000751       Tf[   300.01372059141613      ,   967.15513011408768      ]  Ts[   301.93881749381580      ,   1540.9436807370832      ]
   AC-porous LTNE iter        4000  dTf=   10.165798408365390       dTs=   11.555399969174687       Tf[   300.18551037042732      ,   1240.5620577956995      ]  Ts[   326.17858229578701      ,   1861.5062579889409      ]
   AC-porous LTNE iter        6000  dTf=   6.4210571949904534       dTs=   7.0836883640961332       Tf[   300.44958818256094      ,   1400.1440680669709      ]  Ts[   363.42767252522702      ,   2039.9802453000748      ]
   AC-porous LTNE iter        8000  dTf=   4.4138012831340347       dTs=   4.7967013285806388       Tf[   300.69461127047254      ,   1505.7254152418750      ]  Ts[   397.98608338142697      ,   2155.4934539349729      ]
   AC-porous LTNE iter       10000  dTf=   3.1613633929759999       dTs=   3.4113924105677143       Tf[   300.89181058725700      ,   1579.9885243766018      ]  Ts[   425.79858081179282      ,   2235.8783092165791      ]
   AC-porous LTNE iter       12000  dTf=   2.3070993468627421       dTs=   2.4817327315745388       Tf[   301.04276307329258      ,   1633.7453590088107      ]  Ts[   447.08831465525725      ,   2293.7830722387980      ]
   AC-porous LTNE iter       14000  dTf=   1.6975244999443930       dTs=   1.8235275463985090       Tf[   301.15606970455894      ,   1673.1592725706541      ]  Ts[   463.06855926260386      ,   2336.1474428171396      ]
   AC-porous LTNE iter       16000  dTf=   1.2534116752372029       dTs=   1.3456645717665197       Tf[   301.24043832576876      ,   1702.2176054997658      ]  Ts[   474.96749918201857      ,   2367.3523205010033      ]
   AC-porous LTNE iter       18000  dTf=  0.92687713023633478       dTs=  0.99485007855400909       Tf[   301.30304922551397      ,   1723.6919492302977      ]  Ts[   483.79782929186445      ,   2390.4039446665706      ]
   AC-porous LTNE iter       20000  dTf=  0.68584624242453174       dTs=  0.73606574660198021       Tf[   301.34944794447802      ,   1739.5776387687165      ]  Ts[   490.34167193447917      ,   2407.4535950685554      ]
   AC-porous LTNE iter       22000  dTf=  0.50763128952212355       dTs=  0.54477717190593467       Tf[   301.38381190690666      ,   1751.3341245049633      ]  Ts[   495.18819221987343      ,   2420.0706014835619      ]
   AC-porous LTNE iter       24000  dTf=  0.37576779687174167       dTs=  0.40325697955677242       Tf[   301.40925623892389      ,   1760.0362923120272      ]  Ts[   498.77673252742511      ,   2429.4094492451513      ]
   AC-porous LTNE iter       26000  dTf=  0.27817091107431224       dTs=  0.29851804120517045       Tf[   301.42809414278054      ,   1766.4781424225612      ]  Ts[   501.43353545066498      ,   2436.3225195011587      ]
   AC-porous LTNE iter       28000  dTf=  0.20592674173030900       dTs=  0.22098874316316142       Tf[   301.44204029837169      ,   1771.2469285325171      ]  Ts[   503.40043085736443      ,   2441.4401140647174      ]
   AC-porous LTNE iter       30000  dTf=  0.15244652950195814       dTs=  0.16359661948172288       Tf[   301.45236477734687      ,   1774.7772237684640      ]  Ts[   504.85654326434604      ,   2445.2286209074414      ]
   AC-porous LTNE iter       32000  dTf=  0.11285581127140176       dTs=  0.12111012369859964       Tf[   301.46000803100225      ,   1777.3906890176543      ]  Ts[   505.93450918242166      ,   2448.0332366211478      ]
   AC-porous LTNE iter       34000  dTf=   8.3547024180461449E-002  dTs=   8.9657658989381162E-002  Tf[   301.46566634332612      ,   1779.3254329780191      ]  Ts[   506.73252899299314      ,   2450.1094881091321      ]
   AC-porous LTNE iter       36000  dTf=   6.1849804214261894E-002  dTs=   6.6373495747939160E-002  Tf[   301.46985519449396      ,   1780.7577221906993      ]  Ts[   507.32330341885296      ,   2451.6465349533346      ]
   AC-porous LTNE iter       38000  dTf=   4.5787379999637778E-002  dTs=   4.9136264395656326E-002  Tf[   301.47295620100454      ,   1781.8180450724512      ]  Ts[   507.76065372497698      ,   2452.7844097668781      ]
   AC-porous LTNE iter       40000  dTf=   3.3896379139832788E-002  dTs=   3.6375556200255232E-002  Tf[   301.47525187552225      ,   1782.6030016392003      ]  Ts[   508.08442407166973      ,   2453.6267779689560      ]
   AC-porous LTNE iter       42000  dTf=   2.5093477205246018E-002  dTs=   2.6928810874323972E-002  Tf[   301.47695136273524      ,   1783.1841046888999      ]  Ts[   508.32411117013504      ,   2454.2503828224999      ]
   AC-porous LTNE iter       44000  dTf=   1.8576692476017342E-002  dTs=   1.9935389279453375E-002  Tf[   301.47820949259255      ,   1783.6142950713368      ]  Ts[   508.50155145486502      ,   2454.7120372727627      ]
   AC-porous LTNE iter       46000  dTf=   1.3752319127661394E-002  dTs=   1.4758161887584720E-002  Tf[   301.47914088571781      ,   1783.9327648640083      ]  Ts[   508.63291044008730      ,   2455.0537999032686      ]
   AC-porous LTNE iter       48000  dTf=   1.0180837217603766E-002  dTs=   1.0925462268914998E-002  Tf[   301.47983039574041      ,   1784.1685279438007      ]  Ts[   508.73015545341951      ,   2455.3068066627829      ]
   AC-porous LTNE iter       50000  dTf=   7.5368703669482784E-003  dTs=   8.0881160420176457E-003  Tf[   301.48034083978069      ,   1784.3430632724219      ]  Ts[   508.80214590440198      ,   2455.4941074816179      ]
   AC-porous LTNE iter       52000  dTf=   5.5795426073927956E-003  dTs=   5.9876295895264775E-003  Tf[   301.48071872133283      ,   1784.4722717176007      ]  Ts[   508.85544041119573      ,   2455.6327662148847      ]
   AC-porous LTNE iter       54000  dTf=   4.1305335214474326E-003  dTs=   4.4326401839498430E-003  Tf[   301.48099846691935      ,   1784.5679246862449      ]  Ts[   508.89489431672081      ,   2455.7354152286280      ]
   AC-porous LTNE iter       56000  dTf=   3.0578325815895369E-003  dTs=   3.2814820447129023E-003  Tf[   301.48120556248341      ,   1784.6387365468759      ]  Ts[   508.92410202977146      ,   2455.8114062591089      ]
   AC-porous LTNE iter       58000  dTf=   2.2637124352513638E-003  dTs=   2.4292800517287105E-003  Tf[   301.48135887526018      ,   1784.6911585435748      ]  Ts[   508.94572448996502      ,   2455.8676623934971      ]
   AC-porous LTNE iter       60000  dTf=   1.6758255528657173E-003  dTs=   1.7983952047870844E-003  Tf[   301.48147237265738      ,   1784.7299665301443      ]  Ts[   508.96173158999426      ,   2455.9093087909137      ]
   AC-porous LTNE iter       62000  dTf=   1.2406130945237237E-003  dTs=   1.3313513600223814E-003  Tf[   301.48155639474254      ,   1784.7586960696231      ]  Ts[   508.97358164078372      ,   2455.9401396050034      ]
   AC-porous LTNE iter       64000  dTf=   9.1842546316911466E-004  dTs=   9.8559897196537349E-004  Tf[   301.48161859626401      ,   1784.7799645380605      ]  Ts[   508.98235422942088      ,   2455.9629636463183      ]
  AC-porous LTNE block           1 : sweeps =       64000  final dTf=   9.1842546316911466E-004  dTs=   9.8559897196537349E-004
 write flow3d.dat ......
 write flow3d.dat OK
 Output Ts to Ts_block_1.dat
 write VTK files ......
 write VTK files OK
