nohup: ignoring input
 ----------------- OpenCFD-EC3D ver 1.14a (MPI-OpenMP version)------------------
         Copyright by Li Xinliang, lixl@imech.ac.cn                            
         Programming by Li Xinliang  2016-1                                   
 ----------------------------------------------------------------------------- 
 Check if Multi-Grid can be used ...
 Total Block number is            1 Total Cell number is         9600
 Check multigrid OK
 can not find partation.dat,  create partation ...
 Partation ......
 Total Cell number=        9600
 Total Grid number=       19602
 Max grid number is        19602  ... rato to mean grid is   1.0000000000000000     
 Min grid number is        19602  ... rato to mean grid is   1.0000000000000000     
 rato max to min is    1.0000000000000000     
 Read material.in OK, Total_block=           1
   Block           1 : Block_type=           2  rho=   1.0000000000000000       Cp=   1.0000000000000000       k=   0.0000000000000000     
 porous.inp not found: porous blocks use defaults (eps=0.9, dp=1e-3 m, hv=0)
 creat main mesh OK, Num_Cell=        9600
  read main mesh ...
  Mesh3d.x layout: separate (x,y,z in three records per block)
 read Mesh3d.x OK
 Convert bc3d.inp to bc3d.inc ...
 Convert bc3d.inp to bc3d.inc OK
 read bc3d.inc (Link/boundary file)......
 read bc3d.inc OK
 bc3d_interface.inp not found, skip interface
 solid_bc.inp not found, no solid thermal BCs
  Need not read wall_dist.dat 
 No FDM.in, Donot use hybrid FVM/FDM
 my_id, block_no, FDM, FD_Flux, FD_Scheme=           0           1           0
 comput Jocabian OK ...
 Check mesh quality ......
 Check mesh quality OK
 Initial by Free-stream flow ......
  Start ......
  AC solver (LS_Algorithm=3) block           1  nx,ny,nz=         121          81           2  beta=   1.0000000000000000       CFL=   20.000000000000000       dual=           0  flux=           1  recon=           1  lim=           1
   AC iter           1  res_q=   182.64012369835305       res_m=   1859.9167202822296     
   AC iter           1  res_q=   182.64012369835305       res_m=   1859.9167202822296     
   AC iter        2000  res_q=   4.9422257194403230       res_m=   1.4910563923707660     
   AC iter        4000  res_q=  0.86108178345533204       res_m=  0.68638914549984920     
   AC iter        6000  res_q=  0.51993062664636625       res_m=  0.16012799551929974     
   AC iter        8000  res_q=  0.20466538797122444       res_m=   5.6393283258898197E-002
   AC iter       10000  res_q=  0.10667031185986682       res_m=   2.2303361918289771E-002
   AC iter       12000  res_q=   4.6341009988490313E-002  res_m=   7.6570385474908128E-003
   AC iter       14000  res_q=   1.3433208241747548E-002  res_m=   4.1605879612098412E-003
   AC iter       16000  res_q=   3.4287527673150511E-003  res_m=   1.7977427252381141E-003
   AC iter       18000  res_q=   1.5408443888232735E-003  res_m=   7.7309647492844696E-004
   AC iter       20000  res_q=   8.0710866857778695E-004  res_m=   2.9129284407245789E-004
   AC iter       22000  res_q=   3.9848047496289865E-004  res_m=   9.9062093145515289E-005
   AC iter       24000  res_q=   1.7218944512568547E-004  res_m=   3.6065483043719920E-005
   AC iter       26000  res_q=   6.8596975966427607E-005  res_m=   1.0934377102997003E-005
   AC iter       28000  res_q=   2.3342017988044689E-005  res_m=   6.0729153537750911E-006
   AC iter       30000  res_q=   5.7064101421888967E-006  res_m=   3.2944397252146167E-006
   AC iter       32000  res_q=   2.6748171451351984E-006  res_m=   1.3213922945866715E-006
   AC iter       34000  res_q=   1.3727081013413035E-006  res_m=   4.3312304319813210E-007
   AC iter       36000  res_q=   6.7169991280570066E-007  res_m=   1.6431164662431999E-007
   AC iter       38000  res_q=   2.9841353542094287E-007  res_m=   6.0357779089667063E-008
  AC solver block           1 : iterations =       38754  final res_q=   9.9866272929231946E-008  res_m=   5.9658066013035061E-008
 --------------Force and Moment -----------------------------
 Total Force Coefficient (CL, CD, CS) =
   0.0000000000000000        0.0000000000000000        0.0000000000000000     
 Total Moment Coefficient(CMx, CMy, CMz)=
   0.0000000000000000        0.0000000000000000        0.0000000000000000     
 Kstep, t=           1   1.0000000000000000     
 ----------The Max Residuals are--------  ---Mesh---           1
    0.0000000000E+00    0.0000000000E+00    0.0000000000E+00    0.0000000000E+00    0.0000000000E+00
   The R.M.S Residuals are 
    0.0000000000E+00    0.0000000000E+00    0.0000000000E+00    0.0000000000E+00    0.0000000000E+00
 write flow3d.dat ......
 write flow3d.dat OK
 write VTK files ......
 write VTK files OK
