 ----------------- OpenCFD-EC3D ver 1.14a (MPI-OpenMP version)------------------
         Copyright by Li Xinliang, lixl@imech.ac.cn                            
         Programming by Li Xinliang  2016-1                                   
 ----------------------------------------------------------------------------- 
 Check if Multi-Grid can be used ...
 Total Block number is            1 Total Cell number is         6400
 Check multigrid OK
 can not find partation.dat,  create partation ...
 Partation ......
 Total Cell number=        6400
 Total Grid number=       13202
 Max grid number is        13202  ... rato to mean grid is   1.0000000000000000     
 Min grid number is        13202  ... rato to mean grid is   1.0000000000000000     
 rato max to min is    1.0000000000000000     
 Read material.in OK, Total_block=           1
   Block           1 : Block_type=           2  rho=   1.0000000000000000       Cp=   1.0000000000000000       k=   0.0000000000000000     
 creat main mesh OK, Num_Cell=        6400
  read main mesh ...
 read Mesh3d.x OK
 Convert bc3d.inp to bc3d.inc ...
 Convert bc3d.inp to bc3d.inc OK
 read bc3d.inc (Link/boundary file)......
 read bc3d.inc OK
 bc3d_interface.inp not found, skip interface
 solid_bc.inp not found, no solid thermal BCs
  Need not read wall_dist.dat 
 No FDM.in, Donot use hybrid FVM/FDM
 my_id, block_no, FDM, FD_Flux, FD_Scheme=           0           1           0
 comput Jocabian OK ...
 Check mesh quality ......
 Check mesh quality OK
 Initial by Free-stream flow ......
  Start ......
   DBG iter           1  maxU2=  0.84393097746289147       maxFi=   2.5000000000000022E-002  maxFj=   0.0000000000000000       Fi(21,1,1)=   6.4562053798585853E-023  Fi(21,21,1)=   1.7781704056043025E-020  Fi(41,21,1)=   3.1700707351248465E-040
   DBG div max=   2.9617134069988043E-002  res_p=   2.9617134069988043E-002
   SIMPLE iter           1  res_p=   2.9617134069988043E-002  u(1,1,1)=  0.37904334559740449       p(1,1,1)= -0.97481562219088513     
   DBG iter           2  maxU2=  0.84393097746289147       maxFi=   2.5000000000000022E-002  maxFj=   3.0791773001014308E-002  Fi(21,1,1)=  -5.3462255765650262E-006  Fi(21,21,1)=  -8.0187051337712669E-005  Fi(41,21,1)=  -4.4524866822553216E-010
   DBG div max=   2.9199609441940784E-002  res_p=   2.9199609441940784E-002
   SIMPLE iter           2  res_p=   2.9199609441940784E-002  u(1,1,1)=  0.17190269443998590       p(1,1,1)=  -1.8301931646004888     
   DBG iter           3  maxU2=  0.74103742690156582       maxFi=   2.5000000000000022E-002  maxFj=   2.5728336547274779E-002  Fi(21,1,1)=  -1.1251433390334428E-004  Fi(21,21,1)=  -1.2469664732467059E-003  Fi(41,21,1)=  -1.1348144871685223E-006
   DBG div max=   4.0508666641612193E-002  res_p=   4.0508666641612193E-002
   SIMPLE iter           3  res_p=   4.0508666641612193E-002  u(1,1,1)=  0.20001801433385974       p(1,1,1)=  -2.7886606806640000     
   SIMPLE iter           4  res_p=   3.4872182285636745E-002  u(1,1,1)=  0.13558748313519980       p(1,1,1)=  -3.6636153071911659     
   SIMPLE iter           5  res_p=   3.3320585686172285E-002  u(1,1,1)=  0.10602802118457591       p(1,1,1)=  -4.3934668904458034     
 DEBUG T iter          50 min   299.99999999999943      max   300.00000000000045     
 DEBUG T iter         100 min   299.99999999999937      max   300.00000000000057     
   SIMPLE iter         100  res_p=   1.5665109814226167E-003  u(1,1,1)= -0.13168788660334169       p(1,1,1)=  -7.1814615347639306     
 DEBUG T iter         150 min   299.99999999999909      max   300.00000000000068     
 DEBUG T iter         200 min   299.99999999999898      max   300.00000000000108     
   SIMPLE iter         200  res_p=   2.7808696708870751E-003  u(1,1,1)= -0.14423664492597091       p(1,1,1)=  0.57504509371881873     
 DEBUG T iter         250 min   299.99999999999875      max   300.00000000000108     
 DEBUG T iter         300 min   299.99999999999852      max   300.00000000000085     
   SIMPLE iter         300  res_p=   4.0188049722981864E-003  u(1,1,1)=  -8.0589053746098510E-002  p(1,1,1)=  -1.4473776766964068     
 DEBUG T iter         350 min   299.99999999999869      max   300.00000000000085     
 DEBUG T iter         400 min   299.99999999999869      max   300.00000000000091     
   SIMPLE iter         400  res_p=   6.0643887211186617E-004  u(1,1,1)= -0.13486913618156993       p(1,1,1)=  -6.5721379152467581     
 DEBUG T iter         450 min   299.99999999999847      max   300.00000000000131     
 DEBUG T iter         500 min   299.99999999999841      max   300.00000000000119     
   SIMPLE iter         500  res_p=   2.3475781996786329E-003  u(1,1,1)= -0.15333123358746109       p(1,1,1)= -0.97957677107022312     
 DEBUG T iter         550 min   299.99999999999852      max   300.00000000000136     
 DEBUG T iter         600 min   299.99999999999829      max   300.00000000000108     
   SIMPLE iter         600  res_p=   2.4817944952232746E-003  u(1,1,1)=  -9.7786773565349233E-002  p(1,1,1)=  -1.1381198941996944     
 DEBUG T iter         650 min   299.99999999999881      max   300.00000000000108     
 DEBUG T iter         700 min   299.99999999999909      max   300.00000000000114     
   SIMPLE iter         700  res_p=   5.4961253094219624E-004  u(1,1,1)= -0.12629049824596142       p(1,1,1)=  -6.0460376301125835     
 DEBUG T iter         750 min   299.99999999999915      max   300.00000000000119     
 DEBUG T iter         800 min   299.99999999999886      max   300.00000000000153     
   SIMPLE iter         800  res_p=   2.1758958597922432E-003  u(1,1,1)= -0.15196683764205976       p(1,1,1)=  -2.1073032592583614     
 DEBUG T iter         850 min   299.99999999999881      max   300.00000000000136     
 DEBUG T iter         900 min   299.99999999999881      max   300.00000000000153     
   SIMPLE iter         900  res_p=   1.5682851058331539E-003  u(1,1,1)= -0.10811161547099098       p(1,1,1)=  -1.0199284796218000     
 DEBUG T iter         950 min   299.99999999999898      max   300.00000000000119     
 DEBUG T iter        1000 min   299.99999999999886      max   300.00000000000125     
   SIMPLE iter        1000  res_p=   8.8253276256165174E-004  u(1,1,1)= -0.11942005061919279       p(1,1,1)=  -5.4373088768719011     
 DEBUG T iter        1050 min   299.99999999999869      max   300.00000000000131     
 DEBUG T iter        1100 min   299.99999999999841      max   300.00000000000119     
   SIMPLE iter        1100  res_p=   1.8927144371880689E-003  u(1,1,1)= -0.14887701222818375       p(1,1,1)=  -2.9203818343672028     
 DEBUG T iter        1150 min   299.99999999999812      max   300.00000000000119     
 DEBUG T iter        1200 min   299.99999999999784      max   300.00000000000125     
   SIMPLE iter        1200  res_p=   8.6129900427091809E-004  u(1,1,1)= -0.11622451094730321       p(1,1,1)=  -1.0864589918950447     
 DEBUG T iter        1250 min   299.99999999999778      max   300.00000000000136     
 DEBUG T iter        1300 min   299.99999999999784      max   300.00000000000148     
   SIMPLE iter        1300  res_p=   1.0987506525454948E-003  u(1,1,1)= -0.11528687848679232       p(1,1,1)=  -4.8105208983685195     
 DEBUG T iter        1350 min   299.99999999999801      max   300.00000000000159     
 DEBUG T iter        1400 min   299.99999999999778      max   300.00000000000171     
   SIMPLE iter        1400  res_p=   1.5588656271570654E-003  u(1,1,1)= -0.14512706930509367       p(1,1,1)=  -3.4955799865861836     
 DEBUG T iter        1450 min   299.99999999999750      max   300.00000000000199     
 DEBUG T iter        1500 min   299.99999999999784      max   300.00000000000222     
   SIMPLE iter        1500  res_p=   3.1503374303634007E-004  u(1,1,1)= -0.12259236580511526       p(1,1,1)=  -1.2893330191494778     
 DEBUG T iter        1550 min   299.99999999999767      max   300.00000000000227     
 DEBUG T iter        1600 min   299.99999999999744      max   300.00000000000216     
   SIMPLE iter        1600  res_p=   1.1841573920899854E-003  u(1,1,1)= -0.11347044686200790       p(1,1,1)=  -4.2226389022052775     
 DEBUG T iter        1650 min   299.99999999999750      max   300.00000000000227     
 DEBUG T iter        1700 min   299.99999999999761      max   300.00000000000205     
   SIMPLE iter        1700  res_p=   1.2029607001594802E-003  u(1,1,1)= -0.14107627507102927       p(1,1,1)=  -3.8738544647577946     
 DEBUG T iter        1750 min   299.99999999999761      max   300.00000000000205     
 DEBUG T iter        1800 min   299.99999999999767      max   300.00000000000210     
   SIMPLE iter        1800  res_p=   3.3315791851236290E-004  u(1,1,1)= -0.12735291649641547       p(1,1,1)=  -1.5788035863835030     
 DEBUG T iter        1850 min   299.99999999999756      max   300.00000000000210     
 DEBUG T iter        1900 min   299.99999999999756      max   300.00000000000199     
   SIMPLE iter        1900  res_p=   1.1746558532834180E-003  u(1,1,1)= -0.11340834869413384       p(1,1,1)=  -3.7117725561330501     
 DEBUG T iter        1950 min   299.99999999999756      max   300.00000000000216     
 DEBUG T iter        2000 min   299.99999999999739      max   300.00000000000222     
   SIMPLE iter        2000  res_p=   8.4926590646793206E-004  u(1,1,1)= -0.13699723831796365       p(1,1,1)=  -4.0862385888359514     
 DEBUG T iter        2050 min   299.99999999999733      max   300.00000000000239     
 DEBUG T iter        2100 min   299.99999999999739      max   300.00000000000216     
   SIMPLE iter        2100  res_p=   4.8192207203678422E-004  u(1,1,1)= -0.13065822783698408       p(1,1,1)=  -1.9115761874003883     
 DEBUG T iter        2150 min   299.99999999999756      max   300.00000000000222     
 DEBUG T iter        2200 min   299.99999999999778      max   300.00000000000216     
   SIMPLE iter        2200  res_p=   1.0617966722639809E-003  u(1,1,1)= -0.11456513673363319       p(1,1,1)=  -3.2993849573936065     
 DEBUG T iter        2250 min   299.99999999999784      max   300.00000000000210     
 DEBUG T iter        2300 min   299.99999999999790      max   300.00000000000210     
   SIMPLE iter        2300  res_p=   5.2038113639782217E-004  u(1,1,1)= -0.13314922012950756       p(1,1,1)=  -4.1624512916884200     
 DEBUG T iter        2350 min   299.99999999999767      max   300.00000000000210     
 DEBUG T iter        2400 min   299.99999999999739      max   300.00000000000171     
   SIMPLE iter        2400  res_p=   5.7588150173436747E-004  u(1,1,1)= -0.13268967623573016       p(1,1,1)=  -2.2521995149154406     
 DEBUG T iter        2450 min   299.99999999999756      max   300.00000000000159     
 DEBUG T iter        2500 min   299.99999999999790      max   300.00000000000142     
   SIMPLE iter        2500  res_p=   8.8717328245639313E-004  u(1,1,1)= -0.11646928351272830       p(1,1,1)=  -2.9928797716294073     
 DEBUG T iter        2550 min   299.99999999999778      max   300.00000000000153     
 DEBUG T iter        2600 min   299.99999999999750      max   300.00000000000188     
   SIMPLE iter        2600  res_p=   2.3434075894493075E-004  u(1,1,1)= -0.12979040751710658       p(1,1,1)=  -4.1331180770526856     
 DEBUG T iter        2650 min   299.99999999999750      max   300.00000000000199     
 DEBUG T iter        2700 min   299.99999999999733      max   300.00000000000193     
   SIMPLE iter        2700  res_p=   6.1293161582647070E-004  u(1,1,1)= -0.13365627751057130       p(1,1,1)=  -2.5734445433465649     
 DEBUG T iter        2750 min   299.99999999999739      max   300.00000000000216     
 DEBUG T iter        2800 min   299.99999999999710      max   300.00000000000205     
   SIMPLE iter        2800  res_p=   6.8450719981464660E-004  u(1,1,1)= -0.11873504590449882       p(1,1,1)=  -2.7887772184608157     
 DEBUG T iter        2850 min   299.99999999999716      max   300.00000000000188     
 DEBUG T iter        2900 min   299.99999999999716      max   300.00000000000199     
   SIMPLE iter        2900  res_p=   1.3670120361176420E-004  u(1,1,1)= -0.12707258329337728       p(1,1,1)=  -4.0289412424724560     
 DEBUG T iter        2950 min   299.99999999999704      max   300.00000000000210     
 DEBUG T iter        3000 min   299.99999999999682      max   300.00000000000216     
   SIMPLE iter        3000  res_p=   6.0768332452484745E-004  u(1,1,1)= -0.13378158183450034       p(1,1,1)=  -2.8561714162989702     
 DEBUG T iter        3050 min   299.99999999999659      max   300.00000000000222     
 DEBUG T iter        3100 min   299.99999999999665      max   300.00000000000233     
   SIMPLE iter        3100  res_p=   4.8010811897463389E-004  u(1,1,1)= -0.12106287399637114       p(1,1,1)=  -2.6760625038631063     
 DEBUG T iter        3150 min   299.99999999999676      max   300.00000000000205     
 DEBUG T iter        3200 min   299.99999999999648      max   300.00000000000205     
   SIMPLE iter        3200  res_p=   2.3318520128624680E-004  u(1,1,1)= -0.12506302923351595       p(1,1,1)=  -3.8789800598512549     
 DEBUG T iter        3250 min   299.99999999999619      max   300.00000000000222     
 DEBUG T iter        3300 min   299.99999999999591      max   300.00000000000227     
   SIMPLE iter        3300  res_p=   5.5929746643384494E-004  u(1,1,1)= -0.13328550280514878       p(1,1,1)=  -3.0887279763957740     
 DEBUG T iter        3350 min   299.99999999999574      max   300.00000000000239     
 DEBUG T iter        3400 min   299.99999999999568      max   300.00000000000239     
   SIMPLE iter        3400  res_p=   2.9182348819715119E-004  u(1,1,1)= -0.12323442348162846       p(1,1,1)=  -2.6390846807651993     
 DEBUG T iter        3450 min   299.99999999999562      max   300.00000000000256     
 DEBUG T iter        3500 min   299.99999999999540      max   300.00000000000267     
   SIMPLE iter        3500  res_p=   3.0143587197840394E-004  u(1,1,1)= -0.12375429334376231       p(1,1,1)=  -3.7087881765232691     
 DEBUG T iter        3550 min   299.99999999999534      max   300.00000000000296     
 DEBUG T iter        3600 min   299.99999999999505      max   300.00000000000273     
   SIMPLE iter        3600  res_p=   4.7690983233601714E-004  u(1,1,1)= -0.13237466991492561       p(1,1,1)=  -3.2660339725477963     
 DEBUG T iter        3650 min   299.99999999999488      max   300.00000000000307     
 DEBUG T iter        3700 min   299.99999999999466      max   300.00000000000307     
   SIMPLE iter        3700  res_p=   1.3095602824762277E-004  u(1,1,1)= -0.12510975273600763       p(1,1,1)=  -2.6601769269963511     
 DEBUG T iter        3750 min   299.99999999999488      max   300.00000000000347     
 DEBUG T iter        3800 min   299.99999999999528      max   300.00000000000347     
   SIMPLE iter        3800  res_p=   3.3396083175181234E-004  u(1,1,1)= -0.12307640221224307       p(1,1,1)=  -3.5390681356152829     
 DEBUG T iter        3850 min   299.99999999999511      max   300.00000000000341     
 DEBUG T iter        3900 min   299.99999999999511      max   300.00000000000347     
   SIMPLE iter        3900  res_p=   3.7615068884434832E-004  u(1,1,1)= -0.13123337336169791       p(1,1,1)=  -3.3884295841978065     
 DEBUG T iter        3950 min   299.99999999999488      max   300.00000000000341     
 DEBUG T iter        4000 min   299.99999999999466      max   300.00000000000330     
   SIMPLE iter        4000  res_p=   7.7650218944547785E-005  u(1,1,1)= -0.12660907691794412       p(1,1,1)=  -2.7216460009336174     
 DEBUG T iter        4050 min   299.99999999999471      max   300.00000000000318     
 DEBUG T iter        4100 min   299.99999999999471      max   300.00000000000307     
   SIMPLE iter        4100  res_p=   3.3846296223516426E-004  u(1,1,1)= -0.12291826748030045       p(1,1,1)=  -3.3849741227155334     
 DEBUG T iter        4150 min   299.99999999999460      max   300.00000000000290     
 DEBUG T iter        4200 min   299.99999999999460      max   300.00000000000261     
   SIMPLE iter        4200  res_p=   2.7028683850637003E-004  u(1,1,1)= -0.13001636584471390       p(1,1,1)=  -3.4604540376812252     
 DEBUG T iter        4250 min   299.99999999999460      max   300.00000000000273     
 DEBUG T iter        4300 min   299.99999999999483      max   300.00000000000284     
   SIMPLE iter        4300  res_p=   1.2915394269339995E-004  u(1,1,1)= -0.12770829910574683       p(1,1,1)=  -2.8071882800296493     
 DEBUG T iter        4350 min   299.99999999999483      max   300.00000000000296     
 DEBUG T iter        4400 min   299.99999999999488      max   300.00000000000290     
   SIMPLE iter        4400  res_p=   3.1491763401063529E-004  u(1,1,1)= -0.12314978681785846       p(1,1,1)=  -3.2560515182618404     
 DEBUG T iter        4450 min   299.99999999999466      max   300.00000000000313     
 DEBUG T iter        4500 min   299.99999999999466      max   300.00000000000330     
   SIMPLE iter        4500  res_p=   1.6941559735223800E-004  u(1,1,1)= -0.12884562158277710       p(1,1,1)=  -3.4895215938330311     
 DEBUG T iter        4550 min   299.99999999999460      max   300.00000000000335     
 DEBUG T iter        4600 min   299.99999999999466      max   300.00000000000341     
   SIMPLE iter        4600  res_p=   1.6503923618779446E-004  u(1,1,1)= -0.12842447047239258       p(1,1,1)=  -2.9029387727436839     
 DEBUG T iter        4650 min   299.99999999999471      max   300.00000000000324     
 DEBUG T iter        4700 min   299.99999999999483      max   300.00000000000335     
   SIMPLE iter        4700  res_p=   2.6972769394328390E-004  u(1,1,1)= -0.12364183062667757       p(1,1,1)=  -3.1569601828632385     
 DEBUG T iter        4750 min   299.99999999999505      max   300.00000000000324     
 DEBUG T iter        4800 min   299.99999999999534      max   300.00000000000347     
   SIMPLE iter        4800  res_p=   8.0784964702228235E-005  u(1,1,1)= -0.12780972947404493       p(1,1,1)=  -3.4846818771846584     
 DEBUG T iter        4850 min   299.99999999999511      max   300.00000000000352     
 DEBUG T iter        4900 min   299.99999999999517      max   300.00000000000358     
   SIMPLE iter        4900  res_p=   1.8235793406372775E-004  u(1,1,1)= -0.12880125406303550       p(1,1,1)=  -2.9979201178102435     
 DEBUG T iter        4950 min   299.99999999999511      max   300.00000000000352     
 DEBUG T iter        5000 min   299.99999999999511      max   300.00000000000335     
   SIMPLE iter        5000  res_p=   2.1299787883505804E-004  u(1,1,1)= -0.12427779665962702       p(1,1,1)=  -3.0883725126346024     
 Low-speed solver Block           1  SIMPLE iterations:        5001  res_p:   2.1299787883505804E-004
 --------------Force and Moment -----------------------------
 Total Force Coefficient (CL, CD, CS) =
   0.0000000000000000        0.0000000000000000        0.0000000000000000     
 Total Moment Coefficient(CMx, CMy, CMz)=
   0.0000000000000000        0.0000000000000000        0.0000000000000000     
 Kstep, t=           1   1.0000000000000000     
 ----------The Max Residuals are--------  ---Mesh---           1
    0.0000000000E+00    0.0000000000E+00    0.0000000000E+00    0.0000000000E+00    0.0000000000E+00
   The R.M.S Residuals are 
    0.0000000000E+00    0.0000000000E+00    0.0000000000E+00    0.0000000000E+00    0.0000000000E+00
 write flow3d.dat ......
 write flow3d.dat OK
 write VTK files ......
 write VTK files OK
