 ----------------- OpenCFD-EC3D ver 1.14a (MPI-OpenMP version)------------------
         Copyright by Li Xinliang, lixl@imech.ac.cn                            
         Programming by Li Xinliang  2016-1                                   
 ----------------------------------------------------------------------------- 
 Check if Multi-Grid can be used ...
 Total Block number is            1 Total Cell number is         6400
 Check multigrid OK
 can not find partation.dat,  create partation ...
 Partation ......
 Total Cell number=        6400
 Total Grid number=       13202
 Max grid number is        13202  ... rato to mean grid is   1.0000000000000000     
 Min grid number is        13202  ... rato to mean grid is   1.0000000000000000     
 rato max to min is    1.0000000000000000     
 Read material.in OK, Total_block=           1
   Block           1 : Block_type=           2  rho=   1.0000000000000000       Cp=   1.0000000000000000       k=   0.0000000000000000     
 creat main mesh OK, Num_Cell=        6400
  read main mesh ...
 read Mesh3d.x OK
 Convert bc3d.inp to bc3d.inc ...
 Convert bc3d.inp to bc3d.inc OK
 read bc3d.inc (Link/boundary file)......
 read bc3d.inc OK
 bc3d_interface.inp not found, skip interface
 solid_bc.inp not found, no solid thermal BCs
  Need not read wall_dist.dat 
 No FDM.in, Donot use hybrid FVM/FDM
 my_id, block_no, FDM, FD_Flux, FD_Scheme=           0           1           0
 comput Jocabian OK ...
 Check mesh quality ......
 Check mesh quality OK
 Initial by Free-stream flow ......
  Start ......
   DBG iter           1  maxU2=  0.94325634233870381       maxFi=   2.5000000000000022E-002  maxFj=   0.0000000000000000       Fi(21,1,1)=   6.4562053798585853E-023  Fi(21,21,1)=   1.7781704056043025E-020  Fi(41,21,1)=   3.1700707351248465E-040
   DBG div max=   2.9617134069988043E-002  res_p=   2.9617134069988043E-002
   SIMPLE iter           1  res_p=   2.9617134069988043E-002  u(1,1,1)= -0.24296995178310402       p(1,1,1)=  -5.8662035436589166     
   DBG iter           2  maxU2=  0.94325634233870381       maxFi=   5.0164550476002857E-002  maxFj=   2.5893451044987554E-003  Fi(21,1,1)=  -6.0070260569670339E-005  Fi(21,21,1)=  -1.8368874564443928E-004  Fi(41,21,1)=  -9.4727724858448843E-010
   DBG div max=   1.3137530055104716E-002  res_p=   1.3137530055104716E-002
   SIMPLE iter           2  res_p=   1.3137530055104716E-002  u(1,1,1)=   3.3153057926642027E-003  p(1,1,1)=  -5.5439975651355731     
   DBG iter           3  maxU2=   1.0290603649265369       maxFi=   2.5000000000000022E-002  maxFj=   2.0713979367011845E-002  Fi(21,1,1)=  -1.6160870698073257E-003  Fi(21,21,1)=  -4.5113032017061712E-003  Fi(41,21,1)=  -4.0742324286521690E-006
   DBG div max=   9.5090111450680873E-003  res_p=   9.5090111450680873E-003
   SIMPLE iter           3  res_p=   9.5090111450680873E-003  u(1,1,1)= -0.11764092737350625       p(1,1,1)=  -7.4362797791396371     
   SIMPLE iter           4  res_p=   6.2287324984025266E-003  u(1,1,1)= -0.16774804723343292       p(1,1,1)=  -7.6075280514643824     
   SIMPLE iter           5  res_p=   5.3892857760769412E-003  u(1,1,1)= -0.12186639848538069       p(1,1,1)=  -8.1170053758389056     
 DEBUG T iter          50 min   299.99999999999949      max   300.00000000000063     
 DEBUG T iter         100 min   299.99999999999926      max   300.00000000000085     
   SIMPLE iter         100  res_p=   3.1151982507360352E-004  u(1,1,1)= -0.12499092015869553       p(1,1,1)=   1.1778492241320158     
 DEBUG T iter         150 min   299.99999999999909      max   300.00000000000097     
 DEBUG T iter         200 min   299.99999999999898      max   300.00000000000091     
   SIMPLE iter         200  res_p=   1.5056255468851924E-004  u(1,1,1)= -0.12786710964730849       p(1,1,1)=  -7.9576212936027142     
 DEBUG T iter         250 min   299.99999999999858      max   300.00000000000108     
 DEBUG T iter         300 min   299.99999999999829      max   300.00000000000114     
   SIMPLE iter         300  res_p=   3.1007438793201525E-005  u(1,1,1)= -0.12557514935818745       p(1,1,1)=   1.7431905455246695     
 DEBUG T iter         350 min   299.99999999999841      max   300.00000000000114     
 DEBUG T iter         400 min   299.99999999999841      max   300.00000000000114     
   SIMPLE iter         400  res_p=   1.0383152520711324E-004  u(1,1,1)= -0.12747134349491102       p(1,1,1)=  -6.3926317022146844     
 DEBUG T iter         450 min   299.99999999999795      max   300.00000000000114     
 DEBUG T iter         500 min   299.99999999999812      max   300.00000000000142     
   SIMPLE iter         500  res_p=   1.4429662167323367E-004  u(1,1,1)= -0.12647310638774850       p(1,1,1)=  -1.5537436836338931     
 DEBUG T iter         550 min   299.99999999999824      max   300.00000000000148     
 DEBUG T iter         600 min   299.99999999999795      max   300.00000000000148     
   SIMPLE iter         600  res_p=   1.3321845982193850E-004  u(1,1,1)= -0.12670660383437560       p(1,1,1)=  -3.1081817496618340     
 DEBUG T iter         650 min   299.99999999999801      max   300.00000000000153     
 DEBUG T iter         700 min   299.99999999999773      max   300.00000000000165     
   SIMPLE iter         700  res_p=   9.5300209248862350E-005  u(1,1,1)= -0.12706294510469079       p(1,1,1)=  -4.2658509508750200     
 DEBUG T iter         750 min   299.99999999999795      max   300.00000000000136     
 DEBUG T iter         800 min   299.99999999999739      max   300.00000000000136     
   SIMPLE iter         800  res_p=   4.6932172528663757E-005  u(1,1,1)= -0.12640167803964406       p(1,1,1)=  -1.6285928610124736     
 DEBUG T iter         850 min   299.99999999999716      max   300.00000000000142     
 DEBUG T iter         900 min   299.99999999999676      max   300.00000000000142     
   SIMPLE iter         900  res_p=   7.5882622989038147E-006  u(1,1,1)= -0.12711046899282219       p(1,1,1)=  -4.6348735861875312     
 DEBUG T iter         950 min   299.99999999999665      max   300.00000000000171     
 DEBUG T iter        1000 min   299.99999999999642      max   300.00000000000210     
   SIMPLE iter        1000  res_p=   3.2954933790179698E-005  u(1,1,1)= -0.12655968668230883       p(1,1,1)=  -2.1551325832169437     
 DEBUG T iter        1050 min   299.99999999999665      max   300.00000000000222     
 DEBUG T iter        1100 min   299.99999999999676      max   300.00000000000222     
   SIMPLE iter        1100  res_p=   4.4844515760126820E-005  u(1,1,1)= -0.12687426501925425       p(1,1,1)=  -3.6642402471927205     
 DEBUG T iter        1150 min   299.99999999999676      max   300.00000000000227     
 DEBUG T iter        1200 min   299.99999999999682      max   300.00000000000233     
   SIMPLE iter        1200  res_p=   4.2327595227535490E-005  u(1,1,1)= -0.12680561074968660       p(1,1,1)=  -3.2108299884562870     
 DEBUG T iter        1250 min   299.99999999999687      max   300.00000000000261     
 DEBUG T iter        1300 min   299.99999999999682      max   300.00000000000267     
   SIMPLE iter        1300  res_p=   2.9885368709954762E-005  u(1,1,1)= -0.12669160451919034       p(1,1,1)=  -2.8401805390892410     
 DEBUG T iter        1350 min   299.99999999999682      max   300.00000000000267     
 DEBUG T iter        1400 min   299.99999999999710      max   300.00000000000279     
   SIMPLE iter        1400  res_p=   1.4520080913265025E-005  u(1,1,1)= -0.12690228362978326       p(1,1,1)=  -3.6854757271023426     
 DEBUG T iter        1450 min   299.99999999999687      max   300.00000000000273     
 DEBUG T iter        1500 min   299.99999999999721      max   300.00000000000279     
   SIMPLE iter        1500  res_p=   2.4530903869069761E-006  u(1,1,1)= -0.12668003225555510       p(1,1,1)=  -2.7328977075230747     
 DEBUG T iter        1550 min   299.99999999999739      max   300.00000000000284     
 DEBUG T iter        1600 min   299.99999999999744      max   300.00000000000279     
   SIMPLE iter        1600  res_p=   1.0533013945713578E-005  u(1,1,1)= -0.12685520887935767       p(1,1,1)=  -3.5198257043253447     
 DEBUG T iter        1650 min   299.99999999999744      max   300.00000000000273     
 DEBUG T iter        1700 min   299.99999999999716      max   300.00000000000290     
   SIMPLE iter        1700  res_p=   1.4351848907423318E-005  u(1,1,1)= -0.12675717091700989       p(1,1,1)=  -3.0460888779050981     
 DEBUG T iter        1750 min   299.99999999999721      max   300.00000000000290     
 DEBUG T iter        1800 min   299.99999999999704      max   300.00000000000273     
   SIMPLE iter        1800  res_p=   1.3409941334081491E-005  u(1,1,1)= -0.12677829092278792       p(1,1,1)=  -3.1877969768081975     
 DEBUG T iter        1850 min   299.99999999999716      max   300.00000000000279     
 DEBUG T iter        1900 min   299.99999999999716      max   300.00000000000279     
   SIMPLE iter        1900  res_p=   9.4705759573923807E-006  u(1,1,1)= -0.12681538234026940       p(1,1,1)=  -3.3095479339125120     
 DEBUG T iter        1950 min   299.99999999999710      max   300.00000000000279     
 DEBUG T iter        2000 min   299.99999999999687      max   300.00000000000256     
   SIMPLE iter        2000  res_p=   4.5850059032332628E-006  u(1,1,1)= -0.12674816500984970       p(1,1,1)=  -3.0392949032357421     
 DEBUG T iter        2050 min   299.99999999999653      max   300.00000000000222     
 DEBUG T iter        2100 min   299.99999999999648      max   300.00000000000233     
   SIMPLE iter        2100  res_p=   7.8353584250755886E-007  u(1,1,1)= -0.12681910447919631       p(1,1,1)=  -3.3429746922045003     
 DEBUG T iter        2150 min   299.99999999999613      max   300.00000000000227     
 DEBUG T iter        2200 min   299.99999999999585      max   300.00000000000233     
   SIMPLE iter        2200  res_p=   3.3847911839956450E-006  u(1,1,1)= -0.12676371066873077       p(1,1,1)=  -3.0933104141623069     
 DEBUG T iter        2250 min   299.99999999999579      max   300.00000000000239     
 DEBUG T iter        2300 min   299.99999999999557      max   300.00000000000244     
   SIMPLE iter        2300  res_p=   4.5742501715677884E-006  u(1,1,1)= -0.12679461803532349       p(1,1,1)=  -3.2432181347858742     
 DEBUG T iter        2350 min   299.99999999999562      max   300.00000000000250     
 DEBUG T iter        2400 min   299.99999999999574      max   300.00000000000261     
   SIMPLE iter        2400  res_p=   4.2680926834727745E-006  u(1,1,1)= -0.12678827772812634       p(1,1,1)=  -3.1993747568376230     
 DEBUG T iter        2450 min   299.99999999999574      max   300.00000000000273     
 DEBUG T iter        2500 min   299.99999999999568      max   300.00000000000267     
   SIMPLE iter        2500  res_p=   2.9995751702897729E-006  u(1,1,1)= -0.12677626720381227       p(1,1,1)=  -3.1598640312971558     
 DEBUG T iter        2550 min   299.99999999999579      max   300.00000000000279     
 DEBUG T iter        2600 min   299.99999999999585      max   300.00000000000301     
   SIMPLE iter        2600  res_p=   1.4421866621712699E-006  u(1,1,1)= -0.12679777830796896       p(1,1,1)=  -3.2463558325002269     
 DEBUG T iter        2650 min   299.99999999999579      max   300.00000000000307     
 DEBUG T iter        2700 min   299.99999999999585      max   300.00000000000313     
   SIMPLE iter        2700  res_p=   2.5695465656649186E-007  u(1,1,1)= -0.12677522270630984       p(1,1,1)=  -3.1496605407862477     
 DEBUG T iter        2750 min   299.99999999999557      max   300.00000000000335     
 DEBUG T iter        2800 min   299.99999999999545      max   300.00000000000330     
   SIMPLE iter        2800  res_p=   1.0858885121471651E-006  u(1,1,1)= -0.12679281059486025       p(1,1,1)=  -3.2289302867225818     
 DEBUG T iter        2850 min   299.99999999999483      max   300.00000000000296     
 DEBUG T iter        2900 min   299.99999999999454      max   300.00000000000330     
   SIMPLE iter        2900  res_p=   1.4596601104336412E-006  u(1,1,1)= -0.12678306365814371       p(1,1,1)=  -3.1815782591091359     
 DEBUG T iter        2950 min   299.99999999999460      max   300.00000000000324     
 DEBUG T iter        3000 min   299.99999999999449      max   300.00000000000330     
   SIMPLE iter        3000  res_p=   1.3564460103708938E-006  u(1,1,1)= -0.12678500425787237       p(1,1,1)=  -3.1952068419537603     
 DEBUG T iter        3050 min   299.99999999999449      max   300.00000000000352     
 DEBUG T iter        3100 min   299.99999999999454      max   300.00000000000341     
   SIMPLE iter        3100  res_p=   9.5039559049595953E-007  u(1,1,1)= -0.12678888228410626       p(1,1,1)=  -3.2080467580475718     
 DEBUG T iter        3150 min   299.99999999999437      max   300.00000000000335     
 DEBUG T iter        3200 min   299.99999999999426      max   300.00000000000307     
   SIMPLE iter        3200  res_p=   4.5436497943401022E-007  u(1,1,1)= -0.12678201197473474       p(1,1,1)=  -3.1803878214656063     
 DEBUG T iter        3250 min   299.99999999999420      max   300.00000000000341     
 DEBUG T iter        3300 min   299.99999999999426      max   300.00000000000335     
   SIMPLE iter        3300  res_p=   8.5454609181543954E-008  u(1,1,1)= -0.12678919232252758       p(1,1,1)=  -3.2111831116230722     
 DEBUG T iter        3350 min   299.99999999999415      max   300.00000000000352     
 DEBUG T iter        3400 min   299.99999999999409      max   300.00000000000375     
   SIMPLE iter        3400  res_p=   3.4838369635404459E-007  u(1,1,1)= -0.12678361484255676       p(1,1,1)=  -3.1860218917727940     
 DEBUG T iter        3450 min   299.99999999999426      max   300.00000000000392     
 DEBUG T iter        3500 min   299.99999999999420      max   300.00000000000426     
   SIMPLE iter        3500  res_p=   4.6548545410291789E-007  u(1,1,1)= -0.12678669172042345       p(1,1,1)=  -3.2009883240903116     
 DEBUG T iter        3550 min   299.99999999999454      max   300.00000000000392     
 DEBUG T iter        3600 min   299.99999999999460      max   300.00000000000381     
   SIMPLE iter        3600  res_p=   4.3124381331010025E-007  u(1,1,1)= -0.12678609867892662       p(1,1,1)=  -3.1967593927587989     
 DEBUG T iter        3650 min   299.99999999999466      max   300.00000000000392     
 DEBUG T iter        3700 min   299.99999999999466      max   300.00000000000375     
   SIMPLE iter        3700  res_p=   3.0110201958985446E-007  u(1,1,1)= -0.12678484677566548       p(1,1,1)=  -3.1925931181853668     
 DEBUG T iter        3750 min   299.99999999999466      max   300.00000000000392     
 DEBUG T iter        3800 min   299.99999999999471      max   300.00000000000387     
   SIMPLE iter        3800  res_p=   1.4307194517399776E-007  u(1,1,1)= -0.12678704189942330       p(1,1,1)=  -3.2014385007443837     
 DEBUG T iter        3850 min   299.99999999999500      max   300.00000000000392     
 DEBUG T iter        3900 min   299.99999999999505      max   300.00000000000398     
   SIMPLE iter        3900  res_p=   2.8005814141544082E-008  u(1,1,1)= -0.12678475718090554       p(1,1,1)=  -3.1916323155923649     
 DEBUG T iter        3950 min   299.99999999999494      max   300.00000000000404     
 DEBUG T iter        4000 min   299.99999999999505      max   300.00000000000421     
   SIMPLE iter        4000  res_p=   1.1174399220650541E-007  u(1,1,1)= -0.12678652664707138       p(1,1,1)=  -3.1996193795033672     
 DEBUG T iter        4050 min   299.99999999999488      max   300.00000000000432     
 DEBUG T iter        4100 min   299.99999999999494      max   300.00000000000438     
   SIMPLE iter        4100  res_p=   1.4846316984660525E-007  u(1,1,1)= -0.12678555568014857       p(1,1,1)=  -3.1948900674166314     
 DEBUG T iter        4150 min   299.99999999999505      max   300.00000000000455     
 DEBUG T iter        4200 min   299.99999999999511      max   300.00000000000455     
   SIMPLE iter        4200  res_p=   1.3708047650075046E-007  u(1,1,1)= -0.12678573661965295       p(1,1,1)=  -3.1962022691274425     
 DEBUG T iter        4250 min   299.99999999999523      max   300.00000000000460     
 DEBUG T iter        4300 min   299.99999999999511      max   300.00000000000472     
   SIMPLE iter        4300  res_p=   9.5390142317246021E-008  u(1,1,1)= -0.12678614056589385       p(1,1,1)=  -3.1975537138027073     
 DEBUG T iter        4350 min   299.99999999999500      max   300.00000000000506     
 DEBUG T iter        4400 min   299.99999999999483      max   300.00000000000495     
   SIMPLE iter        4400  res_p=   4.5058625915191144E-008  u(1,1,1)= -0.12678543936116479       p(1,1,1)=  -3.1947253740402863     
 DEBUG T iter        4450 min   299.99999999999505      max   300.00000000000506     
 Low-speed solver Block           1  SIMPLE iterations:        4499  res_p:   8.1731251569636423E-009
 --------------Force and Moment -----------------------------
 Total Force Coefficient (CL, CD, CS) =
   0.0000000000000000        0.0000000000000000        0.0000000000000000     
 Total Moment Coefficient(CMx, CMy, CMz)=
   0.0000000000000000        0.0000000000000000        0.0000000000000000     
 Kstep, t=           1   1.0000000000000000     
 ----------The Max Residuals are--------  ---Mesh---           1
    0.0000000000E+00    0.0000000000E+00    0.0000000000E+00    0.0000000000E+00    0.0000000000E+00
   The R.M.S Residuals are 
    0.0000000000E+00    0.0000000000E+00    0.0000000000E+00    0.0000000000E+00    0.0000000000E+00
 write flow3d.dat ......
 write flow3d.dat OK
 write VTK files ......
 write VTK files OK
