      1      0.00000000E+00      0.30008611E-01      0.00000000E+00      0.27310172E+00      0.12640773E-22      0.00000000E+00
      2      0.00000000E+00     -0.40022542E-01      0.00000000E+00      0.40195432E+00     -0.54451007E-03     -0.65891293E-19
      1      0.00000000E+00      0.30008611E-01      0.00000000E+00      0.27310172E+00      0.12640773E-22      0.00000000E+00
      2      0.00000000E+00     -0.40022542E-01      0.00000000E+00      0.40195432E+00     -0.54451007E-03     -0.65891293E-19
      1      0.00000000E+00      0.30008611E-01      0.00000000E+00      0.27310172E+00      0.12640773E-22      0.00000000E+00
      2      0.00000000E+00     -0.40022542E-01      0.00000000E+00      0.40195432E+00     -0.54451007E-03     -0.65891293E-19
      3      0.00000000E+00     -0.74271149E-01      0.00000000E+00      0.37313646E+00      0.96006787E-02     -0.31077285E-19
      4      0.00000000E+00     -0.89486168E-01      0.00000000E+00      0.31090806E+00      0.18555338E-01     -0.13007701E-19
      5      0.00000000E+00     -0.95199420E-01      0.00000000E+00      0.25315377E+00      0.24546213E-01     -0.70275418E-20
      6      0.00000000E+00     -0.96260917E-01      0.00000000E+00      0.20761688E+00      0.27680833E-01     -0.55397894E-20
      7      0.00000000E+00     -0.95079660E-01      0.00000000E+00      0.17352675E+00      0.28822300E-01      0.13098089E-19
      8      0.00000000E+00     -0.92871932E-01      0.00000000E+00      0.14836322E+00      0.28709217E-01      0.22190957E-19
      9      0.00000000E+00     -0.90242811E-01      0.00000000E+00      0.12975900E+00      0.27855801E-01      0.18013817E-19
     10      0.00000000E+00     -0.87490855E-01      0.00000000E+00      0.11581722E+00      0.26643672E-01      0.21353972E-19
     11      0.00000000E+00     -0.84766559E-01      0.00000000E+00      0.10514798E+00      0.25302859E-01      0.13943056E-19
     12      0.00000000E+00     -0.82140043E-01      0.00000000E+00      0.96791857E-01      0.23960077E-01      0.31697623E-20
     13      0.00000000E+00     -0.79640735E-01      0.00000000E+00      0.90080650E-01      0.22683488E-01      0.96613578E-20
     14      0.00000000E+00     -0.77271342E-01      0.00000000E+00      0.84557693E-01      0.21492336E-01      0.12965370E-19
     15      0.00000000E+00     -0.75035218E-01      0.00000000E+00      0.79908621E-01      0.20399096E-01      0.10920395E-19
     16      0.00000000E+00     -0.72948636E-01      0.00000000E+00      0.75921768E-01      0.19398062E-01      0.87740769E-20
     17      0.00000000E+00     -0.70995437E-01      0.00000000E+00      0.72459863E-01      0.18436871E-01      0.66459675E-20
     18      0.00000000E+00     -0.69163127E-01      0.00000000E+00      0.69406321E-01      0.17554185E-01      0.10152609E-20
     19      0.00000000E+00     -0.67441213E-01      0.00000000E+00      0.66681542E-01      0.16747613E-01     -0.25192129E-20
     20      0.00000000E+00     -0.65820099E-01      0.00000000E+00      0.64226345E-01      0.16007636E-01     -0.94746315E-20
     21      0.00000000E+00     -0.64291522E-01      0.00000000E+00      0.61996175E-01      0.15325750E-01     -0.86767714E-20
     22      0.00000000E+00     -0.62848023E-01      0.00000000E+00      0.59957193E-01      0.14693388E-01     -0.37561113E-20
     23      0.00000000E+00     -0.61482963E-01      0.00000000E+00      0.58082582E-01      0.14104508E-01     -0.42197244E-20
     24      0.00000000E+00     -0.60190357E-01      0.00000000E+00      0.56350986E-01      0.13554115E-01     -0.32003735E-20
     25      0.00000000E+00     -0.58964816E-01      0.00000000E+00      0.54744926E-01      0.13038235E-01      0.22496014E-20
     26      0.00000000E+00     -0.57801466E-01      0.00000000E+00      0.53249943E-01      0.12553544E-01      0.28779982E-20
     27      0.00000000E+00     -0.56695882E-01      0.00000000E+00      0.51853885E-01      0.12097236E-01      0.10627923E-20
     28      0.00000000E+00     -0.55644032E-01      0.00000000E+00      0.50546430E-01      0.11666897E-01      0.70612202E-20
     29      0.00000000E+00     -0.54642222E-01      0.00000000E+00      0.49318718E-01      0.11260429E-01      0.30872503E-20
     30      0.00000000E+00     -0.53687012E-01      0.00000000E+00      0.48163085E-01      0.10875986E-01     -0.24876974E-21
      1      0.00000000E+00      0.30008611E-01      0.00000000E+00      0.27310172E+00      0.12640773E-22      0.00000000E+00
      2      0.00000000E+00     -0.40022542E-01      0.00000000E+00      0.40195432E+00     -0.54451007E-03     -0.65891293E-19
      3      0.00000000E+00     -0.74271149E-01      0.00000000E+00      0.37313646E+00      0.96006787E-02     -0.31077285E-19
      4      0.00000000E+00     -0.89486168E-01      0.00000000E+00      0.31090806E+00      0.18555338E-01     -0.13007701E-19
      5      0.00000000E+00     -0.95199420E-01      0.00000000E+00      0.25315377E+00      0.24546213E-01     -0.70275418E-20
      6      0.00000000E+00     -0.96260917E-01      0.00000000E+00      0.20761688E+00      0.27680833E-01     -0.55397894E-20
      7      0.00000000E+00     -0.95079660E-01      0.00000000E+00      0.17352675E+00      0.28822300E-01      0.13098089E-19
      8      0.00000000E+00     -0.92871932E-01      0.00000000E+00      0.14836322E+00      0.28709217E-01      0.22190957E-19
      9      0.00000000E+00     -0.90242811E-01      0.00000000E+00      0.12975900E+00      0.27855801E-01      0.18013817E-19
     10      0.00000000E+00     -0.87490855E-01      0.00000000E+00      0.11581722E+00      0.26643672E-01      0.21353972E-19
     11      0.00000000E+00     -0.84766559E-01      0.00000000E+00      0.10514798E+00      0.25302859E-01      0.13943056E-19
     12      0.00000000E+00     -0.82140043E-01      0.00000000E+00      0.96791857E-01      0.23960077E-01      0.31697623E-20
     13      0.00000000E+00     -0.79640735E-01      0.00000000E+00      0.90080650E-01      0.22683488E-01      0.96613578E-20
     14      0.00000000E+00     -0.77271342E-01      0.00000000E+00      0.84557693E-01      0.21492336E-01      0.12965370E-19
     15      0.00000000E+00     -0.75035218E-01      0.00000000E+00      0.79908621E-01      0.20399096E-01      0.10920395E-19
     16      0.00000000E+00     -0.72948636E-01      0.00000000E+00      0.75921768E-01      0.19398062E-01      0.87740769E-20
     17      0.00000000E+00     -0.70995437E-01      0.00000000E+00      0.72459863E-01      0.18436871E-01      0.66459675E-20
     18      0.00000000E+00     -0.69163127E-01      0.00000000E+00      0.69406321E-01      0.17554185E-01      0.10152609E-20
     19      0.00000000E+00     -0.67441213E-01      0.00000000E+00      0.66681542E-01      0.16747613E-01     -0.25192129E-20
     20      0.00000000E+00     -0.65820099E-01      0.00000000E+00      0.64226345E-01      0.16007636E-01     -0.94746315E-20
     21      0.00000000E+00     -0.64291522E-01      0.00000000E+00      0.61996175E-01      0.15325750E-01     -0.86767714E-20
     22      0.00000000E+00     -0.62848023E-01      0.00000000E+00      0.59957193E-01      0.14693388E-01     -0.37561113E-20
     23      0.00000000E+00     -0.61482963E-01      0.00000000E+00      0.58082582E-01      0.14104508E-01     -0.42197244E-20
     24      0.00000000E+00     -0.60190357E-01      0.00000000E+00      0.56350986E-01      0.13554115E-01     -0.32003735E-20
     25      0.00000000E+00     -0.58964816E-01      0.00000000E+00      0.54744926E-01      0.13038235E-01      0.22496014E-20
     26      0.00000000E+00     -0.57801466E-01      0.00000000E+00      0.53249943E-01      0.12553544E-01      0.28779982E-20
     27      0.00000000E+00     -0.56695882E-01      0.00000000E+00      0.51853885E-01      0.12097236E-01      0.10627923E-20
     28      0.00000000E+00     -0.55644032E-01      0.00000000E+00      0.50546430E-01      0.11666897E-01      0.70612202E-20
     29      0.00000000E+00     -0.54642222E-01      0.00000000E+00      0.49318718E-01      0.11260429E-01      0.30872503E-20
     30      0.00000000E+00     -0.53687012E-01      0.00000000E+00      0.48163085E-01      0.10875986E-01     -0.24876974E-21
     31      0.00000000E+00     -0.52775096E-01      0.00000000E+00      0.47072843E-01      0.10511937E-01     -0.41408366E-20
     32      0.00000000E+00     -0.51903699E-01      0.00000000E+00      0.46042112E-01      0.10166816E-01     -0.45854895E-20
     33      0.00000000E+00     -0.51070566E-01      0.00000000E+00      0.45065796E-01      0.98392697E-02     -0.93349979E-20
     34      0.00000000E+00     -0.50273284E-01      0.00000000E+00      0.44139416E-01      0.95281277E-02     -0.10866329E-19
     35      0.00000000E+00     -0.49509490E-01      0.00000000E+00      0.43258872E-01      0.92324316E-02     -0.45888636E-20
     36      0.00000000E+00     -0.48777018E-01      0.00000000E+00      0.42420486E-01      0.89512666E-02     -0.46166218E-20
     37      0.00000000E+00     -0.48073888E-01      0.00000000E+00      0.41620993E-01      0.86837429E-02     -0.56263032E-20
     38      0.00000000E+00     -0.47398281E-01      0.00000000E+00      0.40857478E-01      0.84290246E-02      0.28386023E-21
     39      0.00000000E+00     -0.46748519E-01      0.00000000E+00      0.40127321E-01      0.81863432E-02     -0.38360222E-20
     40      0.00000000E+00     -0.46123047E-01      0.00000000E+00      0.39428160E-01      0.79549960E-02     -0.28494017E-20
     41      0.00000000E+00     -0.45520419E-01      0.00000000E+00      0.38757852E-01      0.77343397E-02     -0.26424724E-20
     42      0.00000000E+00     -0.44939294E-01      0.00000000E+00      0.38114456E-01      0.75237822E-02     -0.83463597E-21
     43      0.00000000E+00     -0.44378422E-01      0.00000000E+00      0.37496201E-01      0.73227762E-02     -0.35406296E-20
     44      0.00000000E+00     -0.43836637E-01      0.00000000E+00      0.36901474E-01      0.71308132E-02     -0.13731211E-20
     45      0.00000000E+00     -0.43312856E-01      0.00000000E+00      0.36328801E-01      0.69474184E-02     -0.23352135E-20
     46      0.00000000E+00     -0.42806067E-01      0.00000000E+00      0.35776829E-01      0.67721477E-02     -0.50094018E-20
     47      0.00000000E+00     -0.42315326E-01      0.00000000E+00      0.35244322E-01      0.66045838E-02     -0.52997244E-20
     48      0.00000000E+00     -0.41839754E-01      0.00000000E+00      0.34730138E-01      0.64443343E-02     -0.73429023E-20
     49      0.00000000E+00     -0.41378529E-01      0.00000000E+00      0.34233231E-01      0.62910293E-02     -0.64680175E-20
     50      0.00000000E+00     -0.40930885E-01      0.00000000E+00      0.33752632E-01      0.61443199E-02     -0.44257052E-20
     51      0.00000000E+00     -0.40496103E-01      0.00000000E+00      0.33287448E-01      0.60038765E-02     -0.20481202E-20
     52      0.00000000E+00     -0.40073515E-01      0.00000000E+00      0.32836853E-01      0.58693879E-02     -0.31043570E-20
     53      0.00000000E+00     -0.39662493E-01      0.00000000E+00      0.32400080E-01      0.57405601E-02     -0.42792284E-20
     54      0.00000000E+00     -0.39262450E-01      0.00000000E+00      0.31976417E-01      0.56171153E-02     -0.40856427E-20
     55      0.00000000E+00     -0.38872839E-01      0.00000000E+00      0.31565203E-01      0.54987912E-02     -0.31884438E-20
     56      0.00000000E+00     -0.38493142E-01      0.00000000E+00      0.31165823E-01      0.53853398E-02     -0.28366347E-20
     57      0.00000000E+00     -0.38122877E-01      0.00000000E+00      0.30777703E-01      0.52765271E-02     -0.22120903E-20
     58      0.00000000E+00     -0.37761591E-01      0.00000000E+00      0.30400306E-01      0.51721320E-02     -0.65369426E-21
     59      0.00000000E+00     -0.37408858E-01      0.00000000E+00      0.30033132E-01      0.50719459E-02     -0.50475092E-21
     60      0.00000000E+00     -0.37064277E-01      0.00000000E+00      0.29675711E-01      0.49757716E-02     -0.15008248E-20
     61      0.00000000E+00     -0.36727470E-01      0.00000000E+00      0.29327606E-01      0.48834228E-02     -0.12205303E-21
     62      0.00000000E+00     -0.36398083E-01      0.00000000E+00      0.28988403E-01      0.47947237E-02      0.82257599E-21
     63      0.00000000E+00     -0.36075781E-01      0.00000000E+00      0.28657717E-01      0.47095078E-02     -0.12162357E-20
     64      0.00000000E+00     -0.35760248E-01      0.00000000E+00      0.28335182E-01      0.46276178E-02     -0.52521058E-21
     65      0.00000000E+00     -0.35451186E-01      0.00000000E+00      0.28020457E-01      0.45489046E-02      0.15545309E-20
     66      0.00000000E+00     -0.35148313E-01      0.00000000E+00      0.27713219E-01      0.44732271E-02      0.57813865E-21
     67      0.00000000E+00     -0.34851363E-01      0.00000000E+00      0.27413165E-01      0.44004514E-02      0.77127442E-22
     68      0.00000000E+00     -0.34560083E-01      0.00000000E+00      0.27120007E-01      0.43304503E-02     -0.94189817E-21
     69      0.00000000E+00     -0.34274236E-01      0.00000000E+00      0.26833474E-01      0.42631029E-02     -0.79895297E-21
     70      0.00000000E+00     -0.33993596E-01      0.00000000E+00      0.26553311E-01      0.41982942E-02     -0.77111848E-21
     71      0.00000000E+00     -0.33717948E-01      0.00000000E+00      0.26279275E-01      0.41359148E-02      0.27093140E-21
     72      0.00000000E+00     -0.33447089E-01      0.00000000E+00      0.26011137E-01      0.40758600E-02     -0.29212876E-20
     73      0.00000000E+00     -0.33180827E-01      0.00000000E+00      0.25748680E-01      0.40180300E-02     -0.18478911E-20
     74      0.00000000E+00     -0.32918979E-01      0.00000000E+00      0.25491697E-01      0.39623295E-02      0.16735089E-21
     75      0.00000000E+00     -0.32661372E-01      0.00000000E+00      0.25239993E-01      0.39086671E-02     -0.15748722E-22
     76      0.00000000E+00     -0.32407842E-01      0.00000000E+00      0.24993384E-01      0.38569554E-02     -0.82684244E-21
     77      0.00000000E+00     -0.32158232E-01      0.00000000E+00      0.24751691E-01      0.38071106E-02     -0.19064904E-20
     78      0.00000000E+00     -0.31912394E-01      0.00000000E+00      0.24514749E-01      0.37590522E-02     -0.21668539E-20
     79      0.00000000E+00     -0.31670188E-01      0.00000000E+00      0.24282397E-01      0.37127030E-02     -0.12057964E-20
     80      0.00000000E+00     -0.31431479E-01      0.00000000E+00      0.24054485E-01      0.36679888E-02     -0.66085746E-21
     81      0.00000000E+00     -0.31196141E-01      0.00000000E+00      0.23830868E-01      0.36248384E-02      0.24556958E-22
     82      0.00000000E+00     -0.30964053E-01      0.00000000E+00      0.23611408E-01      0.35831832E-02      0.10990394E-20
     83      0.00000000E+00     -0.30735101E-01      0.00000000E+00      0.23395974E-01      0.35429573E-02      0.12453228E-20
     84      0.00000000E+00     -0.30509175E-01      0.00000000E+00      0.23184441E-01      0.35040974E-02      0.11528618E-20
     85      0.00000000E+00     -0.30286174E-01      0.00000000E+00      0.22976690E-01      0.34665425E-02      0.26395505E-20
     86      0.00000000E+00     -0.30065998E-01      0.00000000E+00      0.22772607E-01      0.34302340E-02     -0.36132791E-21
     87      0.00000000E+00     -0.29848554E-01      0.00000000E+00      0.22572083E-01      0.33951156E-02     -0.12306981E-21
     88      0.00000000E+00     -0.29633756E-01      0.00000000E+00      0.22375014E-01      0.33611330E-02     -0.16702685E-20
     89      0.00000000E+00     -0.29421517E-01      0.00000000E+00      0.22181300E-01      0.33282342E-02     -0.12994865E-20
     90      0.00000000E+00     -0.29211760E-01      0.00000000E+00      0.21990847E-01      0.32963690E-02      0.72410944E-21
     91      0.00000000E+00     -0.29004408E-01      0.00000000E+00      0.21803562E-01      0.32654896E-02      0.39244580E-21
     92      0.00000000E+00     -0.28799391E-01      0.00000000E+00      0.21619358E-01      0.32355496E-02     -0.69772555E-22
     93      0.00000000E+00     -0.28596639E-01      0.00000000E+00      0.21438152E-01      0.32065047E-02     -0.21944425E-20
     94      0.00000000E+00     -0.28396089E-01      0.00000000E+00      0.21259863E-01      0.31783125E-02     -0.23675497E-20
     95      0.00000000E+00     -0.28197680E-01      0.00000000E+00      0.21084414E-01      0.31509321E-02     -0.31346384E-20
     96      0.00000000E+00     -0.28001353E-01      0.00000000E+00      0.20911732E-01      0.31243245E-02     -0.11612573E-20
     97      0.00000000E+00     -0.27807053E-01      0.00000000E+00      0.20741744E-01      0.30984521E-02     -0.39260227E-21
     98      0.00000000E+00     -0.27614729E-01      0.00000000E+00      0.20574383E-01      0.30732792E-02     -0.49906260E-21
     99      0.00000000E+00     -0.27424331E-01      0.00000000E+00      0.20409583E-01      0.30487713E-02     -0.19842219E-20
    100      0.00000000E+00     -0.27235811E-01      0.00000000E+00      0.20247280E-01      0.30248955E-02     -0.22620939E-21
    101      0.00000000E+00     -0.27049127E-01      0.00000000E+00      0.20087415E-01      0.30016206E-02     -0.11779558E-20
    102      0.00000000E+00     -0.26864234E-01      0.00000000E+00      0.19929927E-01      0.29789164E-02     -0.67626354E-21
    103      0.00000000E+00     -0.26681094E-01      0.00000000E+00      0.19774762E-01      0.29567541E-02     -0.20105140E-20
    104      0.00000000E+00     -0.26499669E-01      0.00000000E+00      0.19621863E-01      0.29351065E-02     -0.16435947E-20
    105      0.00000000E+00     -0.26319921E-01      0.00000000E+00      0.19471180E-01      0.29139473E-02     -0.84356418E-21
    106      0.00000000E+00     -0.26141818E-01      0.00000000E+00      0.19322661E-01      0.28932515E-02     -0.15405225E-20
    107      0.00000000E+00     -0.25965327E-01      0.00000000E+00      0.19176257E-01      0.28729954E-02     -0.12342189E-20
    108      0.00000000E+00     -0.25790417E-01      0.00000000E+00      0.19031922E-01      0.28531562E-02     -0.11147647E-20
    109      0.00000000E+00     -0.25617059E-01      0.00000000E+00      0.18889609E-01      0.28337124E-02     -0.94157598E-21
    110      0.00000000E+00     -0.25445225E-01      0.00000000E+00      0.18749275E-01      0.28146433E-02     -0.16576814E-20
    111      0.00000000E+00     -0.25274889E-01      0.00000000E+00      0.18610876E-01      0.27959294E-02     -0.18336872E-20
    112      0.00000000E+00     -0.25106025E-01      0.00000000E+00      0.18474372E-01      0.27775520E-02     -0.22737609E-20
    113      0.00000000E+00     -0.24938611E-01      0.00000000E+00      0.18339723E-01      0.27594935E-02     -0.17415739E-20
    114      0.00000000E+00     -0.24772622E-01      0.00000000E+00      0.18206890E-01      0.27417369E-02     -0.16502144E-20
    115      0.00000000E+00     -0.24608039E-01      0.00000000E+00      0.18075835E-01      0.27242663E-02     -0.13686360E-20
    116      0.00000000E+00     -0.24444839E-01      0.00000000E+00      0.17946523E-01      0.27070666E-02     -0.16851019E-20
    117      0.00000000E+00     -0.24283004E-01      0.00000000E+00      0.17818917E-01      0.26901234E-02     -0.24346288E-20
    118      0.00000000E+00     -0.24122516E-01      0.00000000E+00      0.17692985E-01      0.26734229E-02     -0.24858424E-20
    119      0.00000000E+00     -0.23963355E-01      0.00000000E+00      0.17568693E-01      0.26569523E-02     -0.28567600E-20
    120      0.00000000E+00     -0.23805506E-01      0.00000000E+00      0.17446008E-01      0.26406993E-02     -0.20332071E-20
    121      0.00000000E+00     -0.23648951E-01      0.00000000E+00      0.17324899E-01      0.26246524E-02     -0.15473723E-20
    122      0.00000000E+00     -0.23493676E-01      0.00000000E+00      0.17205337E-01      0.26088005E-02     -0.14415183E-20
    123      0.00000000E+00     -0.23339666E-01      0.00000000E+00      0.17087291E-01      0.25931334E-02     -0.42951679E-21
    124      0.00000000E+00     -0.23186905E-01      0.00000000E+00      0.16970734E-01      0.25776413E-02     -0.32929187E-21
    125      0.00000000E+00     -0.23035382E-01      0.00000000E+00      0.16855636E-01      0.25623149E-02      0.23264994E-21
    126      0.00000000E+00     -0.22885082E-01      0.00000000E+00      0.16741971E-01      0.25471455E-02     -0.48263466E-21
    127      0.00000000E+00     -0.22735992E-01      0.00000000E+00      0.16629713E-01      0.25321249E-02     -0.12823260E-20
    128      0.00000000E+00     -0.22588102E-01      0.00000000E+00      0.16518836E-01      0.25172455E-02      0.23328692E-21
    129      0.00000000E+00     -0.22441398E-01      0.00000000E+00      0.16409315E-01      0.25025000E-02      0.44951605E-21
    130      0.00000000E+00     -0.22295870E-01      0.00000000E+00      0.16301125E-01      0.24878815E-02      0.26600793E-21
    131      0.00000000E+00     -0.22151507E-01      0.00000000E+00      0.16194243E-01      0.24733836E-02     -0.29410839E-21
    132      0.00000000E+00     -0.22008297E-01      0.00000000E+00      0.16088646E-01      0.24590004E-02     -0.95957816E-21
    133      0.00000000E+00     -0.21866232E-01      0.00000000E+00      0.15984311E-01      0.24447262E-02     -0.61377698E-21
    134      0.00000000E+00     -0.21725301E-01      0.00000000E+00      0.15881216E-01      0.24305558E-02     -0.12772580E-20
    135      0.00000000E+00     -0.21585494E-01      0.00000000E+00      0.15779340E-01      0.24164842E-02     -0.12298910E-20
    136      0.00000000E+00     -0.21446802E-01      0.00000000E+00      0.15678661E-01      0.24025069E-02     -0.14653221E-20
    137      0.00000000E+00     -0.21309215E-01      0.00000000E+00      0.15579159E-01      0.23886195E-02     -0.16981832E-20
    138      0.00000000E+00     -0.21172726E-01      0.00000000E+00      0.15480815E-01      0.23748181E-02     -0.18582290E-20
    139      0.00000000E+00     -0.21037324E-01      0.00000000E+00      0.15383608E-01      0.23610989E-02     -0.20477845E-20
    140      0.00000000E+00     -0.20903002E-01      0.00000000E+00      0.15287520E-01      0.23474587E-02     -0.16587838E-20
    141      0.00000000E+00     -0.20769751E-01      0.00000000E+00      0.15192533E-01      0.23338940E-02     -0.16697680E-20
    142      0.00000000E+00     -0.20637564E-01      0.00000000E+00      0.15098627E-01      0.23204022E-02     -0.15412987E-20
    143      0.00000000E+00     -0.20506431E-01      0.00000000E+00      0.15005785E-01      0.23069803E-02     -0.15929291E-20
    144      0.00000000E+00     -0.20376345E-01      0.00000000E+00      0.14913990E-01      0.22936259E-02     -0.17192636E-20
    145      0.00000000E+00     -0.20247299E-01      0.00000000E+00      0.14823224E-01      0.22803368E-02     -0.11826770E-20
    146      0.00000000E+00     -0.20119284E-01      0.00000000E+00      0.14733472E-01      0.22671108E-02     -0.11526837E-20
    147      0.00000000E+00     -0.19992293E-01      0.00000000E+00      0.14644717E-01      0.22539461E-02     -0.12906879E-20
    148      0.00000000E+00     -0.19866319E-01      0.00000000E+00      0.14556942E-01      0.22408408E-02     -0.19117882E-20
    149      0.00000000E+00     -0.19741354E-01      0.00000000E+00      0.14470133E-01      0.22277934E-02     -0.21547597E-20
    150      0.00000000E+00     -0.19617391E-01      0.00000000E+00      0.14384274E-01      0.22148025E-02     -0.23719694E-20
      1      0.00000000E+00      0.30008611E-01      0.00000000E+00      0.27310172E+00      0.12640773E-22      0.00000000E+00
      2      0.00000000E+00     -0.40022542E-01      0.00000000E+00      0.40195432E+00     -0.54451007E-03     -0.65891293E-19
      3      0.00000000E+00     -0.74271149E-01      0.00000000E+00      0.37313646E+00      0.96006787E-02     -0.31077285E-19
      4      0.00000000E+00     -0.89486168E-01      0.00000000E+00      0.31090806E+00      0.18555338E-01     -0.13007701E-19
      5      0.00000000E+00     -0.95199420E-01      0.00000000E+00      0.25315377E+00      0.24546213E-01     -0.70275418E-20
      6      0.00000000E+00     -0.96260917E-01      0.00000000E+00      0.20761688E+00      0.27680833E-01     -0.55397894E-20
      1      0.00000000E+00      0.30008611E-01      0.00000000E+00      0.27310172E+00      0.12640773E-22      0.00000000E+00
      2      0.00000000E+00     -0.40022542E-01      0.00000000E+00      0.40195432E+00     -0.54451007E-03     -0.65891293E-19
      3      0.00000000E+00     -0.74271149E-01      0.00000000E+00      0.37313646E+00      0.96006787E-02     -0.31077285E-19
      4      0.00000000E+00     -0.89486168E-01      0.00000000E+00      0.31090806E+00      0.18555338E-01     -0.13007701E-19
      5      0.00000000E+00     -0.95199420E-01      0.00000000E+00      0.25315377E+00      0.24546213E-01     -0.70275418E-20
      6      0.00000000E+00     -0.96260917E-01      0.00000000E+00      0.20761688E+00      0.27680833E-01     -0.55397894E-20
      7      0.00000000E+00     -0.95079660E-01      0.00000000E+00      0.17352675E+00      0.28822300E-01      0.13098089E-19
      8      0.00000000E+00     -0.92871932E-01      0.00000000E+00      0.14836322E+00      0.28709217E-01      0.22190957E-19
      9      0.00000000E+00     -0.90242811E-01      0.00000000E+00      0.12975900E+00      0.27855801E-01      0.18013817E-19
      1      0.00000000E+00      0.30008611E-01      0.00000000E+00      0.27310172E+00      0.12640773E-22      0.00000000E+00
      2      0.00000000E+00     -0.40022542E-01      0.00000000E+00      0.40195432E+00     -0.54451007E-03     -0.65891293E-19
      3      0.00000000E+00     -0.74271149E-01      0.00000000E+00      0.37313646E+00      0.96006787E-02     -0.31077285E-19
      4      0.00000000E+00     -0.89486168E-01      0.00000000E+00      0.31090806E+00      0.18555338E-01     -0.13007701E-19
      5      0.00000000E+00     -0.95199420E-01      0.00000000E+00      0.25315377E+00      0.24546213E-01     -0.70275418E-20
      6      0.00000000E+00     -0.96260917E-01      0.00000000E+00      0.20761688E+00      0.27680833E-01     -0.55397894E-20
      7      0.00000000E+00     -0.95079660E-01      0.00000000E+00      0.17352675E+00      0.28822300E-01      0.13098089E-19
      8      0.00000000E+00     -0.92871932E-01      0.00000000E+00      0.14836322E+00      0.28709217E-01      0.22190957E-19
      9      0.00000000E+00     -0.90242811E-01      0.00000000E+00      0.12975900E+00      0.27855801E-01      0.18013817E-19
     10      0.00000000E+00     -0.87490855E-01      0.00000000E+00      0.11581722E+00      0.26643672E-01      0.21353972E-19
     11      0.00000000E+00     -0.84766559E-01      0.00000000E+00      0.10514798E+00      0.25302859E-01      0.13943056E-19
     12      0.00000000E+00     -0.82140043E-01      0.00000000E+00      0.96791857E-01      0.23960077E-01      0.31697623E-20
     13      0.00000000E+00     -0.79640735E-01      0.00000000E+00      0.90080650E-01      0.22683488E-01      0.96613578E-20
     14      0.00000000E+00     -0.77271342E-01      0.00000000E+00      0.84557693E-01      0.21492336E-01      0.12965370E-19
     15      0.00000000E+00     -0.75035218E-01      0.00000000E+00      0.79908621E-01      0.20399096E-01      0.10920395E-19
     16      0.00000000E+00     -0.72948636E-01      0.00000000E+00      0.75921768E-01      0.19398062E-01      0.87740769E-20
     17      0.00000000E+00     -0.70995437E-01      0.00000000E+00      0.72459863E-01      0.18436871E-01      0.66459675E-20
     18      0.00000000E+00     -0.69163127E-01      0.00000000E+00      0.69406321E-01      0.17554185E-01      0.10152609E-20
     19      0.00000000E+00     -0.67441213E-01      0.00000000E+00      0.66681542E-01      0.16747613E-01     -0.25192129E-20
     20      0.00000000E+00     -0.65820099E-01      0.00000000E+00      0.64226345E-01      0.16007636E-01     -0.94746315E-20
     21      0.00000000E+00     -0.64291522E-01      0.00000000E+00      0.61996175E-01      0.15325750E-01     -0.86767714E-20
     22      0.00000000E+00     -0.62848023E-01      0.00000000E+00      0.59957193E-01      0.14693388E-01     -0.37561113E-20
     23      0.00000000E+00     -0.61482963E-01      0.00000000E+00      0.58082582E-01      0.14104508E-01     -0.42197244E-20
     24      0.00000000E+00     -0.60190357E-01      0.00000000E+00      0.56350986E-01      0.13554115E-01     -0.32003735E-20
     25      0.00000000E+00     -0.58964816E-01      0.00000000E+00      0.54744926E-01      0.13038235E-01      0.22496014E-20
     26      0.00000000E+00     -0.57801466E-01      0.00000000E+00      0.53249943E-01      0.12553544E-01      0.28779982E-20
     27      0.00000000E+00     -0.56695882E-01      0.00000000E+00      0.51853885E-01      0.12097236E-01      0.10627923E-20
     28      0.00000000E+00     -0.55644032E-01      0.00000000E+00      0.50546430E-01      0.11666897E-01      0.70612202E-20
     29      0.00000000E+00     -0.54642222E-01      0.00000000E+00      0.49318718E-01      0.11260429E-01      0.30872503E-20
     30      0.00000000E+00     -0.53687012E-01      0.00000000E+00      0.48163085E-01      0.10875986E-01     -0.24876974E-21
     31      0.00000000E+00     -0.52775096E-01      0.00000000E+00      0.47072843E-01      0.10511937E-01     -0.41408366E-20
     32      0.00000000E+00     -0.51903699E-01      0.00000000E+00      0.46042112E-01      0.10166816E-01     -0.45854895E-20
     33      0.00000000E+00     -0.51070566E-01      0.00000000E+00      0.45065796E-01      0.98392697E-02     -0.93349979E-20
     34      0.00000000E+00     -0.50273284E-01      0.00000000E+00      0.44139416E-01      0.95281277E-02     -0.10866329E-19
     35      0.00000000E+00     -0.49509490E-01      0.00000000E+00      0.43258872E-01      0.92324316E-02     -0.45888636E-20
     36      0.00000000E+00     -0.48777018E-01      0.00000000E+00      0.42420486E-01      0.89512666E-02     -0.46166218E-20
     37      0.00000000E+00     -0.48073888E-01      0.00000000E+00      0.41620993E-01      0.86837429E-02     -0.56263032E-20
     38      0.00000000E+00     -0.47398281E-01      0.00000000E+00      0.40857478E-01      0.84290246E-02      0.28386023E-21
     39      0.00000000E+00     -0.46748519E-01      0.00000000E+00      0.40127321E-01      0.81863432E-02     -0.38360222E-20
     40      0.00000000E+00     -0.46123047E-01      0.00000000E+00      0.39428160E-01      0.79549960E-02     -0.28494017E-20
     41      0.00000000E+00     -0.45520419E-01      0.00000000E+00      0.38757852E-01      0.77343397E-02     -0.26424724E-20
     42      0.00000000E+00     -0.44939294E-01      0.00000000E+00      0.38114456E-01      0.75237822E-02     -0.83463597E-21
     43      0.00000000E+00     -0.44378422E-01      0.00000000E+00      0.37496201E-01      0.73227762E-02     -0.35406296E-20
     44      0.00000000E+00     -0.43836637E-01      0.00000000E+00      0.36901474E-01      0.71308132E-02     -0.13731211E-20
     45      0.00000000E+00     -0.43312856E-01      0.00000000E+00      0.36328801E-01      0.69474184E-02     -0.23352135E-20
     46      0.00000000E+00     -0.42806067E-01      0.00000000E+00      0.35776829E-01      0.67721477E-02     -0.50094018E-20
     47      0.00000000E+00     -0.42315326E-01      0.00000000E+00      0.35244322E-01      0.66045838E-02     -0.52997244E-20
     48      0.00000000E+00     -0.41839754E-01      0.00000000E+00      0.34730138E-01      0.64443343E-02     -0.73429023E-20
     49      0.00000000E+00     -0.41378529E-01      0.00000000E+00      0.34233231E-01      0.62910293E-02     -0.64680175E-20
     50      0.00000000E+00     -0.40930885E-01      0.00000000E+00      0.33752632E-01      0.61443199E-02     -0.44257052E-20
     51      0.00000000E+00     -0.40496103E-01      0.00000000E+00      0.33287448E-01      0.60038765E-02     -0.20481202E-20
     52      0.00000000E+00     -0.40073515E-01      0.00000000E+00      0.32836853E-01      0.58693879E-02     -0.31043570E-20
     53      0.00000000E+00     -0.39662493E-01      0.00000000E+00      0.32400080E-01      0.57405601E-02     -0.42792284E-20
     54      0.00000000E+00     -0.39262450E-01      0.00000000E+00      0.31976417E-01      0.56171153E-02     -0.40856427E-20
     55      0.00000000E+00     -0.38872839E-01      0.00000000E+00      0.31565203E-01      0.54987912E-02     -0.31884438E-20
     56      0.00000000E+00     -0.38493142E-01      0.00000000E+00      0.31165823E-01      0.53853398E-02     -0.28366347E-20
     57      0.00000000E+00     -0.38122877E-01      0.00000000E+00      0.30777703E-01      0.52765271E-02     -0.22120903E-20
     58      0.00000000E+00     -0.37761591E-01      0.00000000E+00      0.30400306E-01      0.51721320E-02     -0.65369426E-21
     59      0.00000000E+00     -0.37408858E-01      0.00000000E+00      0.30033132E-01      0.50719459E-02     -0.50475092E-21
     60      0.00000000E+00     -0.37064277E-01      0.00000000E+00      0.29675711E-01      0.49757716E-02     -0.15008248E-20
     61      0.00000000E+00     -0.36727470E-01      0.00000000E+00      0.29327606E-01      0.48834228E-02     -0.12205303E-21
     62      0.00000000E+00     -0.36398083E-01      0.00000000E+00      0.28988403E-01      0.47947237E-02      0.82257599E-21
     63      0.00000000E+00     -0.36075781E-01      0.00000000E+00      0.28657717E-01      0.47095078E-02     -0.12162357E-20
     64      0.00000000E+00     -0.35760248E-01      0.00000000E+00      0.28335182E-01      0.46276178E-02     -0.52521058E-21
     65      0.00000000E+00     -0.35451186E-01      0.00000000E+00      0.28020457E-01      0.45489046E-02      0.15545309E-20
     66      0.00000000E+00     -0.35148313E-01      0.00000000E+00      0.27713219E-01      0.44732271E-02      0.57813865E-21
     67      0.00000000E+00     -0.34851363E-01      0.00000000E+00      0.27413165E-01      0.44004514E-02      0.77127442E-22
     68      0.00000000E+00     -0.34560083E-01      0.00000000E+00      0.27120007E-01      0.43304503E-02     -0.94189817E-21
     69      0.00000000E+00     -0.34274236E-01      0.00000000E+00      0.26833474E-01      0.42631029E-02     -0.79895297E-21
     70      0.00000000E+00     -0.33993596E-01      0.00000000E+00      0.26553311E-01      0.41982942E-02     -0.77111848E-21
     71      0.00000000E+00     -0.33717948E-01      0.00000000E+00      0.26279275E-01      0.41359148E-02      0.27093140E-21
     72      0.00000000E+00     -0.33447089E-01      0.00000000E+00      0.26011137E-01      0.40758600E-02     -0.29212876E-20
     73      0.00000000E+00     -0.33180827E-01      0.00000000E+00      0.25748680E-01      0.40180300E-02     -0.18478911E-20
     74      0.00000000E+00     -0.32918979E-01      0.00000000E+00      0.25491697E-01      0.39623295E-02      0.16735089E-21
     75      0.00000000E+00     -0.32661372E-01      0.00000000E+00      0.25239993E-01      0.39086671E-02     -0.15748722E-22
     76      0.00000000E+00     -0.32407842E-01      0.00000000E+00      0.24993384E-01      0.38569554E-02     -0.82684244E-21
     77      0.00000000E+00     -0.32158232E-01      0.00000000E+00      0.24751691E-01      0.38071106E-02     -0.19064904E-20
     78      0.00000000E+00     -0.31912394E-01      0.00000000E+00      0.24514749E-01      0.37590522E-02     -0.21668539E-20
     79      0.00000000E+00     -0.31670188E-01      0.00000000E+00      0.24282397E-01      0.37127030E-02     -0.12057964E-20
     80      0.00000000E+00     -0.31431479E-01      0.00000000E+00      0.24054485E-01      0.36679888E-02     -0.66085746E-21
     81      0.00000000E+00     -0.31196141E-01      0.00000000E+00      0.23830868E-01      0.36248384E-02      0.24556958E-22
     82      0.00000000E+00     -0.30964053E-01      0.00000000E+00      0.23611408E-01      0.35831832E-02      0.10990394E-20
     83      0.00000000E+00     -0.30735101E-01      0.00000000E+00      0.23395974E-01      0.35429573E-02      0.12453228E-20
     84      0.00000000E+00     -0.30509175E-01      0.00000000E+00      0.23184441E-01      0.35040974E-02      0.11528618E-20
     85      0.00000000E+00     -0.30286174E-01      0.00000000E+00      0.22976690E-01      0.34665425E-02      0.26395505E-20
     86      0.00000000E+00     -0.30065998E-01      0.00000000E+00      0.22772607E-01      0.34302340E-02     -0.36132791E-21
     87      0.00000000E+00     -0.29848554E-01      0.00000000E+00      0.22572083E-01      0.33951156E-02     -0.12306981E-21
     88      0.00000000E+00     -0.29633756E-01      0.00000000E+00      0.22375014E-01      0.33611330E-02     -0.16702685E-20
     89      0.00000000E+00     -0.29421517E-01      0.00000000E+00      0.22181300E-01      0.33282342E-02     -0.12994865E-20
     90      0.00000000E+00     -0.29211760E-01      0.00000000E+00      0.21990847E-01      0.32963690E-02      0.72410944E-21
     91      0.00000000E+00     -0.29004408E-01      0.00000000E+00      0.21803562E-01      0.32654896E-02      0.39244580E-21
     92      0.00000000E+00     -0.28799391E-01      0.00000000E+00      0.21619358E-01      0.32355496E-02     -0.69772555E-22
     93      0.00000000E+00     -0.28596639E-01      0.00000000E+00      0.21438152E-01      0.32065047E-02     -0.21944425E-20
     94      0.00000000E+00     -0.28396089E-01      0.00000000E+00      0.21259863E-01      0.31783125E-02     -0.23675497E-20
     95      0.00000000E+00     -0.28197680E-01      0.00000000E+00      0.21084414E-01      0.31509321E-02     -0.31346384E-20
     96      0.00000000E+00     -0.28001353E-01      0.00000000E+00      0.20911732E-01      0.31243245E-02     -0.11612573E-20
     97      0.00000000E+00     -0.27807053E-01      0.00000000E+00      0.20741744E-01      0.30984521E-02     -0.39260227E-21
     98      0.00000000E+00     -0.27614729E-01      0.00000000E+00      0.20574383E-01      0.30732792E-02     -0.49906260E-21
     99      0.00000000E+00     -0.27424331E-01      0.00000000E+00      0.20409583E-01      0.30487713E-02     -0.19842219E-20
    100      0.00000000E+00     -0.27235811E-01      0.00000000E+00      0.20247280E-01      0.30248955E-02     -0.22620939E-21
    101      0.00000000E+00     -0.27049127E-01      0.00000000E+00      0.20087415E-01      0.30016206E-02     -0.11779558E-20
    102      0.00000000E+00     -0.26864234E-01      0.00000000E+00      0.19929927E-01      0.29789164E-02     -0.67626354E-21
    103      0.00000000E+00     -0.26681094E-01      0.00000000E+00      0.19774762E-01      0.29567541E-02     -0.20105140E-20
    104      0.00000000E+00     -0.26499669E-01      0.00000000E+00      0.19621863E-01      0.29351065E-02     -0.16435947E-20
    105      0.00000000E+00     -0.26319921E-01      0.00000000E+00      0.19471180E-01      0.29139473E-02     -0.84356418E-21
    106      0.00000000E+00     -0.26141818E-01      0.00000000E+00      0.19322661E-01      0.28932515E-02     -0.15405225E-20
    107      0.00000000E+00     -0.25965327E-01      0.00000000E+00      0.19176257E-01      0.28729954E-02     -0.12342189E-20
    108      0.00000000E+00     -0.25790417E-01      0.00000000E+00      0.19031922E-01      0.28531562E-02     -0.11147647E-20
    109      0.00000000E+00     -0.25617059E-01      0.00000000E+00      0.18889609E-01      0.28337124E-02     -0.94157598E-21
    110      0.00000000E+00     -0.25445225E-01      0.00000000E+00      0.18749275E-01      0.28146433E-02     -0.16576814E-20
    111      0.00000000E+00     -0.25274889E-01      0.00000000E+00      0.18610876E-01      0.27959294E-02     -0.18336872E-20
    112      0.00000000E+00     -0.25106025E-01      0.00000000E+00      0.18474372E-01      0.27775520E-02     -0.22737609E-20
    113      0.00000000E+00     -0.24938611E-01      0.00000000E+00      0.18339723E-01      0.27594935E-02     -0.17415739E-20
    114      0.00000000E+00     -0.24772622E-01      0.00000000E+00      0.18206890E-01      0.27417369E-02     -0.16502144E-20
    115      0.00000000E+00     -0.24608039E-01      0.00000000E+00      0.18075835E-01      0.27242663E-02     -0.13686360E-20
    116      0.00000000E+00     -0.24444839E-01      0.00000000E+00      0.17946523E-01      0.27070666E-02     -0.16851019E-20
    117      0.00000000E+00     -0.24283004E-01      0.00000000E+00      0.17818917E-01      0.26901234E-02     -0.24346288E-20
    118      0.00000000E+00     -0.24122516E-01      0.00000000E+00      0.17692985E-01      0.26734229E-02     -0.24858424E-20
    119      0.00000000E+00     -0.23963355E-01      0.00000000E+00      0.17568693E-01      0.26569523E-02     -0.28567600E-20
    120      0.00000000E+00     -0.23805506E-01      0.00000000E+00      0.17446008E-01      0.26406993E-02     -0.20332071E-20
    121      0.00000000E+00     -0.23648951E-01      0.00000000E+00      0.17324899E-01      0.26246524E-02     -0.15473723E-20
    122      0.00000000E+00     -0.23493676E-01      0.00000000E+00      0.17205337E-01      0.26088005E-02     -0.14415183E-20
    123      0.00000000E+00     -0.23339666E-01      0.00000000E+00      0.17087291E-01      0.25931334E-02     -0.42951679E-21
    124      0.00000000E+00     -0.23186905E-01      0.00000000E+00      0.16970734E-01      0.25776413E-02     -0.32929187E-21
    125      0.00000000E+00     -0.23035382E-01      0.00000000E+00      0.16855636E-01      0.25623149E-02      0.23264994E-21
    126      0.00000000E+00     -0.22885082E-01      0.00000000E+00      0.16741971E-01      0.25471455E-02     -0.48263466E-21
    127      0.00000000E+00     -0.22735992E-01      0.00000000E+00      0.16629713E-01      0.25321249E-02     -0.12823260E-20
    128      0.00000000E+00     -0.22588102E-01      0.00000000E+00      0.16518836E-01      0.25172455E-02      0.23328692E-21
    129      0.00000000E+00     -0.22441398E-01      0.00000000E+00      0.16409315E-01      0.25025000E-02      0.44951605E-21
    130      0.00000000E+00     -0.22295870E-01      0.00000000E+00      0.16301125E-01      0.24878815E-02      0.26600793E-21
    131      0.00000000E+00     -0.22151507E-01      0.00000000E+00      0.16194243E-01      0.24733836E-02     -0.29410839E-21
    132      0.00000000E+00     -0.22008297E-01      0.00000000E+00      0.16088646E-01      0.24590004E-02     -0.95957816E-21
    133      0.00000000E+00     -0.21866232E-01      0.00000000E+00      0.15984311E-01      0.24447262E-02     -0.61377698E-21
    134      0.00000000E+00     -0.21725301E-01      0.00000000E+00      0.15881216E-01      0.24305558E-02     -0.12772580E-20
    135      0.00000000E+00     -0.21585494E-01      0.00000000E+00      0.15779340E-01      0.24164842E-02     -0.12298910E-20
    136      0.00000000E+00     -0.21446802E-01      0.00000000E+00      0.15678661E-01      0.24025069E-02     -0.14653221E-20
    137      0.00000000E+00     -0.21309215E-01      0.00000000E+00      0.15579159E-01      0.23886195E-02     -0.16981832E-20
    138      0.00000000E+00     -0.21172726E-01      0.00000000E+00      0.15480815E-01      0.23748181E-02     -0.18582290E-20
    139      0.00000000E+00     -0.21037324E-01      0.00000000E+00      0.15383608E-01      0.23610989E-02     -0.20477845E-20
    140      0.00000000E+00     -0.20903002E-01      0.00000000E+00      0.15287520E-01      0.23474587E-02     -0.16587838E-20
    141      0.00000000E+00     -0.20769751E-01      0.00000000E+00      0.15192533E-01      0.23338940E-02     -0.16697680E-20
    142      0.00000000E+00     -0.20637564E-01      0.00000000E+00      0.15098627E-01      0.23204022E-02     -0.15412987E-20
    143      0.00000000E+00     -0.20506431E-01      0.00000000E+00      0.15005785E-01      0.23069803E-02     -0.15929291E-20
    144      0.00000000E+00     -0.20376345E-01      0.00000000E+00      0.14913990E-01      0.22936259E-02     -0.17192636E-20
    145      0.00000000E+00     -0.20247299E-01      0.00000000E+00      0.14823224E-01      0.22803368E-02     -0.11826770E-20
    146      0.00000000E+00     -0.20119284E-01      0.00000000E+00      0.14733472E-01      0.22671108E-02     -0.11526837E-20
    147      0.00000000E+00     -0.19992293E-01      0.00000000E+00      0.14644717E-01      0.22539461E-02     -0.12906879E-20
    148      0.00000000E+00     -0.19866319E-01      0.00000000E+00      0.14556942E-01      0.22408408E-02     -0.19117882E-20
    149      0.00000000E+00     -0.19741354E-01      0.00000000E+00      0.14470133E-01      0.22277934E-02     -0.21547597E-20
    150      0.00000000E+00     -0.19617391E-01      0.00000000E+00      0.14384274E-01      0.22148025E-02     -0.23719694E-20
      1      0.00000000E+00      0.30008611E-01      0.00000000E+00      0.27310172E+00      0.12640773E-22      0.00000000E+00
      2      0.00000000E+00     -0.40022542E-01      0.00000000E+00      0.40195432E+00     -0.54451007E-03     -0.65891293E-19
      3      0.00000000E+00     -0.74271149E-01      0.00000000E+00      0.37313646E+00      0.96006787E-02     -0.31077285E-19
      4      0.00000000E+00     -0.89486168E-01      0.00000000E+00      0.31090806E+00      0.18555338E-01     -0.13007701E-19
      5      0.00000000E+00     -0.95199420E-01      0.00000000E+00      0.25315377E+00      0.24546213E-01     -0.70275418E-20
      6      0.00000000E+00     -0.96260917E-01      0.00000000E+00      0.20761688E+00      0.27680833E-01     -0.55397894E-20
      7      0.00000000E+00     -0.95079660E-01      0.00000000E+00      0.17352675E+00      0.28822300E-01      0.13098089E-19
      8      0.00000000E+00     -0.92871932E-01      0.00000000E+00      0.14836322E+00      0.28709217E-01      0.22190957E-19
      9      0.00000000E+00     -0.90242811E-01      0.00000000E+00      0.12975900E+00      0.27855801E-01      0.18013817E-19
     10      0.00000000E+00     -0.87490855E-01      0.00000000E+00      0.11581722E+00      0.26643672E-01      0.21353972E-19
     11      0.00000000E+00     -0.84766559E-01      0.00000000E+00      0.10514798E+00      0.25302859E-01      0.13943056E-19
     12      0.00000000E+00     -0.82140043E-01      0.00000000E+00      0.96791857E-01      0.23960077E-01      0.31697623E-20
      1      0.00000000E+00      0.30008611E-01      0.00000000E+00      0.27310172E+00      0.12640773E-22      0.00000000E+00
      2      0.00000000E+00     -0.40022542E-01      0.00000000E+00      0.40195432E+00     -0.54451007E-03     -0.65891293E-19
      3      0.00000000E+00     -0.74271149E-01      0.00000000E+00      0.37313646E+00      0.96006787E-02     -0.31077285E-19
      4      0.00000000E+00     -0.89486168E-01      0.00000000E+00      0.31090806E+00      0.18555338E-01     -0.13007701E-19
      5      0.00000000E+00     -0.95199420E-01      0.00000000E+00      0.25315377E+00      0.24546213E-01     -0.70275418E-20
      6      0.00000000E+00     -0.96260917E-01      0.00000000E+00      0.20761688E+00      0.27680833E-01     -0.55397894E-20
      7      0.00000000E+00     -0.95079660E-01      0.00000000E+00      0.17352675E+00      0.28822300E-01      0.13098089E-19
      8      0.00000000E+00     -0.92871932E-01      0.00000000E+00      0.14836322E+00      0.28709217E-01      0.22190957E-19
      9      0.00000000E+00     -0.90242811E-01      0.00000000E+00      0.12975900E+00      0.27855801E-01      0.18013817E-19
     10      0.00000000E+00     -0.87490855E-01      0.00000000E+00      0.11581722E+00      0.26643672E-01      0.21353972E-19
     11      0.00000000E+00     -0.84766559E-01      0.00000000E+00      0.10514798E+00      0.25302859E-01      0.13943056E-19
     12      0.00000000E+00     -0.82140043E-01      0.00000000E+00      0.96791857E-01      0.23960077E-01      0.31697623E-20
     13      0.00000000E+00     -0.79640735E-01      0.00000000E+00      0.90080650E-01      0.22683488E-01      0.96613578E-20
     14      0.00000000E+00     -0.77271342E-01      0.00000000E+00      0.84557693E-01      0.21492336E-01      0.12965370E-19
     15      0.00000000E+00     -0.75035218E-01      0.00000000E+00      0.79908621E-01      0.20399096E-01      0.10920395E-19
     16      0.00000000E+00     -0.72948636E-01      0.00000000E+00      0.75921768E-01      0.19398062E-01      0.87740769E-20
     17      0.00000000E+00     -0.70995437E-01      0.00000000E+00      0.72459863E-01      0.18436871E-01      0.66459675E-20
     18      0.00000000E+00     -0.69163127E-01      0.00000000E+00      0.69406321E-01      0.17554185E-01      0.10152609E-20
     19      0.00000000E+00     -0.67441213E-01      0.00000000E+00      0.66681542E-01      0.16747613E-01     -0.25192129E-20
     20      0.00000000E+00     -0.65820099E-01      0.00000000E+00      0.64226345E-01      0.16007636E-01     -0.94746315E-20
     21      0.00000000E+00     -0.64291522E-01      0.00000000E+00      0.61996175E-01      0.15325750E-01     -0.86767714E-20
     22      0.00000000E+00     -0.62848023E-01      0.00000000E+00      0.59957193E-01      0.14693388E-01     -0.37561113E-20
     23      0.00000000E+00     -0.61482963E-01      0.00000000E+00      0.58082582E-01      0.14104508E-01     -0.42197244E-20
     24      0.00000000E+00     -0.60190357E-01      0.00000000E+00      0.56350986E-01      0.13554115E-01     -0.32003735E-20
     25      0.00000000E+00     -0.58964816E-01      0.00000000E+00      0.54744926E-01      0.13038235E-01      0.22496014E-20
     26      0.00000000E+00     -0.57801466E-01      0.00000000E+00      0.53249943E-01      0.12553544E-01      0.28779982E-20
     27      0.00000000E+00     -0.56695882E-01      0.00000000E+00      0.51853885E-01      0.12097236E-01      0.10627923E-20
     28      0.00000000E+00     -0.55644032E-01      0.00000000E+00      0.50546430E-01      0.11666897E-01      0.70612202E-20
     29      0.00000000E+00     -0.54642222E-01      0.00000000E+00      0.49318718E-01      0.11260429E-01      0.30872503E-20
      1      0.00000000E+00      0.30008611E-01      0.00000000E+00      0.27310172E+00      0.12640773E-22      0.00000000E+00
      2      0.00000000E+00     -0.40022542E-01      0.00000000E+00      0.40195432E+00     -0.54451007E-03     -0.65891293E-19
      3      0.00000000E+00     -0.74271149E-01      0.00000000E+00      0.37313646E+00      0.96006787E-02     -0.31077285E-19
      4      0.00000000E+00     -0.89486168E-01      0.00000000E+00      0.31090806E+00      0.18555338E-01     -0.13007701E-19
      5      0.00000000E+00     -0.95199420E-01      0.00000000E+00      0.25315377E+00      0.24546213E-01     -0.70275418E-20
      6      0.00000000E+00     -0.96260917E-01      0.00000000E+00      0.20761688E+00      0.27680833E-01     -0.55397894E-20
      7      0.00000000E+00     -0.95079660E-01      0.00000000E+00      0.17352675E+00      0.28822300E-01      0.13098089E-19
      8      0.00000000E+00     -0.92871932E-01      0.00000000E+00      0.14836322E+00      0.28709217E-01      0.22190957E-19
      9      0.00000000E+00     -0.90242811E-01      0.00000000E+00      0.12975900E+00      0.27855801E-01      0.18013817E-19
     10      0.00000000E+00     -0.87490855E-01      0.00000000E+00      0.11581722E+00      0.26643672E-01      0.21353972E-19
     11      0.00000000E+00     -0.84766559E-01      0.00000000E+00      0.10514798E+00      0.25302859E-01      0.13943056E-19
     12      0.00000000E+00     -0.82140043E-01      0.00000000E+00      0.96791857E-01      0.23960077E-01      0.31697623E-20
     13      0.00000000E+00     -0.79640735E-01      0.00000000E+00      0.90080650E-01      0.22683488E-01      0.96613578E-20
     14      0.00000000E+00     -0.77271342E-01      0.00000000E+00      0.84557693E-01      0.21492336E-01      0.12965370E-19
     15      0.00000000E+00     -0.75035218E-01      0.00000000E+00      0.79908621E-01      0.20399096E-01      0.10920395E-19
     16      0.00000000E+00     -0.72948636E-01      0.00000000E+00      0.75921768E-01      0.19398062E-01      0.87740769E-20
     17      0.00000000E+00     -0.70995437E-01      0.00000000E+00      0.72459863E-01      0.18436871E-01      0.66459675E-20
     18      0.00000000E+00     -0.69163127E-01      0.00000000E+00      0.69406321E-01      0.17554185E-01      0.10152609E-20
     19      0.00000000E+00     -0.67441213E-01      0.00000000E+00      0.66681542E-01      0.16747613E-01     -0.25192129E-20
     20      0.00000000E+00     -0.65820099E-01      0.00000000E+00      0.64226345E-01      0.16007636E-01     -0.94746315E-20
     21      0.00000000E+00     -0.64291522E-01      0.00000000E+00      0.61996175E-01      0.15325750E-01     -0.86767714E-20
     22      0.00000000E+00     -0.62848023E-01      0.00000000E+00      0.59957193E-01      0.14693388E-01     -0.37561113E-20
     23      0.00000000E+00     -0.61482963E-01      0.00000000E+00      0.58082582E-01      0.14104508E-01     -0.42197244E-20
     24      0.00000000E+00     -0.60190357E-01      0.00000000E+00      0.56350986E-01      0.13554115E-01     -0.32003735E-20
     25      0.00000000E+00     -0.58964816E-01      0.00000000E+00      0.54744926E-01      0.13038235E-01      0.22496014E-20
     26      0.00000000E+00     -0.57801466E-01      0.00000000E+00      0.53249943E-01      0.12553544E-01      0.28779982E-20
     27      0.00000000E+00     -0.56695882E-01      0.00000000E+00      0.51853885E-01      0.12097236E-01      0.10627923E-20
     28      0.00000000E+00     -0.55644032E-01      0.00000000E+00      0.50546430E-01      0.11666897E-01      0.70612202E-20
     29      0.00000000E+00     -0.54642222E-01      0.00000000E+00      0.49318718E-01      0.11260429E-01      0.30872503E-20
     30      0.00000000E+00     -0.53687012E-01      0.00000000E+00      0.48163085E-01      0.10875986E-01     -0.24876974E-21
     31      0.00000000E+00     -0.52775096E-01      0.00000000E+00      0.47072843E-01      0.10511937E-01     -0.41408366E-20
     32      0.00000000E+00     -0.51903699E-01      0.00000000E+00      0.46042112E-01      0.10166816E-01     -0.45854895E-20
     33      0.00000000E+00     -0.51070566E-01      0.00000000E+00      0.45065796E-01      0.98392697E-02     -0.93349979E-20
     34      0.00000000E+00     -0.50273284E-01      0.00000000E+00      0.44139416E-01      0.95281277E-02     -0.10866329E-19
     35      0.00000000E+00     -0.49509490E-01      0.00000000E+00      0.43258872E-01      0.92324316E-02     -0.45888636E-20
     36      0.00000000E+00     -0.48777018E-01      0.00000000E+00      0.42420486E-01      0.89512666E-02     -0.46166218E-20
     37      0.00000000E+00     -0.48073888E-01      0.00000000E+00      0.41620993E-01      0.86837429E-02     -0.56263032E-20
     38      0.00000000E+00     -0.47398281E-01      0.00000000E+00      0.40857478E-01      0.84290246E-02      0.28386023E-21
     39      0.00000000E+00     -0.46748519E-01      0.00000000E+00      0.40127321E-01      0.81863432E-02     -0.38360222E-20
     40      0.00000000E+00     -0.46123047E-01      0.00000000E+00      0.39428160E-01      0.79549960E-02     -0.28494017E-20
     41      0.00000000E+00     -0.45520419E-01      0.00000000E+00      0.38757852E-01      0.77343397E-02     -0.26424724E-20
     42      0.00000000E+00     -0.44939294E-01      0.00000000E+00      0.38114456E-01      0.75237822E-02     -0.83463597E-21
     43      0.00000000E+00     -0.44378422E-01      0.00000000E+00      0.37496201E-01      0.73227762E-02     -0.35406296E-20
      1      0.00000000E+00      0.30008611E-01      0.00000000E+00      0.27310172E+00      0.12640773E-22      0.00000000E+00
      2      0.00000000E+00     -0.40022542E-01      0.00000000E+00      0.40195432E+00     -0.54451007E-03     -0.65891293E-19
      3      0.00000000E+00     -0.74271149E-01      0.00000000E+00      0.37313646E+00      0.96006787E-02     -0.31077285E-19
      4      0.00000000E+00     -0.89486168E-01      0.00000000E+00      0.31090806E+00      0.18555338E-01     -0.13007701E-19
      5      0.00000000E+00     -0.95199420E-01      0.00000000E+00      0.25315377E+00      0.24546213E-01     -0.70275418E-20
      6      0.00000000E+00     -0.96260917E-01      0.00000000E+00      0.20761688E+00      0.27680833E-01     -0.55397894E-20
      7      0.00000000E+00     -0.95079660E-01      0.00000000E+00      0.17352675E+00      0.28822300E-01      0.13098089E-19
      8      0.00000000E+00     -0.92871932E-01      0.00000000E+00      0.14836322E+00      0.28709217E-01      0.22190957E-19
      9      0.00000000E+00     -0.90242811E-01      0.00000000E+00      0.12975900E+00      0.27855801E-01      0.18013817E-19
     10      0.00000000E+00     -0.87490855E-01      0.00000000E+00      0.11581722E+00      0.26643672E-01      0.21353972E-19
     11      0.00000000E+00     -0.84766559E-01      0.00000000E+00      0.10514798E+00      0.25302859E-01      0.13943056E-19
     12      0.00000000E+00     -0.82140043E-01      0.00000000E+00      0.96791857E-01      0.23960077E-01      0.31697623E-20
     13      0.00000000E+00     -0.79640735E-01      0.00000000E+00      0.90080650E-01      0.22683488E-01      0.96613578E-20
     14      0.00000000E+00     -0.77271342E-01      0.00000000E+00      0.84557693E-01      0.21492336E-01      0.12965370E-19
     15      0.00000000E+00     -0.75035218E-01      0.00000000E+00      0.79908621E-01      0.20399096E-01      0.10920395E-19
     16      0.00000000E+00     -0.72948636E-01      0.00000000E+00      0.75921768E-01      0.19398062E-01      0.87740769E-20
     17      0.00000000E+00     -0.70995437E-01      0.00000000E+00      0.72459863E-01      0.18436871E-01      0.66459675E-20
     18      0.00000000E+00     -0.69163127E-01      0.00000000E+00      0.69406321E-01      0.17554185E-01      0.10152609E-20
     19      0.00000000E+00     -0.67441213E-01      0.00000000E+00      0.66681542E-01      0.16747613E-01     -0.25192129E-20
     20      0.00000000E+00     -0.65820099E-01      0.00000000E+00      0.64226345E-01      0.16007636E-01     -0.94746315E-20
     21      0.00000000E+00     -0.64291522E-01      0.00000000E+00      0.61996175E-01      0.15325750E-01     -0.86767714E-20
     22      0.00000000E+00     -0.62848023E-01      0.00000000E+00      0.59957193E-01      0.14693388E-01     -0.37561113E-20
     23      0.00000000E+00     -0.61482963E-01      0.00000000E+00      0.58082582E-01      0.14104508E-01     -0.42197244E-20
     24      0.00000000E+00     -0.60190357E-01      0.00000000E+00      0.56350986E-01      0.13554115E-01     -0.32003735E-20
     25      0.00000000E+00     -0.58964816E-01      0.00000000E+00      0.54744926E-01      0.13038235E-01      0.22496014E-20
     26      0.00000000E+00     -0.57801466E-01      0.00000000E+00      0.53249943E-01      0.12553544E-01      0.28779982E-20
     27      0.00000000E+00     -0.56695882E-01      0.00000000E+00      0.51853885E-01      0.12097236E-01      0.10627923E-20
     28      0.00000000E+00     -0.55644032E-01      0.00000000E+00      0.50546430E-01      0.11666897E-01      0.70612202E-20
     29      0.00000000E+00     -0.54642222E-01      0.00000000E+00      0.49318718E-01      0.11260429E-01      0.30872503E-20
     30      0.00000000E+00     -0.53687012E-01      0.00000000E+00      0.48163085E-01      0.10875986E-01     -0.24876974E-21
     31      0.00000000E+00     -0.52775096E-01      0.00000000E+00      0.47072843E-01      0.10511937E-01     -0.41408366E-20
     32      0.00000000E+00     -0.51903699E-01      0.00000000E+00      0.46042112E-01      0.10166816E-01     -0.45854895E-20
     33      0.00000000E+00     -0.51070566E-01      0.00000000E+00      0.45065796E-01      0.98392697E-02     -0.93349979E-20
     34      0.00000000E+00     -0.50273284E-01      0.00000000E+00      0.44139416E-01      0.95281277E-02     -0.10866329E-19
     35      0.00000000E+00     -0.49509490E-01      0.00000000E+00      0.43258872E-01      0.92324316E-02     -0.45888636E-20
     36      0.00000000E+00     -0.48777018E-01      0.00000000E+00      0.42420486E-01      0.89512666E-02     -0.46166218E-20
     37      0.00000000E+00     -0.48073888E-01      0.00000000E+00      0.41620993E-01      0.86837429E-02     -0.56263032E-20
     38      0.00000000E+00     -0.47398281E-01      0.00000000E+00      0.40857478E-01      0.84290246E-02      0.28386023E-21
     39      0.00000000E+00     -0.46748519E-01      0.00000000E+00      0.40127321E-01      0.81863432E-02     -0.38360222E-20
     40      0.00000000E+00     -0.46123047E-01      0.00000000E+00      0.39428160E-01      0.79549960E-02     -0.28494017E-20
     41      0.00000000E+00     -0.45520419E-01      0.00000000E+00      0.38757852E-01      0.77343397E-02     -0.26424724E-20
     42      0.00000000E+00     -0.44939294E-01      0.00000000E+00      0.38114456E-01      0.75237822E-02     -0.83463597E-21
      1      0.00000000E+00      0.30008611E-01      0.00000000E+00      0.27310172E+00      0.12640773E-22      0.00000000E+00
      2      0.00000000E+00     -0.40022542E-01      0.00000000E+00      0.40195432E+00     -0.54451007E-03     -0.65891293E-19
      3      0.00000000E+00     -0.74271149E-01      0.00000000E+00      0.37313646E+00      0.96006787E-02     -0.31077285E-19
      4      0.00000000E+00     -0.89486168E-01      0.00000000E+00      0.31090806E+00      0.18555338E-01     -0.13007701E-19
      5      0.00000000E+00     -0.95199420E-01      0.00000000E+00      0.25315377E+00      0.24546213E-01     -0.70275418E-20
      6      0.00000000E+00     -0.96260917E-01      0.00000000E+00      0.20761688E+00      0.27680833E-01     -0.55397894E-20
      7      0.00000000E+00     -0.95079660E-01      0.00000000E+00      0.17352675E+00      0.28822300E-01      0.13098089E-19
      8      0.00000000E+00     -0.92871932E-01      0.00000000E+00      0.14836322E+00      0.28709217E-01      0.22190957E-19
      9      0.00000000E+00     -0.90242811E-01      0.00000000E+00      0.12975900E+00      0.27855801E-01      0.18013817E-19
     10      0.00000000E+00     -0.87490855E-01      0.00000000E+00      0.11581722E+00      0.26643672E-01      0.21353972E-19
     11      0.00000000E+00     -0.84766559E-01      0.00000000E+00      0.10514798E+00      0.25302859E-01      0.13943056E-19
     12      0.00000000E+00     -0.82140043E-01      0.00000000E+00      0.96791857E-01      0.23960077E-01      0.31697623E-20
     13      0.00000000E+00     -0.79640735E-01      0.00000000E+00      0.90080650E-01      0.22683488E-01      0.96613578E-20
     14      0.00000000E+00     -0.77271342E-01      0.00000000E+00      0.84557693E-01      0.21492336E-01      0.12965370E-19
     15      0.00000000E+00     -0.75035218E-01      0.00000000E+00      0.79908621E-01      0.20399096E-01      0.10920395E-19
     16      0.00000000E+00     -0.72948636E-01      0.00000000E+00      0.75921768E-01      0.19398062E-01      0.87740769E-20
     17      0.00000000E+00     -0.70995437E-01      0.00000000E+00      0.72459863E-01      0.18436871E-01      0.66459675E-20
     18      0.00000000E+00     -0.69163127E-01      0.00000000E+00      0.69406321E-01      0.17554185E-01      0.10152609E-20
     19      0.00000000E+00     -0.67441213E-01      0.00000000E+00      0.66681542E-01      0.16747613E-01     -0.25192129E-20
     20      0.00000000E+00     -0.65820099E-01      0.00000000E+00      0.64226345E-01      0.16007636E-01     -0.94746315E-20
     21      0.00000000E+00     -0.64291522E-01      0.00000000E+00      0.61996175E-01      0.15325750E-01     -0.86767714E-20
     22      0.00000000E+00     -0.62848023E-01      0.00000000E+00      0.59957193E-01      0.14693388E-01     -0.37561113E-20
     23      0.00000000E+00     -0.61482963E-01      0.00000000E+00      0.58082582E-01      0.14104508E-01     -0.42197244E-20
     24      0.00000000E+00     -0.60190357E-01      0.00000000E+00      0.56350986E-01      0.13554115E-01     -0.32003735E-20
     25      0.00000000E+00     -0.58964816E-01      0.00000000E+00      0.54744926E-01      0.13038235E-01      0.22496014E-20
     26      0.00000000E+00     -0.57801466E-01      0.00000000E+00      0.53249943E-01      0.12553544E-01      0.28779982E-20
     27      0.00000000E+00     -0.56695882E-01      0.00000000E+00      0.51853885E-01      0.12097236E-01      0.10627923E-20
     28      0.00000000E+00     -0.55644032E-01      0.00000000E+00      0.50546430E-01      0.11666897E-01      0.70612202E-20
     29      0.00000000E+00     -0.54642222E-01      0.00000000E+00      0.49318718E-01      0.11260429E-01      0.30872503E-20
     30      0.00000000E+00     -0.53687012E-01      0.00000000E+00      0.48163085E-01      0.10875986E-01     -0.24876974E-21
     31      0.00000000E+00     -0.52775096E-01      0.00000000E+00      0.47072843E-01      0.10511937E-01     -0.41408366E-20
     32      0.00000000E+00     -0.51903699E-01      0.00000000E+00      0.46042112E-01      0.10166816E-01     -0.45854895E-20
     33      0.00000000E+00     -0.51070566E-01      0.00000000E+00      0.45065796E-01      0.98392697E-02     -0.93349979E-20
     34      0.00000000E+00     -0.50273284E-01      0.00000000E+00      0.44139416E-01      0.95281277E-02     -0.10866329E-19
     35      0.00000000E+00     -0.49509490E-01      0.00000000E+00      0.43258872E-01      0.92324316E-02     -0.45888636E-20
     36      0.00000000E+00     -0.48777018E-01      0.00000000E+00      0.42420486E-01      0.89512666E-02     -0.46166218E-20
     37      0.00000000E+00     -0.48073888E-01      0.00000000E+00      0.41620993E-01      0.86837429E-02     -0.56263032E-20
     38      0.00000000E+00     -0.47398281E-01      0.00000000E+00      0.40857478E-01      0.84290246E-02      0.28386023E-21
     39      0.00000000E+00     -0.46748519E-01      0.00000000E+00      0.40127321E-01      0.81863432E-02     -0.38360222E-20
     40      0.00000000E+00     -0.46123047E-01      0.00000000E+00      0.39428160E-01      0.79549960E-02     -0.28494017E-20
     41      0.00000000E+00     -0.45520419E-01      0.00000000E+00      0.38757852E-01      0.77343397E-02     -0.26424724E-20
     42      0.00000000E+00     -0.44939294E-01      0.00000000E+00      0.38114456E-01      0.75237822E-02     -0.83463597E-21
     43      0.00000000E+00     -0.44378422E-01      0.00000000E+00      0.37496201E-01      0.73227762E-02     -0.35406296E-20
     44      0.00000000E+00     -0.43836637E-01      0.00000000E+00      0.36901474E-01      0.71308132E-02     -0.13731211E-20
     45      0.00000000E+00     -0.43312856E-01      0.00000000E+00      0.36328801E-01      0.69474184E-02     -0.23352135E-20
     46      0.00000000E+00     -0.42806067E-01      0.00000000E+00      0.35776829E-01      0.67721477E-02     -0.50094018E-20
     47      0.00000000E+00     -0.42315326E-01      0.00000000E+00      0.35244322E-01      0.66045838E-02     -0.52997244E-20
     48      0.00000000E+00     -0.41839754E-01      0.00000000E+00      0.34730138E-01      0.64443343E-02     -0.73429023E-20
     49      0.00000000E+00     -0.41378529E-01      0.00000000E+00      0.34233231E-01      0.62910293E-02     -0.64680175E-20
     50      0.00000000E+00     -0.40930885E-01      0.00000000E+00      0.33752632E-01      0.61443199E-02     -0.44257052E-20
     51      0.00000000E+00     -0.40496103E-01      0.00000000E+00      0.33287448E-01      0.60038765E-02     -0.20481202E-20
     52      0.00000000E+00     -0.40073515E-01      0.00000000E+00      0.32836853E-01      0.58693879E-02     -0.31043570E-20
     53      0.00000000E+00     -0.39662493E-01      0.00000000E+00      0.32400080E-01      0.57405601E-02     -0.42792284E-20
     54      0.00000000E+00     -0.39262450E-01      0.00000000E+00      0.31976417E-01      0.56171153E-02     -0.40856427E-20
     55      0.00000000E+00     -0.38872839E-01      0.00000000E+00      0.31565203E-01      0.54987912E-02     -0.31884438E-20
     56      0.00000000E+00     -0.38493142E-01      0.00000000E+00      0.31165823E-01      0.53853398E-02     -0.28366347E-20
     57      0.00000000E+00     -0.38122877E-01      0.00000000E+00      0.30777703E-01      0.52765271E-02     -0.22120903E-20
     58      0.00000000E+00     -0.37761591E-01      0.00000000E+00      0.30400306E-01      0.51721320E-02     -0.65369426E-21
     59      0.00000000E+00     -0.37408858E-01      0.00000000E+00      0.30033132E-01      0.50719459E-02     -0.50475092E-21
     60      0.00000000E+00     -0.37064277E-01      0.00000000E+00      0.29675711E-01      0.49757716E-02     -0.15008248E-20
     61      0.00000000E+00     -0.36727470E-01      0.00000000E+00      0.29327606E-01      0.48834228E-02     -0.12205303E-21
     62      0.00000000E+00     -0.36398083E-01      0.00000000E+00      0.28988403E-01      0.47947237E-02      0.82257599E-21
     63      0.00000000E+00     -0.36075781E-01      0.00000000E+00      0.28657717E-01      0.47095078E-02     -0.12162357E-20
     64      0.00000000E+00     -0.35760248E-01      0.00000000E+00      0.28335182E-01      0.46276178E-02     -0.52521058E-21
     65      0.00000000E+00     -0.35451186E-01      0.00000000E+00      0.28020457E-01      0.45489046E-02      0.15545309E-20
     66      0.00000000E+00     -0.35148313E-01      0.00000000E+00      0.27713219E-01      0.44732271E-02      0.57813865E-21
     67      0.00000000E+00     -0.34851363E-01      0.00000000E+00      0.27413165E-01      0.44004514E-02      0.77127442E-22
     68      0.00000000E+00     -0.34560083E-01      0.00000000E+00      0.27120007E-01      0.43304503E-02     -0.94189817E-21
     69      0.00000000E+00     -0.34274236E-01      0.00000000E+00      0.26833474E-01      0.42631029E-02     -0.79895297E-21
     70      0.00000000E+00     -0.33993596E-01      0.00000000E+00      0.26553311E-01      0.41982942E-02     -0.77111848E-21
     71      0.00000000E+00     -0.33717948E-01      0.00000000E+00      0.26279275E-01      0.41359148E-02      0.27093140E-21
     72      0.00000000E+00     -0.33447089E-01      0.00000000E+00      0.26011137E-01      0.40758600E-02     -0.29212876E-20
     73      0.00000000E+00     -0.33180827E-01      0.00000000E+00      0.25748680E-01      0.40180300E-02     -0.18478911E-20
     74      0.00000000E+00     -0.32918979E-01      0.00000000E+00      0.25491697E-01      0.39623295E-02      0.16735089E-21
     75      0.00000000E+00     -0.32661372E-01      0.00000000E+00      0.25239993E-01      0.39086671E-02     -0.15748722E-22
     76      0.00000000E+00     -0.32407842E-01      0.00000000E+00      0.24993384E-01      0.38569554E-02     -0.82684244E-21
     77      0.00000000E+00     -0.32158232E-01      0.00000000E+00      0.24751691E-01      0.38071106E-02     -0.19064904E-20
     78      0.00000000E+00     -0.31912394E-01      0.00000000E+00      0.24514749E-01      0.37590522E-02     -0.21668539E-20
     79      0.00000000E+00     -0.31670188E-01      0.00000000E+00      0.24282397E-01      0.37127030E-02     -0.12057964E-20
     80      0.00000000E+00     -0.31431479E-01      0.00000000E+00      0.24054485E-01      0.36679888E-02     -0.66085746E-21
     81      0.00000000E+00     -0.31196141E-01      0.00000000E+00      0.23830868E-01      0.36248384E-02      0.24556958E-22
     82      0.00000000E+00     -0.30964053E-01      0.00000000E+00      0.23611408E-01      0.35831832E-02      0.10990394E-20
     83      0.00000000E+00     -0.30735101E-01      0.00000000E+00      0.23395974E-01      0.35429573E-02      0.12453228E-20
     84      0.00000000E+00     -0.30509175E-01      0.00000000E+00      0.23184441E-01      0.35040974E-02      0.11528618E-20
     85      0.00000000E+00     -0.30286174E-01      0.00000000E+00      0.22976690E-01      0.34665425E-02      0.26395505E-20
     86      0.00000000E+00     -0.30065998E-01      0.00000000E+00      0.22772607E-01      0.34302340E-02     -0.36132791E-21
     87      0.00000000E+00     -0.29848554E-01      0.00000000E+00      0.22572083E-01      0.33951156E-02     -0.12306981E-21
     88      0.00000000E+00     -0.29633756E-01      0.00000000E+00      0.22375014E-01      0.33611330E-02     -0.16702685E-20
     89      0.00000000E+00     -0.29421517E-01      0.00000000E+00      0.22181300E-01      0.33282342E-02     -0.12994865E-20
     90      0.00000000E+00     -0.29211760E-01      0.00000000E+00      0.21990847E-01      0.32963690E-02      0.72410944E-21
     91      0.00000000E+00     -0.29004408E-01      0.00000000E+00      0.21803562E-01      0.32654896E-02      0.39244580E-21
     92      0.00000000E+00     -0.28799391E-01      0.00000000E+00      0.21619358E-01      0.32355496E-02     -0.69772555E-22
     93      0.00000000E+00     -0.28596639E-01      0.00000000E+00      0.21438152E-01      0.32065047E-02     -0.21944425E-20
     94      0.00000000E+00     -0.28396089E-01      0.00000000E+00      0.21259863E-01      0.31783125E-02     -0.23675497E-20
     95      0.00000000E+00     -0.28197680E-01      0.00000000E+00      0.21084414E-01      0.31509321E-02     -0.31346384E-20
     96      0.00000000E+00     -0.28001353E-01      0.00000000E+00      0.20911732E-01      0.31243245E-02     -0.11612573E-20
     97      0.00000000E+00     -0.27807053E-01      0.00000000E+00      0.20741744E-01      0.30984521E-02     -0.39260227E-21
     98      0.00000000E+00     -0.27614729E-01      0.00000000E+00      0.20574383E-01      0.30732792E-02     -0.49906260E-21
     99      0.00000000E+00     -0.27424331E-01      0.00000000E+00      0.20409583E-01      0.30487713E-02     -0.19842219E-20
    100      0.00000000E+00     -0.27235811E-01      0.00000000E+00      0.20247280E-01      0.30248955E-02     -0.22620939E-21
    101      0.00000000E+00     -0.27049127E-01      0.00000000E+00      0.20087415E-01      0.30016206E-02     -0.11779558E-20
    102      0.00000000E+00     -0.26864234E-01      0.00000000E+00      0.19929927E-01      0.29789164E-02     -0.67626354E-21
    103      0.00000000E+00     -0.26681094E-01      0.00000000E+00      0.19774762E-01      0.29567541E-02     -0.20105140E-20
    104      0.00000000E+00     -0.26499669E-01      0.00000000E+00      0.19621863E-01      0.29351065E-02     -0.16435947E-20
    105      0.00000000E+00     -0.26319921E-01      0.00000000E+00      0.19471180E-01      0.29139473E-02     -0.84356418E-21
    106      0.00000000E+00     -0.26141818E-01      0.00000000E+00      0.19322661E-01      0.28932515E-02     -0.15405225E-20
    107      0.00000000E+00     -0.25965327E-01      0.00000000E+00      0.19176257E-01      0.28729954E-02     -0.12342189E-20
    108      0.00000000E+00     -0.25790417E-01      0.00000000E+00      0.19031922E-01      0.28531562E-02     -0.11147647E-20
    109      0.00000000E+00     -0.25617059E-01      0.00000000E+00      0.18889609E-01      0.28337124E-02     -0.94157598E-21
    110      0.00000000E+00     -0.25445225E-01      0.00000000E+00      0.18749275E-01      0.28146433E-02     -0.16576814E-20
    111      0.00000000E+00     -0.25274889E-01      0.00000000E+00      0.18610876E-01      0.27959294E-02     -0.18336872E-20
    112      0.00000000E+00     -0.25106025E-01      0.00000000E+00      0.18474372E-01      0.27775520E-02     -0.22737609E-20
    113      0.00000000E+00     -0.24938611E-01      0.00000000E+00      0.18339723E-01      0.27594935E-02     -0.17415739E-20
    114      0.00000000E+00     -0.24772622E-01      0.00000000E+00      0.18206890E-01      0.27417369E-02     -0.16502144E-20
    115      0.00000000E+00     -0.24608039E-01      0.00000000E+00      0.18075835E-01      0.27242663E-02     -0.13686360E-20
    116      0.00000000E+00     -0.24444839E-01      0.00000000E+00      0.17946523E-01      0.27070666E-02     -0.16851019E-20
    117      0.00000000E+00     -0.24283004E-01      0.00000000E+00      0.17818917E-01      0.26901234E-02     -0.24346288E-20
    118      0.00000000E+00     -0.24122516E-01      0.00000000E+00      0.17692985E-01      0.26734229E-02     -0.24858424E-20
    119      0.00000000E+00     -0.23963355E-01      0.00000000E+00      0.17568693E-01      0.26569523E-02     -0.28567600E-20
    120      0.00000000E+00     -0.23805506E-01      0.00000000E+00      0.17446008E-01      0.26406993E-02     -0.20332071E-20
    121      0.00000000E+00     -0.23648951E-01      0.00000000E+00      0.17324899E-01      0.26246524E-02     -0.15473723E-20
    122      0.00000000E+00     -0.23493676E-01      0.00000000E+00      0.17205337E-01      0.26088005E-02     -0.14415183E-20
    123      0.00000000E+00     -0.23339666E-01      0.00000000E+00      0.17087291E-01      0.25931334E-02     -0.42951679E-21
    124      0.00000000E+00     -0.23186905E-01      0.00000000E+00      0.16970734E-01      0.25776413E-02     -0.32929187E-21
    125      0.00000000E+00     -0.23035382E-01      0.00000000E+00      0.16855636E-01      0.25623149E-02      0.23264994E-21
    126      0.00000000E+00     -0.22885082E-01      0.00000000E+00      0.16741971E-01      0.25471455E-02     -0.48263466E-21
    127      0.00000000E+00     -0.22735992E-01      0.00000000E+00      0.16629713E-01      0.25321249E-02     -0.12823260E-20
    128      0.00000000E+00     -0.22588102E-01      0.00000000E+00      0.16518836E-01      0.25172455E-02      0.23328692E-21
    129      0.00000000E+00     -0.22441398E-01      0.00000000E+00      0.16409315E-01      0.25025000E-02      0.44951605E-21
    130      0.00000000E+00     -0.22295870E-01      0.00000000E+00      0.16301125E-01      0.24878815E-02      0.26600793E-21
    131      0.00000000E+00     -0.22151507E-01      0.00000000E+00      0.16194243E-01      0.24733836E-02     -0.29410839E-21
    132      0.00000000E+00     -0.22008297E-01      0.00000000E+00      0.16088646E-01      0.24590004E-02     -0.95957816E-21
    133      0.00000000E+00     -0.21866232E-01      0.00000000E+00      0.15984311E-01      0.24447262E-02     -0.61377698E-21
    134      0.00000000E+00     -0.21725301E-01      0.00000000E+00      0.15881216E-01      0.24305558E-02     -0.12772580E-20
    135      0.00000000E+00     -0.21585494E-01      0.00000000E+00      0.15779340E-01      0.24164842E-02     -0.12298910E-20
    136      0.00000000E+00     -0.21446802E-01      0.00000000E+00      0.15678661E-01      0.24025069E-02     -0.14653221E-20
    137      0.00000000E+00     -0.21309215E-01      0.00000000E+00      0.15579159E-01      0.23886195E-02     -0.16981832E-20
    138      0.00000000E+00     -0.21172726E-01      0.00000000E+00      0.15480815E-01      0.23748181E-02     -0.18582290E-20
    139      0.00000000E+00     -0.21037324E-01      0.00000000E+00      0.15383608E-01      0.23610989E-02     -0.20477845E-20
    140      0.00000000E+00     -0.20903002E-01      0.00000000E+00      0.15287520E-01      0.23474587E-02     -0.16587838E-20
    141      0.00000000E+00     -0.20769751E-01      0.00000000E+00      0.15192533E-01      0.23338940E-02     -0.16697680E-20
    142      0.00000000E+00     -0.20637564E-01      0.00000000E+00      0.15098627E-01      0.23204022E-02     -0.15412987E-20
    143      0.00000000E+00     -0.20506431E-01      0.00000000E+00      0.15005785E-01      0.23069803E-02     -0.15929291E-20
    144      0.00000000E+00     -0.20376345E-01      0.00000000E+00      0.14913990E-01      0.22936259E-02     -0.17192636E-20
    145      0.00000000E+00     -0.20247299E-01      0.00000000E+00      0.14823224E-01      0.22803368E-02     -0.11826770E-20
    146      0.00000000E+00     -0.20119284E-01      0.00000000E+00      0.14733472E-01      0.22671108E-02     -0.11526837E-20
    147      0.00000000E+00     -0.19992293E-01      0.00000000E+00      0.14644717E-01      0.22539461E-02     -0.12906879E-20
    148      0.00000000E+00     -0.19866319E-01      0.00000000E+00      0.14556942E-01      0.22408408E-02     -0.19117882E-20
    149      0.00000000E+00     -0.19741354E-01      0.00000000E+00      0.14470133E-01      0.22277934E-02     -0.21547597E-20
    150      0.00000000E+00     -0.19617391E-01      0.00000000E+00      0.14384274E-01      0.22148025E-02     -0.23719694E-20
      1      0.00000000E+00      0.30008611E-01      0.00000000E+00      0.27310172E+00      0.12640773E-22      0.00000000E+00
      2      0.00000000E+00     -0.40022542E-01      0.00000000E+00      0.40195432E+00     -0.54451007E-03     -0.65891293E-19
      3      0.00000000E+00     -0.74271149E-01      0.00000000E+00      0.37313646E+00      0.96006787E-02     -0.31077285E-19
      4      0.00000000E+00     -0.89486168E-01      0.00000000E+00      0.31090806E+00      0.18555338E-01     -0.13007701E-19
      5      0.00000000E+00     -0.95199420E-01      0.00000000E+00      0.25315377E+00      0.24546213E-01     -0.70275418E-20
      6      0.00000000E+00     -0.96260917E-01      0.00000000E+00      0.20761688E+00      0.27680833E-01     -0.55397894E-20
      7      0.00000000E+00     -0.95079660E-01      0.00000000E+00      0.17352675E+00      0.28822300E-01      0.13098089E-19
      8      0.00000000E+00     -0.92871932E-01      0.00000000E+00      0.14836322E+00      0.28709217E-01      0.22190957E-19
      9      0.00000000E+00     -0.90242811E-01      0.00000000E+00      0.12975900E+00      0.27855801E-01      0.18013817E-19
     10      0.00000000E+00     -0.87490855E-01      0.00000000E+00      0.11581722E+00      0.26643672E-01      0.21353972E-19
     11      0.00000000E+00     -0.84766559E-01      0.00000000E+00      0.10514798E+00      0.25302859E-01      0.13943056E-19
     12      0.00000000E+00     -0.82140043E-01      0.00000000E+00      0.96791857E-01      0.23960077E-01      0.31697623E-20
     13      0.00000000E+00     -0.79640735E-01      0.00000000E+00      0.90080650E-01      0.22683488E-01      0.96613578E-20
     14      0.00000000E+00     -0.77271342E-01      0.00000000E+00      0.84557693E-01      0.21492336E-01      0.12965370E-19
     15      0.00000000E+00     -0.75035218E-01      0.00000000E+00      0.79908621E-01      0.20399096E-01      0.10920395E-19
     16      0.00000000E+00     -0.72948636E-01      0.00000000E+00      0.75921768E-01      0.19398062E-01      0.87740769E-20
     17      0.00000000E+00     -0.70995437E-01      0.00000000E+00      0.72459863E-01      0.18436871E-01      0.66459675E-20
     18      0.00000000E+00     -0.69163127E-01      0.00000000E+00      0.69406321E-01      0.17554185E-01      0.10152609E-20
     19      0.00000000E+00     -0.67441213E-01      0.00000000E+00      0.66681542E-01      0.16747613E-01     -0.25192129E-20
     20      0.00000000E+00     -0.65820099E-01      0.00000000E+00      0.64226345E-01      0.16007636E-01     -0.94746315E-20
     21      0.00000000E+00     -0.64291522E-01      0.00000000E+00      0.61996175E-01      0.15325750E-01     -0.86767714E-20
     22      0.00000000E+00     -0.62848023E-01      0.00000000E+00      0.59957193E-01      0.14693388E-01     -0.37561113E-20
     23      0.00000000E+00     -0.61482963E-01      0.00000000E+00      0.58082582E-01      0.14104508E-01     -0.42197244E-20
     24      0.00000000E+00     -0.60190357E-01      0.00000000E+00      0.56350986E-01      0.13554115E-01     -0.32003735E-20
     25      0.00000000E+00     -0.58964816E-01      0.00000000E+00      0.54744926E-01      0.13038235E-01      0.22496014E-20
     26      0.00000000E+00     -0.57801466E-01      0.00000000E+00      0.53249943E-01      0.12553544E-01      0.28779982E-20
     27      0.00000000E+00     -0.56695882E-01      0.00000000E+00      0.51853885E-01      0.12097236E-01      0.10627923E-20
     28      0.00000000E+00     -0.55644032E-01      0.00000000E+00      0.50546430E-01      0.11666897E-01      0.70612202E-20
     29      0.00000000E+00     -0.54642222E-01      0.00000000E+00      0.49318718E-01      0.11260429E-01      0.30872503E-20
     30      0.00000000E+00     -0.53687012E-01      0.00000000E+00      0.48163085E-01      0.10875986E-01     -0.24876974E-21
     31      0.00000000E+00     -0.52775096E-01      0.00000000E+00      0.47072843E-01      0.10511937E-01     -0.41408366E-20
     32      0.00000000E+00     -0.51903699E-01      0.00000000E+00      0.46042112E-01      0.10166816E-01     -0.45854895E-20
     33      0.00000000E+00     -0.51070566E-01      0.00000000E+00      0.45065796E-01      0.98392697E-02     -0.93349979E-20
     34      0.00000000E+00     -0.50273284E-01      0.00000000E+00      0.44139416E-01      0.95281277E-02     -0.10866329E-19
     35      0.00000000E+00     -0.49509490E-01      0.00000000E+00      0.43258872E-01      0.92324316E-02     -0.45888636E-20
     36      0.00000000E+00     -0.48777018E-01      0.00000000E+00      0.42420486E-01      0.89512666E-02     -0.46166218E-20
     37      0.00000000E+00     -0.48073888E-01      0.00000000E+00      0.41620993E-01      0.86837429E-02     -0.56263032E-20
     38      0.00000000E+00     -0.47398281E-01      0.00000000E+00      0.40857478E-01      0.84290246E-02      0.28386023E-21
     39      0.00000000E+00     -0.46748519E-01      0.00000000E+00      0.40127321E-01      0.81863432E-02     -0.38360222E-20
     40      0.00000000E+00     -0.46123047E-01      0.00000000E+00      0.39428160E-01      0.79549960E-02     -0.28494017E-20
     41      0.00000000E+00     -0.45520419E-01      0.00000000E+00      0.38757852E-01      0.77343397E-02     -0.26424724E-20
     42      0.00000000E+00     -0.44939294E-01      0.00000000E+00      0.38114456E-01      0.75237822E-02     -0.83463597E-21
     43      0.00000000E+00     -0.44378422E-01      0.00000000E+00      0.37496201E-01      0.73227762E-02     -0.35406296E-20
     44      0.00000000E+00     -0.43836637E-01      0.00000000E+00      0.36901474E-01      0.71308132E-02     -0.13731211E-20
     45      0.00000000E+00     -0.43312856E-01      0.00000000E+00      0.36328801E-01      0.69474184E-02     -0.23352135E-20
     46      0.00000000E+00     -0.42806067E-01      0.00000000E+00      0.35776829E-01      0.67721477E-02     -0.50094018E-20
     47      0.00000000E+00     -0.42315326E-01      0.00000000E+00      0.35244322E-01      0.66045838E-02     -0.52997244E-20
     48      0.00000000E+00     -0.41839754E-01      0.00000000E+00      0.34730138E-01      0.64443343E-02     -0.73429023E-20
     49      0.00000000E+00     -0.41378529E-01      0.00000000E+00      0.34233231E-01      0.62910293E-02     -0.64680175E-20
     50      0.00000000E+00     -0.40930885E-01      0.00000000E+00      0.33752632E-01      0.61443199E-02     -0.44257052E-20
     51      0.00000000E+00     -0.40496103E-01      0.00000000E+00      0.33287448E-01      0.60038765E-02     -0.20481202E-20
     52      0.00000000E+00     -0.40073515E-01      0.00000000E+00      0.32836853E-01      0.58693879E-02     -0.31043570E-20
     53      0.00000000E+00     -0.39662493E-01      0.00000000E+00      0.32400080E-01      0.57405601E-02     -0.42792284E-20
     54      0.00000000E+00     -0.39262450E-01      0.00000000E+00      0.31976417E-01      0.56171153E-02     -0.40856427E-20
     55      0.00000000E+00     -0.38872839E-01      0.00000000E+00      0.31565203E-01      0.54987912E-02     -0.31884438E-20
     56      0.00000000E+00     -0.38493142E-01      0.00000000E+00      0.31165823E-01      0.53853398E-02     -0.28366347E-20
     57      0.00000000E+00     -0.38122877E-01      0.00000000E+00      0.30777703E-01      0.52765271E-02     -0.22120903E-20
     58      0.00000000E+00     -0.37761591E-01      0.00000000E+00      0.30400306E-01      0.51721320E-02     -0.65369426E-21
     59      0.00000000E+00     -0.37408858E-01      0.00000000E+00      0.30033132E-01      0.50719459E-02     -0.50475092E-21
     60      0.00000000E+00     -0.37064277E-01      0.00000000E+00      0.29675711E-01      0.49757716E-02     -0.15008248E-20
     61      0.00000000E+00     -0.36727470E-01      0.00000000E+00      0.29327606E-01      0.48834228E-02     -0.12205303E-21
     62      0.00000000E+00     -0.36398083E-01      0.00000000E+00      0.28988403E-01      0.47947237E-02      0.82257599E-21
     63      0.00000000E+00     -0.36075781E-01      0.00000000E+00      0.28657717E-01      0.47095078E-02     -0.12162357E-20
     64      0.00000000E+00     -0.35760248E-01      0.00000000E+00      0.28335182E-01      0.46276178E-02     -0.52521058E-21
     65      0.00000000E+00     -0.35451186E-01      0.00000000E+00      0.28020457E-01      0.45489046E-02      0.15545309E-20
     66      0.00000000E+00     -0.35148313E-01      0.00000000E+00      0.27713219E-01      0.44732271E-02      0.57813865E-21
     67      0.00000000E+00     -0.34851363E-01      0.00000000E+00      0.27413165E-01      0.44004514E-02      0.77127442E-22
     68      0.00000000E+00     -0.34560083E-01      0.00000000E+00      0.27120007E-01      0.43304503E-02     -0.94189817E-21
     69      0.00000000E+00     -0.34274236E-01      0.00000000E+00      0.26833474E-01      0.42631029E-02     -0.79895297E-21
     70      0.00000000E+00     -0.33993596E-01      0.00000000E+00      0.26553311E-01      0.41982942E-02     -0.77111848E-21
     71      0.00000000E+00     -0.33717948E-01      0.00000000E+00      0.26279275E-01      0.41359148E-02      0.27093140E-21
     72      0.00000000E+00     -0.33447089E-01      0.00000000E+00      0.26011137E-01      0.40758600E-02     -0.29212876E-20
     73      0.00000000E+00     -0.33180827E-01      0.00000000E+00      0.25748680E-01      0.40180300E-02     -0.18478911E-20
     74      0.00000000E+00     -0.32918979E-01      0.00000000E+00      0.25491697E-01      0.39623295E-02      0.16735089E-21
     75      0.00000000E+00     -0.32661372E-01      0.00000000E+00      0.25239993E-01      0.39086671E-02     -0.15748722E-22
     76      0.00000000E+00     -0.32407842E-01      0.00000000E+00      0.24993384E-01      0.38569554E-02     -0.82684244E-21
     77      0.00000000E+00     -0.32158232E-01      0.00000000E+00      0.24751691E-01      0.38071106E-02     -0.19064904E-20
     78      0.00000000E+00     -0.31912394E-01      0.00000000E+00      0.24514749E-01      0.37590522E-02     -0.21668539E-20
     79      0.00000000E+00     -0.31670188E-01      0.00000000E+00      0.24282397E-01      0.37127030E-02     -0.12057964E-20
     80      0.00000000E+00     -0.31431479E-01      0.00000000E+00      0.24054485E-01      0.36679888E-02     -0.66085746E-21
     81      0.00000000E+00     -0.31196141E-01      0.00000000E+00      0.23830868E-01      0.36248384E-02      0.24556958E-22
     82      0.00000000E+00     -0.30964053E-01      0.00000000E+00      0.23611408E-01      0.35831832E-02      0.10990394E-20
     83      0.00000000E+00     -0.30735101E-01      0.00000000E+00      0.23395974E-01      0.35429573E-02      0.12453228E-20
     84      0.00000000E+00     -0.30509175E-01      0.00000000E+00      0.23184441E-01      0.35040974E-02      0.11528618E-20
     85      0.00000000E+00     -0.30286174E-01      0.00000000E+00      0.22976690E-01      0.34665425E-02      0.26395505E-20
     86      0.00000000E+00     -0.30065998E-01      0.00000000E+00      0.22772607E-01      0.34302340E-02     -0.36132791E-21
     87      0.00000000E+00     -0.29848554E-01      0.00000000E+00      0.22572083E-01      0.33951156E-02     -0.12306981E-21
     88      0.00000000E+00     -0.29633756E-01      0.00000000E+00      0.22375014E-01      0.33611330E-02     -0.16702685E-20
     89      0.00000000E+00     -0.29421517E-01      0.00000000E+00      0.22181300E-01      0.33282342E-02     -0.12994865E-20
     90      0.00000000E+00     -0.29211760E-01      0.00000000E+00      0.21990847E-01      0.32963690E-02      0.72410944E-21
     91      0.00000000E+00     -0.29004408E-01      0.00000000E+00      0.21803562E-01      0.32654896E-02      0.39244580E-21
     92      0.00000000E+00     -0.28799391E-01      0.00000000E+00      0.21619358E-01      0.32355496E-02     -0.69772555E-22
     93      0.00000000E+00     -0.28596639E-01      0.00000000E+00      0.21438152E-01      0.32065047E-02     -0.21944425E-20
     94      0.00000000E+00     -0.28396089E-01      0.00000000E+00      0.21259863E-01      0.31783125E-02     -0.23675497E-20
     95      0.00000000E+00     -0.28197680E-01      0.00000000E+00      0.21084414E-01      0.31509321E-02     -0.31346384E-20
     96      0.00000000E+00     -0.28001353E-01      0.00000000E+00      0.20911732E-01      0.31243245E-02     -0.11612573E-20
     97      0.00000000E+00     -0.27807053E-01      0.00000000E+00      0.20741744E-01      0.30984521E-02     -0.39260227E-21
     98      0.00000000E+00     -0.27614729E-01      0.00000000E+00      0.20574383E-01      0.30732792E-02     -0.49906260E-21
     99      0.00000000E+00     -0.27424331E-01      0.00000000E+00      0.20409583E-01      0.30487713E-02     -0.19842219E-20
    100      0.00000000E+00     -0.27235811E-01      0.00000000E+00      0.20247280E-01      0.30248955E-02     -0.22620939E-21
    101      0.00000000E+00     -0.27049127E-01      0.00000000E+00      0.20087415E-01      0.30016206E-02     -0.11779558E-20
    102      0.00000000E+00     -0.26864234E-01      0.00000000E+00      0.19929927E-01      0.29789164E-02     -0.67626354E-21
    103      0.00000000E+00     -0.26681094E-01      0.00000000E+00      0.19774762E-01      0.29567541E-02     -0.20105140E-20
    104      0.00000000E+00     -0.26499669E-01      0.00000000E+00      0.19621863E-01      0.29351065E-02     -0.16435947E-20
    105      0.00000000E+00     -0.26319921E-01      0.00000000E+00      0.19471180E-01      0.29139473E-02     -0.84356418E-21
    106      0.00000000E+00     -0.26141818E-01      0.00000000E+00      0.19322661E-01      0.28932515E-02     -0.15405225E-20
    107      0.00000000E+00     -0.25965327E-01      0.00000000E+00      0.19176257E-01      0.28729954E-02     -0.12342189E-20
    108      0.00000000E+00     -0.25790417E-01      0.00000000E+00      0.19031922E-01      0.28531562E-02     -0.11147647E-20
    109      0.00000000E+00     -0.25617059E-01      0.00000000E+00      0.18889609E-01      0.28337124E-02     -0.94157598E-21
    110      0.00000000E+00     -0.25445225E-01      0.00000000E+00      0.18749275E-01      0.28146433E-02     -0.16576814E-20
    111      0.00000000E+00     -0.25274889E-01      0.00000000E+00      0.18610876E-01      0.27959294E-02     -0.18336872E-20
    112      0.00000000E+00     -0.25106025E-01      0.00000000E+00      0.18474372E-01      0.27775520E-02     -0.22737609E-20
    113      0.00000000E+00     -0.24938611E-01      0.00000000E+00      0.18339723E-01      0.27594935E-02     -0.17415739E-20
    114      0.00000000E+00     -0.24772622E-01      0.00000000E+00      0.18206890E-01      0.27417369E-02     -0.16502144E-20
    115      0.00000000E+00     -0.24608039E-01      0.00000000E+00      0.18075835E-01      0.27242663E-02     -0.13686360E-20
    116      0.00000000E+00     -0.24444839E-01      0.00000000E+00      0.17946523E-01      0.27070666E-02     -0.16851019E-20
    117      0.00000000E+00     -0.24283004E-01      0.00000000E+00      0.17818917E-01      0.26901234E-02     -0.24346288E-20
    118      0.00000000E+00     -0.24122516E-01      0.00000000E+00      0.17692985E-01      0.26734229E-02     -0.24858424E-20
    119      0.00000000E+00     -0.23963355E-01      0.00000000E+00      0.17568693E-01      0.26569523E-02     -0.28567600E-20
    120      0.00000000E+00     -0.23805506E-01      0.00000000E+00      0.17446008E-01      0.26406993E-02     -0.20332071E-20
    121      0.00000000E+00     -0.23648951E-01      0.00000000E+00      0.17324899E-01      0.26246524E-02     -0.15473723E-20
    122      0.00000000E+00     -0.23493676E-01      0.00000000E+00      0.17205337E-01      0.26088005E-02     -0.14415183E-20
    123      0.00000000E+00     -0.23339666E-01      0.00000000E+00      0.17087291E-01      0.25931334E-02     -0.42951679E-21
    124      0.00000000E+00     -0.23186905E-01      0.00000000E+00      0.16970734E-01      0.25776413E-02     -0.32929187E-21
    125      0.00000000E+00     -0.23035382E-01      0.00000000E+00      0.16855636E-01      0.25623149E-02      0.23264994E-21
    126      0.00000000E+00     -0.22885082E-01      0.00000000E+00      0.16741971E-01      0.25471455E-02     -0.48263466E-21
    127      0.00000000E+00     -0.22735992E-01      0.00000000E+00      0.16629713E-01      0.25321249E-02     -0.12823260E-20
    128      0.00000000E+00     -0.22588102E-01      0.00000000E+00      0.16518836E-01      0.25172455E-02      0.23328692E-21
    129      0.00000000E+00     -0.22441398E-01      0.00000000E+00      0.16409315E-01      0.25025000E-02      0.44951605E-21
    130      0.00000000E+00     -0.22295870E-01      0.00000000E+00      0.16301125E-01      0.24878815E-02      0.26600793E-21
    131      0.00000000E+00     -0.22151507E-01      0.00000000E+00      0.16194243E-01      0.24733836E-02     -0.29410839E-21
    132      0.00000000E+00     -0.22008297E-01      0.00000000E+00      0.16088646E-01      0.24590004E-02     -0.95957816E-21
    133      0.00000000E+00     -0.21866232E-01      0.00000000E+00      0.15984311E-01      0.24447262E-02     -0.61377698E-21
    134      0.00000000E+00     -0.21725301E-01      0.00000000E+00      0.15881216E-01      0.24305558E-02     -0.12772580E-20
    135      0.00000000E+00     -0.21585494E-01      0.00000000E+00      0.15779340E-01      0.24164842E-02     -0.12298910E-20
    136      0.00000000E+00     -0.21446802E-01      0.00000000E+00      0.15678661E-01      0.24025069E-02     -0.14653221E-20
    137      0.00000000E+00     -0.21309215E-01      0.00000000E+00      0.15579159E-01      0.23886195E-02     -0.16981832E-20
    138      0.00000000E+00     -0.21172726E-01      0.00000000E+00      0.15480815E-01      0.23748181E-02     -0.18582290E-20
    139      0.00000000E+00     -0.21037324E-01      0.00000000E+00      0.15383608E-01      0.23610989E-02     -0.20477845E-20
    140      0.00000000E+00     -0.20903002E-01      0.00000000E+00      0.15287520E-01      0.23474587E-02     -0.16587838E-20
    141      0.00000000E+00     -0.20769751E-01      0.00000000E+00      0.15192533E-01      0.23338940E-02     -0.16697680E-20
    142      0.00000000E+00     -0.20637564E-01      0.00000000E+00      0.15098627E-01      0.23204022E-02     -0.15412987E-20
    143      0.00000000E+00     -0.20506431E-01      0.00000000E+00      0.15005785E-01      0.23069803E-02     -0.15929291E-20
    144      0.00000000E+00     -0.20376345E-01      0.00000000E+00      0.14913990E-01      0.22936259E-02     -0.17192636E-20
    145      0.00000000E+00     -0.20247299E-01      0.00000000E+00      0.14823224E-01      0.22803368E-02     -0.11826770E-20
    146      0.00000000E+00     -0.20119284E-01      0.00000000E+00      0.14733472E-01      0.22671108E-02     -0.11526837E-20
    147      0.00000000E+00     -0.19992293E-01      0.00000000E+00      0.14644717E-01      0.22539461E-02     -0.12906879E-20
    148      0.00000000E+00     -0.19866319E-01      0.00000000E+00      0.14556942E-01      0.22408408E-02     -0.19117882E-20
    149      0.00000000E+00     -0.19741354E-01      0.00000000E+00      0.14470133E-01      0.22277934E-02     -0.21547597E-20
    150      0.00000000E+00     -0.19617391E-01      0.00000000E+00      0.14384274E-01      0.22148025E-02     -0.23719694E-20
