 ----------------- OpenCFD-EC3D ver 1.14a (MPI-OpenMP version)------------------
         Copyright by Li Xinliang, lixl@imech.ac.cn                            
         Programming by Li Xinliang  2016-1                                   
 ----------------------------------------------------------------------------- 
 Check if Multi-Grid can be used ...
 Total Block number is            1 Total Cell number is          800
 Check multigrid OK
 can not find partation.dat,  create partation ...
 Partation ......
 Total Cell number=         800
 Total Grid number=        1722
 Max grid number is         1722  ... rato to mean grid is   1.0000000000000000     
 Min grid number is         1722  ... rato to mean grid is   1.0000000000000000     
 rato max to min is    1.0000000000000000     
 Read material.in OK, Total_block=           1
   Block           1 : Block_type=           3  rho=   2500.0000000000000       Cp=   800.00000000000000       k=   300.00000000000000     
 Read porous.inp OK
   Porous Block           1 : eps=  0.90000000000000002       dp=  0.10000000000000001       hv=   50.000000000000000       rho_s=   2500.0000000000000       k_s=   300.00000000000000     
 creat main mesh OK, Num_Cell=         800
  read main mesh ...
 read Mesh3d.x OK
 Convert bc3d.inp to bc3d.inc ...
 Convert bc3d.inp to bc3d.inc OK
 read bc3d.inc (Link/boundary file)......
 read bc3d.inc OK
 bc3d_interface.inp not found, skip interface
 Read solid_bc.inp OK
   Block           1  (solid):           1  thermal BC faces
     face           2  Tw=   400.00000000000000       Qw=   0.0000000000000000     
  Need not read wall_dist.dat 
 No FDM.in, Donot use hybrid FVM/FDM
 my_id, block_no, FDM, FD_Flux, FD_Scheme=           0           1           0
 comput Jocabian OK ...
 Check mesh quality ......
 Check mesh quality OK
 Initial by Free-stream flow ......
  Start ......
   DBG iter           1  maxU2=   5.0000000000000010E-002  maxFi=   2.5000000000000022E-003  maxFj=   0.0000000000000000       Fi(21,1,1)=   1.3170833093605132E-004  Fi(21,21,1)=   0.0000000000000000       Fi(41,21,1)=   0.0000000000000000     
   DBG div max=   2.4379324931565584E-003  res_p=   2.4379324931565584E-003
   SIMPLE iter           1  res_p=   2.4379324931565584E-003  u(1,1,1)=   1.3253953743496985E-002  p(1,1,1)=   3.8192664986191255E-002
   DBG iter           2  maxU2=   5.0000000000000010E-002  maxFi=   2.5000000000000022E-003  maxFj=   1.5776568397340898E-003  Fi(21,1,1)=   3.1858408890301197E-004  Fi(21,21,1)=   0.0000000000000000       Fi(41,21,1)=   0.0000000000000000     
   DBG div max=   1.5886746419375721E-003  res_p=   1.5886746419375721E-003
   SIMPLE iter           2  res_p=   1.5886746419375721E-003  u(1,1,1)=   1.6163231969821508E-002  p(1,1,1)=   6.8597532643537684E-002
   DBG iter           3  maxU2=   5.0000000000000010E-002  maxFi=   2.5000000000000022E-003  maxFj=   1.2579119968677320E-003  Fi(21,1,1)=   1.5099213796592955E-004  Fi(21,21,1)=   0.0000000000000000       Fi(41,21,1)=   0.0000000000000000     
   DBG div max=   7.9929537212871174E-004  res_p=   7.9929537212871174E-004
   SIMPLE iter           3  res_p=   7.9929537212871174E-004  u(1,1,1)=   1.4196735700404597E-002  p(1,1,1)=   9.9759213192957719E-002
   SIMPLE iter           4  res_p=   5.9520649360044354E-004  u(1,1,1)=   1.3760588804327779E-002  p(1,1,1)=  0.12803013143876635     
   SIMPLE iter           5  res_p=   5.2287013036769953E-004  u(1,1,1)=   1.3422252256040473E-002  p(1,1,1)=  0.15419634718187852     
 DEBUG T iter          50 min   336.31012971327613      max   397.59540006411339     
 DEBUG T iter         100 min   365.31683479129362      max   398.77698329808845     
   SIMPLE iter         100  res_p=   5.4254913397467795E-005  u(1,1,1)=   1.3294389590492322E-002  p(1,1,1)=  0.88517584062209276     
 DEBUG T iter         150 min   380.34566926591782      max   399.37467735757997     
 DEBUG T iter         200 min   388.08880369335270      max   399.68021692160050     
   SIMPLE iter         200  res_p=   1.5284395958468228E-005  u(1,1,1)=   1.3363212905870730E-002  p(1,1,1)=   1.0802225116839106     
 DEBUG T iter         250 min   392.07231122375032      max   399.83642467640107     
 DEBUG T iter         300 min   394.11985918198656      max   399.91630221484832     
   SIMPLE iter         300  res_p=   4.3284151758223813E-006  u(1,1,1)=   1.3382569520723975E-002  p(1,1,1)=   1.1353281007774192     
 DEBUG T iter         350 min   395.17168757743093      max   399.95715608215693     
 DEBUG T iter         400 min   395.71177906046677      max   399.97805849116946     
   SIMPLE iter         400  res_p=   1.2275460386837987E-006  u(1,1,1)=   1.3388048794978753E-002  p(1,1,1)=   1.1509458875723180     
 DEBUG T iter         450 min   395.98668955891947      max   399.98875635950770     
 DEBUG T iter         500 min   396.12619327888666      max   399.99423431351994     
   SIMPLE iter         500  res_p=   3.4827767755017409E-007  u(1,1,1)=   1.3389602516005860E-002  p(1,1,1)=   1.1553761108045528     
 DEBUG T iter         550 min   396.19776696010160      max   399.99704100933906     
 DEBUG T iter         600 min   396.23448193508949      max   399.99848001044893     
   SIMPLE iter         600  res_p=   9.8824405752348347E-008  u(1,1,1)=   1.3390043317628067E-002  p(1,1,1)=   1.1566331279616018     
 DEBUG T iter         650 min   396.25331270687235      max   399.99921834091026     
 DEBUG T iter         700 min   396.26296961789251      max   399.99959760855012     
   SIMPLE iter         700  res_p=   2.8042717130187522E-008  u(1,1,1)=   1.3390168393715074E-002  p(1,1,1)=   1.1569898161254735     
 DEBUG T iter         750 min   396.26792140491131      max   399.99979260013225     
 Porous solver Block           1  SIMPLE iterations:         782  res_p:   9.9826865488121183E-009
 --------------Force and Moment -----------------------------
 Total Force Coefficient (CL, CD, CS) =
 -0.29936764984721265        0.0000000000000000        0.0000000000000000     
 Total Moment Coefficient(CMx, CMy, CMz)=
  0.14968382492360632        0.0000000000000000      -0.25408703092455198     
 Kstep, t=           1   1.0000000000000000     
 ----------The Max Residuals are--------  ---Mesh---           1
    0.0000000000E+00    0.0000000000E+00    0.0000000000E+00    0.0000000000E+00    0.0000000000E+00
   The R.M.S Residuals are 
    0.0000000000E+00    0.0000000000E+00    0.0000000000E+00    0.0000000000E+00    0.0000000000E+00
 write flow3d.dat ......
 write flow3d.dat OK
 Output Ts to Ts_block_1.dat
 write VTK files ......
 write VTK files OK
