 ----------------- OpenCFD-EC3D ver 1.14a (MPI-OpenMP version)------------------
         Copyright by Li Xinliang, lixl@imech.ac.cn                            
         Programming by Li Xinliang  2016-1                                   
 ----------------------------------------------------------------------------- 
 Check if Multi-Grid can be used ...
 Total Block number is            1 Total Cell number is          400
 Check multigrid OK
 can not find partation.dat,  create partation ...
 Partation ......
 Total Cell number=         400
 Total Grid number=        1604
 Max grid number is         1604  ... rato to mean grid is   1.0000000000000000     
 Min grid number is         1604  ... rato to mean grid is   1.0000000000000000     
 rato max to min is    1.0000000000000000     
 Read material.in OK, Total_block=           1
   Block           1 : Block_type=           3  rho=   8000.0000000000000       Cp=   500.00000000000000       k=   13.400000000000000     
 Read porous.inp OK
   Porous Block           1 : eps=  0.29999999999999999       dp=   1.0000000000000000E-003  hv=   1403151.0000000000       rho_s=   8000.0000000000000       k_s=   13.400000000000000     
 creat main mesh OK, Num_Cell=         400
  read main mesh ...
  Mesh3d.x layout: separate (x,y,z in three records per block)
 read Mesh3d.x OK
 Convert bc3d.inp to bc3d.inc ...
 Convert bc3d.inp to bc3d.inc OK
 read bc3d.inc (Link/boundary file)......
 read bc3d.inc OK
 bc3d_interface.inp not found, skip interface
 Read solid_bc.inp OK
   Block           1  (solid):           2  thermal BC faces
     face           1  Tw=   0.0000000000000000       Qw=   0.0000000000000000     
     face           4  Tw=  -1.0000000000000000       Qw=   1000000.0000000000     
  Need not read wall_dist.dat 
 No FDM.in, Donot use hybrid FVM/FDM
 my_id, block_no, FDM, FD_Flux, FD_Scheme=           0           1           0
 comput Jocabian OK ...
 Check mesh quality ......
 Check mesh quality OK
 Initial by Free-stream flow ......
  Start ......
  AC porous solver (LS_Algorithm=3) block           1  eps=  0.29999999999999999       dp=   1.0000000000000000E-003  hv=   1403151.0000000000       beta=   100.00000000000000       CFL=   20.000000000000000     
   AC-porous iter           1  res_q=   0.0000000000000000       res_m=   5747.6999999999998     
   AC-porous iter           1  res_q=   0.0000000000000000       res_m=   5747.6999999999998     
   AC-porous iter        5000  res_q=   5.2753508765013271       res_m=   15.006743323741667     
   AC-porous iter       10000  res_q=  0.13666957211277972       res_m=  0.38861463789053441     
   AC-porous iter       15000  res_q=   3.5812464371787192E-003  res_m=   1.0185785457271499E-002
   AC-porous iter       20000  res_q=   9.3864764849627122E-005  res_m=   2.6697010574450170E-004
   AC-porous iter       25000  res_q=   2.4602142545404600E-006  res_m=   6.9973662281119778E-006
  AC porous solver block           1 : iterations =       27672  final res_q=   3.5138558729386199E-007  res_m=   9.9930133612424733E-007
   AC-porous LTNE iter        2000  dTf=   5.9845219393789648       dTs=   6.2570370601300738       Tf[   300.00935570429243      ,   503.74913285022376      ]  Ts[   300.54756032525449      ,   566.18738447498208      ]
   AC-porous LTNE iter        4000  dTf=   3.8683055283006524       dTs=   3.9637228277009626       Tf[   300.16505785643795      ,   597.63716861750788      ]  Ts[   309.64694466247983      ,   663.17991224551156      ]
   AC-porous LTNE iter        6000  dTf=   2.9518203477800853       dTs=   3.0004282872084787       Tf[   300.48675247434852      ,   664.36596021713081      ]  Ts[   328.44068314579931      ,   731.25184789547961      ]
   AC-porous LTNE iter        8000  dTf=   2.4483662386276137       dTs=   2.4770223924809898       Tf[   300.88044154136537      ,   717.67704465027828      ]  Ts[   351.43826790504215      ,   785.30048837839604      ]
   AC-porous LTNE iter       10000  dTf=   2.1333601773358168       dTs=   2.1524258986759151       Tf[   301.29020394282452      ,   763.12494205275379      ]  Ts[   375.37397438309313      ,   831.20972440452886      ]
   AC-porous LTNE iter       12000  dTf=   1.9115058899066071       dTs=   1.9256837415719019       Tf[   301.69037651297333      ,   803.35440546610960      ]  Ts[   398.74916432887375      ,   871.76400954191092      ]
   AC-porous LTNE iter       14000  dTf=   1.7386706656841397       dTs=   1.7501718736577914       Tf[   302.07023313020227      ,   839.71025030617136      ]  Ts[   420.93749308868405      ,   908.37285011852862      ]
   AC-porous LTNE iter       16000  dTf=   1.5939236268646937       dTs=   1.6038074486989444       Tf[   302.42597441312341      ,   872.92769917214127      ]  Ts[   441.71711975551892      ,   941.80214834820595      ]
   AC-porous LTNE iter       18000  dTf=   1.4671229527448304       dTs=   1.4759106867658147       Tf[   302.75694063173512      ,   903.45016854963717      ]  Ts[   461.04954943873389      ,   972.51018517808711      ]
   AC-porous LTNE iter       20000  dTf=   1.3531776286858985       dTs=   1.3611379925868050       Tf[   303.06385039259402      ,   931.57756099010965      ]  Ts[   478.97677659726048      ,   1000.8043239904088      ]
   AC-porous LTNE iter       22000  dTf=   1.2493762863972506       dTs=   1.2566584170197075       Tf[   303.34798648080596      ,   957.53587627404249      ]  Ts[   495.57374022032900      ,   1026.9145373077029      ]
   AC-porous LTNE iter       24000  dTf=   1.1541414587258032       dTs=   1.1608369905900418       Tf[   303.61082259404481      ,   981.51016105765325      ]  Ts[   510.92652610103380      ,   1051.0281825187499      ]
   AC-porous LTNE iter       26000  dTf=   1.0664475425043065       dTs=   1.0726196530422385       Tf[   303.85385496204367      ,   1003.6603475029443      ]  Ts[   525.12253394885045      ,   1073.3066936843643      ]
   AC-porous LTNE iter       28000  dTf=  0.98554795933762307       dTs=  0.99124502147060412       Tf[   304.07852896393916      ,   1024.1290865085098      ]  Ts[   538.24619215151893      ,   1093.8938147034264      ]
   AC-porous LTNE iter       30000  dTf=  0.91084643467843307       dTs=  0.91610849196240451       Tf[   304.28620960225749      ,   1043.0458184461525      ]  Ts[   550.37723365563591      ,   1112.9198587279400      ]
   AC-porous LTNE iter       32000  dTf=  0.84183551414230351       dTs=  0.84669740473646016       Tf[   304.47817204758792      ,   1060.5290597941782      ]  Ts[   561.59014391994549      ,   1130.5040849149461      ]
   AC-porous LTNE iter       34000  dTf=  0.77806650675483979       dTs=  0.78255941862494183       Tf[   304.65560120427767      ,   1076.6878293615796      ]  Ts[   571.95413566692127      ,   1146.7561687025143      ]
   AC-porous LTNE iter       36000  dTf=  0.71913417049722739       dTs=  0.72328645845755091       Tf[   304.81959517633805      ,   1091.6226464777474      ]  Ts[   581.53335138918544      ,   1161.7772224414139      ]
   AC-porous LTNE iter       38000  dTf=  0.66466836280483221       dTs=  0.66850601486385131       Tf[   304.97117027174193      ,   1105.4263045629214      ]  Ts[   590.38715568655005      ,   1175.6605811986817      ]
   AC-porous LTNE iter       40000  dTf=  0.61432902651745280       dTs=  0.61787596033514092       Tf[   305.11126646632977      ,   1118.1845167183624      ]  Ts[   598.57045443583638      ,   1188.4924556918161      ]
   AC-porous LTNE iter       42000  dTf=  0.56780281437568192       dTs=  0.57108108866418661       Tf[   305.24075284442142      ,   1129.9764801089159      ]  Ts[   606.13401259353839      ,   1200.3525016140477      ]
   AC-porous LTNE iter       44000  dTf=  0.52480055535193060       dTs=  0.52783053607186048       Tf[   305.36043280923741      ,   1140.8753825545907      ]  Ts[   613.12475854955687      ,   1211.3143299349867      ]
   AC-porous LTNE iter       46000  dTf=  0.48505518580827811       dTs=  0.48785568620564845       Tf[   305.47104898339080      ,   1150.9488637489760      ]  Ts[   619.58607037596789      ,   1221.4459711471457      ]
   AC-porous LTNE iter       48000  dTf=  0.44831996441598676       dTs=  0.45090836813983515       Tf[   305.57328777768117      ,   1160.2594382845350      ]  Ts[   625.55804269996281      ,   1230.8103009036654      ]
   AC-porous LTNE iter       50000  dTf=  0.41436688152020906       dTs=  0.41675925344156894       Tf[   305.66778363223466      ,   1168.8648851210817      ]  Ts[   631.07773443760016      ,   1239.4654318145308      ]
   AC-porous LTNE iter       52000  dTf=  0.38298521646788686       dTs=  0.38519640376193820       Tf[   305.75512294499947      ,   1176.8186068507291      ]  Ts[   636.17939826517795      ,   1247.4650748227402      ]
   AC-porous LTNE iter       54000  dTf=  0.35398021706510008       dTs=  0.35602394198986076       Tf[   305.83584770669910      ,   1184.1699614247650      ]  Ts[   640.89469294421440      ,   1254.8588728635004      ]
   AC-porous LTNE iter       56000  dTf=  0.32717188501601413       dTs=  0.32906083035413758       Tf[   305.91045886235412      ,   1190.9645686040542      ]  Ts[   645.25287967463089      ,   1261.6927090920010      ]
   AC-porous LTNE iter       58000  dTf=  0.30239385614004277       dTs=  0.30413974405587396       Tf[   305.97941941908249      ,   1197.2445931293664      ]  Ts[   649.28100362763428      ,   1268.0089916923177      ]
   AC-porous LTNE iter       60000  dTf=  0.27949236663266674       dTs=  0.28110603147797519       Tf[   306.04315731893843      ,   1203.0490064127814      ]  Ts[   653.00406175396267      ,   1273.8469170814878      ]
   AC-porous LTNE iter       62000  dTf=  0.25832529832109685       dTs=  0.25981675389584780       Tf[   306.10206809436448      ,   1208.4138283946158      ]  Ts[   656.44515789415527      ,   1279.2427131635666      ]
   AC-porous LTNE iter       64000  dTf=  0.23876129639461396       dTs=  0.24013979810592900       Tf[   306.15651732262575      ,   1213.3723510764737      ]  Ts[   659.62564614696100      ,   1284.2298641536954      ]
   AC-porous LTNE iter       66000  dTf=  0.22067895418922490       dTs=  0.22195305647210262       Tf[   306.20684289439868      ,   1217.9553451217323      ]  Ts[   662.56526338214292      ,   1288.8393183715111      ]
   AC-porous LTNE iter       68000  dTf=  0.20396605968471704       dTs=  0.20514366914153470       Tf[   306.25335711056903      ,   1222.1912508079718      ]  Ts[   665.28225171866609      ,   1293.0996802962165      ]
   AC-porous LTNE iter       70000  dTf=  0.18851889913116793       dTs=  0.18960732354344145       Tf[   306.29634862024307      ,   1226.1063545168774      ]  Ts[   667.79347172774101      ,   1297.0373880753925      ]
   AC-porous LTNE iter       72000  dTf=  0.17424161345911671       dTs=  0.17524760715627963       Tf[   306.33608421198466      ,   1229.7249518577173      ]  Ts[   670.11450706263861      ,   1300.6768775903854      ]
   AC-porous LTNE iter       74000  dTf=  0.16104560339113050       dTs=  0.16197540919006315       Tf[   306.37281046940109      ,   1233.0694984366098      ]  Ts[   672.25976116471725      ,   1304.0407340960337      ]
   AC-porous LTNE iter       76000  dTf=  0.14884897963474941       dTs=  0.14970836754037009       Tf[   306.40675530134354      ,   1236.1607492072321      ]  Ts[   674.24254664549665      ,   1307.1498323758801      ]
   AC-porous LTNE iter       78000  dTf=  0.13757605466867062       dTs=  0.13837035771462070       Tf[   306.43812935622009      ,   1239.0178872680965      ]  Ts[   676.07516789954195      ,   1310.0234662831544      ]
   AC-porous LTNE iter       80000  dTf=  0.12715687313107082       dTs=  0.12789102045007894       Tf[   306.46712732919758      ,   1241.6586429054391      ]  Ts[   677.76899746067988      ,   1312.6794684708743      ]
   AC-porous LTNE iter       82000  dTf=  0.11752677764434338       dTs=  0.11820532506885684       Tf[   306.49392917040382      ,   1244.0994036203861      ]  Ts[   679.33454657555137      ,   1315.1343210543330      ]
   AC-porous LTNE iter       84000  dTf=  0.10862600755945095       dTs=  0.10925316589077738       Tf[   306.51870120162829      ,   1246.3553158234652      ]  Ts[   680.78153043232055      ,   1317.4032578926965      ]
   AC-porous LTNE iter       86000  dTf=  0.10039932817744557       dTs=  0.10097898931621785       Tf[   306.54159714845019      ,   1248.4403788273214      ]  Ts[   682.11892844931924      ,   1319.5003591244356      ]
   AC-porous LTNE iter       88000  dTf=   9.2795687927264225E-002  dTs=   9.3331449024162794E-002  Tf[   306.56275909419941      ,   1250.3675317210013      ]  Ts[   683.35503999784260      ,   1321.4386385431349      ]
   AC-porous LTNE iter       90000  dTf=   8.5767901586223161E-002  dTs=   8.6263087365523461E-002  Tf[   306.58231836167039      ,   1252.1487336648850      ]  Ts[   684.49753590479509      ,   1323.2301243560692      ]
   AC-porous LTNE iter       92000  dTf=   7.9272357443414876E-002  dTs=   7.9730040837148408E-002  Tf[   306.60039632806075      ,   1253.7950381046392      ]  Ts[   685.55350605487570      ,   1324.8859338265922      ]
   AC-porous LTNE iter       94000  dTf=   7.3268746674330032E-002  dTs=   7.3691767885065929E-002  Tf[   306.61710517818972      ,   1255.3166613644914      ]  Ts[   686.52950338762787      ,   1326.4163422634458      ]
   AC-porous LTNE iter       96000  dTf=   6.7719813216172042E-002  dTs=   6.8110797348936103E-002  Tf[   306.63254860067445      ,   1256.7230460458507      ]  Ts[   687.43158456240042      ,   1327.8308467854215      ]
   AC-porous LTNE iter       98000  dTf=   6.2591122550429645E-002  dTs=   6.2952495901981820E-002  Tf[   306.64682243138128      ,   1258.0229196244268      ]  Ts[   688.26534754372153      ,   1329.1382252568176      ]
   AC-porous LTNE iter      100000  dTf=   5.7850848018006218E-002  dTs=   5.8184853126704184E-002  Tf[   306.66001524814499      ,   1259.2243486094187      ]  Ts[   689.03596633995176      ,   1330.3465907592515      ]
   AC-porous LTNE iter      102000  dTf=   5.3469573316760943E-002  dTs=   5.3778282889425100E-002  Tf[   306.67220892044884      ,   1260.3347886012436      ]  Ts[   689.74822311124331      ,   1331.4634419384772      ]
   AC-porous LTNE iter      104000  dTf=   4.9420109972288628E-002  dTs=   4.9705439747185665E-002  Tf[   306.68347911747475      ,   1261.3611305580757      ]  Ts[   690.40653784575943      ,   1332.4957095380096      ]
   AC-porous LTNE iter      106000  dTf=   4.5677328577767184E-002  dTs=   4.5941049187149474E-002  Tf[   306.69389577767669      ,   1262.3097435584305      ]  Ts[   691.01499578839548      ,   1333.4497994085759      ]
   AC-porous LTNE iter      108000  dTf=   4.2218002901563523E-002  dTs=   4.2461750899974504E-002  Tf[   306.70352354279146      ,   1263.1865143251896      ]  Ts[   691.57737279218736      ,   1334.3316322603978      ]
   AC-porous LTNE iter      110000  dTf=   3.9020665710268077E-002  dTs=   3.9245953708132220E-002  Tf[   306.71242215898030      ,   1263.9968837562856      ]  Ts[   692.09715874983397      ,   1335.1466804047329      ]
   AC-porous LTNE iter      112000  dTf=   3.6065475573877848E-002  dTs=   3.6273701613254161E-002  Tf[   306.72064684758971      ,   1264.7458806888635      ]  Ts[   692.57757925055239      ,   1335.9000017129965      ]
   AC-porous LTNE iter      114000  dTf=   3.3334093735447823E-002  dTs=   3.3526549989346677E-002  Tf[   306.72824864783473      ,   1265.4381531061924      ]  Ts[   693.02161559691115      ,   1336.5962710038450      ]
   AC-porous LTNE iter      116000  dTf=   3.0809570303063083E-002  dTs=   3.0987451075588979E-002  Tf[   306.73527473352709      ,   1266.0779969813073      ]  Ts[   693.43202330555437      ,   1337.2398090533577      ]
   AC-porous LTNE iter      118000  dTf=   2.8476239060410080E-002  dTs=   2.8640648223699827E-002  Tf[   306.74176870581857      ,   1266.6693829361620      ]  Ts[   693.81134920688976      ,   1337.8346094081110      ]
   AC-porous LTNE iter      120000  dTf=   2.6319620271351596E-002  dTs=   2.6471578069731549E-002  Tf[   306.74777086377264      ,   1267.2159808816514      ]  Ts[   694.16194724976594      ,   1338.3843631674063      ]
   AC-porous LTNE iter      122000  dTf=   2.4326330800704454E-002  dTs=   2.4466780230341101E-002  Tf[   306.75331845444418      ,   1267.7211827918288      ]  Ts[   694.48599310909879      ,   1338.8924818890687      ]
   AC-porous LTNE iter      124000  dTf=   2.2484001067368808E-002  dTs=   2.2613813706357178E-002  Tf[   306.75844590402011      ,   1268.1881237529810      ]  Ts[   694.78549768729170      ,   1339.3621187599811      ]
   AC-porous LTNE iter      126000  dTf=   2.0781198279109958E-002  dTs=   2.0901179689417404E-002  Tf[   306.76318503145660      ,   1268.6197014188642      ]  Ts[   695.06231959315926      ,   1339.7961881636559      ]
   AC-porous LTNE iter      128000  dTf=   1.9207355520393321E-002  dTs=   1.9318250260084824E-002  Tf[   306.76756524593225      ,   1269.0185939924386      ]  Ts[   695.31817667560892      ,   1340.1973837658136      ]
   AC-porous LTNE iter      130000  dTf=   1.7752706132796447E-002  dTs=   1.7855202378086688E-002  Tf[   306.77161372935291      ,   1269.3872768456895      ]  Ts[   695.55465668408806      ,   1340.5681952301475      ]
   AC-porous LTNE iter      132000  dTf=   1.6408223122425625E-002  dTs=   1.6502956913654998E-002  Tf[   306.77535560502974      ,   1269.7280378808007      ]  Ts[   695.77322712142006      ,   1340.9109236681493      ]
   AC-porous LTNE iter      134000  dTf=   1.5165563157324868E-002  dTs=   1.5253122389594864E-002  Tf[   306.77881409358639      ,   1270.0429917280640      ]  Ts[   695.97524435064440      ,   1341.2276959190692      ]
   AC-porous LTNE iter      136000  dTf=   1.4017014769933667E-002  dTs=   1.4097942789476292E-002  Tf[   306.78201065705582      ,   1270.3340928684213      ]  Ts[   696.16196201200421      ,   1341.5204777481399      ]
   AC-porous LTNE iter      138000  dTf=   1.2955450517893041E-002  dTs=   1.3030249534267568E-002  Tf[   306.78496513206608      ,   1270.6031477621834      ]  Ts[   696.33453880259822      ,   1341.7910860453810      ]
   AC-porous LTNE iter      140000  dTf=   1.1974282750543352E-002  dTs=   1.2043416941196483E-002  Tf[   306.78769585293855      ,   1270.8518260592432      ]  Ts[   696.49404566677526      ,   1342.0412001004977      ]
   AC-porous LTNE iter      142000  dTf=   1.1067422721225739E-002  dTs=   1.1131321116636173E-002  Tf[   306.79021976546392      ,   1271.0816709603005      ]  Ts[   696.64147244203275      ,   1342.2723720239560      ]
   AC-porous LTNE iter      144000  dTf=   1.0229242791410798E-002  dTs=   1.0288301895570839E-002  Tf[   306.79255253206031      ,   1271.2941087932613      ]  Ts[   696.77773400153194      ,   1342.4860363786211      ]
   AC-porous LTNE iter      146000  dTf=   9.4545415722677717E-003  dTs=   9.5091279067673895E-003  Tf[   306.79470862896864      ,   1271.4904578646124      ]  Ts[   696.90367593143253      ,   1342.6835190823131      ]
   AC-porous LTNE iter      148000  dTf=   8.7385115552933712E-003  dTs=   8.7889638473370724E-003  Tf[   306.79670143608678      ,   1271.6719366402604      ]  Ts[   697.02007977831158      ,   1342.8660456358300      ]
   AC-porous LTNE iter      150000  dTf=   8.0767093336362450E-003  dTs=   8.1233406688170362E-003  Tf[   306.79854331999996      ,   1271.8396713067737      ]  Ts[   697.12766789913439      ,   1343.0347487278227      ]
   AC-porous LTNE iter      152000  dTf=   7.4650280294008553E-003  dTs=   7.5081277855133521E-003  Tf[   306.80024571072227      ,   1271.9947027601725      ]  Ts[   697.22710794386660      ,   1343.1906752639836      ]
   AC-porous LTNE iter      154000  dTf=   6.8996717805021035E-003  dTs=   6.9395074201565876E-003  Tf[   306.80181917262729      ,   1272.1379930652952      ]  Ts[   697.31901699869070      ,   1343.3347928636972      ]
   AC-porous LTNE iter      156000  dTf=   6.3771322136290109E-003  dTs=   6.4139509404412820E-003  Tf[   306.80327347000730      ,   1272.2704314259954      ]  Ts[   697.40396541542282      ,   1343.4679958646802      ]
   AC-porous LTNE iter      158000  dTf=   5.8941666325154074E-003  dTs=   5.9281969354287867E-003  Tf[   306.80461762766521      ,   1272.3928397031439      ]  Ts[   697.48248035084850      ,   1343.5911108728699      ]
   AC-porous LTNE iter      160000  dTf=   5.4477779665376147E-003  dTs=   5.4792310227185226E-003  Tf[   306.80585998692044      ,   1272.5059775148056      ]  Ts[   697.55504903810265      ,   1343.7049018920125      ]
   AC-porous LTNE iter      162000  dTf=   5.0351960821899411E-003  dTs=   5.0642670644265309E-003  Tf[   306.80700825737011      ,   1272.6105469502629      ]  Ts[   697.62212181016776      ,   1343.8100750649514      ]
   AC-porous LTNE iter      164000  dTf=   4.6538606643480307E-003  dTs=   4.6807299906959088E-003  Tf[   306.80806956473378      ,   1272.7071969266653      ]  Ts[   697.68411489456878      ,   1343.9072830554026      ]
   AC-porous LTNE iter      166000  dTf=   4.3014052951093618E-003  dTs=   4.3262396991394780E-003  Tf[   306.80905049507209      ,   1272.7965272161309      ]  Ts[   697.74141299624978      ,   1343.9971290982901      ]
   AC-porous LTNE iter      168000  dTf=   3.9756427770498703E-003  dTs=   3.9985963728668139E-003  Tf[   306.80995713565613      ,   1272.8790921676650      ]  Ts[   697.79437168490290      ,   1344.0801707431842      ]
   AC-porous LTNE iter      170000  dTf=   3.6745515424172481E-003  dTs=   3.6957667712158582E-003  Tf[   306.81079511274442      ,   1272.9554041471831      ]  Ts[   697.84331960153850      ,   1344.1569233141861      ]
   AC-porous LTNE iter      172000  dTf=   3.3962631471240456E-003  dTs=   3.4158716628098773E-003  Tf[   306.81156962649652      ,   1273.0259367171373      ]  Ts[   697.88856049785318      ,   1344.2278631078807      ]
   AC-porous LTNE iter      174000  dTf=   3.1390506360366999E-003  dTs=   3.1571741124025721E-003  Tf[   306.81228548324327      ,   1273.0911275751675      ]  Ts[   697.93037512124499      ,   1344.2934303489742      ]
   AC-porous LTNE iter      176000  dTf=   2.9013178509558202E-003  dTs=   2.9180687747611955E-003  Tf[   306.81294712531280      ,   1273.1513812703656      ]  Ts[   697.96902295697782      ,   1344.3540319222570      ]
   AC-porous LTNE iter      178000  dTf=   2.6815895209892915E-003  dTs=   2.6970718276970729E-003  Tf[   306.81355865859825      ,   1273.2070717136949      ]  Ts[   698.00474383847722      ,   1344.4100438974738      ]
   AC-porous LTNE iter      180000  dTf=   2.4785020871149754E-003  dTs=   2.4928118587013159E-003  Tf[   306.81412387803681      ,   1273.2585444983604      ]  Ts[   698.03775943561425      ,   1344.4618138631399      ]
   AC-porous LTNE iter      182000  dTf=   2.2907952682089672E-003  dTs=   2.3040213052354375E-003  Tf[   306.81464629116044      ,   1273.3061190444118      ]  Ts[   698.06827463033164      ,   1344.5096630834937      ]
   AC-porous LTNE iter      184000  dTf=   2.1173042327973235E-003  dTs=   2.1295286082931852E-003  Tf[   306.81512913986114      ,   1273.3500905809581      ]  Ts[   698.09647878803605      ,   1344.5538884921648      ]
   AC-porous LTNE iter      186000  dTf=   1.9569523681184364E-003  dTs=   1.9682509430367645E-003  Tf[   306.81557542051036      ,   1273.3907319782481      ]  Ts[   698.12254693276236      ,   1344.5947645348381      ]
   AC-porous LTNE iter      188000  dTf=   1.8087445830587967E-003  dTs=   1.8191874710282718E-003  Tf[   306.81598790255185      ,   1273.4282954409634      ]  Ts[   698.14664083324658      ,   1344.6325448723044      ]
   AC-porous LTNE iter      190000  dTf=   1.6717611672447674E-003  dTs=   1.6814131756746065E-003  Tf[   306.81636914568884      ,   1273.4630140733184      ]  Ts[   698.16891000688031      ,   1344.6674639546300      ]
   AC-porous LTNE iter      192000  dTf=   1.5451520498572791E-003  dTs=   1.5540730669272307E-003  Tf[   306.81672151576714      ,   1273.4951033256061      ]  Ts[   698.18949264746050      ,   1344.6997384760027      ]
   AC-porous LTNE iter      194000  dTf=   1.4281315402513428E-003  dTs=   1.4363769378178404E-003  Tf[   306.81704719945884      ,   1273.5247623312623      ]  Ts[   698.20851648284554      ,   1344.7295687195924      ]
   AC-porous LTNE iter      196000  dTf=   1.3199734644331329E-003  dTs=   1.3275944015731511E-003  Tf[   306.81734821782970      ,   1273.5521751425160      ]  Ts[   698.22609956755161      ,   1344.7571398002419      ]
   AC-porous LTNE iter      198000  dTf=   1.2200066244076879E-003  dTs=   1.2270504021216766E-003  Tf[   306.81762643888294      ,   1273.5775118726019      ]  Ts[   698.24235101536249      ,   1344.7826228133583      ]
   AC-porous LTNE iter      200000  dTf=   1.1276106729383173E-003  dTs=   1.1341209963120491E-003  Tf[   306.81788358914940      ,   1273.6009297513988      ]  Ts[   698.25737167640204      ,   1344.8061758965855      ]
   AC-porous LTNE iter      202000  dTf=   1.0422122345516982E-003  dTs=   1.0482295060683100E-003  Tf[   306.81812126440434      ,   1273.6225741011408      ]  Ts[   698.27125476309675      ,   1344.8279452111935      ]
  AC-porous LTNE block           1 : sweeps =      203200  final dTf=   9.9410981147229904E-004  dTs=   9.9984936014152481E-004
 write flow3d.dat ......
 write flow3d.dat OK
 Output Ts to Ts_block_1.dat
 write VTK files ......
 write VTK files OK
