 ----------------- OpenCFD-EC3D ver 1.14a (MPI-OpenMP version)------------------
         Copyright by Li Xinliang, lixl@imech.ac.cn                            
         Programming by Li Xinliang  2016-1                                   
 ----------------------------------------------------------------------------- 
 Check if Multi-Grid can be used ...
 Total Block number is            1 Total Cell number is          400
 Check multigrid OK
 can not find partation.dat,  create partation ...
 Partation ......
 Total Cell number=         400
 Total Grid number=        1604
 Max grid number is         1604  ... rato to mean grid is   1.0000000000000000     
 Min grid number is         1604  ... rato to mean grid is   1.0000000000000000     
 rato max to min is    1.0000000000000000     
 Read material.in OK, Total_block=           1
   Block           1 : Block_type=           3  rho=   8000.0000000000000       Cp=   500.00000000000000       k=   13.400000000000000     
 Read porous.inp OK
   Porous Block           1 : eps=  0.29999999999999999       dp=   1.0000000000000000E-003  hv=   1403151.0000000000       rho_s=   8000.0000000000000       k_s=   13.400000000000000     
 creat main mesh OK, Num_Cell=         400
  read main mesh ...
  Mesh3d.x layout: separate (x,y,z in three records per block)
 read Mesh3d.x OK
 Convert bc3d.inp to bc3d.inc ...
 Convert bc3d.inp to bc3d.inc OK
 read bc3d.inc (Link/boundary file)......
 read bc3d.inc OK
 bc3d_interface.inp not found, skip interface
 Read solid_bc.inp OK
   Block           1  (solid):           2  thermal BC faces
     face           1  Tw=   0.0000000000000000       Qw=   0.0000000000000000     
     face           4  Tw=  -1.0000000000000000       Qw=   3000000.0000000000     
  Need not read wall_dist.dat 
 No FDM.in, Donot use hybrid FVM/FDM
 my_id, block_no, FDM, FD_Flux, FD_Scheme=           0           1           0
 comput Jocabian OK ...
 Check mesh quality ......
 Check mesh quality OK
 Initial by Free-stream flow ......
  Start ......
  AC porous solver (LS_Algorithm=3) block           1  eps=  0.29999999999999999       dp=   1.0000000000000000E-003  hv=   1403151.0000000000       beta=   100.00000000000000       CFL=   20.000000000000000     
   AC-porous iter           1  res_q=   0.0000000000000000       res_m=   5747.6999999999998     
   AC-porous iter           1  res_q=   0.0000000000000000       res_m=   5747.6999999999998     
   AC-porous iter        5000  res_q=   5.2753508765013271       res_m=   15.006743323741667     
   AC-porous iter       10000  res_q=  0.13666957211277972       res_m=  0.38861463789053441     
   AC-porous iter       15000  res_q=   3.5812464371787192E-003  res_m=   1.0185785457271499E-002
   AC-porous iter       20000  res_q=   9.3864764849627122E-005  res_m=   2.6697010574450170E-004
   AC-porous iter       25000  res_q=   2.4602142545404600E-006  res_m=   6.9973662281119778E-006
  AC porous solver block           1 : iterations =       27672  final res_q=   3.5138558729386199E-007  res_m=   9.9930133612424733E-007
   AC-porous LTNE iter        2000  dTf=   17.953565818189531       dTs=   18.771111180454454       Tf[   300.02806711288622      ,   911.24739855148334      ]  Ts[   301.64268097629656      ,   1098.5621534257564      ]
   AC-porous LTNE iter        4000  dTf=   11.604916584946977       dTs=   11.891168483146657       Tf[   300.49517356933927      ,   1192.9115058542802      ]  Ts[   328.94083398892940      ,   1389.5397367382720      ]
   AC-porous LTNE iter        6000  dTf=   8.8554610433884591       dTs=   9.0012848616765950       Tf[   301.46025742308427      ,   1393.0978806541459      ]  Ts[   385.32204943967542      ,   1593.7555436891810      ]
   AC-porous LTNE iter        8000  dTf=   7.3450987159249053       dTs=   7.4310671774894672       Tf[   302.64132462414727      ,   1553.0311339545719      ]  Ts[   454.31480371810409      ,   1755.9014651389114      ]
   AC-porous LTNE iter       10000  dTf=   6.4000805320551990       dTs=   6.4572776960683314       Tf[   303.87061182853500      ,   1689.3748261629453      ]  Ts[   526.12192315288553      ,   1893.6291732182651      ]
   AC-porous LTNE iter       12000  dTf=   5.7345176697542684       dTs=   5.7770512247575425       Tf[   305.07112953899184      ,   1810.0632164038880      ]  Ts[   596.24749299081395      ,   2015.2920286312979      ]
   AC-porous LTNE iter       14000  dTf=   5.2160119970910728       dTs=   5.2505156210004316       Tf[   306.21069939068701      ,   1919.1307509248734      ]  Ts[   662.81247927074162      ,   2125.1185503619431      ]
   AC-porous LTNE iter       16000  dTf=   4.7817708806358041       dTs=   4.8114223461411711       Tf[   307.27792323945897      ,   2018.7830975235147      ]  Ts[   725.15135927175197      ,   2225.4064450517076      ]
   AC-porous LTNE iter       18000  dTf=   4.4013688582649593       dTs=   4.4277320603332555       Tf[   308.27082189530154      ,   2110.3505056567019      ]  Ts[   783.14864832182855      ,   2317.5305555420705      ]
   AC-porous LTNE iter       20000  dTf=   4.0595328860745212       dTs=   4.0834139777734890       Tf[   309.19155117788512      ,   2194.7326829787185      ]  Ts[   836.93032979781094      ,   2402.4129719796233      ]
   AC-porous LTNE iter       22000  dTf=   3.7481288592134661       dTs=   3.7699752510734470       Tf[   310.04395944252764      ,   2272.6076288311251      ]  Ts[   886.72122066739894      ,   2480.7436119321201      ]
   AC-porous LTNE iter       24000  dTf=   3.4624243762054903       dTs=   3.4825109718026397       Tf[   310.83246778225003      ,   2344.5304831825056      ]  Ts[   932.77957830987066      ,   2553.0845475658202      ]
   AC-porous LTNE iter       26000  dTf=   3.1993426275485035       dTs=   3.2178589591549098       Tf[   311.56156488625237      ,   2410.9810425188834      ]  Ts[   975.36760185363460      ,   2619.9200810631714      ]
   AC-porous LTNE iter       28000  dTf=   2.9566438780343560       dTs=   2.9737350644336402       Tf[   312.23558689194346      ,   2472.3872595360585      ]  Ts[   1014.7385764619312      ,   2681.6814441208385      ]
   AC-porous LTNE iter       30000  dTf=   2.7325393040523522       dTs=   2.7483254759085867       Tf[   312.85862880690343      ,   2529.1374553493920      ]  Ts[   1051.1317009745533      ,   2738.7595761947823      ]
   AC-porous LTNE iter       32000  dTf=   2.5255065424439636       dTs=   2.5400922142312083       Tf[   313.43451614289967      ,   2581.5871793938941      ]  Ts[   1084.7704317677747      ,   2791.5122547562319      ]
   AC-porous LTNE iter       34000  dTf=   2.3341995202858925       dTs=   2.3476782558864215       Tf[   313.96680361297263      ,   2630.0634880964694      ]  Ts[   1115.8624070089299      ,   2840.2685061192929      ]
   AC-porous LTNE iter       36000  dTf=   2.1574025115210134       dTs=   2.1698593754063040       Tf[   314.45878552915747      ,   2674.8679394453216      ]  Ts[   1144.6000541759386      ,   2885.3316673363579      ]
   AC-porous LTNE iter       38000  dTf=   1.9940050884347329       dTs=   2.0055180446083796       Tf[   314.91351081537272      ,   2716.2789137011591      ]  Ts[   1171.1614670682447      ,   2926.9817436084750      ]
   AC-porous LTNE iter       40000  dTf=   1.8429870795557690       dTs=   1.8536278810142903       Tf[   315.33379939913908      ,   2754.5535501678155      ]  Ts[   1195.7113633162678      ,   2965.4773670882241      ]
   AC-porous LTNE iter       42000  dTf=   1.7034084431329575       dTs=   1.7132432659859660       Tf[   315.72225853341780      ,   2789.9294403397084      ]  Ts[   1218.4020377895888      ,   3001.0575048551364      ]
   AC-porous LTNE iter       44000  dTf=   1.5744016660569287       dTs=   1.5834916082180825       Tf[   316.08129842786849      ,   2822.6261476769478      ]  Ts[   1239.3742756578010      ,   3033.9429898181788      ]
   AC-porous LTNE iter       46000  dTf=   1.4551655574255165       dTs=   1.4635670586126253       Tf[   316.41314695033157      ,   2852.8465912603401      ]  Ts[   1258.7582111372046      ,   3064.3379134548973      ]
   AC-porous LTNE iter       48000  dTf=   1.3449598932597837       dTs=   1.3527251044206423       Tf[   316.71986333320478      ,   2880.7783148672138      ]  Ts[   1276.6741281093191      ,   3092.4309027246359      ]
   AC-porous LTNE iter       50000  dTf=   1.2431006445704043       dTs=   1.2502777603222057       Tf[   317.00335089686774      ,   2906.5946553770445      ]  Ts[   1293.2332033223711      ,   3118.3962954574331      ]
   AC-porous LTNE iter       52000  dTf=   1.1489556494079807       dTs=   1.1555892112974107       Tf[   317.26536883516354      ,   2930.4558205661951      ]  Ts[   1308.5381948052020      ,   3142.3952244822672      ]
   AC-porous LTNE iter       54000  dTf=   1.0619406511964371       dTs=   1.0680718259604873       Tf[   317.50754312026470      ,   2952.5098842884458      ]  Ts[   1322.6840788424304      ,   3164.5766186046958      ]
   AC-porous LTNE iter       56000  dTf=  0.98151565505077087       dTs=  0.98718249105195355       Tf[   317.73137658723141      ,   2972.8937058265019      ]  Ts[   1335.7586390337838      ,   3185.0781272903746      ]
   AC-porous LTNE iter       58000  dTf=  0.90718156841649034       dTs=  0.91241923216148280       Tf[   317.93825825741862      ,   2991.7337794026193      ]  Ts[   1347.8430108929215      ,   3204.0269750915140      ]
   AC-porous LTNE iter       60000  dTf=  0.83847709991096053       dTs=  0.84331809444211103       Tf[   318.12947195698814      ,   3009.1470192530182      ]  Ts[   1359.0121852719979      ,   3221.5407512591828      ]
   AC-porous LTNE iter       62000  dTf=  0.77497589497306762       dTs=  0.77945026169982157       Tf[   318.30620428326722      ,   3025.2414851986450      ]  Ts[   1369.3354736926253      ,   3237.7281395055588      ]
   AC-porous LTNE iter       64000  dTf=  0.71628388920044017       dTs=  0.72041939431255742       Tf[   318.46955196805237      ,   3040.1170532443502      ]  Ts[   1378.8769384511177      ,   3252.6895924760629      ]
   AC-porous LTNE iter       66000  dTf=  0.66203686258131711       dTs=  0.66585916946087309       Tf[   318.62052868337162      ,   3053.8660353802720      ]  Ts[   1387.6957901567021      ,   3266.5179551296860      ]
   AC-porous LTNE iter       68000  dTf=  0.61189817905096788       dTs=  0.61543100741755552       Tf[   318.76007133188432      ,   3066.5737524390470      ]  Ts[   1395.8467551663484      ,   3279.2990409038325      ]
   AC-porous LTNE iter       70000  dTf=  0.56555669738372671       dTs=  0.56882197061440820       Tf[   318.88904586090734      ,   3078.3190635658443      ]  Ts[   1403.3804151936363      ,   3291.1121642414460      ]
   AC-porous LTNE iter       72000  dTf=  0.52272484037257527       dTs=  0.52574282147588747       Tf[   319.00825263613308      ,   3089.1748555884683      ]  Ts[   1410.3435211983885      ,   3302.0306327865337      ]
   AC-porous LTNE iter       74000  dTf=  0.48313681017907584       dTs=  0.48592622757723802       Tf[   319.11843140838329      ,   3099.2084953252138      ]  Ts[   1416.7792835046728      ,   3312.1222023035316      ]
   AC-porous LTNE iter       76000  dTf=  0.44654693889333430       dTs=  0.44912510262292926       Tf[   319.22026590421137      ,   3108.4822476371510      ]  Ts[   1422.7276399470702      ,   3321.4494971431723      ]
   AC-porous LTNE iter       78000  dTf=  0.41272816401760792       dTs=  0.41511107315727713       Tf[   319.31438806884154      ,   3117.0536618198294      ]  Ts[   1428.2255037092243      ,   3330.0703988650575      ]
   AC-porous LTNE iter       80000  dTf=  0.38147061940662752       dTs=  0.38367306137706692       Tf[   319.40138198777453      ,   3124.9759287318811      ]  Ts[   1433.3069923926582      ,   3338.0384054282472      ]
   AC-porous LTNE iter       82000  dTf=  0.35258033291847823       dTs=  0.35461597519451971       Tf[   319.48178751139352      ,   3132.2982108767906      ]  Ts[   1438.0036397372926      ,   3345.4029631786862      ]
   AC-porous LTNE iter       84000  dTf=  0.32587802267471488       dTs=  0.32775949768529244       Tf[   319.55610360506762      ,   3139.0659474860922      ]  Ts[   1442.3445913076382      ,   3352.2097736938576      ]
   AC-porous LTNE iter       86000  dTf=  0.30119798452778923       dTs=  0.30293696793341951       Tf[   319.62479144553367      ,   3145.3211364976960      ]  Ts[   1446.3567853586669      ,   3358.5010773890808      ]
   AC-porous LTNE iter       88000  dTf=  0.27838706379452560       dTs=  0.27999434708590343       Tf[   319.68827728278211      ,   3151.1025951787756      ]  Ts[   1450.0651200042794      ,   3364.3159156452393      ]
   AC-porous LTNE iter       90000  dTf=  0.25730370474911979       dTs=  0.25878926207769837       Tf[   319.74695508519636      ,   3156.4462010104912      ]  Ts[   1453.4926077251932      ,   3369.6903730841041      ]
   AC-porous LTNE iter       92000  dTf=  0.23781707230637039       dTs=  0.23919012247824867       Tf[   319.80118898436740      ,   3161.3851143297547      ]  Ts[   1456.6605181754505      ,   3374.6578014956672      ]
   AC-porous LTNE iter       94000  dTf=  0.21980624001844262       dTs=  0.22107530363564365       Tf[   319.85131553475497      ,   3165.9499841094139      ]  Ts[   1459.5885101737235      ,   3379.2490268063307      ]
   AC-porous LTNE iter       96000  dTf=  0.20315943965215411       dTs=  0.20433239203111953       Tf[   319.89764580220969      ,   3170.1691381535907      ]  Ts[   1462.2947536980955      ,   3383.4925403723732      ]
   AC-porous LTNE iter       98000  dTf=  0.18777336764924257       dTs=  0.18885748769389465       Tf[   319.94046729433057      ,   3174.0687588892961      ]  Ts[   1464.7960426420659      ,   3387.4146757865146      ]
   AC-porous LTNE iter      100000  dTf=  0.17355254405265441       dTs=  0.17455455936897124       Tf[   319.98004574462175      ,   3177.6730458442316      ]  Ts[   1467.1078990307649      ,   3391.0397722937828      ]
   AC-porous LTNE iter      102000  dTf=  0.16040871995619455       dTs=  0.16133484867350489       Tf[   320.01662676153342      ,   3181.0043658197751      ]  Ts[   1469.2446693446561      ,   3394.3903258315418      ]
   AC-porous LTNE iter      104000  dTf=  0.14826032991277316       dTs=  0.14911631922359447       Tf[   320.05043735261125      ,   3184.0833916902966      ]  Ts[   1471.2196135482309      ,   3397.4871286301491      ]
   AC-porous LTNE iter      106000  dTf=  0.13703198574194175       dTs=  0.13782314758054781       Tf[   320.08168733321736      ,   3186.9292306913580      ]  Ts[   1473.0449873761374      ,   3400.3493982418599      ]
   AC-porous LTNE iter      108000  dTf=  0.12665400870719168       dTs=  0.12738525271288381       Tf[   320.11057062856207      ,   3189.5595429916598      ]  Ts[   1474.7321183875317      ,   3402.9948967973496      ]
   AC-porous LTNE iter      110000  dTf=  0.11706199713762544       dTs=  0.11773786111098161       Tf[   320.13726647712798      ,   3191.9906512849407      ]  Ts[   1476.2914762604398      ,   3405.4400412303335      ]
   AC-porous LTNE iter      112000  dTf=  0.10819642673095586       dTs=  0.10882110485226804       Tf[   320.16194054295693      ,   3194.2376420826390      ]  Ts[   1477.7327377626457      ,   3407.7000051550922      ]
   AC-porous LTNE iter      114000  dTf=  0.10000228121089094       dTs=  0.10057964996804003       Tf[   320.18474594369167      ,   3196.3144593346306      ]  Ts[   1479.0648468017137      ,   3409.7888130276478      ]
   AC-porous LTNE iter      116000  dTf=   9.2428710910098744E-002  dTs=   9.2962353240636730E-002  Tf[   320.20582420076897      ,   3198.2339909599900      ]  Ts[   1480.2960699276414      ,   3411.7194271762110      ]
   AC-porous LTNE iter      118000  dTf=   8.5428717174636404E-002  dTs=   8.5921944646543125E-002  Tf[   320.22530611764398      ,   3200.0081488245669      ]  Ts[   1481.4340476316715      ,   3413.5038282404603      ]
   AC-porous LTNE iter      120000  dTf=   7.8958860809507314E-002  dTs=   7.9414734199872328E-002  Tf[   320.24331259150620      ,   3201.6479426610845      ]  Ts[   1482.4858417602902      ,   3415.1530895184055      ]
   AC-porous LTNE iter      122000  dTf=   7.2978992407570331E-002  dTs=   7.3400340698754007E-002  Tf[   320.25995536352036      ,   3203.1635483916289      ]  Ts[   1483.4579793382788      ,   3416.6774456834128      ]
   AC-porous LTNE iter      124000  dTf=   6.7452003192101984E-002  dTs=   6.7841441103610123E-002  Tf[   320.27533771224921      ,   3204.5643712750702      ]  Ts[   1484.3564930729030      ,   3418.0863562961290      ]
   AC-porous LTNE iter      126000  dTf=   6.2343594829144422E-002  dTs=   6.2703539065296354E-002  Tf[   320.28955509455841      ,   3205.8591042727680      ]  Ts[   1485.1869587904923      ,   3419.3885645072078      ]
   AC-porous LTNE iter      128000  dTf=   5.7622066572093900E-002  dTs=   5.7954750800035981E-002  Tf[   320.30269573798569      ,   3207.0557819935034      ]  Ts[   1485.9545300378595      ,   3420.5921513137041      ]
   AC-porous LTNE iter      130000  dTf=   5.3258118395206111E-002  dTs=   5.3565607123800874E-002  Tf[   320.31484118824733      ,   3208.1618305531852      ]  Ts[   1486.6639700632868      ,   3421.7045857065982      ]
   AC-porous LTNE iter      132000  dTf=   4.9224669362047280E-002  dTs=   4.9508870742556610E-002  Tf[   320.32606681527790      ,   3209.1841136585181      ]  Ts[   1487.3196813752954      ,   3422.7327710206273      ]
   AC-porous LTNE iter      134000  dTf=   4.5496689476749452E-002  dTs=   4.5759367158098030E-002  Tf[   320.33644228094749      ,   3210.1289752003840      ]  Ts[   1487.9257330629534      ,   3423.6830877734496      ]
   AC-porous LTNE iter      136000  dTf=   4.2051044315030595E-002  dTs=   4.2293828371839481E-002  Tf[   320.34603197135596      ,   3211.0022786214772      ]  Ts[   1488.4858860470499      ,   3424.5614332606970      ]
   AC-porous LTNE iter      138000  dTf=   3.8866351555498113E-002  dTs=   3.9090748608032300E-002  Tf[   320.35489539638706      ,   3211.8094433027736      ]  Ts[   1489.0036164188286      ,   3425.3732581524218      ]
   AC-porous LTNE iter      140000  dTf=   3.5922848243444605E-002  dTs=   3.6130250817222986E-002  Tf[   320.36308755900490      ,   3212.5554781939813      ]  Ts[   1489.4821370113771      ,   3426.1236003178096      ]
   AC-porous LTNE iter      142000  dTf=   3.3202268138211366E-002  dTs=   3.3393963291018736E-002  Tf[   320.37065929658115      ,   3213.2450128971236      ]  Ts[   1489.9244173371749      ,   3426.8171160881216      ]
   AC-porous LTNE iter      144000  dTf=   3.0687728376051382E-002  dTs=   3.0864905685575650E-002  Tf[   320.37765759637023      ,   3213.8823263960271      ]  Ts[   1490.3332020156536      ,   3427.4581091521550      ]
   AC-porous LTNE iter      146000  dTf=   2.8363624720441294E-002  dTs=   2.8527383683467633E-002  Tf[   320.38412588709548      ,   3214.4713736101498      ]  Ts[   1490.7110278053815      ,   3428.0505572633288      ]
   AC-porous LTNE iter      148000  dTf=   2.6215534662242135E-002  dTs=   2.6366891515408497E-002  Tf[   320.39010430845030      ,   3215.0158099369951      ]  Ts[   1491.0602393460465      ,   3428.5981369237525      ]
   AC-porous LTNE iter      150000  dTf=   2.4230128010003682E-002  dTs=   2.4370022015318682E-002  Tf[   320.39562996018975      ,   3215.5190139365213      ]  Ts[   1491.3830037085049      ,   3429.1042461997213      ]
   AC-porous LTNE iter      152000  dTf=   2.2395084087747819E-002  dTs=   2.2524383356085309E-002  Tf[   320.40073713235580      ,   3215.9841082967450      ]  Ts[   1491.6813238426580      ,   3429.5720258082406      ]
   AC-porous LTNE iter      154000  dTf=   2.0699015341051563E-002  dTs=   2.0818522269564710E-002  Tf[   320.40545751807127      ,   3216.4139792121296      ]  Ts[   1491.9570510071383      ,   3430.0043786073993      ]
   AC-porous LTNE iter      156000  dTf=   1.9131396632019460E-002  dTs=   1.9241852819504857E-002  Tf[   320.40982041021118      ,   3216.8112942942271      ]  Ts[   1492.2118962573365      ,   3430.4039876103466      ]
   AC-porous LTNE iter      158000  dTf=   1.7682499895727233E-002  dTs=   1.7784590796509292E-002  Tf[   320.41385288318514      ,   3217.1785191256313      ]  Ts[   1492.4474410636274      ,   3430.7733326348616      ]
   AC-porous LTNE iter      160000  dTf=   1.6343333897566481E-002  dTs=   1.6437693047464563E-002  Tf[   320.41757996095038      ,   3217.5179325607378      ]  Ts[   1492.6651471253645      ,   3431.1147056924146      ]
   AC-porous LTNE iter      162000  dTf=   1.5105588247024571E-002  dTs=   1.5192801203284034E-002  Tf[   320.42102477229946      ,   3217.8316408670744      ]  Ts[   1492.8663654415675      ,   3431.4302252112066      ]
   AC-porous LTNE iter      164000  dTf=   1.3961581999865302E-002  dTs=   1.4042189975043584E-002  Tf[   320.42420869439121      ,   3218.1215907962801      ]  Ts[   1493.0523446947852      ,   3431.7218491825465      ]
   AC-porous LTNE iter      166000  dTf=   1.2904215890557680E-002  dTs=   1.2978719091734092E-002  Tf[   320.42715148540543      ,   3218.3895816647050      ]  Ts[   1493.2242389998198      ,   3431.9913873112396      ]
   AC-porous LTNE iter      168000  dTf=   1.1926928321827290E-002  dTs=   1.1995789107004384E-002  Tf[   320.42987140715735      ,   3218.6372765192800      ]  Ts[   1493.3831150657709      ,   3432.2405122459081      ]
   AC-porous LTNE iter      170000  dTf=   1.1023654637028812E-002  dTs=   1.1087300309100101E-002  Tf[   320.43238533842282      ,   3218.8662124578673      ]  Ts[   1493.5299588156931      ,   3432.4707699589621      ]
   AC-porous LTNE iter      172000  dTf=   1.0188789433414058E-002  dTs=   1.0247614976833574E-002  Tf[   320.43470887967925      ,   3219.0778101677092      ]  Ts[   1493.6656815046392      ,   3432.6835893400048      ]
   AC-porous LTNE iter      174000  dTf=   9.4171519158408046E-003  dTs=   9.4715223622188205E-003  Tf[   320.43685644991979      ,   3219.2733827418242      ]  Ts[   1493.7911253748355      ,   3432.8802910633121      ]
   AC-porous LTNE iter      176000  dTf=   8.7039535565054393E-003  dTs=   8.7542063188266184E-003  Tf[   320.43884137612827      ,   3219.4541438274046      ]  Ts[   1493.9070688820332      ,   3433.0620957831302      ]
   AC-porous LTNE iter      178000  dTf=   8.0447685604667640E-003  dTs=   8.0912154835459660E-003  Tf[   320.44067597598456      ,   3219.6212151573654      ]  Ts[   1494.0142315265325      ,   3433.2301317087677      ]
   AC-porous LTNE iter      180000  dTf=   7.4355062524773530E-003  dTs=   7.4784355647352641E-003  Tf[   320.44237163429983      ,   3219.7756335113208      ]  Ts[   1494.1132783179171      ,   3433.3854416057179      ]
   AC-porous LTNE iter      182000  dTf=   6.8723858039447805E-003  dTs=   6.9120639095672232E-003  Tf[   320.44393887367056      ,   3219.9183571495187      ]  Ts[   1494.2048239020703      ,   3433.5289892668261      ]
   AC-porous LTNE iter      184000  dTf=   6.3519127111248963E-003  dTs=   6.3885858344292501E-003  Tf[   320.44538741977345      ,   3220.0502717591985      ]  Ts[   1494.2894363752087      ,   3433.6616654928816      ]
   AC-porous LTNE iter      186000  dTf=   5.8708571118586406E-003  dTs=   5.9047528297924146E-003  Tf[   320.44672626172144      ,   3220.1721959510696      ]  Ts[   1494.3676408093913      ,   3433.7842936208876      ]
   AC-porous LTNE iter      188000  dTf=   5.4262337594082055E-003  dTs=   5.4575624258177413E-003  Tf[   320.44796370784599      ,   3220.2848863392196      ]  Ts[   1494.4399225108675      ,   3433.8976346333075      ]
   AC-porous LTNE iter      190000  dTf=   5.0152835051449074E-003  dTs=   5.0442395267964457E-003  Tf[   320.44910743725643      ,   3220.3890422362447      ]  Ts[   1494.5067300317555      ,   3434.0023918802308      ]
   AC-porous LTNE iter      192000  dTf=   4.6354561504813319E-003  dTs=   4.6622192094218917E-003  Tf[   320.45016454749168      ,   3220.4853099931674      ]  Ts[   1494.5684779534877      ,   3434.0992154444284      ]
   AC-porous LTNE iter      194000  dTf=   4.2843946293942281E-003  dTs=   4.3091308189104893E-003  Tf[   320.45114159856615      ,   3220.5742870101267      ]  Ts[   1494.6255494596269      ,   3434.1887061751695      ]
   AC-porous LTNE iter      196000  dTf=   3.9599203869329358E-003  dTs=   3.9827832015362219E-003  Tf[   320.45204465367948      ,   3220.6565254438920      ]  Ts[   1494.6782987137656      ,   3434.2714194171267      ]
   AC-porous LTNE iter      198000  dTf=   3.6600198736778111E-003  dTs=   3.6811512054555351E-003  Tf[   320.45287931683896      ,   3220.7325356341521      ]  Ts[   1494.7270530571893      ,   3434.3478684564825      ]
   AC-porous LTNE iter      200000  dTf=   3.3828320215434360E-003  dTs=   3.4023629887087736E-003  Tf[   320.45365076763892      ,   3220.8027892705391      ]  Ts[   1494.7721150403520      ,   3434.4185277061670      ]
   AC-porous LTNE iter      202000  dTf=   3.1266367054740840E-003  dTs=   3.1446885100194777E-003  Tf[   320.45436379340271      ,   3220.8677223196878      ]  Ts[   1494.8137643003688      ,   3434.4838356498940      ]
   AC-porous LTNE iter      204000  dTf=   2.8898440723423846E-003  dTs=   2.9065287499179249E-003  Tf[   320.45502281889151      ,   3220.9277377309490      ]  Ts[   1494.8522592963884      ,   3434.5441975635031      ]
   AC-porous LTNE iter      206000  dTf=   2.6709846956691763E-003  dTs=   2.6864057754210080E-003  Tf[   320.45563193375978      ,   3220.9832079365342      ]  Ts[   1494.8878389133120      ,   3434.5999880294166      ]
   AC-porous LTNE iter      208000  dTf=   2.4687004065526708E-003  dTs=   2.4829535896060406E-003  Tf[   320.45619491793832      ,   3221.0344771629425      ]  Ts[   1494.9207239444415      ,   3434.6515532615749      ]
   AC-porous LTNE iter      210000  dTf=   2.2817359081273025E-003  dTs=   2.2949096355660004E-003  Tf[   320.45671526508562      ,   3221.0818635670303      ]  Ts[   1494.9511184613589      ,   3434.6992132537143      ]
   AC-porous LTNE iter      212000  dTf=   2.1089309780109033E-003  dTs=   2.1211070161371026E-003  Tf[   320.45719620427548      ,   3221.1256612103330      ]  Ts[   1494.9792110807091      ,   3434.7432637651614      ]
   AC-porous LTNE iter      214000  dTf=   1.9492132546474750E-003  dTs=   1.9604671501838311E-003  Tf[   320.45764072002873      ,   3221.1661418840126      ]  Ts[   1495.0051761343329      ,   3434.7839781562798      ]
   AC-porous LTNE iter      216000  dTf=   1.8015915834439511E-003  dTs=   1.8119931792170973E-003  Tf[   320.45805157083669      ,   3221.2035567953194      ]  Ts[   1495.0291747512119      ,   3434.8216090846608      ]
   AC-porous LTNE iter      218000  dTf=   1.6651498958708544E-003  dTs=   1.6747637391745229E-003  Tf[   320.45843130627998      ,   3221.2381381266778      ]  Ts[   1495.0513558574451      ,   3434.8563900732793      ]
   AC-porous LTNE iter      220000  dTf=   1.5390414764624438E-003  dTs=   1.5479272396987653E-003  Tf[   320.45878228284840      ,   3221.2701004763467      ]  Ts[   1495.0718571003181      ,   3434.8885369593645      ]
   AC-porous LTNE iter      222000  dTf=   1.4224837377696531E-003  dTs=   1.4306965276773553E-003  Tf[   320.45910667856612      ,   3221.2996421902035      ]  Ts[   1495.0908057025777      ,   3434.9182492339560      ]
   AC-porous LTNE iter      224000  dTf=   1.3147533882147400E-003  dTs=   1.3223441878835729E-003  Tf[   320.45940650650664      ,   3221.3269465926155      ]  Ts[   1495.1083192518611      ,   3434.9457112798568      ]
   AC-porous LTNE iter      226000  dTf=   1.2151818923484825E-003  dTs=   1.2221978117850085E-003  Tf[   320.45968362728462      ,   3221.3521831241023      ]  Ts[   1495.1245064303935      ,   3434.9710935158737      ]
   AC-porous LTNE iter      228000  dTf=   1.1231513408347382E-003  dTs=   1.1296359216430574E-003  Tf[   320.45993976060504      ,   3221.3755083927399      ]  Ts[   1495.1394676895870      ,   3434.9945534542558      ]
   AC-porous LTNE iter      230000  dTf=   1.0380906228419917E-003  dTs=   1.0440840974297316E-003  Tf[   320.46017649593119      ,   3221.3970671460638      ]  Ts[   1495.1532958731680      ,   3435.0162366782429      ]
  AC-porous LTNE block           1 : sweeps =      231100  final dTf=   9.9408520554788993E-004  dTs=   9.9982461233594222E-004
 write flow3d.dat ......
 write flow3d.dat OK
 Output Ts to Ts_block_1.dat
 write VTK files ......
 write VTK files OK
