nohup: ignoring input
 ----------------- OpenCFD-EC3D ver 1.14a (MPI-OpenMP version)------------------
         Copyright by Li Xinliang, lixl@imech.ac.cn                            
         Programming by Li Xinliang  2016-1                                   
 ----------------------------------------------------------------------------- 
 Check if Multi-Grid can be used ...
 Total Block number is            1 Total Cell number is         3200
 Check multigrid OK
 can not find partation.dat,  create partation ...
 Partation ......
 Total Cell number=        3200
 Total Grid number=        6642
 Max grid number is         6642  ... rato to mean grid is   1.0000000000000000     
 Min grid number is         6642  ... rato to mean grid is   1.0000000000000000     
 rato max to min is    1.0000000000000000     
 Read material.in OK, Total_block=           1
   Block           1 : Block_type=           3  rho=   2500.0000000000000       Cp=   800.00000000000000       k=   300.00000000000000     
 Read porous.inp OK
   Porous Block           1 : eps=  0.90000000000000002       dp=  0.10000000000000001       hv=   0.0000000000000000       rho_s=   2500.0000000000000       k_s=   300.00000000000000     
 creat main mesh OK, Num_Cell=        3200
  read main mesh ...
 read Mesh3d.x OK
 Convert bc3d.inp to bc3d.inc ...
 Convert bc3d.inp to bc3d.inc OK
 read bc3d.inc (Link/boundary file)......
 read bc3d.inc OK
 bc3d_interface.inp not found, skip interface
 solid_bc.inp not found, no solid thermal BCs
  Need not read wall_dist.dat 
 No FDM.in, Donot use hybrid FVM/FDM
 my_id, block_no, FDM, FD_Flux, FD_Scheme=           0           1           0
 comput Jocabian OK ...
 Check mesh quality ......
 Check mesh quality OK
 Initial by Free-stream flow ......
  Start ......
   DBG iter           1  maxU2=   6.0025208243265071E-002  maxFi=   1.4840556339203233E-003  maxFj=   0.0000000000000000       Fi(21,1,1)=   1.5851190627382590E-005  Fi(21,21,1)=   2.2761341808423137E-004  Fi(41,21,1)=   2.2761341808423132E-004
   DBG div max=   1.2340556339203231E-003  res_p=   1.2340556339203231E-003
   SIMPLE iter           1  res_p=   1.2340556339203231E-003  u(1,1,1)=   3.1021251092606707E-002  p(1,1,1)=  -1.8306936493153503E-002
   DBG iter           2  maxU2=   8.1501951740624357E-002  maxFi=   1.5268675546564866E-003  maxFj=   3.9399171723732916E-004  Fi(21,1,1)=   4.7942442445540040E-005  Fi(21,21,1)=   2.0725729983962372E-004  Fi(41,21,1)=   2.0725637523081946E-004
   DBG div max=   1.3913376327789430E-003  res_p=   1.3913376327789430E-003
   SIMPLE iter           2  res_p=   1.3913376327789430E-003  u(1,1,1)=   2.0707576057859185E-002  p(1,1,1)=   3.1060321945416868E-002
   DBG iter           3  maxU2=   8.6724543667612314E-002  maxFi=   2.0375487935156084E-003  maxFj=   6.6190534323825830E-004  Fi(21,1,1)=   2.8410898028070215E-005  Fi(21,21,1)=   1.8900483242899633E-004  Fi(41,21,1)=   1.8872561379128160E-004
   DBG div max=   7.2699299199255741E-004  res_p=   7.2699299199255741E-004
   SIMPLE iter           3  res_p=   7.2699299199255741E-004  u(1,1,1)=   1.6905749041278891E-002  p(1,1,1)=   9.6428676500772886E-002
   SIMPLE iter           4  res_p=   9.3463194457899142E-004  u(1,1,1)=   1.1962238788762732E-002  p(1,1,1)=  0.16109006191728764     
   SIMPLE iter           5  res_p=   9.0037188723652618E-004  u(1,1,1)=   8.6595797865189009E-003  p(1,1,1)=  0.21228834593527460     
 DEBUG T iter          50 min   299.99999999999966      max   300.00000000000040     
 DEBUG T iter         100 min   299.99999999999966      max   300.00000000000034     
   SIMPLE iter         100  res_p=   3.1567152471229694E-007  u(1,1,1)=   1.7496244617325337E-003  p(1,1,1)=  0.24671664454227329     
 DEBUG T iter         150 min   299.99999999999960      max   300.00000000000040     
 DEBUG T iter         200 min   299.99999999999955      max   300.00000000000057     
   SIMPLE iter         200  res_p=   1.1756858798419859E-009  u(1,1,1)=   1.7277316322296908E-003  p(1,1,1)=  0.24671924115785571     
 Porous solver Block           1  SIMPLE iterations:         204  res_p:   9.7252199904794002E-010
 --------------Force and Moment -----------------------------
 Total Force Coefficient (CL, CD, CS) =
  -8.2955864399991697E-013   0.0000000000000000        0.0000000000000000     
 Total Moment Coefficient(CMx, CMy, CMz)=
   4.1477932199995848E-013   0.0000000000000000        1.3189094261178980E-010
 Kstep, t=           1   1.0000000000000000     
 ----------The Max Residuals are--------  ---Mesh---           1
    0.0000000000E+00    0.0000000000E+00    0.0000000000E+00    0.0000000000E+00    0.0000000000E+00
   The R.M.S Residuals are 
    0.0000000000E+00    0.0000000000E+00    0.0000000000E+00    0.0000000000E+00    0.0000000000E+00
 write flow3d.dat ......
 write flow3d.dat OK
 Output Ts to Ts_block_1.dat
 write VTK files ......
 write VTK files OK
