 ----------------- OpenCFD-EC3D ver 1.14a (MPI-OpenMP version)------------------
         Copyright by Li Xinliang, lixl@imech.ac.cn                            
         Programming by Li Xinliang  2016-1                                   
 ----------------------------------------------------------------------------- 
 Check if Multi-Grid can be used ...
 Total Block number is            1 Total Cell number is         6400
 Check multigrid OK
 can not find partation.dat,  create partation ...
 Partation ......
 Total Cell number=        6400
 Total Grid number=       13202
 Max grid number is        13202  ... rato to mean grid is   1.0000000000000000     
 Min grid number is        13202  ... rato to mean grid is   1.0000000000000000     
 rato max to min is    1.0000000000000000     
 Read material.in OK, Total_block=           1
   Block           1 : Block_type=           2  rho=   0.0000000000000000       Cp=   0.0000000000000000       k=   0.0000000000000000     
 porous.inp not found: porous blocks use defaults (eps=0.9, dp=1e-3 m, hv=0)
 creat main mesh OK, Num_Cell=        6400
  read main mesh ...
  Mesh3d.x layout: separate (x,y,z in three records per block)
 read Mesh3d.x OK
 Convert bc3d.inp to bc3d.inc ...
 Convert bc3d.inp to bc3d.inc OK
 read bc3d.inc (Link/boundary file)......
 read bc3d.inc OK
 bc3d_interface.inp not found, skip interface
 solid_bc.inp not found, no solid thermal BCs
  Need not read wall_dist.dat 
 No FDM.in, Donot use hybrid FVM/FDM
 my_id, block_no, FDM, FD_Flux, FD_Scheme=           0           1           0
 comput Jocabian OK ...
 Check mesh quality ......
 Check mesh quality OK
 Initial by Free-stream flow ......
  Start ......
 [CMPM] blk           1  it           1  U2(2,10,1)=   9.9101200301716069E-002  U3(2,10,1)=   0.0000000000000000       du(2,10,1)=   1.2493753123438273E-002  apu(2,10,1)=  0.10005000000000003       conv_src(2,10,1)=   0.0000000000000000       Fin(2,10,1)=   0.0000000000000000       metric=           1
 [FACE] it           1  un=  0.71387725406978864       ue_leg=  0.71387725406978864       ub=  0.46400219160102324       df=   1.2493753123438273E-002  gpf=  -19.999999999999996       gpleg=  -19.999999999999993       n=   1.0000000000000000       -0.0000000000000000        0.0000000000000000       dmag=   4.9999999999999996E-002  sLL=  -5.0000000000000003E-002  sRR=  0.10000000000000001     
 [FFCMP] blk           1  maxFi=   1.7846951340706147E-002  maxFj=   0.0000000000000000       Fi(2,10,1)=   1.7846931351744713E-002  Fj(2,10,1)=   0.0000000000000000     
 [CMP] blk           1  it           1  du(2,10,1)=   1.2493753123438273E-002  apu(2,10,1)=  0.10005000000000003       U2(2,10,1)= -0.20160377201372406       U3(2,10,1)=  -1.3979367336853603E-003  p(2,10,1)=  0.35753479842112218       pp(2,10,1)=   1.7876739921056108       Fi(2,10,1)=   1.7846931351744713E-002  Fj(2,10,1)=   0.0000000000000000       metric=           1
   DBG iter           1  maxU2=  0.60734142561953641       maxFi=   1.7846951340706147E-002  maxFj=   0.0000000000000000       Fi(nx/2,1,1)=   1.4462748977168377E-100  Fi(nx,ny/2,1)=   0.0000000000000000     
   DBG div max=   1.7846951340706147E-002  res_p=   1.7846951340706147E-002
   SIMPLE iter           1  res_p=   1.7846951340706147E-002  u(1,1,1)=  0.37303443078874815       p(1,1,1)= -0.11568844775498605     
 [CMPM] blk           1  it           2  U2(2,10,1)=  0.21340690520741315       U3(2,10,1)=  -2.1117791339688944E-003  du(2,10,1)=   1.2325611406330867E-002  apu(2,10,1)=  0.10141484740935089       conv_src(2,10,1)=   0.0000000000000000       Fin(2,10,1)=   1.7846931351744713E-002  metric=           1
 [FACE] it           2  un=  0.72947817865429709       ue_leg=  0.72947817865429709       ub=  0.65513133696471793       df=   1.1464046310822271E-002  gpf=  -16.528673159147505       gpleg=  -16.528673159147505       n=   1.0000000000000000       -0.0000000000000000        0.0000000000000000       dmag=   4.9999999999999996E-002  sLL=  -5.0000000000000003E-002  sRR=  0.10000000000000001     
 [FFCMP] blk           1  maxFi=   1.8325392634652174E-002  maxFj=   1.2152615477310170E-003  Fi(2,10,1)=   1.8236954466357425E-002  Fj(2,10,1)=  -1.4137521151227068E-004
 [CMP] blk           1  it           2  du(2,10,1)=   1.2325611406330867E-002  apu(2,10,1)=  0.10141484740935089       U2(2,10,1)=   6.0304357244833184E-002  U3(2,10,1)=  -7.2670290772017939E-003  p(2,10,1)=   1.2821216994997340       pp(2,10,1)=   4.6229345053930588       Fi(2,10,1)=   1.8236954466357425E-002  Fj(2,10,1)=  -1.4137521151227068E-004  metric=           1
   DBG iter           2  maxU2=  0.61676876733389396       maxFi=   1.8325392634652174E-002  maxFj=   1.2152615477310170E-003  Fi(nx/2,1,1)=   8.4316832152979358E-027  Fi(nx,ny/2,1)=   3.8242315884577389E-071
   DBG div max=   1.5042788219153329E-002  res_p=   1.5042788219153329E-002
   SIMPLE iter           2  res_p=   1.5042788219153329E-002  u(1,1,1)=  0.11455954244657152       p(1,1,1)=  0.40869559365203650     
 [CMPM] blk           1  it           3  U2(2,10,1)=  0.29389490298891346       U3(2,10,1)=  -1.0639489617303016E-002  du(2,10,1)=   1.2092008806877464E-002  apu(2,10,1)=  0.10337405636762755       conv_src(2,10,1)=   0.0000000000000000       Fin(2,10,1)=   1.8236954466357425E-002  metric=           1
 [FACE] it           3  un=  0.48158887242412018       ue_leg=  0.48158887242412018       ub=  0.59033404162182423       df=   1.1327507537287698E-002  gpf=  -7.9064198544788811       gpleg=  -7.9064198544788784       n=   1.0000000000000000       -0.0000000000000000        0.0000000000000000       dmag=   4.9999999999999996E-002  sLL=  -5.0000000000000003E-002  sRR=  0.10000000000000001     
 [FFCMP] blk           1  maxFi=   1.5419219183347346E-002  maxFj=   3.2816230462994881E-003  Fi(2,10,1)=   1.2039721810603001E-002  Fj(2,10,1)=  -7.1773494493691933E-004
 [CMP] blk           1  it           3  du(2,10,1)=   1.2092008806877464E-002  apu(2,10,1)=  0.10337405636762755       U2(2,10,1)=  0.27946615477179582       U3(2,10,1)=  -1.1271097345444911E-002  p(2,10,1)=   1.7517273466671774       pp(2,10,1)=   2.3480282358372175       Fi(2,10,1)=   1.2039721810603001E-002  Fj(2,10,1)=  -7.1773494493691933E-004  metric=           1
   DBG iter           3  maxU2=  0.65227605623551166       maxFi=   1.5419219183347346E-002  maxFj=   3.2816230462994881E-003  Fi(nx/2,1,1)=   1.8241847129746712E-017  Fi(nx,ny/2,1)=   2.8695101419042988E-049
   DBG div max=   4.9249820266442385E-003  res_p=   4.9249820266442385E-003
   SIMPLE iter           3  res_p=   4.9249820266442385E-003  u(1,1,1)=  0.14926477327397419       p(1,1,1)=  0.75184431205144442     
 [FACE] it           4  un=  0.42904235889101516       ue_leg=  0.42904235889101516       ub=  0.60582904593978626       df=   1.1323711214855835E-002  gpf=  -3.4899061199961716       gpleg=  -3.4899061199961712       n=   1.0000000000000000       -0.0000000000000000        0.0000000000000000       dmag=   4.9999999999999996E-002  sLL=  -5.0000000000000003E-002  sRR=  0.10000000000000001     
   SIMPLE iter           4  res_p=   6.0712248133579427E-003  u(1,1,1)=  0.11134994336646756       p(1,1,1)=   1.1191241650135466     
   SIMPLE iter           5  res_p=   7.7680575931718971E-003  u(1,1,1)=   8.0012713675594926E-002  p(1,1,1)=   1.4585888542693528     
 DEBUG T iter          50 min   299.99999999999966      max   300.00000000000040     
 DEBUG T iter         100 min   299.99999999999943      max   300.00000000000045     
   SIMPLE iter         100  res_p=   5.5341709896102193E-005  u(1,1,1)=   3.6585180593289329E-002  p(1,1,1)=   1.9743031685518675     
 DEBUG T iter         150 min   299.99999999999926      max   300.00000000000068     
 DEBUG T iter         200 min   299.99999999999937      max   300.00000000000080     
   SIMPLE iter         200  res_p=   2.2891398031448887E-005  u(1,1,1)=   4.9623237568369470E-002  p(1,1,1)=   1.9870527442844663     
 DEBUG T iter         250 min   299.99999999999943      max   300.00000000000074     
 DEBUG T iter         300 min   299.99999999999937      max   300.00000000000051     
   SIMPLE iter         300  res_p=   1.9274684030998461E-006  u(1,1,1)=   6.1657184064874512E-002  p(1,1,1)=   1.9867009999778347     
 DEBUG T iter         350 min   299.99999999999926      max   300.00000000000074     
 DEBUG T iter         400 min   299.99999999999932      max   300.00000000000063     
   SIMPLE iter         400  res_p=   3.4078769675386003E-006  u(1,1,1)=   6.8613539582760064E-002  p(1,1,1)=   1.9849904294526766     
 DEBUG T iter         450 min   299.99999999999932      max   300.00000000000068     
 DEBUG T iter         500 min   299.99999999999932      max   300.00000000000074     
   SIMPLE iter         500  res_p=   1.3759841538456481E-006  u(1,1,1)=   7.2176403870445674E-002  p(1,1,1)=   1.9846642860427675     
 DEBUG T iter         550 min   299.99999999999937      max   300.00000000000074     
 DEBUG T iter         600 min   299.99999999999937      max   300.00000000000063     
   SIMPLE iter         600  res_p=   1.8518576431841897E-007  u(1,1,1)=   7.4293662126829779E-002  p(1,1,1)=   1.9849795483249764     
 DEBUG T iter         650 min   299.99999999999932      max   300.00000000000057     
 DEBUG T iter         700 min   299.99999999999932      max   300.00000000000057     
   SIMPLE iter         700  res_p=   2.8084808318910652E-007  u(1,1,1)=   7.5765355516302466E-002  p(1,1,1)=   1.9852546632226182     
 DEBUG T iter         750 min   299.99999999999937      max   300.00000000000057     
 DEBUG T iter         800 min   299.99999999999932      max   300.00000000000063     
   SIMPLE iter         800  res_p=   1.4537170318201200E-007  u(1,1,1)=   7.6805603481152965E-002  p(1,1,1)=   1.9853786630818575     
 DEBUG T iter         850 min   299.99999999999943      max   300.00000000000074     
 DEBUG T iter         900 min   299.99999999999937      max   300.00000000000063     
   SIMPLE iter         900  res_p=   5.6496368882358208E-008  u(1,1,1)=   7.7511591202389929E-002  p(1,1,1)=   1.9854288215536873     
 DEBUG T iter         950 min   299.99999999999932      max   300.00000000000068     
 DEBUG T iter        1000 min   299.99999999999937      max   300.00000000000063     
   SIMPLE iter        1000  res_p=   3.2110182051692792E-008  u(1,1,1)=   7.7978300559492841E-002  p(1,1,1)=   1.9854592641685593     
 DEBUG T iter        1050 min   299.99999999999920      max   300.00000000000057     
 DEBUG T iter        1100 min   299.99999999999937      max   300.00000000000057     
   SIMPLE iter        1100  res_p=   2.2729324044529239E-008  u(1,1,1)=   7.8286688273974281E-002  p(1,1,1)=   1.9854835438131435     
 DEBUG T iter        1150 min   299.99999999999937      max   300.00000000000057     
 DEBUG T iter        1200 min   299.99999999999926      max   300.00000000000057     
   SIMPLE iter        1200  res_p=   1.7852330390259365E-008  u(1,1,1)=   7.8492459385066132E-002  p(1,1,1)=   1.9855017476634467     
 DEBUG T iter        1250 min   299.99999999999937      max   300.00000000000074     
 DEBUG T iter        1300 min   299.99999999999937      max   300.00000000000080     
   SIMPLE iter        1300  res_p=   1.2474070464060181E-008  u(1,1,1)=   7.8630608019638532E-002  p(1,1,1)=   1.9855140581413631     
 Low-speed solver Block           1  SIMPLE iterations:        1336  res_p:   9.9418225720546992E-009  FV_metric:           1
 --------------Force and Moment -----------------------------
 Total Force Coefficient (CL, CD, CS) =
   0.0000000000000000        0.0000000000000000        0.0000000000000000     
 Total Moment Coefficient(CMx, CMy, CMz)=
   0.0000000000000000        0.0000000000000000        0.0000000000000000     
 Kstep, t=           1   1.0000000000000000     
 ----------The Max Residuals are--------  ---Mesh---           1
    0.0000000000E+00    0.0000000000E+00    0.0000000000E+00    0.0000000000E+00    0.0000000000E+00
   The R.M.S Residuals are 
    0.0000000000E+00    0.0000000000E+00    0.0000000000E+00    0.0000000000E+00    0.0000000000E+00
 write flow3d.dat ......
 write flow3d.dat OK
 write VTK files ......
 write VTK files OK
