 ----------------- OpenCFD-EC3D ver 1.14a (MPI-OpenMP version)------------------
         Copyright by Li Xinliang, lixl@imech.ac.cn                            
         Programming by Li Xinliang  2016-1                                   
 ----------------------------------------------------------------------------- 
 Check if Multi-Grid can be used ...
 Total Block number is            1 Total Cell number is          400
 Check multigrid OK
 can not find partation.dat,  create partation ...
 Partation ......
 Total Cell number=         400
 Total Grid number=        1604
 Max grid number is         1604  ... rato to mean grid is   1.0000000000000000     
 Min grid number is         1604  ... rato to mean grid is   1.0000000000000000     
 rato max to min is    1.0000000000000000     
 Read material.in OK, Total_block=           1
   Block           1 : Block_type=           3  rho=   8000.0000000000000       Cp=   500.00000000000000       k=   13.400000000000000     
 Read porous.inp OK
   Porous Block           1 : eps=  0.59999999999999998       dp=   1.0000000000000000E-003  hv=   1150446.0000000000       rho_s=   8000.0000000000000       k_s=   13.400000000000000     
 creat main mesh OK, Num_Cell=         400
  read main mesh ...
  Mesh3d.x layout: separate (x,y,z in three records per block)
 read Mesh3d.x OK
 Convert bc3d.inp to bc3d.inc ...
 Convert bc3d.inp to bc3d.inc OK
 read bc3d.inc (Link/boundary file)......
 read bc3d.inc OK
 bc3d_interface.inp not found, skip interface
 Read solid_bc.inp OK
   Block           1  (solid):           2  thermal BC faces
     face           1  Tw=   0.0000000000000000       Qw=   0.0000000000000000     
     face           4  Tw=  -1.0000000000000000       Qw=   2000000.0000000000     
  Need not read wall_dist.dat 
 No FDM.in, Donot use hybrid FVM/FDM
 my_id, block_no, FDM, FD_Flux, FD_Scheme=           0           1           0
 comput Jocabian OK ...
 Check mesh quality ......
 Check mesh quality OK
 Initial by Free-stream flow ......
  Start ......
  AC porous solver (LS_Algorithm=3) block           1  eps=  0.59999999999999998       dp=   1.0000000000000000E-003  hv=   1150446.0000000000       beta=   400.00000000000000       CFL=   20.000000000000000     
   AC-porous iter           1  res_q=   0.0000000000000000       res_m=   1069.2000000000003     
   AC-porous iter           1  res_q=   0.0000000000000000       res_m=   1069.2000000000003     
   AC-porous iter        5000  res_q=   4.3194010146409504E-003  res_m=  0.13816158194618339     
   AC-porous iter       10000  res_q=   5.3017146228739865E-007  res_m=   6.5402644237879889E-006
  AC porous solver block           1 : iterations =       10446  final res_q=   2.8741897750705897E-007  res_m=   9.9417262616755917E-007
   AC-porous LTNE iter        2000  dTf=   12.778160633981315       dTs=   15.597659212675353       Tf[   300.00914706094483      ,   744.77008674287435      ]  Ts[   301.29254499598977      ,   1127.2957871582016      ]
   AC-porous LTNE iter        4000  dTf=   6.7771989389151486       dTs=   7.7035999794572945       Tf[   300.12367358028632      ,   927.04137186410583      ]  Ts[   317.45238819740422      ,   1341.0041719929397      ]
   AC-porous LTNE iter        6000  dTf=   4.2807047966675782       dTs=   4.7224589094059866       Tf[   300.29972545504262      ,   1033.4293787117572      ]  Ts[   342.28511501710057      ,   1459.9868302005177      ]
   AC-porous LTNE iter        8000  dTf=   2.9425341887567811       dTs=   3.1978008857095119       Tf[   300.46307418031734      ,   1103.8169434951221      ]  Ts[   365.32405558794829      ,   1536.9956359571975      ]
   AC-porous LTNE iter       10000  dTf=   2.1075755953179396       dTs=   2.2742616070336226       Tf[   300.59454039150728      ,   1153.3256829183581      ]  Ts[   383.86572054155522      ,   1590.5855394783614      ]
   AC-porous LTNE iter       12000  dTf=   1.5380662312452387       dTs=   1.6544884877134791       Tf[   300.69517538219787      ,   1189.1635726732356      ]  Ts[   398.05887643722451      ,   1629.1887148265869      ]
   AC-porous LTNE iter       14000  dTf=   1.1316829999643687       dTs=   1.2156850309345373       Tf[   300.77071313637560      ,   1215.4395150478199      ]  Ts[   408.71237284213998      ,   1657.4316285455150      ]
   AC-porous LTNE iter       16000  dTf=  0.83560778349851716       dTs=  0.89710971453837374       Tf[   300.82695888384876      ,   1234.8117370005871      ]  Ts[   416.64499945509516      ,   1678.2348803347825      ]
   AC-porous LTNE iter       18000  dTf=  0.61791808682551164       dTs=  0.66323338571055501       Tf[   300.86869948367911      ,   1249.1279661542987      ]  Ts[   422.53188619499980      ,   1693.6026297785222      ]
   AC-porous LTNE iter       20000  dTf=  0.45723082828521910       dTs=  0.49071049773510822       Tf[   300.89963196298834      ,   1259.7184258465854      ]  Ts[   426.89444795674439      ,   1704.9690633798448      ]
   AC-porous LTNE iter       22000  dTf=  0.33842085967830826       dTs=  0.36318478126031550       Tf[   300.92254127127421      ,   1267.5560830041020      ]  Ts[   430.12546148035142      ,   1713.3804009898636      ]
   AC-porous LTNE iter       24000  dTf=  0.25051186458040320       dTs=  0.26883798636822576       Tf[   300.93950415928566      ,   1273.3575282088354      ]  Ts[   432.51782168539273      ,   1719.6062994976176      ]
   AC-porous LTNE iter       26000  dTf=  0.18544727404696459       dTs=  0.19901202746245872       Tf[   300.95206276185689      ,   1277.6520949491894      ]  Ts[   434.28902363422588      ,   1724.2150130016146      ]
   AC-porous LTNE iter       28000  dTf=  0.13728449449195068       dTs=  0.14732582878309586       Tf[   300.96136019891765      ,   1280.8312856891723      ]  Ts[   435.60028723869226      ,   1727.6267427106761      ]
   AC-porous LTNE iter       30000  dTf=  0.10163101967100374       dTs=  0.10906441299061953       Tf[   300.96824318490104      ,   1283.1848158464652      ]  Ts[   436.57102884334597      ,   1730.1524139391538      ]
   AC-porous LTNE iter       32000  dTf=   7.5237207513509929E-002  dTs=   8.0740082467855245E-002  Tf[   300.97333868733807      ,   1284.9271260125925      ]  Ts[   437.28967278873495      ,   1732.0221577482773      ]
   AC-porous LTNE iter       34000  dTf=   5.5698016121823457E-002  dTs=   5.9771772662770672E-002  Tf[   300.97711089555395      ,   1286.2169553195306      ]  Ts[   437.82168599577784      ,   1733.4063254069870      ]
   AC-porous LTNE iter       36000  dTf=   4.1233202801095103E-002  dTs=   4.4248997154227254E-002  Tf[   300.97990346299918      ,   1287.1718147946499      ]  Ts[   438.21553561302204      ,   1734.4310233031160      ]
   AC-porous LTNE iter       38000  dTf=   3.0524919999379563E-002  dTs=   3.2757509588236644E-002  Tf[   300.98197080067297      ,   1287.8786967158264      ]  Ts[   438.50710248377101      ,   1735.1896065121459      ]
   AC-porous LTNE iter       40000  dTf=   2.2597586095571387E-002  dTs=   2.4250370809113519E-002  Tf[   300.98350125035142      ,   1288.4020010936606      ]  Ts[   438.72294938156881      ,   1735.7511853135509      ]
   AC-porous LTNE iter       42000  dTf=   1.6728984802966806E-002  dTs=   1.7952540579699416E-002  Tf[   300.98463424182677      ,   1288.7894031267933      ]  Ts[   438.88274078054565      ,   1736.1669218825700      ]
   AC-porous LTNE iter       44000  dTf=   1.2384461650299272E-002  dTs=   1.3290259516452352E-002  Tf[   300.98547299506498      ,   1289.0761967150834      ]  Ts[   439.00103430369973      ,   1736.4746915160779      ]
   AC-porous LTNE iter       46000  dTf=   9.1682127520016365E-003  dTs=   9.8387745979380270E-003  Tf[   300.98609392381508      ,   1289.2885099102059      ]  Ts[   439.08860696051494      ,   1736.7025332697549      ]
   AC-porous LTNE iter       48000  dTf=   6.7872248107505584E-003  dTs=   7.2836415122310427E-003  Tf[   300.98655359716361      ,   1289.4456852967110      ]  Ts[   439.15343696940181      ,   1736.8712044427377      ]
   AC-porous LTNE iter       50000  dTf=   5.0245802472090872E-003  dTs=   5.3920773668778565E-003  Tf[   300.98689389319031      ,   1289.5620421824701      ]  Ts[   439.20143060338705      ,   1736.9960716553080      ]
   AC-porous LTNE iter       52000  dTf=   3.7196950695488340E-003  dTs=   3.9917530584716587E-003  Tf[   300.98714581422519      ,   1289.6481811459219      ]  Ts[   439.23696027458175      ,   1737.0885108108150      ]
   AC-porous LTNE iter       54000  dTf=   2.7536890113424306E-003  dTs=   2.9550934511917148E-003  Tf[   300.98733231128290      ,   1289.7119497916865      ]  Ts[   439.26326287827459      ,   1737.1569434866467      ]
   AC-porous LTNE iter       56000  dTf=   2.0385550537866948E-003  dTs=   2.1876546929888718E-003  Tf[   300.98747037499237      ,   1289.7591576987750      ]  Ts[   439.28273468697796      ,   1737.2076041736316      ]
   AC-porous LTNE iter       58000  dTf=   1.5091416205450514E-003  dTs=   1.6195200291804213E-003  Tf[   300.98757258351014      ,   1289.7941056965676      ]  Ts[   439.29714966043554      ,   1737.2451082632197      ]
   AC-porous LTNE iter       60000  dTf=   1.1172170372901746E-003  dTs=   1.1989301369794703E-003  Tf[   300.98764824844147      ,   1289.8199776876286      ]  Ts[   439.30782106045206      ,   1737.2728725281827      ]
  AC-porous LTNE block           1 : sweeps =       61300  final dTf=   9.1886658810835797E-004  dTs=   9.8607236805037246E-004
 write flow3d.dat ......
 write flow3d.dat OK
 Output Ts to Ts_block_1.dat
 write VTK files ......
 write VTK files OK
