 ----------------- OpenCFD-EC3D ver 1.14a (MPI-OpenMP version)------------------
         Copyright by Li Xinliang, lixl@imech.ac.cn                            
         Programming by Li Xinliang  2016-1                                   
 ----------------------------------------------------------------------------- 
 Check if Multi-Grid can be used ...
 Total Block number is            1 Total Cell number is          400
 Check multigrid OK
 can not find partation.dat,  create partation ...
 Partation ......
 Total Cell number=         400
 Total Grid number=        1604
 Max grid number is         1604  ... rato to mean grid is   1.0000000000000000     
 Min grid number is         1604  ... rato to mean grid is   1.0000000000000000     
 rato max to min is    1.0000000000000000     
 Read material.in OK, Total_block=           1
   Block           1 : Block_type=           3  rho=   8000.0000000000000       Cp=   500.00000000000000       k=   13.400000000000000     
 Read porous.inp OK
   Porous Block           1 : eps=  0.29999999999999999       dp=   1.0000000000000000E-003  hv=   2013280.0000000000       rho_s=   8000.0000000000000       k_s=   13.400000000000000     
 creat main mesh OK, Num_Cell=         400
  read main mesh ...
  Mesh3d.x layout: separate (x,y,z in three records per block)
 read Mesh3d.x OK
 Convert bc3d.inp to bc3d.inc ...
 Convert bc3d.inp to bc3d.inc OK
 read bc3d.inc (Link/boundary file)......
 read bc3d.inc OK
 bc3d_interface.inp not found, skip interface
 Read solid_bc.inp OK
   Block           1  (solid):           2  thermal BC faces
     face           1  Tw=   0.0000000000000000       Qw=   0.0000000000000000     
     face           4  Tw=  -1.0000000000000000       Qw=   2000000.0000000000     
  Need not read wall_dist.dat 
 No FDM.in, Donot use hybrid FVM/FDM
 my_id, block_no, FDM, FD_Flux, FD_Scheme=           0           1           0
 comput Jocabian OK ...
 Check mesh quality ......
 Check mesh quality OK
 Initial by Free-stream flow ......
  Start ......
  AC porous solver (LS_Algorithm=3) block           1  eps=  0.29999999999999999       dp=   1.0000000000000000E-003  hv=   2013280.0000000000       beta=   400.00000000000000       CFL=   20.000000000000000     
   AC-porous iter           1  res_q=   0.0000000000000000       res_m=   3486.3499999999999     
   AC-porous iter           1  res_q=   0.0000000000000000       res_m=   3486.3499999999999     
   AC-porous iter        5000  res_q=  0.60088688681236835       res_m=   1.9902257504417431     
   AC-porous iter       10000  res_q=   1.9819751484462240E-003  res_m=   6.5548054384477143E-003
   AC-porous iter       15000  res_q=   6.5520922021278230E-006  res_m=   2.1669086230220157E-005
  AC porous solver block           1 : iterations =       17693  final res_q=   3.0220714819506606E-007  res_m=   9.9936768929724092E-007
   AC-porous LTNE iter        2000  dTf=   9.7009014871898671       dTs=   10.545492476902155       Tf[   300.01050537152008      ,   641.36509393903304      ]  Ts[   300.85283631958436      ,   798.22830274182786      ]
   AC-porous LTNE iter        4000  dTf=   5.7048259403693464       dTs=   5.9930030350625429       Tf[   300.16311183242186      ,   786.57595232956521      ]  Ts[   313.22352154878951      ,   952.97067379396685      ]
   AC-porous LTNE iter        6000  dTf=   4.0080325702457458       dTs=   4.1518489184791179       Tf[   300.43952722176806      ,   880.93332102287616      ]  Ts[   335.62291704646822      ,   1051.3360227181645      ]
   AC-porous LTNE iter        8000  dTf=   3.0765066675578510       dTs=   3.1624279990087416       Tf[   300.73973061294225      ,   950.52733884550958      ]  Ts[   359.94781742898851      ,   1123.1205292682307      ]
   AC-porous LTNE iter       10000  dTf=   2.4777350642035572       dTs=   2.5365746811535246       Tf[   301.01990013186048      ,   1005.3993797351876      ]  Ts[   382.64871041572349      ,   1179.3957999823460      ]
   AC-porous LTNE iter       12000  dTf=   2.0451932658154419       dTs=   2.0895190621281472       Tf[   301.26694750068680      ,   1050.2115886160448      ]  Ts[   402.66561167334362      ,   1225.2192844044407      ]
   AC-porous LTNE iter       14000  dTf=   1.7085378285826209       dTs=   1.7438687420956285       Tf[   301.47965369151069      ,   1087.4549329336724      ]  Ts[   419.89994033086555      ,   1263.2486326966459      ]
   AC-porous LTNE iter       16000  dTf=   1.4354588906942354       dTs=   1.4644706453768777       Tf[   301.66086578397289      ,   1118.6694617976243      ]  Ts[   434.58245169163246      ,   1295.1002676122598      ]
   AC-porous LTNE iter       18000  dTf=   1.2092560669216255       dTs=   1.2334315937898737       Tf[   301.81450706839308      ,   1144.9351749455720      ]  Ts[   447.03105448212619      ,   1321.8935338780905      ]
   AC-porous LTNE iter       20000  dTf=   1.0199695521171179       dTs=   1.0402570509179441       Tf[   301.94448523577717      ,   1167.0777219195843      ]  Ts[   457.56237581422022      ,   1344.4774619502593      ]
   AC-porous LTNE iter       22000  dTf=  0.86081102775074214       dTs=  0.87789213046767145       Tf[   302.05433281322757      ,   1185.7604834386054      ]  Ts[   466.46263868827424      ,   1363.5313219106663      ]
   AC-porous LTNE iter       24000  dTf=  0.72668346215868951       dTs=  0.74108712903444030       Tf[   302.14712380796908      ,   1201.5303786775132      ]  Ts[   473.98091239790870      ,   1379.6139410090250      ]
   AC-porous LTNE iter       26000  dTf=  0.61353160421504072       dTs=  0.62568623481797658       Tf[   302.22548956527390      ,   1214.8440370056592      ]  Ts[   480.33039904936112      ,   1393.1914128925835      ]
   AC-porous LTNE iter       28000  dTf=  0.51802860740463075       dTs=  0.52828879082221647       Tf[   302.29166592598193      ,   1226.0849999334539      ]  Ts[   485.69225508648856      ,   1404.6550392571041      ]
   AC-porous LTNE iter       30000  dTf=  0.43740345410083137       dTs=  0.44606580176287025       Tf[   302.34754626668200      ,   1235.5763287577088      ]  Ts[   490.21988905746042      ,   1414.3343434016801      ]
   AC-porous LTNE iter       32000  dTf=  0.36933127029624302       dTs=  0.37664514020229944       Tf[   302.39473146247821      ,   1243.5904995010915      ]  Ts[   494.04300988383989      ,   1422.5072222873703      ]
   AC-porous LTNE iter       34000  dTf=  0.31185481832312689       dTs=  0.31803033489586596       Tf[   302.43457410146414      ,   1250.3574640772799      ]  Ts[   497.27120932122307      ,   1429.4081912843403      ]
   AC-porous LTNE iter       36000  dTf=  0.26332373099467077       dTs=  0.26853815147273963       Tf[   302.46821661218524      ,   1256.0713418999705      ]  Ts[   499.99705120383720      ,   1435.2352176677728      ]
   AC-porous LTNE iter       38000  dTf=  0.22234536490736900       dTs=  0.22674829622110337       Tf[   302.49662376847192      ,   1260.8960250904920      ]  Ts[   502.29870511351805      ,   1440.1554404926644      ]
   AC-porous LTNE iter       40000  dTf=  0.18774414886456725       dTs=  0.19146189056436924       Tf[   302.52061025756967      ,   1264.9698937665012      ]  Ts[   504.24218005486551      ,   1444.3099806931627      ]
   AC-porous LTNE iter       42000  dTf=  0.15852758998357785       dTs=  0.16166677694582177       Tf[   302.54086400578331      ,   1268.4097906350435      ]  Ts[   505.88321438701900      ,   1447.8179949439113      ]
   AC-porous LTNE iter       44000  dTf=  0.13385769968090244       dTs=  0.13650836844499281       Tf[   302.55796589286263      ,   1271.3143743593541      ]  Ts[   507.26887315716220      ,   1450.7800956511157      ]
   AC-porous LTNE iter       46000  dTf=  0.11302691723335556       dTs=  0.11526509142140640       Tf[   302.57240640576254      ,   1273.7669500197148      ]  Ts[   508.43889745048108      ,   1453.2812375488395      ]
   AC-porous LTNE iter       48000  dTf=   9.5437799910541798E-002  dTs=   9.7327671827997619E-002  Tf[   302.58459970362156      ,   1275.8378586866972      ]  Ts[   509.42684398739431      ,   1455.3931546246799      ]
   AC-porous LTNE iter       50000  dTf=   8.0585881556999084E-002  dTs=   8.2181653745465155E-002  Tf[   302.59489549508743      ,   1277.5864949694437      ]  Ts[   510.26104746876570      ,   1457.1764176330505      ]
   AC-porous LTNE iter       52000  dTf=   6.8045201686800283E-002  dTs=   6.9392641655667830E-002  Tf[   302.60358906774275      ,   1279.0630105320424      ]  Ts[   510.96543319750776      ,   1458.6821713499560      ]
   AC-porous LTNE iter       54000  dTf=   5.7456087782384202E-002  dTs=   5.8593840724824986E-002  Tf[   302.61092975693748      ,   1280.3097524855609      ]  Ts[   511.56020325498127      ,   1459.9536014503199      ]
   AC-porous LTNE iter       56000  dTf=   4.8514839331346593E-002  dTs=   4.9475536491627281E-002  Tf[   302.61712809677698      ,   1281.3624779297952      ]  Ts[   512.06241590079321      ,   1461.0271731009966      ]
   AC-porous LTNE iter       58000  dTf=   4.0965017418557181E-002  dTs=   4.1776212025069981E-002  Tf[   302.62236185830926      ,   1282.2513794853874      ]  Ts[   512.48647480926786      ,   1461.9336768009957      ]
   AC-porous LTNE iter       60000  dTf=   3.4590089868515861E-002  dTs=   3.5275047335517229E-002  Tf[   302.62678114806641      ,   1283.0019512323947      ]  Ts[   512.84454217230370      ,   1462.6991114674915      ]
   AC-porous LTNE iter       62000  dTf=   2.9207221011802176E-002  dTs=   2.9785586207708548E-002  Tf[   302.63051271318130      ,   1283.6357198921585      ]  Ts[   513.14688751604820      ,   1463.3454300967805      ]
   AC-porous LTNE iter       64000  dTf=   2.4662027837393907E-002  dTs=   2.5150388522206413E-002  Tf[   302.63366357654866      ,   1284.1708622229226      ]  Ts[   513.40218223516490      ,   1463.8911693856560      ]
   AC-porous LTNE iter       66000  dTf=   2.0824152244586003E-002  dTs=   2.1236514819293006E-002  Tf[   302.63632410628708      ,   1284.6227263373869      ]  Ts[   513.61774829217404      ,   1464.3519813721562      ]
   AC-porous LTNE iter       68000  dTf=   1.7583522312179412E-002  dTs=   1.7931713511188718E-002  Tf[   302.63857060753571      ,   1285.0042718929935      ]  Ts[   513.79976821445985      ,   1464.7410823425357      ]
   AC-porous LTNE iter       70000  dTf=   1.4847195372112765E-002  dTs=   1.5141201469532461E-002  Tf[   302.64046751091814      ,   1285.3264417807072      ]  Ts[   513.95346241180982      ,   1465.0696318803141      ]
   AC-porous LTNE iter       72000  dTf=   1.2536692405092253E-002  dTs=   1.2784945627117850E-002  Tf[   302.64206922044076      ,   1285.5984759717062      ]  Ts[   514.08323890003101      ,   1465.3470529277863      ]
   AC-porous LTNE iter       74000  dTf=   1.0585747161940162E-002  dTs=   1.0795367503533271E-002  Tf[   302.64342167382273      ,   1285.8281765237552      ]  Ts[   514.19281972471447      ,   1465.5813020400669      ]
   AC-porous LTNE iter       76000  dTf=   8.9384057159804797E-003  dTs=   9.1154051890498522E-003  Tf[   302.64456366000962      ,   1286.0221313476916      ]  Ts[   514.28534771111811      ,   1465.7790975826849      ]
   AC-porous LTNE iter       78000  dTf=   7.5474215889244078E-003  dTs=   7.6968766088612028E-003  Tf[   302.64552793165717      ,   1286.1859031514261      ]  Ts[   514.36347660175272      ,   1465.9461124169984      ]
   AC-porous LTNE iter       80000  dTf=   6.3729007729307341E-003  dTs=   6.4990977843990549E-003  Tf[   302.64634214449205      ,   1286.3241889808176      ]  Ts[   514.42944716687816      ,   1466.0871366003882      ]
   AC-porous LTNE iter       82000  dTf=   5.3811574941846629E-003  dTs=   5.4877158722774766E-003  Tf[   302.64702965048895      ,   1286.4409549331110      ]  Ts[   514.48515147071703      ,   1466.2062147672796      ]
   AC-porous LTNE iter       84000  dTf=   4.5437481342105457E-003  dTs=   4.6337240266893787E-003  Tf[   302.64761016761599      ,   1286.5395499060446      ]  Ts[   514.53218713669844      ,   1466.3067621306984      ]
   AC-porous LTNE iter       86000  dTf=   3.8366554274489317E-003  dTs=   3.9126293788740441E-003  Tf[   302.64810034535469      ,   1286.6228016459565      ]  Ts[   514.57190316799665      ,   1466.3916624324054      ]
   AC-porous LTNE iter       88000  dTf=   3.2395996465766075E-003  dTs=   3.3037506157143071E-003  Tf[   302.64851424221376      ,   1286.6930978486062      ]  Ts[   514.60543863749524      ,   1466.4633506496111      ]
   AC-porous LTNE iter       90000  dTf=   2.7354569897397596E-003  dTs=   2.7896248645902233E-003  Tf[   302.64886372893335      ,   1286.7524546393827      ]  Ts[   514.63375535692194      ,   1466.5238828312899      ]
   AC-porous LTNE iter       92000  dTf=   2.3097684068034141E-003  dTs=   2.3555067393772333E-003  Tf[   302.64915882894314      ,   1286.8025743966102      ]  Ts[   514.65766546197347      ,   1466.5749950664704      ]
   AC-porous LTNE iter       94000  dTf=   1.9503249804984080E-003  dTs=   1.9889455684278801E-003  Tf[   302.64940800583850      ,   1286.8448945765167      ]  Ts[   514.67785470476122      ,   1466.6181532760961      ]
   AC-porous LTNE iter       96000  dTf=   1.6468177127535455E-003  dTs=   1.6794282080354606E-003  Tf[   302.64961840612028      ,   1286.8806289400984      ]  Ts[   514.69490212148128      ,   1466.6545952561962      ]
   AC-porous LTNE iter       98000  dTf=   1.3905418925332924E-003  dTs=   1.4180775845034077E-003  Tf[   302.64979606415920      ,   1286.9108023643014      ]  Ts[   514.70929663937864      ,   1466.6853661784728      ]
   AC-porous LTNE iter      100000  dTf=   1.1741473956590198E-003  dTs=   1.1973980208495050E-003  Tf[   302.64994607526427      ,   1286.9362802359260      ]  Ts[   514.72145109943540      ,   1466.7113485662344      ]
   AC-porous LTNE iter      102000  dTf=   9.9142797603235522E-004  dTs=   1.0110603589055245E-003  Tf[   302.65007274181875      ,   1286.9577932713312      ]  Ts[   514.73171409679651      ,   1466.7332876055623      ]
  AC-porous LTNE block           1 : sweeps =      102200  final dTf=   9.7479888609086629E-004  dTs=   9.9410198390614823E-004
 write flow3d.dat ......
 write flow3d.dat OK
 Output Ts to Ts_block_1.dat
 write VTK files ......
 write VTK files OK
