nohup: ignoring input
 ----------------- OpenCFD-EC3D ver 1.14a (MPI-OpenMP version)------------------
         Copyright by Li Xinliang, lixl@imech.ac.cn                            
         Programming by Li Xinliang  2016-1                                   
 ----------------------------------------------------------------------------- 
 Check if Multi-Grid can be used ...
 Total Block number is            2 Total Cell number is        11520
 Check multigrid OK
 can not find partation.dat,  create partation ...
 Partation ......
 Total Cell number=       11520
 Total Grid number=       23716
 Max grid number is        23716  ... rato to mean grid is   1.0000000000000000     
 Min grid number is        23716  ... rato to mean grid is   1.0000000000000000     
 rato max to min is    1.0000000000000000     
 Read material.in OK, Total_block=           2
   Block           1 : Block_type=           0  rho=   0.0000000000000000       Cp=   0.0000000000000000       k=   0.0000000000000000     
   Block           2 : Block_type=           3  rho=   8000.0000000000000       Cp=   500.00000000000000       k=   13.400000000000000     
 Read porous.inp OK
   Porous Block           2 : eps=  0.29999999999999999       dp=   1.0000000000000000E-003  hv=   2000000.0000000000       rho_s=   8000.0000000000000       k_s=   13.400000000000000     
 creat main mesh OK, Num_Cell=       11520
  read main mesh ...
 read Mesh3d.x OK
 Convert bc3d.inp to bc3d.inc ...
 Convert bc3d.inp to bc3d.inc OK
 read bc3d.inc (Link/boundary file)......
 read bc3d.inc OK
 Convert bc3d_interface.inp to bc3d_interface.inc ...
 Convert bc3d_interface.inp to bc3d_interface.inc OK
 read bc3d_interface.inc (Interface link file)......
 read bc3d_interface.inc OK
 solid_bc.inp not found, no solid thermal BCs
  Need not read wall_dist.dat 
 No FDM.in, Donot use hybrid FVM/FDM
 my_id, block_no, FDM, FD_Flux, FD_Scheme=           0           1           0
 my_id, block_no, FDM, FD_Flux, FD_Scheme=           0           2           0
 comput Jocabian OK ...
 Check mesh quality ......
 Check mesh quality OK
 Initial by Free-stream flow ......
  Start ......
  Staggered segmented coupling mode (Iflag_Couple_Scheme=1) ...
  run_staggered_fluid_porous: Kstep_Couple_Comp=          40  Niter_Couple_Outer=           5  Twall_Couple_Init=   300.00000000000000       K
    gas block           1  (nx-1 x nz-1 =         120 x           1 ), porous block           2 ; interface j- cells i=           1 ..         120
  outer iter           1 : gas chunk steps =          40
 --------------Force and Moment -----------------------------
 Total Force Coefficient (CL, CD, CS) =
   0.0000000000000000       -3.8857805861880479E-016   0.0000000000000000     
 Total Moment Coefficient(CMx, CMy, CMz)=
   0.0000000000000000       -1.9428902930940239E-016  -1.0842021724855044E-019
 Kstep, t=           1   1.0000000000000000     
 ----------The Max Residuals are--------  ---Mesh---           1
    0.4340272268E-10    0.2387774594E-05    0.1790830946E-06    0.7940933881E-22    0.2369141485E-06
   The R.M.S Residuals are 
    0.6264643405E-11    0.2437012240E-06    0.2359626955E-08    0.1146175078E-22    0.2417994925E-07
 --------------Force and Moment -----------------------------
 Total Force Coefficient (CL, CD, CS) =
   0.0000000000000000       -3.8857805861880479E-016   0.0000000000000000     
 Total Moment Coefficient(CMx, CMy, CMz)=
   0.0000000000000000       -1.9428902930940239E-016  -1.0842021724855044E-019
 Kstep, t=           2   2.0000000000000000     
 ----------The Max Residuals are--------  ---Mesh---           1
    0.3547923948E-06    0.2712311944E-05    0.4953763334E-06    0.8205631674E-21    0.5327370016E-06
   The R.M.S Residuals are 
    0.4244086235E-07    0.2771250701E-06    0.5664203642E-07    0.1050756329E-21    0.5719886065E-07
 --------------Force and Moment -----------------------------
 Total Force Coefficient (CL, CD, CS) =
   0.0000000000000000       -3.8857805861880479E-016   0.0000000000000000     
 Total Moment Coefficient(CMx, CMy, CMz)=
   0.0000000000000000       -1.9428902930940239E-016  -1.0842021724855044E-019
 Kstep, t=           3   3.0000000000000000     
 ----------The Max Residuals are--------  ---Mesh---           1
    0.1245317218E-05    0.3553691254E-05    0.7234843943E-06    0.7941318321E-21    0.1230523016E-05
   The R.M.S Residuals are 
    0.1479322365E-06    0.3681983817E-06    0.1022103133E-06    0.1287968545E-21    0.1387076971E-06
 --------------Force and Moment -----------------------------
 Total Force Coefficient (CL, CD, CS) =
   0.0000000000000000       -3.8857805861880479E-016   0.0000000000000000     
 Total Moment Coefficient(CMx, CMy, CMz)=
   0.0000000000000000       -1.9428902930940239E-016  -1.0842021724855044E-019
 Kstep, t=           4   4.0000000000000000     
 ----------The Max Residuals are--------  ---Mesh---           1
    0.2476740251E-05    0.4728110611E-05    0.9327510194E-06    0.7944152595E-21    0.2185690287E-05
   The R.M.S Residuals are 
    0.2898043561E-06    0.4980696987E-06    0.1329464017E-06    0.1294913838E-21    0.2483632179E-06
 --------------Force and Moment -----------------------------
 Total Force Coefficient (CL, CD, CS) =
   0.0000000000000000       -3.8857805861880479E-016   0.0000000000000000     
 Total Moment Coefficient(CMx, CMy, CMz)=
   0.0000000000000000       -1.9428902930940239E-016  -1.0842021724855044E-019
 Kstep, t=           5   5.0000000000000000     
 ----------The Max Residuals are--------  ---Mesh---           1
    0.3746265403E-05    0.5943961214E-05    0.1044106138E-05    0.7938448715E-21    0.3167534270E-05
   The R.M.S Residuals are 
    0.4320192078E-06    0.6324210455E-06    0.1499703007E-06    0.1485208634E-21    0.3582917383E-06
 --------------Force and Moment -----------------------------
 Total Force Coefficient (CL, CD, CS) =
   0.0000000000000000       -3.8857805861880479E-016   0.0000000000000000     
 Total Moment Coefficient(CMx, CMy, CMz)=
   0.0000000000000000       -1.9428902930940239E-016  -1.0842021724855044E-019
 Kstep, t=           6   6.0000000000000000     
 ----------The Max Residuals are--------  ---Mesh---           1
    0.4900349986E-05    0.7048679194E-05    0.1069330306E-05    0.8730349576E-21    0.4052451640E-05
   The R.M.S Residuals are 
    0.5574170989E-06    0.7526357362E-06    0.1565709575E-06    0.1521407873E-21    0.4545272192E-06
 --------------Force and Moment -----------------------------
 Total Force Coefficient (CL, CD, CS) =
   0.0000000000000000       -3.8857805861880479E-016   0.0000000000000000     
 Total Moment Coefficient(CMx, CMy, CMz)=
   0.0000000000000000       -1.9428902930940239E-016  -1.0842021724855044E-019
 Kstep, t=           7   7.0000000000000000     
 ----------The Max Residuals are--------  ---Mesh---           1
    0.5895539301E-05    0.7998310075E-05    0.1024493858E-05    0.1084983125E-20    0.4806641679E-05
   The R.M.S Residuals are 
    0.6620180619E-06    0.8535882874E-06    0.1554863206E-06    0.1692175861E-21    0.5339797750E-06
 --------------Force and Moment -----------------------------
 Total Force Coefficient (CL, CD, CS) =
   0.0000000000000000       -3.8857805861880479E-016   0.0000000000000000     
 Total Moment Coefficient(CMx, CMy, CMz)=
   0.0000000000000000       -1.9428902930940239E-016  -1.0842021724855044E-019
 Kstep, t=           8   8.0000000000000000     
 ----------The Max Residuals are--------  ---Mesh---           1
    0.6710945466E-05    0.8771375770E-05    0.9255444073E-06    0.1084825417E-20    0.5418200700E-05
   The R.M.S Residuals are 
    0.7444520002E-06    0.9333103245E-06    0.1491715437E-06    0.1540800522E-21    0.5961676581E-06
 --------------Force and Moment -----------------------------
 Total Force Coefficient (CL, CD, CS) =
   0.0000000000000000       -3.8857805861880479E-016   0.0000000000000000     
 Total Moment Coefficient(CMx, CMy, CMz)=
   0.0000000000000000       -1.9428902930940239E-016  -1.0842021724855044E-019
 Kstep, t=           9   9.0000000000000000     
 ----------The Max Residuals are--------  ---Mesh---           1
    0.7332469287E-05    0.9353335982E-05    0.7929549110E-06    0.1085453004E-20    0.5881160150E-05
   The R.M.S Residuals are 
    0.8046622962E-06    0.9913589422E-06    0.1399655842E-06    0.1753113051E-21    0.6415062502E-06
 --------------Force and Moment -----------------------------
 Total Force Coefficient (CL, CD, CS) =
   0.0000000000000000       -3.8857805861880479E-016   0.0000000000000000     
 Total Moment Coefficient(CMx, CMy, CMz)=
   0.0000000000000000       -1.9428902930940239E-016  -1.0842021724855044E-019
 Kstep, t=          10   10.000000000000000     
 ----------The Max Residuals are--------  ---Mesh---           1
    0.7756235240E-05    0.9740040476E-05    0.6771278654E-06    0.1005667627E-20    0.6196376466E-05
   The R.M.S Residuals are 
    0.8439547406E-06    0.1028777669E-05    0.1300489359E-06    0.1750064947E-21    0.6712193932E-06
 --------------Force and Moment -----------------------------
 Total Force Coefficient (CL, CD, CS) =
   0.0000000000000000       -3.8857805861880479E-016   0.0000000000000000     
 Total Moment Coefficient(CMx, CMy, CMz)=
   0.0000000000000000       -1.9428902930940239E-016  -1.0842021724855044E-019
 Kstep, t=          11   11.000000000000000     
 ----------The Max Residuals are--------  ---Mesh---           1
    0.7988718727E-05    0.9937816708E-05    0.6646822428E-06    0.9265401427E-21    0.6370710706E-05
   The R.M.S Residuals are 
    0.8645091115E-06    0.1047591404E-05    0.1213119530E-06    0.1740225745E-21    0.6870258133E-06
 --------------Force and Moment -----------------------------
 Total Force Coefficient (CL, CD, CS) =
   0.0000000000000000       -3.8857805861880479E-016   0.0000000000000000     
 Total Moment Coefficient(CMx, CMy, CMz)=
   0.0000000000000000       -1.9428902930940239E-016  -1.0842021724855044E-019
 Kstep, t=          12   12.000000000000000     
 ----------The Max Residuals are--------  ---Mesh---           1
    0.8043093520E-05    0.9959771453E-05    0.6186429162E-06    0.1006199910E-20    0.6413977055E-05
   The R.M.S Residuals are 
    0.8687598044E-06    0.1050160876E-05    0.1150893640E-06    0.1655397914E-21    0.6907134736E-06
 --------------Force and Moment -----------------------------
 Total Force Coefficient (CL, CD, CS) =
   0.0000000000000000       -3.8857805861880479E-016   0.0000000000000000     
 Total Moment Coefficient(CMx, CMy, CMz)=
   0.0000000000000000       -1.9428902930940239E-016  -1.0842021724855044E-019
 Kstep, t=          13   13.000000000000000     
 ----------The Max Residuals are--------  ---Mesh---           1
    0.7936588942E-05    0.9823109237E-05    0.6175008288E-06    0.9264305478E-21    0.6337373109E-05
   The R.M.S Residuals are 
    0.8591104268E-06    0.1038858093E-05    0.1118556040E-06    0.1650917661E-21    0.6839615558E-06
 --------------Force and Moment -----------------------------
 Total Force Coefficient (CL, CD, CS) =
   0.0000000000000000       -3.8857805861880479E-016   0.0000000000000000     
 Total Moment Coefficient(CMx, CMy, CMz)=
   0.0000000000000000       -1.9428902930940239E-016  -1.0842021724855044E-019
 Kstep, t=          14   14.000000000000000     
 ----------The Max Residuals are--------  ---Mesh---           1
    0.7691555948E-05    0.9567689278E-05    0.5886327181E-06    0.1032494728E-20    0.6155320000E-05
   The R.M.S Residuals are 
    0.8380856242E-06    0.1016178203E-05    0.1111381661E-06    0.1755058363E-21    0.6685338954E-06
 --------------Force and Moment -----------------------------
 Total Force Coefficient (CL, CD, CS) =
   0.0000000000000000       -3.8857805861880479E-016   0.0000000000000000     
 Total Moment Coefficient(CMx, CMy, CMz)=
   0.0000000000000000       -1.9428902930940239E-016  -1.0842021724855044E-019
 Kstep, t=          15   15.000000000000000     
 ----------The Max Residuals are--------  ---Mesh---           1
    0.7354465316E-05    0.9240279762E-05    0.5725160484E-06    0.1324975800E-20    0.5899120258E-05
   The R.M.S Residuals are 
    0.8087039034E-06    0.9850787796E-06    0.1118190318E-06    0.1856426107E-21    0.6466129439E-06
 --------------Force and Moment -----------------------------
 Total Force Coefficient (CL, CD, CS) =
   0.0000000000000000       -3.8857805861880479E-016   0.0000000000000000     
 Total Moment Coefficient(CMx, CMy, CMz)=
   0.0000000000000000       -1.9428902930940239E-016  -1.0842021724855044E-019
 Kstep, t=          16   16.000000000000000     
 ----------The Max Residuals are--------  ---Mesh---           1
    0.6976414417E-05    0.8838612261E-05    0.5562315811E-06    0.9794962490E-21    0.5612081373E-05
   The R.M.S Residuals are 
    0.7747595029E-06    0.9492401733E-06    0.1127098102E-06    0.1832643097E-21    0.6209196606E-06
 --------------Force and Moment -----------------------------
 Total Force Coefficient (CL, CD, CS) =
   0.0000000000000000       -3.8857805861880479E-016   0.0000000000000000     
 Total Moment Coefficient(CMx, CMy, CMz)=
   0.0000000000000000       -1.9428902930940239E-016  -1.0842021724855044E-019
 Kstep, t=          17   17.000000000000000     
 ----------The Max Residuals are--------  ---Mesh---           1
    0.6559878306E-05    0.8399945824E-05    0.5354235873E-06    0.9787601976E-21    0.5293422633E-05
   The R.M.S Residuals are 
    0.7400451360E-06    0.9123735678E-06    0.1130269740E-06    0.1822707799E-21    0.5942471472E-06
 --------------Force and Moment -----------------------------
 Total Force Coefficient (CL, CD, CS) =
   0.0000000000000000       -3.8857805861880479E-016   0.0000000000000000     
 Total Moment Coefficient(CMx, CMy, CMz)=
   0.0000000000000000       -1.9428902930940239E-016  -1.0842021724855044E-019
 Kstep, t=          18   18.000000000000000     
 ----------The Max Residuals are--------  ---Mesh---           1
    0.6141134297E-05    0.7960495871E-05    0.5269250765E-06    0.1245582693E-20    0.4971032977E-05
   The R.M.S Residuals are 
    0.7072611317E-06    0.8772233774E-06    0.1124572966E-06    0.2038020826E-21    0.5687615004E-06
 --------------Force and Moment -----------------------------
 Total Force Coefficient (CL, CD, CS) =
   0.0000000000000000       -3.8857805861880479E-016   0.0000000000000000     
 Total Moment Coefficient(CMx, CMy, CMz)=
   0.0000000000000000       -1.9428902930940239E-016  -1.0842021724855044E-019
 Kstep, t=          19   19.000000000000000     
 ----------The Max Residuals are--------  ---Mesh---           1
    0.5750315547E-05    0.7550314890E-05    0.5057723271E-06    0.1005497925E-20    0.4668296011E-05
   The R.M.S Residuals are 
    0.6779906930E-06    0.8454925411E-06    0.1109975614E-06    0.1744768853E-21    0.5457808462E-06
 --------------Force and Moment -----------------------------
 Total Force Coefficient (CL, CD, CS) =
   0.0000000000000000       -3.8857805861880479E-016   0.0000000000000000     
 Total Moment Coefficient(CMx, CMy, CMz)=
   0.0000000000000000       -1.9428902930940239E-016  -1.0842021724855044E-019
 Kstep, t=          20   20.000000000000000     
 ----------The Max Residuals are--------  ---Mesh---           1
    0.5409135032E-05    0.7191002515E-05    0.5004471807E-06    0.1006107266E-20    0.4402109148E-05
   The R.M.S Residuals are 
    0.6530098631E-06    0.8180948059E-06    0.1088261362E-06    0.1739470752E-21    0.5259459798E-06
 --------------Force and Moment -----------------------------
 Total Force Coefficient (CL, CD, CS) =
   0.0000000000000000       -3.8857805861880479E-016   0.0000000000000000     
 Total Moment Coefficient(CMx, CMy, CMz)=
   0.0000000000000000       -1.9428902930940239E-016  -1.0842021724855044E-019
 Kstep, t=          21   21.000000000000000     
 ----------The Max Residuals are--------  ---Mesh---           1
    0.5131408652E-05    0.6896226296E-05    0.4801929533E-06    0.1165972491E-20    0.4183307126E-05
   The R.M.S Residuals are 
    0.6325058879E-06    0.7953601653E-06    0.1062190892E-06    0.1811713751E-21    0.5094614002E-06
 --------------Force and Moment -----------------------------
 Total Force Coefficient (CL, CD, CS) =
   0.0000000000000000       -3.8857805861880479E-016   0.0000000000000000     
 Total Moment Coefficient(CMx, CMy, CMz)=
   0.0000000000000000       -1.9428902930940239E-016  -1.0842021724855044E-019
 Kstep, t=          22   22.000000000000000     
 ----------The Max Residuals are--------  ---Mesh---           1
    0.4924397975E-05    0.6673073602E-05    0.4777551537E-06    0.1377821630E-20    0.4017779679E-05
   The R.M.S Residuals are 
    0.6163252614E-06    0.7772596593E-06    0.1034808391E-06    0.2107860488E-21    0.4962892905E-06
 --------------Force and Moment -----------------------------
 Total Force Coefficient (CL, CD, CS) =
   0.0000000000000000       -3.8857805861880479E-016   0.0000000000000000     
 Total Moment Coefficient(CMx, CMy, CMz)=
   0.0000000000000000       -1.9428902930940239E-016  -1.0842021724855044E-019
 Kstep, t=          23   23.000000000000000     
 ----------The Max Residuals are--------  ---Mesh---           1
    0.4789541838E-05    0.6522801367E-05    0.4599183331E-06    0.1032410079E-20    0.3907072411E-05
   The R.M.S Residuals are 
    0.6041950816E-06    0.7635918867E-06    0.1008862285E-06    0.1808345526E-21    0.4862782153E-06
 --------------Force and Moment -----------------------------
 Total Force Coefficient (CL, CD, CS) =
   0.0000000000000000       -3.8857805861880479E-016   0.0000000000000000     
 Total Moment Coefficient(CMx, CMy, CMz)=
   0.0000000000000000       -1.9428902930940239E-016  -1.0842021724855044E-019
 Kstep, t=          24   24.000000000000000     
 ----------The Max Residuals are--------  ---Mesh---           1
    0.4722548694E-05    0.6440952699E-05    0.4573501997E-06    0.1164752697E-20    0.3848411117E-05
   The R.M.S Residuals are 
    0.5958035954E-06    0.7540453512E-06    0.9863003424E-07    0.1939020281E-21    0.4792192347E-06
 --------------Force and Moment -----------------------------
 Total Force Coefficient (CL, CD, CS) =
   0.0000000000000000       -3.8857805861880479E-016   0.0000000000000000     
 Total Moment Coefficient(CMx, CMy, CMz)=
   0.0000000000000000       -1.9428902930940239E-016  -1.0842021724855044E-019
 Kstep, t=          25   25.000000000000000     
 ----------The Max Residuals are--------  ---Mesh---           1
    0.4713656547E-05    0.6417641255E-05    0.4417660718E-06    0.1349771389E-20    0.3834791456E-05
   The R.M.S Residuals are 
    0.5907848629E-06    0.7481856673E-06    0.9679465284E-07    0.2356879812E-21    0.4748443867E-06
 --------------Force and Moment -----------------------------
 Total Force Coefficient (CL, CD, CS) =
   0.0000000000000000       -3.8857805861880479E-016   0.0000000000000000     
 Total Moment Coefficient(CMx, CMy, CMz)=
   0.0000000000000000       -1.9428902930940239E-016  -1.0842021724855044E-019
 Kstep, t=          26   26.000000000000000     
 ----------The Max Residuals are--------  ---Mesh---           1
    0.4748865704E-05    0.6438799062E-05    0.4394101255E-06    0.1218629638E-20    0.3855817262E-05
   The R.M.S Residuals are 
    0.5886646979E-06    0.7454259659E-06    0.9535118790E-07    0.2012073615E-21    0.4727897251E-06
 --------------Force and Moment -----------------------------
 Total Force Coefficient (CL, CD, CS) =
   0.0000000000000000       -3.8857805861880479E-016   0.0000000000000000     
 Total Moment Coefficient(CMx, CMy, CMz)=
   0.0000000000000000       -1.9428902930940239E-016  -1.0842021724855044E-019
 Kstep, t=          27   27.000000000000000     
 ----------The Max Residuals are--------  ---Mesh---           1
    0.4812962218E-05    0.6488466444E-05    0.4268971792E-06    0.1166946362E-20    0.3899414295E-05
   The R.M.S Residuals are 
    0.5888079836E-06    0.7450164983E-06    0.9419298558E-07    0.2023142967E-21    0.4725622482E-06
 --------------Force and Moment -----------------------------
 Total Force Coefficient (CL, CD, CS) =
   0.0000000000000000       -3.8857805861880479E-016   0.0000000000000000     
 Total Moment Coefficient(CMx, CMy, CMz)=
   0.0000000000000000       -1.9428902930940239E-016  -1.0842021724855044E-019
 Kstep, t=          28   28.000000000000000     
 ----------The Max Residuals are--------  ---Mesh---           1
    0.4892719652E-05    0.6551362512E-05    0.4232186198E-06    0.1006657437E-20    0.3953843819E-05
   The R.M.S Residuals are 
    0.5904394697E-06    0.7461009833E-06    0.9318763400E-07    0.2056171922E-21    0.4735609934E-06
 --------------Force and Moment -----------------------------
 Total Force Coefficient (CL, CD, CS) =
   0.0000000000000000       -3.8857805861880479E-016   0.0000000000000000     
 Total Moment Coefficient(CMx, CMy, CMz)=
   0.0000000000000000       -1.9428902930940239E-016  -1.0842021724855044E-019
 Kstep, t=          29   29.000000000000000     
 ----------The Max Residuals are--------  ---Mesh---           1
    0.4972119336E-05    0.6614787458E-05    0.4118652410E-06    0.1192380525E-20    0.4009243355E-05
   The R.M.S Residuals are 
    0.5927485873E-06    0.7478318549E-06    0.9222584847E-07    0.2066413304E-21    0.4751574150E-06
 --------------Force and Moment -----------------------------
 Total Force Coefficient (CL, CD, CS) =
   0.0000000000000000       -3.8857805861880479E-016   0.0000000000000000     
 Total Moment Coefficient(CMx, CMy, CMz)=
   0.0000000000000000       -1.9428902930940239E-016  -1.0842021724855044E-019
 Kstep, t=          30   30.000000000000000     
 ----------The Max Residuals are--------  ---Mesh---           1
    0.5041375341E-05    0.6669438858E-05    0.4085529564E-06    0.1139271335E-20    0.4059305607E-05
   The R.M.S Residuals are 
    0.5950150143E-06    0.7494848052E-06    0.9124773104E-07    0.2176645420E-21    0.4767902116E-06
 --------------Force and Moment -----------------------------
 Total Force Coefficient (CL, CD, CS) =
   0.0000000000000000       -3.8857805861880479E-016   0.0000000000000000     
 Total Moment Coefficient(CMx, CMy, CMz)=
   0.0000000000000000       -1.9428902930940239E-016  -1.0842021724855044E-019
 Kstep, t=          31   31.000000000000000     
 ----------The Max Residuals are--------  ---Mesh---           1
    0.5098118477E-05    0.6709340952E-05    0.3986785637E-06    0.1192929925E-20    0.4100454038E-05
   The R.M.S Residuals are 
    0.5966928463E-06    0.7505251939E-06    0.9024210381E-07    0.2255329753E-21    0.4780291077E-06
 --------------Force and Moment -----------------------------
 Total Force Coefficient (CL, CD, CS) =
   0.0000000000000000       -3.8857805861880479E-016   0.0000000000000000     
 Total Moment Coefficient(CMx, CMy, CMz)=
   0.0000000000000000       -1.9428902930940239E-016  -1.0842021724855044E-019
 Kstep, t=          32   32.000000000000000     
 ----------The Max Residuals are--------  ---Mesh---           1
    0.5134517893E-05    0.6731326247E-05    0.3952253095E-06    0.1086084881E-20    0.4127564070E-05
   The R.M.S Residuals are 
    0.5974351702E-06    0.7506192923E-06    0.8922899703E-07    0.2227766020E-21    0.4785941402E-06
 --------------Force and Moment -----------------------------
 Total Force Coefficient (CL, CD, CS) =
   0.0000000000000000       -3.8857805861880479E-016   0.0000000000000000     
 Total Moment Coefficient(CMx, CMy, CMz)=
   0.0000000000000000       -1.9428902930940239E-016  -1.0842021724855044E-019
 Kstep, t=          33   33.000000000000000     
 ----------The Max Residuals are--------  ---Mesh---           1
    0.5149278842E-05    0.6734419079E-05    0.3867803665E-06    0.1137553530E-20    0.4138482937E-05
   The R.M.S Residuals are 
    0.5970763272E-06    0.7496103446E-06    0.8823880404E-07    0.2059816963E-21    0.4783430714E-06
 --------------Force and Moment -----------------------------
 Total Force Coefficient (CL, CD, CS) =
   0.0000000000000000       -3.8857805861880479E-016   0.0000000000000000     
 Total Moment Coefficient(CMx, CMy, CMz)=
   0.0000000000000000       -1.9428902930940239E-016  -1.0842021724855044E-019
 Kstep, t=          34   34.000000000000000     
 ----------The Max Residuals are--------  ---Mesh---           1
    0.5143375005E-05    0.6719287401E-05    0.3830613279E-06    0.1138513095E-20    0.4133787672E-05
   The R.M.S Residuals are 
    0.5955955950E-06    0.7474812200E-06    0.8729677598E-07    0.2360502863E-21    0.4772448196E-06
 --------------Force and Moment -----------------------------
 Total Force Coefficient (CL, CD, CS) =
   0.0000000000000000       -3.8857805861880479E-016   0.0000000000000000     
 Total Moment Coefficient(CMx, CMy, CMz)=
   0.0000000000000000       -1.9428902930940239E-016  -1.0842021724855044E-019
 Kstep, t=          35   35.000000000000000     
 ----------The Max Residuals are--------  ---Mesh---           1
    0.5119141421E-05    0.6687795944E-05    0.3758234762E-06    0.1165425309E-20    0.4115118332E-05
   The R.M.S Residuals are 
    0.5930780692E-06    0.7443167013E-06    0.8641555374E-07    0.2295661585E-21    0.4753507083E-06
 --------------Force and Moment -----------------------------
 Total Force Coefficient (CL, CD, CS) =
   0.0000000000000000       -3.8857805861880479E-016   0.0000000000000000     
 Total Moment Coefficient(CMx, CMy, CMz)=
   0.0000000000000000       -1.9428902930940239E-016  -1.0842021724855044E-019
 Kstep, t=          36   36.000000000000000     
 ----------The Max Residuals are--------  ---Mesh---           1
    0.5079820384E-05    0.6642636442E-05    0.3719113597E-06    0.1218866504E-20    0.4084835908E-05
   The R.M.S Residuals are 
    0.5896790292E-06    0.7402699324E-06    0.8559463896E-07    0.2247173297E-21    0.4727682499E-06
 --------------Force and Moment -----------------------------
 Total Force Coefficient (CL, CD, CS) =
   0.0000000000000000       -3.8857805861880479E-016   0.0000000000000000     
 Total Moment Coefficient(CMx, CMy, CMz)=
   0.0000000000000000       -1.9428902930940239E-016  -1.0842021724855044E-019
 Kstep, t=          37   37.000000000000000     
 ----------The Max Residuals are--------  ---Mesh---           1
    0.5029165540E-05    0.6587003558E-05    0.3656843106E-06    0.1031987463E-20    0.4046070112E-05
   The R.M.S Residuals are 
    0.5855933192E-06    0.7355336611E-06    0.8482412676E-07    0.2251223219E-21    0.4696384704E-06
 --------------Force and Moment -----------------------------
 Total Force Coefficient (CL, CD, CS) =
   0.0000000000000000       -3.8857805861880479E-016   0.0000000000000000     
 Total Moment Coefficient(CMx, CMy, CMz)=
   0.0000000000000000       -1.9428902930940239E-016  -1.0842021724855044E-019
 Kstep, t=          38   38.000000000000000     
 ----------The Max Residuals are--------  ---Mesh---           1
    0.4971088459E-05    0.6524299250E-05    0.3616466983E-06    0.1085776311E-20    0.4004305049E-05
   The R.M.S Residuals are 
    0.5810299620E-06    0.7303161165E-06    0.8408993320E-07    0.2217151914E-21    0.4661167958E-06
 --------------Force and Moment -----------------------------
 Total Force Coefficient (CL, CD, CS) =
   0.0000000000000000       -3.8857805861880479E-016   0.0000000000000000     
 Total Moment Coefficient(CMx, CMy, CMz)=
   0.0000000000000000       -1.9428902930940239E-016  -1.0842021724855044E-019
 Kstep, t=          39   39.000000000000000     
 ----------The Max Residuals are--------  ---Mesh---           1
    0.4912403422E-05    0.6457865118E-05    0.3562748011E-06    0.1058824671E-20    0.3959309633E-05
   The R.M.S Residuals are 
    0.5761921772E-06    0.7248215763E-06    0.8337844469E-07    0.2357054929E-21    0.4623576073E-06
 --------------Force and Moment -----------------------------
 Total Force Coefficient (CL, CD, CS) =
   0.0000000000000000       -3.8857805861880479E-016   0.0000000000000000     
 Total Moment Coefficient(CMx, CMy, CMz)=
   0.0000000000000000       -1.9428902930940239E-016  -1.0842021724855044E-019
 Kstep, t=          40   40.000000000000000     
 ----------The Max Residuals are--------  ---Mesh---           1
    0.4853777152E-05    0.6390753004E-05    0.3521580154E-06    0.1192230657E-20    0.3913434041E-05
   The R.M.S Residuals are 
    0.5712629974E-06    0.7192358689E-06    0.8267952229E-07    0.2332106751E-21    0.4585026788E-06
 write flow3d.dat ......
 write flow3d.dat OK
 Output Ts to Ts_block_2.dat
 write VTK files ......
 write VTK files OK
  gas chunk done, Kstep=          40  tt=   40.000000000000000     
  gas heat-flux max|q_w|=   36741.164413431536       W/m2
   DBG iter           1  maxU2=   4.4542442439121697       maxFi=   0.0000000000000000       maxFj=   8.3333726666667482E-003  Fi(21,1,1)=   0.0000000000000000       Fi(21,21,1)=   0.0000000000000000       Fi(41,21,1)=   0.0000000000000000     
   DBG div max=   7.9022979742078680E-003  res_p=   7.9022979742078680E-003
   SIMPLE iter           1  res_p=   7.9022979742078680E-003  u(1,1,1)=  -9.3273847102765366E-003  p(1,1,1)=   33880.561470309294     
   DBG iter           2  maxU2=   4.4542442439121697       maxFi=   6.5883903725445932E-004  maxFj=   8.3333726666667482E-003  Fi(21,1,1)=  -1.4394557662543628E-012  Fi(21,21,1)=   0.0000000000000000       Fi(41,21,1)=   0.0000000000000000     
   DBG div max=   1.1184303516161422E-002  res_p=   1.1184303516161422E-002
   SIMPLE iter           2  res_p=   1.1184303516161422E-002  u(1,1,1)=  -7.6827707360040739E-003  p(1,1,1)=   38751.369004533939     
   DBG iter           3  maxU2=   4.2158996601734176       maxFi=   1.0339789868555249E-003  maxFj=   8.3333726666667482E-003  Fi(21,1,1)=  -2.7099052123276380E-012  Fi(21,21,1)=   0.0000000000000000       Fi(41,21,1)=   0.0000000000000000     
   DBG div max=   1.3488156630338501E-002  res_p=   1.3488156630338501E-002
   SIMPLE iter           3  res_p=   1.3488156630338501E-002  u(1,1,1)=  -6.8657742859457123E-003  p(1,1,1)=   43149.372040761293     
   SIMPLE iter           4  res_p=   1.5586221746599887E-002  u(1,1,1)=  -6.3136462680903442E-003  p(1,1,1)=   47250.287670124424     
   SIMPLE iter           5  res_p=   1.7558458602634393E-002  u(1,1,1)=  -5.9653560705485191E-003  p(1,1,1)=   51193.088969665492     
 DEBUG T iter          50 min   300.11354267518180      max   302.28961098077411     
 DEBUG T iter         100 min   300.12313312593653      max   302.29282550249212     
   SIMPLE iter         100  res_p=   9.7813380608635314E-002  u(1,1,1)=  -5.7438014063433858E-003  p(1,1,1)=   410330.75051739725     
 DEBUG T iter         150 min   300.12368876900814      max   302.28897394672111     
 Porous solver Block           2  SIMPLE iterations:         151  res_p:  0.12169496327849250     
  porous chunk done, outer iter           1  max|dT_w|=   2.3997779343804950       K  T_w range [   302.19420028648642      ,   302.39977793438050      ]
  outer iter           2 : gas chunk steps =          40
 --------------Force and Moment -----------------------------
 Total Force Coefficient (CL, CD, CS) =
   0.0000000000000000        299.03660828249252        0.0000000000000000     
 Total Moment Coefficient(CMx, CMy, CMz)=
   0.0000000000000000        149.51830414124626        6.3137336487472537E-002
 Kstep, t=          41   41.000000000000000     
 ----------The Max Residuals are--------  ---Mesh---           1
    0.4796831975E-05    0.6325547036E-05    0.3475162187E-06    0.1273047926E-20    0.3868686882E-05
   The R.M.S Residuals are 
    0.5663962212E-06    0.7137167402E-06    0.8198766885E-07    0.2275211683E-21    0.4546734705E-06
 --------------Force and Moment -----------------------------
 Total Force Coefficient (CL, CD, CS) =
   0.0000000000000000        299.03660828249252        0.0000000000000000     
 Total Moment Coefficient(CMx, CMy, CMz)=
   0.0000000000000000        149.51830414124626        6.3137336487472537E-002
 Kstep, t=          42   42.000000000000000     
 ----------The Max Residuals are--------  ---Mesh---           1
    0.4743596427E-05    0.6264246899E-05    0.3433526581E-06    0.1191401222E-20    0.3826640639E-05
   The R.M.S Residuals are 
    0.5617119851E-06    0.7083886204E-06    0.8130171707E-07    0.2447215693E-21    0.4509668987E-06
 --------------Force and Moment -----------------------------
 Total Force Coefficient (CL, CD, CS) =
   0.0000000000000000        299.03660828249252        0.0000000000000000     
 Total Moment Coefficient(CMx, CMy, CMz)=
   0.0000000000000000        149.51830414124626        6.3137336487472537E-002
 Kstep, t=          43   43.000000000000000     
 ----------The Max Residuals are--------  ---Mesh---           1
    0.4695457412E-05    0.6208215600E-05    0.3393392590E-06    0.1376647270E-20    0.3788386201E-05
   The R.M.S Residuals are 
    0.5572959049E-06    0.7033409974E-06    0.8062361712E-07    0.2473377765E-21    0.4474539235E-06
 --------------Force and Moment -----------------------------
 Total Force Coefficient (CL, CD, CS) =
   0.0000000000000000        299.03660828249252        0.0000000000000000     
 Total Moment Coefficient(CMx, CMy, CMz)=
   0.0000000000000000        149.51830414124626        6.3137336487472537E-002
 Kstep, t=          44   44.000000000000000     
 ----------The Max Residuals are--------  ---Mesh---           1
    0.4653168225E-05    0.6158188006E-05    0.3351522715E-06    0.1086254194E-20    0.3754534276E-05
   The R.M.S Residuals are 
    0.5532007481E-06    0.6986295389E-06    0.7995690064E-07    0.2389895349E-21    0.4441802258E-06
 --------------Force and Moment -----------------------------
 Total Force Coefficient (CL, CD, CS) =
   0.0000000000000000        299.03660828249252        0.0000000000000000     
 Total Moment Coefficient(CMx, CMy, CMz)=
   0.0000000000000000        149.51830414124626        6.3137336487472537E-002
 Kstep, t=          45   45.000000000000000     
 ----------The Max Residuals are--------  ---Mesh---           1
    0.4616908237E-05    0.6114330597E-05    0.3316836839E-06    0.1084832051E-20    0.3725256896E-05
   The R.M.S Residuals are 
    0.5494497809E-06    0.6942791894E-06    0.7930527964E-07    0.2427170682E-21    0.4411683445E-06
 --------------Force and Moment -----------------------------
 Total Force Coefficient (CL, CD, CS) =
   0.0000000000000000        299.03660828249252        0.0000000000000000     
 Total Moment Coefficient(CMx, CMy, CMz)=
   0.0000000000000000        149.51830414124626        6.3137336487472537E-002
 Kstep, t=          46   46.000000000000000     
 ----------The Max Residuals are--------  ---Mesh---           1
    0.4586380655E-05    0.6076338851E-05    0.3274905102E-06    0.1164512522E-20    0.3700358931E-05
   The R.M.S Residuals are 
    0.5460411827E-06    0.6902886217E-06    0.7867166314E-07    0.2373402591E-21    0.4384207981E-06
 --------------Force and Moment -----------------------------
 Total Force Coefficient (CL, CD, CS) =
   0.0000000000000000        299.03660828249252        0.0000000000000000     
 Total Moment Coefficient(CMx, CMy, CMz)=
   0.0000000000000000        149.51830414124626        6.3137336487472537E-002
 Kstep, t=          47   47.000000000000000     
 ----------The Max Residuals are--------  ---Mesh---           1
    0.4560932751E-05    0.6043556735E-05    0.3244973879E-06    0.1059428988E-20    0.3679367839E-05
   The R.M.S Residuals are 
    0.5429531116E-06    0.6866355430E-06    0.7805768994E-07    0.2370590688E-21    0.4359238462E-06
 --------------Force and Moment -----------------------------
 Total Force Coefficient (CL, CD, CS) =
   0.0000000000000000        299.03660828249252        0.0000000000000000     
 Total Moment Coefficient(CMx, CMy, CMz)=
   0.0000000000000000        149.51830414124626        6.3137336487472537E-002
 Kstep, t=          48   48.000000000000000     
 ----------The Max Residuals are--------  ---Mesh---           1
    0.4539683004E-05    0.6015102819E-05    0.3203110021E-06    0.1298247817E-20    0.3661629750E-05
   The R.M.S Residuals are 
    0.5401490955E-06    0.6832824174E-06    0.7746371849E-07    0.2500219447E-21    0.4336516093E-06
 --------------Force and Moment -----------------------------
 Total Force Coefficient (CL, CD, CS) =
   0.0000000000000000        299.03660828249252        0.0000000000000000     
 Total Moment Coefficient(CMx, CMy, CMz)=
   0.0000000000000000        149.51830414124626        6.3137336487472537E-002
 Kstep, t=          49   49.000000000000000     
 ----------The Max Residuals are--------  ---Mesh---           1
    0.4521641535E-05    0.5989989579E-05    0.3177353253E-06    0.1325280254E-20    0.3646401322E-05
   The R.M.S Residuals are 
    0.5375834369E-06    0.6801821905E-06    0.7688911862E-07    0.2643049425E-21    0.4315702723E-06
 --------------Force and Moment -----------------------------
 Total Force Coefficient (CL, CD, CS) =
   0.0000000000000000        299.03660828249252        0.0000000000000000     
 Total Moment Coefficient(CMx, CMy, CMz)=
   0.0000000000000000        149.51830414124626        6.3137336487472537E-002
 Kstep, t=          50   50.000000000000000     
 ----------The Max Residuals are--------  ---Mesh---           1
    0.4506255716E-05    0.5967225857E-05    0.3135655736E-06    0.1271477539E-20    0.3632929411E-05
   The R.M.S Residuals are 
    0.5352062988E-06    0.6772836176E-06    0.7633268288E-07    0.2455650618E-21    0.4296420905E-06
 --------------Force and Moment -----------------------------
 Total Force Coefficient (CL, CD, CS) =
   0.0000000000000000        299.03660828249252        0.0000000000000000     
 Total Moment Coefficient(CMx, CMy, CMz)=
   0.0000000000000000        149.51830414124626        6.3137336487472537E-002
 Kstep, t=          51   51.000000000000000     
 ----------The Max Residuals are--------  ---Mesh---           1
    0.4492860714E-05    0.5945896571E-05    0.3113584229E-06    0.1245597864E-20    0.3620513658E-05
   The R.M.S Residuals are 
    0.5329681570E-06    0.6745358593E-06    0.7579300757E-07    0.2599618186E-21    0.4278289339E-06
 --------------Force and Moment -----------------------------
 Total Force Coefficient (CL, CD, CS) =
   0.0000000000000000        299.03660828249252        0.0000000000000000     
 Total Moment Coefficient(CMx, CMy, CMz)=
   0.0000000000000000        149.51830414124626        6.3137336487472537E-002
 Kstep, t=          52   52.000000000000000     
 ----------The Max Residuals are--------  ---Mesh---           1
    0.4479643457E-05    0.5925217676E-05    0.3072127587E-06    0.1378221298E-20    0.3608550240E-05
   The R.M.S Residuals are 
    0.5308233622E-06    0.6718921008E-06    0.7526875706E-07    0.2678235834E-21    0.4260951608E-06
 --------------Force and Moment -----------------------------
 Total Force Coefficient (CL, CD, CS) =
   0.0000000000000000        299.03660828249252        0.0000000000000000     
 Total Moment Coefficient(CMx, CMy, CMz)=
   0.0000000000000000        149.51830414124626        6.3137336487472537E-002
 Kstep, t=          53   53.000000000000000     
 ----------The Max Residuals are--------  ---Mesh---           1
    0.4465882473E-05    0.5904567525E-05    0.3053325908E-06    0.1166458957E-20    0.3596557431E-05
   The R.M.S Residuals are 
    0.5287326743E-06    0.6693120873E-06    0.7475879021E-07    0.2520132249E-21    0.4244097041E-06
 --------------Force and Moment -----------------------------
 Total Force Coefficient (CL, CD, CS) =
   0.0000000000000000        299.03660828249252        0.0000000000000000     
 Total Moment Coefficient(CMx, CMy, CMz)=
   0.0000000000000000        149.51830414124626        6.3137336487472537E-002
 Kstep, t=          54   54.000000000000000     
 ----------The Max Residuals are--------  ---Mesh---           1
    0.4451603359E-05    0.5883497811E-05    0.3012165784E-06    0.1324852952E-20    0.3584185312E-05
   The R.M.S Residuals are 
    0.5266647490E-06    0.6667635883E-06    0.7426217524E-07    0.2560351171E-21    0.4227473497E-06
 --------------Force and Moment -----------------------------
 Total Force Coefficient (CL, CD, CS) =
   0.0000000000000000        299.03660828249252        0.0000000000000000     
 Total Moment Coefficient(CMx, CMy, CMz)=
   0.0000000000000000        149.51830414124626        6.3137336487472537E-002
 Kstep, t=          55   55.000000000000000     
 ----------The Max Residuals are--------  ---Mesh---           1
    0.4436704959E-05    0.5861728297E-05    0.2996278754E-06    0.1217387857E-20    0.3571212803E-05
   The R.M.S Residuals are 
    0.5245966745E-06    0.6642229082E-06    0.7377814025E-07    0.2556971924E-21    0.4210892721E-06
 --------------Force and Moment -----------------------------
 Total Force Coefficient (CL, CD, CS) =
   0.0000000000000000        299.03660828249252        0.0000000000000000     
 Total Moment Coefficient(CMx, CMy, CMz)=
   0.0000000000000000        149.51830414124626        6.3137336487472537E-002
 Kstep, t=          56   56.000000000000000     
 ----------The Max Residuals are--------  ---Mesh---           1
    0.4420586597E-05    0.5839129762E-05    0.2955455648E-06    0.1430091233E-20    0.3557535377E-05
   The R.M.S Residuals are 
    0.5225137220E-06    0.6616746214E-06    0.7330600579E-07    0.2610846863E-21    0.4194229489E-06
 --------------Force and Moment -----------------------------
 Total Force Coefficient (CL, CD, CS) =
   0.0000000000000000        299.03660828249252        0.0000000000000000     
 Total Moment Coefficient(CMx, CMy, CMz)=
   0.0000000000000000        149.51830414124626        6.3137336487472537E-002
 Kstep, t=          57   57.000000000000000     
 ----------The Max Residuals are--------  ---Mesh---           1
    0.4403201996E-05    0.5815699343E-05    0.2942177659E-06    0.1269986578E-20    0.3543352977E-05
   The R.M.S Residuals are 
    0.5204085144E-06    0.6591107358E-06    0.7284513106E-07    0.2671881196E-21    0.4177416064E-06
 --------------Force and Moment -----------------------------
 Total Force Coefficient (CL, CD, CS) =
   0.0000000000000000        299.03660828249252        0.0000000000000000     
 Total Moment Coefficient(CMx, CMy, CMz)=
   0.0000000000000000        149.51830414124626        6.3137336487472537E-002
 Kstep, t=          58   58.000000000000000     
 ----------The Max Residuals are--------  ---Mesh---           1
    0.4384589110E-05    0.5791531886E-05    0.2901719924E-06    0.1323591406E-20    0.3528267182E-05
   The R.M.S Residuals are 
    0.5182798181E-06    0.6565294873E-06    0.7239488788E-07    0.2734904600E-21    0.4160433505E-06
 --------------Force and Moment -----------------------------
 Total Force Coefficient (CL, CD, CS) =
   0.0000000000000000        299.03660828249252        0.0000000000000000     
 Total Moment Coefficient(CMx, CMy, CMz)=
   0.0000000000000000        149.51830414124626        6.3137336487472537E-002
 Kstep, t=          59   59.000000000000000     
 ----------The Max Residuals are--------  ---Mesh---           1
    0.4365834242E-05    0.5766790345E-05    0.2890786436E-06    0.1245501658E-20    0.3512865565E-05
   The R.M.S Residuals are 
    0.5161311441E-06    0.6539339458E-06    0.7195466110E-07    0.2601661122E-21    0.4143301281E-06
 --------------Force and Moment -----------------------------
 Total Force Coefficient (CL, CD, CS) =
   0.0000000000000000        299.03660828249252        0.0000000000000000     
 Total Moment Coefficient(CMx, CMy, CMz)=
   0.0000000000000000        149.51830414124626        6.3137336487472537E-002
 Kstep, t=          60   60.000000000000000     
 ----------The Max Residuals are--------  ---Mesh---           1
    0.4346652770E-05    0.5741677572E-05    0.2850712787E-06    0.1269749385E-20    0.3497387760E-05
   The R.M.S Residuals are 
    0.5139693145E-06    0.6513305835E-06    0.7152386608E-07    0.2703190210E-21    0.4126066376E-06
 --------------Force and Moment -----------------------------
 Total Force Coefficient (CL, CD, CS) =
   0.0000000000000000        299.03660828249252        0.0000000000000000     
 Total Moment Coefficient(CMx, CMy, CMz)=
   0.0000000000000000        149.51830414124626        6.3137336487472537E-002
 Kstep, t=          61   61.000000000000000     
 ----------The Max Residuals are--------  ---Mesh---           1
    0.4327046835E-05    0.5716411251E-05    0.2841893510E-06    0.1192172343E-20    0.3481574559E-05
   The R.M.S Residuals are 
    0.5118031118E-06    0.6487279215E-06    0.7110197117E-07    0.2635050428E-21    0.4108792860E-06
 --------------Force and Moment -----------------------------
 Total Force Coefficient (CL, CD, CS) =
   0.0000000000000000        299.03660828249252        0.0000000000000000     
 Total Moment Coefficient(CMx, CMy, CMz)=
   0.0000000000000000        149.51830414124626        6.3137336487472537E-002
 Kstep, t=          62   62.000000000000000     
 ----------The Max Residuals are--------  ---Mesh---           1
    0.4307169905E-05    0.5691203126E-05    0.2802215166E-06    0.1297043567E-20    0.3465535173E-05
   The R.M.S Residuals are 
    0.5096420953E-06    0.6461353362E-06    0.7068851547E-07    0.2702062745E-21    0.4091552590E-06
 --------------Force and Moment -----------------------------
 Total Force Coefficient (CL, CD, CS) =
   0.0000000000000000        299.03660828249252        0.0000000000000000     
 Total Moment Coefficient(CMx, CMy, CMz)=
   0.0000000000000000        149.51830414124626        6.3137336487472537E-002
 Kstep, t=          63   63.000000000000000     
 ----------The Max Residuals are--------  ---Mesh---           1
    0.4287329979E-05    0.5666243152E-05    0.2795308567E-06    0.1404240877E-20    0.3449348573E-05
   The R.M.S Residuals are 
    0.5074956322E-06    0.6435620770E-06    0.7028311639E-07    0.2655969841E-21    0.4074417467E-06
 --------------Force and Moment -----------------------------
 Total Force Coefficient (CL, CD, CS) =
   0.0000000000000000        299.03660828249252        0.0000000000000000     
 Total Moment Coefficient(CMx, CMy, CMz)=
   0.0000000000000000        149.51830414124626        6.3137336487472537E-002
 Kstep, t=          64   64.000000000000000     
 ----------The Max Residuals are--------  ---Mesh---           1
    0.4268522641E-05    0.5641688706E-05    0.2756031047E-06    0.1192211822E-20    0.3434114770E-05
   The R.M.S Residuals are 
    0.5053721660E-06    0.6410165185E-06    0.6988546608E-07    0.2684854430E-21    0.4057453469E-06
 --------------Force and Moment -----------------------------
 Total Force Coefficient (CL, CD, CS) =
   0.0000000000000000        299.03660828249252        0.0000000000000000     
 Total Moment Coefficient(CMx, CMy, CMz)=
   0.0000000000000000        149.51830414124626        6.3137336487472537E-002
 Kstep, t=          65   65.000000000000000     
 ----------The Max Residuals are--------  ---Mesh---           1
    0.4250044612E-05    0.5617658620E-05    0.2750859901E-06    0.1243554159E-20    0.3419168469E-05
   The R.M.S Residuals are 
    0.5032787206E-06    0.6385056477E-06    0.6949531911E-07    0.2679130060E-21    0.4040716478E-06
 --------------Force and Moment -----------------------------
 Total Force Coefficient (CL, CD, CS) =
   0.0000000000000000        299.03660828249252        0.0000000000000000     
 Total Moment Coefficient(CMx, CMy, CMz)=
   0.0000000000000000        149.51830414124626        6.3137336487472537E-002
 Kstep, t=          66   66.000000000000000     
 ----------The Max Residuals are--------  ---Mesh---           1
    0.4231907663E-05    0.5594231477E-05    0.2711984505E-06    0.1563263378E-20    0.3404466856E-05
   The R.M.S Residuals are 
    0.5012206234E-06    0.6360347712E-06    0.6911247516E-07    0.2735155864E-21    0.4024249809E-06
 --------------Force and Moment -----------------------------
 Total Force Coefficient (CL, CD, CS) =
   0.0000000000000000        299.03660828249252        0.0000000000000000     
 Total Moment Coefficient(CMx, CMy, CMz)=
   0.0000000000000000        149.51830414124626        6.3137336487472537E-002
 Kstep, t=          67   67.000000000000000     
 ----------The Max Residuals are--------  ---Mesh---           1
    0.4214071760E-05    0.5571447393E-05    0.2708392264E-06    0.1324201695E-20    0.3389973978E-05
   The R.M.S Residuals are 
    0.4992014163E-06    0.6336074151E-06    0.6873676110E-07    0.2739482089E-21    0.4008083235E-06
 --------------Force and Moment -----------------------------
 Total Force Coefficient (CL, CD, CS) =
   0.0000000000000000        299.03660828249252        0.0000000000000000     
 Total Moment Coefficient(CMx, CMy, CMz)=
   0.0000000000000000        149.51830414124626        6.3137336487472537E-002
 Kstep, t=          68   68.000000000000000     
 ----------The Max Residuals are--------  ---Mesh---           1
    0.4197145991E-05    0.5549312437E-05    0.2669917253E-06    0.1191388157E-20    0.3376048597E-05
   The R.M.S Residuals are 
    0.4972229216E-06    0.6312253810E-06    0.6836801541E-07    0.2700701440E-21    0.3992233243E-06
 --------------Force and Moment -----------------------------
 Total Force Coefficient (CL, CD, CS) =
   0.0000000000000000        299.03660828249252        0.0000000000000000     
 Total Moment Coefficient(CMx, CMy, CMz)=
   0.0000000000000000        149.51830414124626        6.3137336487472537E-002
 Kstep, t=          69   69.000000000000000     
 ----------The Max Residuals are--------  ---Mesh---           1
    0.4181074789E-05    0.5527804752E-05    0.2667765073E-06    0.1296539207E-20    0.3362974308E-05
   The R.M.S Residuals are 
    0.4952854222E-06    0.6288889204E-06    0.6800607680E-07    0.2759169168E-21    0.3976704240E-06
 --------------Force and Moment -----------------------------
 Total Force Coefficient (CL, CD, CS) =
   0.0000000000000000        299.03660828249252        0.0000000000000000     
 Total Moment Coefficient(CMx, CMy, CMz)=
   0.0000000000000000        149.51830414124626        6.3137336487472537E-002
 Kstep, t=          70   70.000000000000000     
 ----------The Max Residuals are--------  ---Mesh---           1
    0.4165338963E-05    0.5506881562E-05    0.2629686576E-06    0.1269896607E-20    0.3350146261E-05
   The R.M.S Residuals are 
    0.4933879188E-06    0.6265969887E-06    0.6765077753E-07    0.2771088860E-21    0.3961490404E-06
 --------------Force and Moment -----------------------------
 Total Force Coefficient (CL, CD, CS) =
   0.0000000000000000        299.03660828249252        0.0000000000000000     
 Total Moment Coefficient(CMx, CMy, CMz)=
   0.0000000000000000        149.51830414124626        6.3137336487472537E-002
 Kstep, t=          71   71.000000000000000     
 ----------The Max Residuals are--------  ---Mesh---           1
    0.4149810384E-05    0.5486486308E-05    0.2628850854E-06    0.1217122608E-20    0.3337460085E-05
   The R.M.S Residuals are 
    0.4915284283E-06    0.6243475426E-06    0.6730194079E-07    0.2784405143E-21    0.3946577915E-06
 --------------Force and Moment -----------------------------
 Total Force Coefficient (CL, CD, CS) =
   0.0000000000000000        299.03660828249252        0.0000000000000000     
 Total Moment Coefficient(CMx, CMy, CMz)=
   0.0000000000000000        149.51830414124626        6.3137336487472537E-002
 Kstep, t=          72   72.000000000000000     
 ----------The Max Residuals are--------  ---Mesh---           1
    0.4134424014E-05    0.5466555340E-05    0.2593120114E-06    0.1166651984E-20    0.3324799423E-05
   The R.M.S Residuals are 
    0.4897042926E-06    0.6221378492E-06    0.6695938102E-07    0.2821150921E-21    0.3931947305E-06
 --------------Force and Moment -----------------------------
 Total Force Coefficient (CL, CD, CS) =
   0.0000000000000000        299.03660828249252        0.0000000000000000     
 Total Moment Coefficient(CMx, CMy, CMz)=
   0.0000000000000000        149.51830414124626        6.3137336487472537E-002
 Kstep, t=          73   73.000000000000000     
 ----------The Max Residuals are--------  ---Mesh---           1
    0.4120111816E-05    0.5447023731E-05    0.2591533861E-06    0.1325056642E-20    0.3313076790E-05
   The R.M.S Residuals are 
    0.4879124729E-06    0.6199647814E-06    0.6662290608E-07    0.2836769429E-21    0.3917575739E-06
 --------------Force and Moment -----------------------------
 Total Force Coefficient (CL, CD, CS) =
   0.0000000000000000        299.03660828249252        0.0000000000000000     
 Total Moment Coefficient(CMx, CMy, CMz)=
   0.0000000000000000        149.51830414124626        6.3137336487472537E-002
 Kstep, t=          74   74.000000000000000     
 ----------The Max Residuals are--------  ---Mesh---           1
    0.4105897551E-05    0.5427829949E-05    0.2558413362E-06    0.1403907405E-20    0.3301464391E-05
   The R.M.S Residuals are 
    0.4861498101E-06    0.6178250804E-06    0.6629232014E-07    0.2947836401E-21    0.3903439063E-06
 --------------Force and Moment -----------------------------
 Total Force Coefficient (CL, CD, CS) =
   0.0000000000000000        299.03660828249252        0.0000000000000000     
 Total Moment Coefficient(CMx, CMy, CMz)=
   0.0000000000000000        149.51830414124626        6.3137336487472537E-002
 Kstep, t=          75   75.000000000000000     
 ----------The Max Residuals are--------  ---Mesh---           1
    0.4091668830E-05    0.5408919282E-05    0.2555708839E-06    0.1668541097E-20    0.3289823738E-05
   The R.M.S Residuals are 
    0.4844132395E-06    0.6157155720E-06    0.6596742658E-07    0.2783104941E-21    0.3889513521E-06
 --------------Force and Moment -----------------------------
 Total Force Coefficient (CL, CD, CS) =
   0.0000000000000000        299.03660828249252        0.0000000000000000     
 Total Moment Coefficient(CMx, CMy, CMz)=
   0.0000000000000000        149.51830414124626        6.3137336487472537E-002
 Kstep, t=          76   76.000000000000000     
 ----------The Max Residuals are--------  ---Mesh---           1
    0.4077316744E-05    0.5390246012E-05    0.2525009611E-06    0.1430648408E-20    0.3278063515E-05
   The R.M.S Residuals are 
    0.4826999532E-06    0.6136333327E-06    0.6564803067E-07    0.2830511675E-21    0.3875777074E-06
 --------------Force and Moment -----------------------------
 Total Force Coefficient (CL, CD, CS) =
   0.0000000000000000        299.03660828249252        0.0000000000000000     
 Total Moment Coefficient(CMx, CMy, CMz)=
   0.0000000000000000        149.51830414124626        6.3137336487472537E-002
 Kstep, t=          77   77.000000000000000     
 ----------The Max Residuals are--------  ---Mesh---           1
    0.4063418757E-05    0.5371774454E-05    0.2521279904E-06    0.1351475301E-20    0.3266642685E-05
   The R.M.S Residuals are 
    0.4810075096E-06    0.6115758008E-06    0.6533394162E-07    0.2895258702E-21    0.3862210328E-06
 --------------Force and Moment -----------------------------
 Total Force Coefficient (CL, CD, CS) =
   0.0000000000000000        299.03660828249252        0.0000000000000000     
 Total Moment Coefficient(CMx, CMy, CMz)=
   0.0000000000000000        149.51830414124626        6.3137336487472537E-002
 Kstep, t=          78   78.000000000000000     
 ----------The Max Residuals are--------  ---Mesh---           1
    0.4049859344E-05    0.5353479012E-05    0.2492830822E-06    0.1323738866E-20    0.3255577189E-05
   The R.M.S Residuals are 
    0.4793338933E-06    0.6095408388E-06    0.6502497430E-07    0.2788977176E-21    0.3848797056E-06
 --------------Force and Moment -----------------------------
 Total Force Coefficient (CL, CD, CS) =
   0.0000000000000000        299.03660828249252        0.0000000000000000     
 Total Moment Coefficient(CMx, CMy, CMz)=
   0.0000000000000000        149.51830414124626        6.3137336487472537E-002
 Kstep, t=          79   79.000000000000000     
 ----------The Max Residuals are--------  ---Mesh---           1
    0.4036195880E-05    0.5335343479E-05    0.2488159534E-06    0.1457352661E-20    0.3244411929E-05
   The R.M.S Residuals are 
    0.4776775312E-06    0.6075267524E-06    0.6472095049E-07    0.2968698673E-21    0.3835524396E-06
 --------------Force and Moment -----------------------------
 Total Force Coefficient (CL, CD, CS) =
   0.0000000000000000        299.03660828249252        0.0000000000000000     
 Total Moment Coefficient(CMx, CMy, CMz)=
   0.0000000000000000        149.51830414124626        6.3137336487472537E-002
 Kstep, t=          80   80.000000000000000     
 ----------The Max Residuals are--------  ---Mesh---           1
    0.4022368889E-05    0.5317359781E-05    0.2461805232E-06    0.1378550706E-20    0.3233093726E-05
   The R.M.S Residuals are 
    0.4760372732E-06    0.6055322733E-06    0.6442169981E-07    0.2847885407E-21    0.3822382755E-06
 write flow3d.dat ......
 write flow3d.dat OK
 Output Ts to Ts_block_2.dat
 write VTK files ......
 write VTK files OK
  gas chunk done, Kstep=          80  tt=   80.000000000000000     
  gas heat-flux max|q_w|=   39653.009313066214       W/m2
   DBG iter           1  maxU2=   22.188740655965070       maxFi=   1.3944387856504406E-002  maxFj=  0.10096191373974404       Fi(21,1,1)=  -1.7829451952842577E-006  Fi(21,21,1)=   0.0000000000000000       Fi(41,21,1)=   0.0000000000000000     
   DBG div max=  0.12323967426291510       res_p=  0.12323967426291510     
   SIMPLE iter           1  res_p=  0.12323967426291510       u(1,1,1)=  -5.8096343025631223E-003  p(1,1,1)=   604852.96772919665     
   DBG iter           2  maxU2=   22.257423794474853       maxFi=   1.3984669329437855E-002  maxFj=  0.10009302228110749       Fi(21,1,1)=  -1.7861510535733424E-006  Fi(21,21,1)=   0.0000000000000000       Fi(41,21,1)=   0.0000000000000000     
   DBG div max=  0.12241106427721199       res_p=  0.12241106427721199     
   SIMPLE iter           2  res_p=  0.12241106427721199       u(1,1,1)=  -5.8148340926644643E-003  p(1,1,1)=   608671.44033957808     
   DBG iter           3  maxU2=   22.326481172246513       maxFi=   1.4048752333256618E-002  maxFj=  0.10061022932814404       Fi(21,1,1)=  -1.7947785840671216E-006  Fi(21,21,1)=   0.0000000000000000       Fi(41,21,1)=   0.0000000000000000     
   DBG div max=  0.12299235432806729       res_p=  0.12299235432806729     
   SIMPLE iter           3  res_p=  0.12299235432806729       u(1,1,1)=  -5.8155915262700312E-003  p(1,1,1)=   612491.45266025991     
   SIMPLE iter           4  res_p=  0.12341034890938604       u(1,1,1)=  -5.8170854934113635E-003  p(1,1,1)=   616314.54316152690     
   SIMPLE iter           5  res_p=  0.12383238747223796       u(1,1,1)=  -5.8177542455805538E-003  p(1,1,1)=   620139.40538142319     
 DEBUG T iter          50 min   300.23020899659383      max   304.64670095084085     
 DEBUG T iter         100 min   300.23939147394350      max   304.64702080943187     
   SIMPLE iter         100  res_p=  0.15956040266446814       u(1,1,1)=  -5.8925878489192582E-003  p(1,1,1)=   985314.09364755743     
 DEBUG T iter         150 min   300.23998926110920      max   304.63940424599753     
 Porous solver Block           2  SIMPLE iterations:         151  res_p:  0.17557990384824898     
  porous chunk done, outer iter           2  max|dT_w|=   2.4913120873859498       K  T_w range [   304.24448799826223      ,   304.89109002176644      ]
  outer iter           3 : gas chunk steps =          20
 --------------Force and Moment -----------------------------
 Total Force Coefficient (CL, CD, CS) =
   0.0000000000000000        999.59704056322482        0.0000000000000000     
 Total Moment Coefficient(CMx, CMy, CMz)=
   0.0000000000000000        499.79852028161241       0.27129624580096734     
 Kstep, t=          81   81.000000000000000     
 ----------The Max Residuals are--------  ---Mesh---           1
    0.4008532587E-05    0.5299526397E-05    0.2456267665E-06    0.1350693435E-20    0.3221752781E-05
   The R.M.S Residuals are 
    0.4744123475E-06    0.6035565160E-06    0.6412706034E-07    0.2790531941E-21    0.3809365505E-06
 --------------Force and Moment -----------------------------
 Total Force Coefficient (CL, CD, CS) =
   0.0000000000000000        999.59704056322482        0.0000000000000000     
 Total Moment Coefficient(CMx, CMy, CMz)=
   0.0000000000000000        499.79852028161241       0.27129624580096734     
 Kstep, t=          82   82.000000000000000     
 ----------The Max Residuals are--------  ---Mesh---           1
    0.3995369064E-05    0.5281846629E-05    0.2431866741E-06    0.1643626191E-20    0.3211024680E-05
   The R.M.S Residuals are 
    0.4728022985E-06    0.6015989168E-06    0.6383687898E-07    0.2892415570E-21    0.3796468532E-06
 --------------Force and Moment -----------------------------
 Total Force Coefficient (CL, CD, CS) =
   0.0000000000000000        999.59704056322482        0.0000000000000000     
 Total Moment Coefficient(CMx, CMy, CMz)=
   0.0000000000000000        499.79852028161241       0.27129624580096734     
 Kstep, t=          83   83.000000000000000     
 ----------The Max Residuals are--------  ---Mesh---           1
    0.3982135179E-05    0.5264326897E-05    0.2425530891E-06    0.1430428216E-20    0.3200220531E-05
   The R.M.S Residuals are 
    0.4712069156E-06    0.5996591645E-06    0.6355101151E-07    0.3052781342E-21    0.3783689709E-06
 --------------Force and Moment -----------------------------
 Total Force Coefficient (CL, CD, CS) =
   0.0000000000000000        999.59704056322482        0.0000000000000000     
 Total Moment Coefficient(CMx, CMy, CMz)=
   0.0000000000000000        499.79852028161241       0.27129624580096734     
 Kstep, t=          84   84.000000000000000     
 ----------The Max Residuals are--------  ---Mesh---           1
    0.3968794656E-05    0.5246975177E-05    0.2402954348E-06    0.1296628342E-20    0.3189305693E-05
   The R.M.S Residuals are 
    0.4696261613E-06    0.5977371279E-06    0.6326932242E-07    0.2888610588E-21    0.3771028350E-06
 --------------Force and Moment -----------------------------
 Total Force Coefficient (CL, CD, CS) =
   0.0000000000000000        999.59704056322482        0.0000000000000000     
 Total Moment Coefficient(CMx, CMy, CMz)=
   0.0000000000000000        499.79852028161241       0.27129624580096734     
 Kstep, t=          85   85.000000000000000     
 ----------The Max Residuals are--------  ---Mesh---           1
    0.3955307301E-05    0.5229799675E-05    0.2395881756E-06    0.1430471421E-20    0.3178242534E-05
   The R.M.S Residuals are 
    0.4680601032E-06    0.5958327887E-06    0.6299168446E-07    0.2887864421E-21    0.3758484679E-06
 --------------Force and Moment -----------------------------
 Total Force Coefficient (CL, CD, CS) =
   0.0000000000000000        999.59704056322482        0.0000000000000000     
 Total Moment Coefficient(CMx, CMy, CMz)=
   0.0000000000000000        499.79852028161241       0.27129624580096734     
 Kstep, t=          86   86.000000000000000     
 ----------The Max Residuals are--------  ---Mesh---           1
    0.3942518585E-05    0.5212807776E-05    0.2375011653E-06    0.1325124908E-20    0.3167842696E-05
   The R.M.S Residuals are 
    0.4665088542E-06    0.5939461807E-06    0.6271797803E-07    0.2875252979E-21    0.3746059363E-06
 --------------Force and Moment -----------------------------
 Total Force Coefficient (CL, CD, CS) =
   0.0000000000000000        999.59704056322482        0.0000000000000000     
 Total Moment Coefficient(CMx, CMy, CMz)=
   0.0000000000000000        499.79852028161241       0.27129624580096734     
 Kstep, t=          87   87.000000000000000     
 ----------The Max Residuals are--------  ---Mesh---           1
    0.3929839966E-05    0.5196005301E-05    0.2367258142E-06    0.1297881989E-20    0.3157490333E-05
   The R.M.S Residuals are 
    0.4649725238E-06    0.5920773413E-06    0.6244809038E-07    0.2923473142E-21    0.3733753125E-06
 --------------Force and Moment -----------------------------
 Total Force Coefficient (CL, CD, CS) =
   0.0000000000000000        999.59704056322482        0.0000000000000000     
 Total Moment Coefficient(CMx, CMy, CMz)=
   0.0000000000000000        499.79852028161241       0.27129624580096734     
 Kstep, t=          88   88.000000000000000     
 ----------The Max Residuals are--------  ---Mesh---           1
    0.3917109973E-05    0.5179396057E-05    0.2347986414E-06    0.1455672870E-20    0.3147069802E-05
   The R.M.S Residuals are 
    0.4634511818E-06    0.5902262741E-06    0.6218191487E-07    0.2852283957E-21    0.3721566447E-06
 --------------Force and Moment -----------------------------
 Total Force Coefficient (CL, CD, CS) =
   0.0000000000000000        999.59704056322482        0.0000000000000000     
 Total Moment Coefficient(CMx, CMy, CMz)=
   0.0000000000000000        499.79852028161241       0.27129624580096734     
 Kstep, t=          89   89.000000000000000     
 ----------The Max Residuals are--------  ---Mesh---           1
    0.3904287832E-05    0.5162981645E-05    0.2339602723E-06    0.1482957678E-20    0.3136543703E-05
   The R.M.S Residuals are 
    0.4619448337E-06    0.5883929235E-06    0.6191935010E-07    0.2929037963E-21    0.3709499363E-06
 --------------Force and Moment -----------------------------
 Total Force Coefficient (CL, CD, CS) =
   0.0000000000000000        999.59704056322482        0.0000000000000000     
 Total Moment Coefficient(CMx, CMy, CMz)=
   0.0000000000000000        499.79852028161241       0.27129624580096734     
 Kstep, t=          90   90.000000000000000     
 ----------The Max Residuals are--------  ---Mesh---           1
    0.3891865833E-05    0.5146761498E-05    0.2321830155E-06    0.1429139373E-20    0.3126444202E-05
   The R.M.S Residuals are 
    0.4604534078E-06    0.5865771607E-06    0.6166029916E-07    0.3062120845E-21    0.3697551345E-06
 --------------Force and Moment -----------------------------
 Total Force Coefficient (CL, CD, CS) =
   0.0000000000000000        999.59704056322482        0.0000000000000000     
 Total Moment Coefficient(CMx, CMy, CMz)=
   0.0000000000000000        499.79852028161241       0.27129624580096734     
 Kstep, t=          91   91.000000000000000     
 ----------The Max Residuals are--------  ---Mesh---           1
    0.3879806462E-05    0.5130733079E-05    0.2312862504E-06    0.1244376577E-20    0.3116590857E-05
   The R.M.S Residuals are 
    0.4589767520E-06    0.5847787802E-06    0.6140466902E-07    0.2747752946E-21    0.3685721260E-06
 --------------Force and Moment -----------------------------
 Total Force Coefficient (CL, CD, CS) =
   0.0000000000000000        999.59704056322482        0.0000000000000000     
 Total Moment Coefficient(CMx, CMy, CMz)=
   0.0000000000000000        499.79852028161241       0.27129624580096734     
 Kstep, t=          92   92.000000000000000     
 ----------The Max Residuals are--------  ---Mesh---           1
    0.3867711288E-05    0.5114892210E-05    0.2296497827E-06    0.1165750345E-20    0.3106682067E-05
   The R.M.S Residuals are 
    0.4575146377E-06    0.5829975026E-06    0.6115236992E-07    0.2877227026E-21    0.3674007392E-06
 --------------Force and Moment -----------------------------
 Total Force Coefficient (CL, CD, CS) =
   0.0000000000000000        999.59704056322482        0.0000000000000000     
 Total Moment Coefficient(CMx, CMy, CMz)=
   0.0000000000000000        499.79852028161241       0.27129624580096734     
 Kstep, t=          93   93.000000000000000     
 ----------The Max Residuals are--------  ---Mesh---           1
    0.3855538194E-05    0.5099233454E-05    0.2286988403E-06    0.1298177699E-20    0.3096679879E-05
   The R.M.S Residuals are 
    0.4560667709E-06    0.5812329847E-06    0.6090331502E-07    0.2995085037E-21    0.3662407514E-06
 --------------Force and Moment -----------------------------
 Total Force Coefficient (CL, CD, CS) =
   0.0000000000000000        999.59704056322482        0.0000000000000000     
 Total Moment Coefficient(CMx, CMy, CMz)=
   0.0000000000000000        499.79852028161241       0.27129624580096734     
 Kstep, t=          94   94.000000000000000     
 ----------The Max Residuals are--------  ---Mesh---           1
    0.3843532937E-05    0.5083750532E-05    0.2271947505E-06    0.1508678091E-20    0.3086919199E-05
   The R.M.S Residuals are 
    0.4546328049E-06    0.5794848325E-06    0.6065742009E-07    0.3011036538E-21    0.3650918981E-06
 --------------Force and Moment -----------------------------
 Total Force Coefficient (CL, CD, CS) =
   0.0000000000000000        999.59704056322482        0.0000000000000000     
 Total Moment Coefficient(CMx, CMy, CMz)=
   0.0000000000000000        499.79852028161241       0.27129624580096734     
 Kstep, t=          95   95.000000000000000     
 ----------The Max Residuals are--------  ---Mesh---           1
    0.3832031288E-05    0.5068436718E-05    0.2261934897E-06    0.1350071201E-20    0.3077516653E-05
   The R.M.S Residuals are 
    0.4532123569E-06    0.5777526161E-06    0.6041460327E-07    0.2953464565E-21    0.3639538849E-06
 --------------Force and Moment -----------------------------
 Total Force Coefficient (CL, CD, CS) =
   0.0000000000000000        999.59704056322482        0.0000000000000000     
 Total Moment Coefficient(CMx, CMy, CMz)=
   0.0000000000000000        499.79852028161241       0.27129624580096734     
 Kstep, t=          96   96.000000000000000     
 ----------The Max Residuals are--------  ---Mesh---           1
    0.3820485309E-05    0.5053285195E-05    0.2248140122E-06    0.1430591394E-20    0.3068052894E-05
   The R.M.S Residuals are 
    0.4518050226E-06    0.5760358854E-06    0.6017478501E-07    0.2976633971E-21    0.3628263991E-06
 --------------Force and Moment -----------------------------
 Total Force Coefficient (CL, CD, CS) =
   0.0000000000000000        999.59704056322482        0.0000000000000000     
 Total Moment Coefficient(CMx, CMy, CMz)=
   0.0000000000000000        499.79852028161241       0.27129624580096734     
 Kstep, t=          97   97.000000000000000     
 ----------The Max Residuals are--------  ---Mesh---           1
    0.3808857099E-05    0.5038289345E-05    0.2237659698E-06    0.1508834926E-20    0.3058493622E-05
   The R.M.S Residuals are 
    0.4504103915E-06    0.5743341839E-06    0.5993788799E-07    0.2967117996E-21    0.3617091212E-06
 --------------Force and Moment -----------------------------
 Total Force Coefficient (CL, CD, CS) =
   0.0000000000000000        999.59704056322482        0.0000000000000000     
 Total Moment Coefficient(CMx, CMy, CMz)=
   0.0000000000000000        499.79852028161241       0.27129624580096734     
 Kstep, t=          98   98.000000000000000     
 ----------The Max Residuals are--------  ---Mesh---           1
    0.3797233748E-05    0.5023442974E-05    0.2225039233E-06    0.1615934755E-20    0.3049045101E-05
   The R.M.S Residuals are 
    0.4490280587E-06    0.5726470615E-06    0.5970383710E-07    0.2896916640E-21    0.3606017340E-06
 --------------Force and Moment -----------------------------
 Total Force Coefficient (CL, CD, CS) =
   0.0000000000000000        999.59704056322482        0.0000000000000000     
 Total Moment Coefficient(CMx, CMy, CMz)=
   0.0000000000000000        499.79852028161241       0.27129624580096734     
 Kstep, t=          99   99.000000000000000     
 ----------The Max Residuals are--------  ---Mesh---           1
    0.3786186222E-05    0.5008740462E-05    0.2214123470E-06    0.1456814021E-20    0.3040012187E-05
   The R.M.S Residuals are 
    0.4476576352E-06    0.5709740840E-06    0.5947255949E-07    0.2988964270E-21    0.3595039313E-06
 --------------Force and Moment -----------------------------
 Total Force Coefficient (CL, CD, CS) =
   0.0000000000000000        999.59704056322482        0.0000000000000000     
 Total Moment Coefficient(CMx, CMy, CMz)=
   0.0000000000000000        499.79852028161241       0.27129624580096734     
 Kstep, t=         100   100.00000000000000     
 ----------The Max Residuals are--------  ---Mesh---           1
    0.3775085681E-05    0.4994176839E-05    0.2202610800E-06    0.1269773756E-20    0.3030912057E-05
   The R.M.S Residuals are 
    0.4462987547E-06    0.5693148405E-06    0.5924398453E-07    0.2875152916E-21    0.3584154228E-06
  gas chunk done, Kstep=         100  tt=   100.00000000000000     
  gas heat-flux max|q_w|=   41067.976418942533       W/m2
   DBG iter           1  maxU2=   32.235479531386616       maxFi=   2.0421679246701258E-002  maxFj=  0.14945744607810729       Fi(21,1,1)=  -1.4137005454401925E-006  Fi(21,21,1)=   0.0000000000000000       Fi(41,21,1)=   0.0000000000000000     
   DBG div max=  0.17821249799147520       res_p=  0.17821249799147520     
   SIMPLE iter           1  res_p=  0.17821249799147520       u(1,1,1)=  -5.9098424391035992E-003  p(1,1,1)=   1182524.2645337351     
   DBG iter           2  maxU2=   32.314081800810392       maxFi=   2.0455472834243486E-002  maxFj=  0.14712221334734951       Fi(21,1,1)=  -1.3760740819292921E-006  Fi(21,21,1)=   0.0000000000000000       Fi(41,21,1)=   0.0000000000000000     
   DBG div max=  0.17591105884825964       res_p=  0.17591105884825964     
   SIMPLE iter           2  res_p=  0.17591105884825964       u(1,1,1)=  -5.9066440856644859E-003  p(1,1,1)=   1186393.1253654526     
   DBG iter           3  maxU2=   32.351757171437036       maxFi=   2.0516292914862882E-002  maxFj=  0.14766089361530868       Fi(21,1,1)=  -1.3443029767380986E-006  Fi(21,21,1)=   0.0000000000000000       Fi(41,21,1)=   0.0000000000000000     
   DBG div max=  0.17651055919683820       res_p=  0.17651055919683820     
   SIMPLE iter           3  res_p=  0.17651055919683820       u(1,1,1)=  -5.9068156523719032E-003  p(1,1,1)=   1190261.7289321693     
   SIMPLE iter           4  res_p=  0.17679111752946669       u(1,1,1)=  -5.9088720985535359E-003  p(1,1,1)=   1194133.6455436631     
   SIMPLE iter           5  res_p=  0.17708055215161139       u(1,1,1)=  -5.9094467488405023E-003  p(1,1,1)=   1198007.3476557403     
 DEBUG T iter          50 min   300.33993400050844      max   306.93365123267711     
 DEBUG T iter         100 min   300.34853687596643      max   306.93347158170354     
   SIMPLE iter         100  res_p=  0.20399377862594503       u(1,1,1)=  -5.7825864084385730E-003  p(1,1,1)=   1567302.0904098491     
 DEBUG T iter         150 min   300.34913588426934      max   306.92504012158491     
 Porous solver Block           2  SIMPLE iterations:         151  res_p:  0.21684669205501275     
  porous chunk done, outer iter           3  max|dT_w|=   2.4697772551226080       K  T_w range [   306.16162503023071      ,   307.36086727688905      ]
  outer iter           4 : gas chunk steps =          10
 --------------Force and Moment -----------------------------
 Total Force Coefficient (CL, CD, CS) =
   0.0000000000000000        1922.4144945654261        0.0000000000000000     
 Total Moment Coefficient(CMx, CMy, CMz)=
   0.0000000000000000        961.20724728271307       0.56737646933184216     
 Kstep, t=         101   101.00000000000000     
 ----------The Max Residuals are--------  ---Mesh---           1
    0.3763901239E-05    0.4979747806E-05    0.2191289578E-06    0.1298966246E-20    0.3021716228E-05
   The R.M.S Residuals are 
    0.4449510783E-06    0.5676689476E-06    0.5901804387E-07    0.3000933486E-21    0.3573359384E-06
 --------------Force and Moment -----------------------------
 Total Force Coefficient (CL, CD, CS) =
   0.0000000000000000        1922.4144945654261        0.0000000000000000     
 Total Moment Coefficient(CMx, CMy, CMz)=
   0.0000000000000000        961.20724728271307       0.56737646933184216     
 Kstep, t=         102   102.00000000000000     
 ----------The Max Residuals are--------  ---Mesh---           1
    0.3752627728E-05    0.4965449703E-05    0.2180823000E-06    0.1271774522E-20    0.3012554950E-05
   The R.M.S Residuals are 
    0.4436142959E-06    0.5660360516E-06    0.5879467143E-07    0.2940088924E-21    0.3562652300E-06
 --------------Force and Moment -----------------------------
 Total Force Coefficient (CL, CD, CS) =
   0.0000000000000000        1922.4144945654261        0.0000000000000000     
 Total Moment Coefficient(CMx, CMy, CMz)=
   0.0000000000000000        961.20724728271307       0.56737646933184216     
 Kstep, t=         103   103.00000000000000     
 ----------The Max Residuals are--------  ---Mesh---           1
    0.3741960042E-05    0.4951279440E-05    0.2169123855E-06    0.1509761486E-20    0.3003832523E-05
   The R.M.S Residuals are 
    0.4422881260E-06    0.5644158283E-06    0.5857380340E-07    0.2906477734E-21    0.3552030712E-06
 --------------Force and Moment -----------------------------
 Total Force Coefficient (CL, CD, CS) =
   0.0000000000000000        1922.4144945654261        0.0000000000000000     
 Total Moment Coefficient(CMx, CMy, CMz)=
   0.0000000000000000        961.20724728271307       0.56737646933184216     
 Kstep, t=         104   104.00000000000000     
 ----------The Max Residuals are--------  ---Mesh---           1
    0.3731238772E-05    0.4937234408E-05    0.2159646047E-06    0.1562576815E-20    0.2995043113E-05
   The R.M.S Residuals are 
    0.4409723143E-06    0.5628079813E-06    0.5835537817E-07    0.2888266969E-21    0.3541492565E-06
 --------------Force and Moment -----------------------------
 Total Force Coefficient (CL, CD, CS) =
   0.0000000000000000        1922.4144945654261        0.0000000000000000     
 Total Moment Coefficient(CMx, CMy, CMz)=
   0.0000000000000000        961.20724728271307       0.56737646933184216     
 Kstep, t=         105   105.00000000000000     
 ----------The Max Residuals are--------  ---Mesh---           1
    0.3720438954E-05    0.4923312376E-05    0.2147594399E-06    0.1483497937E-20    0.2986163234E-05
   The R.M.S Residuals are 
    0.4396666301E-06    0.5612122389E-06    0.5813933634E-07    0.3004428171E-21    0.3531035990E-06
 --------------Force and Moment -----------------------------
 Total Force Coefficient (CL, CD, CS) =
   0.0000000000000000        1922.4144945654261        0.0000000000000000     
 Total Moment Coefficient(CMx, CMy, CMz)=
   0.0000000000000000        961.20724728271307       0.56737646933184216     
 Kstep, t=         106   106.00000000000000     
 ----------The Max Residuals are--------  ---Mesh---           1
    0.3709535861E-05    0.4909511385E-05    0.2139052036E-06    0.1615898840E-20    0.2977286420E-05
   The R.M.S Residuals are 
    0.4383708629E-06    0.5596283510E-06    0.5792562061E-07    0.2992808811E-21    0.3520659281E-06
 --------------Force and Moment -----------------------------
 Total Force Coefficient (CL, CD, CS) =
   0.0000000000000000        1922.4144945654261        0.0000000000000000     
 Total Moment Coefficient(CMx, CMy, CMz)=
   0.0000000000000000        961.20724728271307       0.56737646933184216     
 Kstep, t=         107   107.00000000000000     
 ----------The Max Residuals are--------  ---Mesh---           1
    0.3699187713E-05    0.4895829654E-05    0.2126671385E-06    0.1350580953E-20    0.2968844553E-05
   The R.M.S Residuals are 
    0.4370848186E-06    0.5580560848E-06    0.5771417571E-07    0.2918283934E-21    0.3510360860E-06
 --------------Force and Moment -----------------------------
 Total Force Coefficient (CL, CD, CS) =
   0.0000000000000000        1922.4144945654261        0.0000000000000000     
 Total Moment Coefficient(CMx, CMy, CMz)=
   0.0000000000000000        961.20724728271307       0.56737646933184216     
 Kstep, t=         108   108.00000000000000     
 ----------The Max Residuals are--------  ---Mesh---           1
    0.3688813392E-05    0.4882265492E-05    0.2119014794E-06    0.1535056928E-20    0.2960339153E-05
   The R.M.S Residuals are 
    0.4358083153E-06    0.5564952212E-06    0.5750494830E-07    0.3031159736E-21    0.3500139253E-06
 --------------Force and Moment -----------------------------
 Total Force Coefficient (CL, CD, CS) =
   0.0000000000000000        1922.4144945654261        0.0000000000000000     
 Total Moment Coefficient(CMx, CMy, CMz)=
   0.0000000000000000        961.20724728271307       0.56737646933184216     
 Kstep, t=         109   109.00000000000000     
 ----------The Max Residuals are--------  ---Mesh---           1
    0.3678367760E-05    0.4868817237E-05    0.2106326896E-06    0.1297472182E-20    0.2951750038E-05
   The R.M.S Residuals are 
    0.4345411803E-06    0.5549455514E-06    0.5729788686E-07    0.2997200118E-21    0.3489993063E-06
 --------------Force and Moment -----------------------------
 Total Force Coefficient (CL, CD, CS) =
   0.0000000000000000        1922.4144945654261        0.0000000000000000     
 Total Moment Coefficient(CMx, CMy, CMz)=
   0.0000000000000000        961.20724728271307       0.56737646933184216     
 Kstep, t=         110   110.00000000000000     
 ----------The Max Residuals are--------  ---Mesh---           1
    0.3667829865E-05    0.4855483201E-05    0.2099509744E-06    0.1562975110E-20    0.2943164238E-05
   The R.M.S Residuals are 
    0.4332832471E-06    0.5534068740E-06    0.5709294153E-07    0.3000622930E-21    0.3479920945E-06
  gas chunk done, Kstep=         110  tt=   110.00000000000000     
  gas heat-flux max|q_w|=   41770.701459766089       W/m2
   DBG iter           1  maxU2=   40.032051384397633       maxFi=   2.5443172299125075E-002  maxFj=  0.18684063026813152       Fi(21,1,1)=   1.4571046179376563E-005  Fi(21,21,1)=   0.0000000000000000       Fi(41,21,1)=   0.0000000000000000     
   DBG div max=  0.22061717523392324       res_p=  0.22061717523392324     
   SIMPLE iter           1  res_p=  0.22061717523392324       u(1,1,1)=  -5.5658523902313572E-003  p(1,1,1)=   1766345.0651064040     
   DBG iter           2  maxU2=   40.141826280520938       maxFi=   2.5480296417164247E-002  maxFj=  0.18313639733372070       Fi(21,1,1)=   1.4739842746842526E-005  Fi(21,21,1)=   0.0000000000000000       Fi(41,21,1)=   0.0000000000000000     
   DBG div max=  0.21695006641755157       res_p=  0.21695006641755157     
   SIMPLE iter           2  res_p=  0.21695006641755157       u(1,1,1)=  -5.5533717320197613E-003  p(1,1,1)=   1770248.2400253024     
   DBG iter           3  maxU2=   40.158953047971863       maxFi=   2.5545236287454046E-002  maxFj=  0.18374357695967872       Fi(21,1,1)=   1.4954356370577106E-005  Fi(21,21,1)=   0.0000000000000000       Fi(41,21,1)=   0.0000000000000000     
   DBG div max=  0.21762218591379942       res_p=  0.21762218591379942     
   SIMPLE iter           3  res_p=  0.21762218591379942       u(1,1,1)=  -5.5467683958730857E-003  p(1,1,1)=   1774149.2284474883     
   SIMPLE iter           4  res_p=  0.21783520961352054       u(1,1,1)=  -5.5434481589213347E-003  p(1,1,1)=   1778053.7509187832     
   SIMPLE iter           5  res_p=  0.21805877875427601       u(1,1,1)=  -5.5383372755065611E-003  p(1,1,1)=   1781960.2011154443     
 DEBUG T iter          50 min   300.44284561116518      max   309.11151124447525     
 DEBUG T iter         100 min   300.45089273900862      max   309.11206235076730     
   SIMPLE iter         100  res_p=  0.24053812942757249       u(1,1,1)=  -4.6393776743636596E-003  p(1,1,1)=   2153840.5372576928     
 DEBUG T iter         150 min   300.45146573344584      max   309.10320635865963     
 Porous solver Block           2  SIMPLE iterations:         151  res_p:  0.25156638878972010     
  porous chunk done, outer iter           4  max|dT_w|=   2.3913206383791703       K  T_w range [   307.95492614873433      ,   309.75218791526822      ]
  outer iter           5 : gas chunk steps =           5
 --------------Force and Moment -----------------------------
 Total Force Coefficient (CL, CD, CS) =
   0.0000000000000000        2992.5415695154993        0.0000000000000000     
 Total Moment Coefficient(CMx, CMy, CMz)=
   0.0000000000000000        1496.2707847577497       0.92462651783271377     
 Kstep, t=         111   111.00000000000000     
 ----------The Max Residuals are--------  ---Mesh---           1
    0.3657793448E-05    0.4842261641E-05    0.2086534769E-06    0.1350928606E-20    0.2934984923E-05
   The R.M.S Residuals are 
    0.4320343528E-06    0.5518789925E-06    0.5689006402E-07    0.2947772708E-21    0.3469921589E-06
 --------------Force and Moment -----------------------------
 Total Force Coefficient (CL, CD, CS) =
   0.0000000000000000        2992.5415695154993        0.0000000000000000     
 Total Moment Coefficient(CMx, CMy, CMz)=
   0.0000000000000000        1496.2707847577497       0.92462651783271377     
 Kstep, t=         112   112.00000000000000     
 ----------The Max Residuals are--------  ---Mesh---           1
    0.3647743524E-05    0.4829150745E-05    0.2080513790E-06    0.1245070811E-20    0.2926744717E-05
   The R.M.S Residuals are 
    0.4307943372E-06    0.5503617141E-06    0.5668920740E-07    0.2968234976E-21    0.3459993709E-06
 --------------Force and Moment -----------------------------
 Total Force Coefficient (CL, CD, CS) =
   0.0000000000000000        2992.5415695154993        0.0000000000000000     
 Total Moment Coefficient(CMx, CMy, CMz)=
   0.0000000000000000        1496.2707847577497       0.92462651783271377     
 Kstep, t=         113   113.00000000000000     
 ----------The Max Residuals are--------  ---Mesh---           1
    0.3637627133E-05    0.4816148629E-05    0.2067270459E-06    0.1429054397E-20    0.2918425759E-05
   The R.M.S Residuals are 
    0.4295630414E-06    0.5488548483E-06    0.5649032588E-07    0.2994544339E-21    0.3450136034E-06
 --------------Force and Moment -----------------------------
 Total Force Coefficient (CL, CD, CS) =
   0.0000000000000000        2992.5415695154993        0.0000000000000000     
 Total Moment Coefficient(CMx, CMy, CMz)=
   0.0000000000000000        1496.2707847577497       0.92462651783271377     
 Kstep, t=         114   114.00000000000000     
 ----------The Max Residuals are--------  ---Mesh---           1
    0.3627426070E-05    0.4803253350E-05    0.2062005198E-06    0.1431441659E-20    0.2910132533E-05
   The R.M.S Residuals are 
    0.4283403078E-06    0.5473582068E-06    0.5629337461E-07    0.3038249529E-21    0.3440347306E-06
 --------------Force and Moment -----------------------------
 Total Force Coefficient (CL, CD, CS) =
   0.0000000000000000        2992.5415695154993        0.0000000000000000     
 Total Moment Coefficient(CMx, CMy, CMz)=
   0.0000000000000000        1496.2707847577497       0.92462651783271377     
 Kstep, t=         115   115.00000000000000     
Note: The following floating-point exceptions are signalling: IEEE_DENORMAL
 ----------The Max Residuals are--------  ---Mesh---           1
    0.3617707984E-05    0.4790462915E-05    0.2048510910E-06    0.1350382276E-20    0.2902196633E-05
   The R.M.S Residuals are 
    0.4271259803E-06    0.5458716036E-06    0.5609830926E-07    0.2915131071E-21    0.3430626279E-06
  gas chunk done, Kstep=         115  tt=   115.00000000000000     
  gas heat-flux max|q_w|=   42121.245223144193       W/m2
   DBG iter           1  maxU2=   46.679914524090599       maxFi=   2.9705222038177069E-002  maxFj=  0.21843710879900627       Fi(21,1,1)=   6.9055519117369569E-005  Fi(21,21,1)=   0.0000000000000000       Fi(41,21,1)=   0.0000000000000000     
   DBG div max=  0.25647570350384996       res_p=  0.25647570350384996     
   SIMPLE iter           1  res_p=  0.25647570350384996       u(1,1,1)=  -3.8528781078785617E-003  p(1,1,1)=   2353804.7418535668     
   DBG iter           2  maxU2=   46.790108507618235       maxFi=   2.9746562320293810E-002  maxFj=  0.21342110212460200       Fi(21,1,1)=   6.9352367046599260E-005  Fi(21,21,1)=   0.0000000000000000       Fi(41,21,1)=   0.0000000000000000     
   DBG div max=  0.25150103711156241       res_p=  0.25150103711156241     
   SIMPLE iter           2  res_p=  0.25150103711156241       u(1,1,1)=  -3.8295561332162076E-003  p(1,1,1)=   2357723.4312524418     
   DBG iter           3  maxU2=   46.790108507618235       maxFi=   2.9816081950318249E-002  maxFj=  0.21410396898924808       Fi(21,1,1)=   6.9871093645671915E-005  Fi(21,21,1)=   0.0000000000000000       Fi(41,21,1)=   0.0000000000000000     
   DBG div max=  0.25225342360623293       res_p=  0.25225342360623293     
   SIMPLE iter           3  res_p=  0.25225342360623293       u(1,1,1)=  -3.8107835194431971E-003  p(1,1,1)=   2361638.1162544042     
   SIMPLE iter           4  res_p=  0.25242452205771548       u(1,1,1)=  -3.7959516388226984E-003  p(1,1,1)=   2365556.4312492223     
   SIMPLE iter           5  res_p=  0.25260383438617734       u(1,1,1)=  -3.7790431757938553E-003  p(1,1,1)=   2369476.8181953328     
 DEBUG T iter          50 min   300.53928028434666      max   311.16382000633075     
 DEBUG T iter         100 min   300.54678937244267      max   311.16497021726224     
   SIMPLE iter         100  res_p=  0.27229426866547563       u(1,1,1)=  -1.6297477516061709E-003  p(1,1,1)=   2742027.1196596436     
 DEBUG T iter         150 min   300.54731710510504      max   311.15590395078488     
 Porous solver Block           2  SIMPLE iterations:         151  res_p:  0.28209838783534891     
  porous chunk done, outer iter           5  max|dT_w|=   2.2845576618771020       K  T_w range [   309.63279162126139      ,   312.03674557714533      ]
  Staggered coupling reached Niter_Couple_Outer=           5  (not fully converged)
 write flow3d.dat ......
 write flow3d.dat OK
 Output Ts to Ts_block_2.dat
 write VTK files ......
 write VTK files OK
