 ----------------- OpenCFD-EC3D ver 1.14a (MPI-OpenMP version)------------------
         Copyright by Li Xinliang, lixl@imech.ac.cn                            
         Programming by Li Xinliang  2016-1                                   
 ----------------------------------------------------------------------------- 
 Check if Multi-Grid can be used ...
 Total Block number is            1 Total Cell number is          400
 Check multigrid OK
 can not find partation.dat,  create partation ...
 Partation ......
 Total Cell number=         400
 Total Grid number=        1604
 Max grid number is         1604  ... rato to mean grid is   1.0000000000000000     
 Min grid number is         1604  ... rato to mean grid is   1.0000000000000000     
 rato max to min is    1.0000000000000000     
 Read material.in OK, Total_block=           1
   Block           1 : Block_type=           3  rho=   8000.0000000000000       Cp=   500.00000000000000       k=   13.400000000000000     
 Read porous.inp OK
   Porous Block           1 : eps=  0.59999999999999998       dp=   1.0000000000000000E-003  hv=   801800.40000000002       rho_s=   8000.0000000000000       k_s=   13.400000000000000     
 creat main mesh OK, Num_Cell=         400
  read main mesh ...
  Mesh3d.x layout: separate (x,y,z in three records per block)
 read Mesh3d.x OK
 Convert bc3d.inp to bc3d.inc ...
 Convert bc3d.inp to bc3d.inc OK
 read bc3d.inc (Link/boundary file)......
 read bc3d.inc OK
 bc3d_interface.inp not found, skip interface
 Read solid_bc.inp OK
   Block           1  (solid):           2  thermal BC faces
     face           1  Tw=   0.0000000000000000       Qw=   0.0000000000000000     
     face           4  Tw=  -1.0000000000000000       Qw=   1000000.0000000000     
  Need not read wall_dist.dat 
 No FDM.in, Donot use hybrid FVM/FDM
 my_id, block_no, FDM, FD_Flux, FD_Scheme=           0           1           0
 comput Jocabian OK ...
 Check mesh quality ......
 Check mesh quality OK
 Initial by Free-stream flow ......
  Start ......
  AC porous solver (LS_Algorithm=3) block           1  eps=  0.59999999999999998       dp=   1.0000000000000000E-003  hv=   801800.40000000002       beta=   100.00000000000000       CFL=   20.000000000000000     
   AC-porous iter           1  res_q=   0.0000000000000000       res_m=   1438.4000000000003     
   AC-porous iter           1  res_q=   0.0000000000000000       res_m=   1438.4000000000003     
   AC-porous iter        5000  res_q=   3.2107119896096488E-003  res_m=   3.3336941628006107E-002
  AC porous solver block           1 : iterations =        8928  final res_q=   1.9858337196865247E-007  res_m=   9.9803759007198256E-007
   AC-porous LTNE iter        2000  dTf=   8.7786654880832202       dTs=   9.8700867342535048       Tf[   300.00846185400644      ,   586.18128416194600      ]  Ts[   300.86028888638396      ,   749.08345423138348      ]
   AC-porous LTNE iter        4000  dTf=   5.4131676735014480       dTs=   5.8002804002871926       Tf[   300.13662396682764      ,   720.91158398532014      ]  Ts[   313.87103874452333      ,   896.37986268773739      ]
   AC-porous LTNE iter        6000  dTf=   3.9332568906738743       dTs=   4.1300503005061273       Tf[   300.37740054694353      ,   812.01194550693072      ]  Ts[   338.30587907140779      ,   992.91634607607182      ]
   AC-porous LTNE iter        8000  dTf=   3.1065734742248878       dTs=   3.2253577126652999       Tf[   300.64750775937614      ,   881.31727002693867      ]  Ts[   365.71482379385208      ,   1065.2351845451162      ]
   AC-porous LTNE iter       10000  dTf=   2.5689229021193114       dTs=   2.6509912858064126       Tf[   300.90720256608421      ,   937.48019751308550      ]  Ts[   392.06634351738751      ,   1123.3462697348311      ]
   AC-porous LTNE iter       12000  dTf=   2.1756516577964931       dTs=   2.2382516827640302       Tf[   301.14273472748033      ,   984.55596790642210      ]  Ts[   415.96574272780794      ,   1171.8408338271770      ]
   AC-porous LTNE iter       14000  dTf=   1.8645501382468410       dTs=   1.9153118822550823       Tf[   301.35111153842269      ,   1024.6957572239953      ]  Ts[   437.10957288765820      ,   1213.0999793284307      ]
   AC-porous LTNE iter       16000  dTf=   1.6071193725110788       dTs=   1.6496794245558704       Tf[   301.53341531782030      ,   1059.2090894356097      ]  Ts[   455.60774457839602      ,   1248.5382172021220      ]
   AC-porous LTNE iter       18000  dTf=   1.3890276930499112       dTs=   1.4253218149847271       Tf[   301.69208812413342      ,   1089.0041068610112      ]  Ts[   471.70808674999284      ,   1279.1162275489819      ]
   AC-porous LTNE iter       20000  dTf=   1.2020921490079672       dTs=   1.2333008184441496       Tf[   301.82986095416334      ,   1114.7750701179614      ]  Ts[   485.68772501668957      ,   1305.5580869467444      ]
   AC-porous LTNE iter       22000  dTf=   1.0409539243037216       dTs=   1.0678968624690697       Tf[   301.94935151822392      ,   1137.0856562293845      ]  Ts[   497.81228115351576      ,   1328.4468855778041      ]
   AC-porous LTNE iter       24000  dTf=  0.90167774320661920       dTs=  0.92498215279783835       Tf[   302.05293069803457      ,   1156.4087761884857      ]  Ts[   508.32232795662418      ,   1348.2697296951103      ]
   AC-porous LTNE iter       26000  dTf=  0.78114333215853549       dTs=  0.80131869427805213       Tf[   302.14269473126569      ,   1173.1478467005199      ]  Ts[   517.43056897328586      ,   1365.4412620254436      ]
   AC-porous LTNE iter       28000  dTf=  0.67676550125861468       dTs=  0.69423936647604023       Tf[   302.22047704472567      ,   1187.6498127436273      ]  Ts[   525.32304007026767      ,   1380.3177153373333      ]
   AC-porous LTNE iter       30000  dTf=  0.58635273653317199       dTs=  0.60148987272691556       Tf[   302.28787319808816      ,   1200.2142197081880      ]  Ts[   532.16164079726229      ,   1393.2065028441250      ]
   AC-porous LTNE iter       32000  dTf=  0.50802602315729928       dTs=  0.52114015571896743       Tf[   302.34626850221434      ,   1211.1001698110824      ]  Ts[   538.08693692792895      ,   1404.3734703278906      ]
   AC-porous LTNE iter       34000  dTf=  0.44016541444216273       dTs=  0.45152741548622544       Tf[   302.39686440411771      ,   1220.5319797576931      ]  Ts[   543.22083776760655      ,   1414.0487473251549      ]
   AC-porous LTNE iter       36000  dTf=  0.38137064824422851       dTs=  0.39121482124301110       Tf[   302.44070235162695      ,   1228.7039316030093      ]  Ts[   547.66901769416177      ,   1422.4316400331143      ]
   AC-porous LTNE iter       38000  dTf=  0.33042984932535546       dTs=  0.33895904289647660       Tf[   302.47868488087624      ,   1235.7843272566647      ]  Ts[   551.52305588832667      ,   1429.6947984081132      ]
   AC-porous LTNE iter       40000  dTf=  0.28629356727151389       dTs=  0.29368347038348475       Tf[   302.51159405492200      ,   1241.9189761642028      ]  Ts[   554.86230728043654      ,   1435.9877971170069      ]
   AC-porous LTNE iter       42000  dTf=  0.24805275451035413       dTs=  0.25445556251429480       Tf[   302.54010750809351      ,   1247.2342068067201      ]  Ts[   557.75553055156149      ,   1441.4402260971935      ]
   AC-porous LTNE iter       44000  dTf=  0.21491987889658049       dTs=  0.22046744732710977       Tf[   302.56481237532142      ,   1251.8394717274059      ]  Ts[   560.26230152521248      ,   1446.1643633671436      ]
   AC-porous LTNE iter       46000  dTf=  0.18621263813861333       dTs=  0.19101920593357136       Tf[   302.58621737237115      ,   1255.8296028741286      ]  Ts[   562.43423893328031      ,   1450.2574888062586      ]
   AC-porous LTNE iter       48000  dTf=  0.16133988166916424       dTs=  0.16550442683433175       Tf[   302.60476326718657      ,   1259.2867649863058      ]  Ts[   564.31606692987623      ,   1453.8038880536742      ]
   AC-porous LTNE iter       50000  dTf=  0.13978942628000368       dTs=  0.14339770542824226       Tf[   302.62083195447508      ,   1262.2821477757536      ]  Ts[   565.94653587777827      ,   1456.8765884052198      ]
   AC-porous LTNE iter       52000  dTf=  0.12111750456756454       dTs=  0.12424381934215489       Tf[   302.63475431896700      ,   1264.8774319622119      ]  Ts[   567.35922022329930      ,   1459.5388627056980      ]
   AC-porous LTNE iter       54000  dTf=  0.10493962495775122       dTs=  0.10764835228269476       Tf[   302.64681704868758      ,   1267.1260594395164      ]  Ts[   568.58320983011754      ,   1461.8455323071601      ]
   AC-porous LTNE iter       56000  dTf=   9.0922653542747867E-002  dTs=   9.3269571341579649E-002  Tf[   302.65726853829881      ,   1269.0743337638712      ]  Ts[   569.64370898380241      ,   1463.8440959657498      ]
   AC-porous LTNE iter       58000  dTf=   7.8777953866392636E-002  dTs=   8.0811389696009428E-002  Tf[   302.66632400397305      ,   1270.7623736396936      ]  Ts[   570.56255539144991      ,   1465.5757079401901      ]
   AC-porous LTNE iter       60000  dTf=   6.8255443236694191E-002  dTs=   7.0017269444406338E-002  Tf[   302.67416991508918      ,   1272.2249390435375      ]  Ts[   571.35866986011229      ,   1467.0760254402694      ]
   AC-porous LTNE iter       62000  dTf=   5.9138442984476569E-002  dTs=   6.0664938955142134E-002  Tf[   302.68096783398539      ,   1273.4921469997789      ]  Ts[   572.04844591161066      ,   1468.3759428784315      ]
   AC-porous LTNE iter       64000  dTf=   5.1239216572639634E-002  dTs=   5.2561815770104658E-002  Tf[   302.68685774283472      ,   1274.5900917483523      ]  Ts[   572.64608735626030      ,   1469.5022280455701      ]
   AC-porous LTNE iter       66000  dTf=   4.4395103807346459E-002  dTs=   4.5541041090928047E-002  Tf[   302.69196092614391      ,   1275.5413820752733      ]  Ts[   573.16390077634719      ,   1470.4780733112177      ]
   AC-porous LTNE iter       68000  dTf=   3.8465171283405653E-002  dTs=   3.9458043692093270E-002  Tf[   302.69638246823467      ,   1276.3656068710222      ]  Ts[   573.61254894226352      ,   1471.3235731991106      ]
   AC-porous LTNE iter       70000  dTf=   3.3327310337199378E-002  dTs=   3.4187563031309764E-002  Tf[   302.70021341712965      ,   1277.0797385033029      ]  Ts[   574.00127037931031      ,   1472.0561381718519      ]
   AC-porous LTNE iter       72000  dTf=   2.8875722561224393E-002  dTs=   2.9621069776794684E-002  Tf[   302.70353265940628      ,   1277.6984823106241      ]  Ts[   574.33806960662230      ,   1472.6908531457509      ]
   AC-porous LTNE iter       74000  dTf=   2.5018741234589470E-002  dTs=   2.5664531098982479E-002  Tf[   302.70640854462260      ,   1278.2345794134544      ]  Ts[   574.62988196557308      ,   1473.2407881181912      ]
   AC-porous LTNE iter       76000  dTf=   2.1676943727015896E-002  dTs=   2.2236474300825648E-002  Tf[   302.70890029276501      ,   1278.6990690782677      ]  Ts[   574.88271643171299      ,   1473.7172673039117      ]
   AC-porous LTNE iter       78000  dTf=   1.8781516023409495E-002  dTs=   1.9266309112936142E-002  Tf[   302.71105921370173      ,   1279.1015160371787      ]  Ts[   575.10177935112188      ,   1474.1301023222109      ]
   AC-porous LTNE iter       80000  dTf=   1.6272835712243250E-002  dTs=   1.6692874130512791E-002  Tf[   302.71292976375150      ,   1279.4502074441264      ]  Ts[   575.29158164901298      ,   1474.4877942370908      ]
   AC-porous LTNE iter       82000  dTf=   1.4099244274120792E-002  dTs=   1.4463177412835648E-002  Tf[   302.71455046112317      ,   1279.7523235232591      ]  Ts[   575.45603171833307      ,   1474.7977086103917      ]
   AC-porous LTNE iter       84000  dTf=   1.2215983281294029E-002  dTs=   1.2531305236279877E-002  Tf[   302.71595467908105      ,   1280.0140854234685      ]  Ts[   575.59851590109997      ,   1475.0662271728411      ]
   AC-porous LTNE iter       86000  dTf=   1.0584272793721539E-002  dTs=   1.0857476632509133E-002  Tf[   302.71717133316315      ,   1280.2408833237782      ]  Ts[   575.72196821961302      ,   1475.2988792360495      ]
   AC-porous LTNE iter       88000  dTf=   9.1705127642853768E-003  dTs=   9.4072242827678565E-003  Tf[   302.71822547660827      ,   1280.4373874274781      ]  Ts[   575.82893079364283      ,   1475.5004555517662      ]
   AC-porous LTNE iter       90000  dTf=   7.9455911536570056E-003  dTs=   8.1506846947831946E-003  Tf[   302.71913881624909      ,   1280.6076441305702      ]  Ts[   575.92160618750768      ,   1475.6751069625402      ]
   AC-porous LTNE iter       92000  dTf=   6.8842844943901582E-003  dTs=   7.0619833302316692E-003  Tf[   302.71993015949892      ,   1280.7551593447618      ]  Ts[   576.00190276512433      ,   1475.8264298755439      ]
   AC-porous LTNE iter       94000  dTf=   5.9647384412073734E-003  dTs=   6.1187017261090659E-003  Tf[   302.72061580163171      ,   1280.8829706909389      ]  Ts[   576.07147398690131      ,   1475.9575403194622      ]
   AC-porous LTNE iter       96000  dTf=   5.1680177805337735E-003  dTs=   5.3014159200301947E-003  Tf[   302.72120986133257      ,   1280.9937100495938      ]  Ts[   576.13175245755895      ,   1476.0711381095466      ]
   AC-porous LTNE iter       98000  dTf=   4.4777165046525624E-003  dTs=   4.5932964189887571E-003  Tf[   302.72172457142841      ,   1281.0896577562969      ]  Ts[   576.18397942628292      ,   1476.1695624419381      ]
   AC-porous LTNE iter      100000  dTf=   3.8796199946773413E-003  dTs=   3.9797616925625334E-003  Tf[   302.72217053078674      ,   1281.1727895581464      ]  Ts[   576.22923034645532      ,   1476.2548400621949      ]
   AC-porous LTNE iter      102000  dTf=   3.3614122894505272E-003  dTs=   3.4481778805002250E-003  Tf[   302.72255692256493      ,   1281.2448172982172      ]  Ts[   576.26843702119788      ,   1476.3287269999264      ]
   AC-porous LTNE iter      104000  dTf=   2.9124225068244414E-003  dTs=   2.9875986699607893E-003  Tf[   302.72289170330998      ,   1281.3072241656832      ]  Ts[   576.30240679106396      ,   1476.3927447287251      ]
   AC-porous LTNE iter      106000  dTf=   2.5234050829112675E-003  dTs=   2.5885398333684861E-003  Tf[   302.72318176679892      ,   1281.3612952375054      ]  Ts[   576.33183915868881      ,   1476.4482114962857      ]
   AC-porous LTNE iter      108000  dTf=   2.1863494046101550E-003  dTs=   2.2427839903684799E-003  Tf[   302.72343308599477      ,   1281.4081439406477      ]  Ts[   576.35734019293602      ,   1476.4962694696189      ]
   AC-porous LTNE iter      110000  dTf=   1.8943148481866956E-003  dTs=   1.9432113654147543E-003  Tf[   302.72365083604114      ,   1281.4487349796634      ]  Ts[   576.37943500893505      ,   1476.5379082544689      ]
   AC-porous LTNE iter      112000  dTf=   1.6412878633218497E-003  dTs=   1.6836531838180235E-003  Tf[   302.72383950082877      ,   1281.4839042018154      ]  Ts[   576.39857858130108      ,   1476.5739852731874      ]
   AC-porous LTNE iter      114000  dTf=   1.4220581426798162E-003  dTs=   1.4587646546715405E-003  Tf[   302.72400296532714      ,   1281.5143758087809      ]  Ts[   576.41516511285408      ,   1476.6052434207329      ]
   AC-porous LTNE iter      116000  dTf=   1.2321113213147328E-003  dTs=   1.2639148822017887E-003  Tf[   302.72414459558354      ,   1281.5407772693172      ]  Ts[   576.42953615205465      ,   1476.6323263622276      ]
   AC-porous LTNE iter      118000  dTf=   1.0675360329059913E-003  dTs=   1.0950915293506114E-003  Tf[   302.72426730803591      ,   1281.5636522400821      ]  Ts[   576.44198762612518      ,   1476.6557917873326      ]
  AC-porous LTNE block           1 : sweeps =      119300  final dTf=   9.7254281331515813E-004  dTs=   9.9764632500409789E-004
 write flow3d.dat ......
 write flow3d.dat OK
 Output Ts to Ts_block_1.dat
 write VTK files ......
 write VTK files OK
