 ----------------- OpenCFD-EC3D ver 1.14a (MPI-OpenMP version)------------------
         Copyright by Li Xinliang, lixl@imech.ac.cn                            
         Programming by Li Xinliang  2016-1                                   
 ----------------------------------------------------------------------------- 
 Check if Multi-Grid can be used ...
 Total Block number is            2 Total Cell number is        13600
 Check multigrid OK
 can not find partation.dat,  create partation ...
 Partation ......
 Total Cell number=       13600
 Total Grid number=       27892
 Max grid number is        27892  ... rato to mean grid is   1.0000000000000000     
 Min grid number is        27892  ... rato to mean grid is   1.0000000000000000     
 rato max to min is    1.0000000000000000     
 Read material.in OK, Total_block=           2
   Block           1 : Block_type=           2  rho=   1.0000000000000000       Cp=   1000.0000000000000       k=   1.4286000000000001     
   Block           2 : Block_type=           1  rho=   7800.0000000000000       Cp=   460.00000000000000       k=   50.000000000000000     
 creat main mesh OK, Num_Cell=       13600
  read main mesh ...
 read Mesh3d.x OK
 Convert bc3d.inp to bc3d.inc ...
 Convert bc3d.inp to bc3d.inc OK
 read bc3d.inc (Link/boundary file)......
 read bc3d.inc OK
 Convert bc3d_interface.inp to bc3d_interface.inc ...
 Convert bc3d_interface.inp to bc3d_interface.inc OK
 read bc3d_interface.inc (Interface link file)......
 read bc3d_interface.inc OK
 Read solid_bc.inp OK
   Block           2  (solid):           1  thermal BC faces
     face           2  Tw=   800.00000000000000       Qw=   0.0000000000000000     
  Need not read wall_dist.dat 
 No FDM.in, Donot use hybrid FVM/FDM
 my_id, block_no, FDM, FD_Flux, FD_Scheme=           0           1           0
 my_id, block_no, FDM, FD_Flux, FD_Scheme=           0           2           0
 comput Jocabian OK ...
 Check mesh quality ......
 Check mesh quality OK
 Initial by Free-stream flow ......
  Start ......
   DBG iter           1  maxU2=   8.6868967813532709       maxFi=  0.65632420039889716       maxFj=   0.0000000000000000       Fi(21,1,1)=   8.0940068388483925E-047  Fi(21,21,1)=   1.2910508082372279E-023  Fi(41,21,1)=   2.7912551721170026E-047
   DBG div max=  0.59432152368594615       res_p=  0.59432152368594615     
   SIMPLE iter           1  res_p=  0.59432152368594615       u(1,1,1)=  0.29617915111682824       p(1,1,1)=  0.84435916268824374     
   DBG iter           2  maxU2=   8.6868967813532709       maxFi=  0.64203896914962433       maxFj=   1.4670361453901335E-002  Fi(21,1,1)=   3.8165422769016634E-006  Fi(21,21,1)=   4.7924479235411367E-004  Fi(41,21,1)=   6.8224086170666335E-005
   DBG div max=  0.23457073133365150       res_p=  0.23457073133365150     
   SIMPLE iter           2  res_p=  0.23457073133365150       u(1,1,1)=  0.35757512303096978       p(1,1,1)=   1.0972815568670731     
   DBG iter           3  maxU2=   10.184752637469950       maxFi=   1.9275046249324339       maxFj=   2.1332088608455906E-002  Fi(21,1,1)=   8.4060639381623806E-006  Fi(21,21,1)=   7.2096286291012130E-004  Fi(41,21,1)=   3.0868485482897089E-004
   DBG div max=   1.8656386082406520       res_p=   1.8656386082406520     
   SIMPLE iter           3  res_p=   1.8656386082406520       u(1,1,1)=  0.48495854525096649       p(1,1,1)=   1.2904733243975350     
   SIMPLE iter           4  res_p=   3.2117200554417638       u(1,1,1)=  0.43644745943850377       p(1,1,1)=   1.2003262772602954     
   SIMPLE iter           5  res_p=   3.8786725600478693       u(1,1,1)=  0.45111068856090603       p(1,1,1)=   1.5460547316494675     
Note: The following floating-point exceptions are signalling: IEEE_INVALID_FLAG IEEE_OVERFLOW_FLAG IEEE_UNDERFLOW_FLAG IEEE_DENORMAL
 DEBUG T NaN at iter          13  cell         150          81           1  T(i-1)   299.99999999999966       T(i+1)   299.99999999999977       T(j-1)   299.99999999999966       T(j+1)                       NaN  p                       NaN  Fi(i,j)  -2844.5629078411507     
--------------------------------------------------------------------------
mpirun has exited due to process rank 0 with PID 0 on
node DESKTOP-68P2P7O exiting improperly. There are three reasons this could occur:

1. this process did not call "init" before exiting, but others in
the job did. This can cause a job to hang indefinitely while it waits
for all processes to call "init". By rule, if one process calls "init",
then ALL processes must call "init" prior to termination.

2. this process called "init", but exited without calling "finalize".
By rule, all processes that call "init" MUST call "finalize" prior to
exiting or it will be considered an "abnormal termination"

3. this process called "MPI_Abort" or "orte_abort" and the mca parameter
orte_create_session_dirs is set to false. In this case, the run-time cannot
detect that the abort call was an abnormal termination. Hence, the only
error message you will receive is this one.

This may have caused other processes in the application to be
terminated by signals sent by mpirun (as reported here).

You can avoid this message by specifying -quiet on the mpirun command line.
--------------------------------------------------------------------------
