 ----------------- OpenCFD-EC3D ver 1.14a (MPI-OpenMP version)------------------
         Copyright by Li Xinliang, lixl@imech.ac.cn                            
         Programming by Li Xinliang  2016-1                                   
 ----------------------------------------------------------------------------- 
 Check if Multi-Grid can be used ...
 Total Block number is            1 Total Cell number is          400
 Check multigrid OK
 can not find partation.dat,  create partation ...
 Partation ......
 Total Cell number=         400
 Total Grid number=        1604
 Max grid number is         1604  ... rato to mean grid is   1.0000000000000000     
 Min grid number is         1604  ... rato to mean grid is   1.0000000000000000     
 rato max to min is    1.0000000000000000     
 Read material.in OK, Total_block=           1
   Block           1 : Block_type=           3  rho=   8000.0000000000000       Cp=   500.00000000000000       k=   13.400000000000000     
 Read porous.inp OK
   Porous Block           1 : eps=  0.90000000000000002       dp=   1.0000000000000000E-003  hv=   200450.10000000001       rho_s=   8000.0000000000000       k_s=   13.400000000000000     
 creat main mesh OK, Num_Cell=         400
  read main mesh ...
  Mesh3d.x layout: separate (x,y,z in three records per block)
 read Mesh3d.x OK
 Convert bc3d.inp to bc3d.inc ...
 Convert bc3d.inp to bc3d.inc OK
 read bc3d.inc (Link/boundary file)......
 read bc3d.inc OK
 bc3d_interface.inp not found, skip interface
 Read solid_bc.inp OK
   Block           1  (solid):           2  thermal BC faces
     face           1  Tw=   0.0000000000000000       Qw=   0.0000000000000000     
     face           4  Tw=  -1.0000000000000000       Qw=   3000000.0000000000     
  Need not read wall_dist.dat 
 No FDM.in, Donot use hybrid FVM/FDM
 my_id, block_no, FDM, FD_Flux, FD_Scheme=           0           1           0
 comput Jocabian OK ...
 Check mesh quality ......
 Check mesh quality OK
 Initial by Free-stream flow ......
  Start ......
  AC porous solver (LS_Algorithm=3) block           1  eps=  0.90000000000000002       dp=   1.0000000000000000E-003  hv=   200450.10000000001       beta=   100.00000000000000       CFL=   20.000000000000000     
   AC-porous iter           1  res_q=   0.0000000000000000       res_m=   205.76666666666665     
   AC-porous iter           1  res_q=   0.0000000000000000       res_m=   205.76666666666665     
   AC-porous iter        5000  res_q=  0.60695915246267151       res_m=   15.987269158993618     
   AC-porous iter       10000  res_q=   5.9926177877755990E-002  res_m=  0.84349154540601834     
   AC-porous iter       15000  res_q=   4.3824509488032950E-003  res_m=   4.1668651517479241E-002
   AC-porous iter       20000  res_q=   2.8549948183353985E-004  res_m=   1.8993567807956012E-003
   AC-porous iter       25000  res_q=   1.7116974504460810E-005  res_m=   7.7104499624254281E-005
   AC-porous iter       30000  res_q=   9.6449959130495678E-007  res_m=   2.7589807879719454E-006
  AC porous solver block           1 : iterations =       31785  final res_q=   2.7896795984361228E-007  res_m=   9.9408076713849533E-007
   AC-porous LTNE iter        2000  dTf=   45.795305665978958       dTs=   87.980158888587539       Tf[   300.02087878614662      ,   1691.9971971803286      ]  Ts[   308.42716653986338      ,   5255.7795556488536      ]
   AC-porous LTNE iter        4000  dTf=   23.638386172615355       dTs=   37.907324416346455       Tf[   300.26446056505853      ,   2342.6991725098837      ]  Ts[   406.59735758131978      ,   6388.5451774426456      ]
   AC-porous LTNE iter        6000  dTf=   13.608416724059680       dTs=   20.141973809738374       Tf[   300.59516493472017      ,   2698.7468511911461      ]  Ts[   539.83327360105363      ,   6935.5193929428551      ]
   AC-porous LTNE iter        8000  dTf=   8.2618787993628757       dTs=   11.763909516788772       Tf[   300.86016423675767      ,   2909.7320513196551      ]  Ts[   646.58809264243246      ,   7241.2737064176135      ]
   AC-porous LTNE iter       10000  dTf=   5.1401417075435347       dTs=   7.1907019155914895       Tf[   301.04325822547452      ,   3039.5658804430227      ]  Ts[   720.34525739584137      ,   7424.3437973817836      ]
   AC-porous LTNE iter       12000  dTf=   3.2324888129314786       dTs=   4.4872245224605649       Tf[   301.16336679312008      ,   3120.8262267239315      ]  Ts[   768.72898840819551      ,   7537.5337083765116      ]
   AC-porous LTNE iter       14000  dTf=   2.0422048340751644       dTs=   2.8255599630592769       Tf[   301.24058400654638      ,   3172.0600414862834      ]  Ts[   799.83451661746426      ,   7608.5235607421218      ]
   AC-porous LTNE iter       16000  dTf=   1.2927364768916050       dTs=   1.7861046928082942       Tf[   301.28982075684621      ,   3204.4636241321969      ]  Ts[   819.66859604561193      ,   7653.3215287128678      ]
   AC-porous LTNE iter       18000  dTf=  0.81899057092186922       dTs=   1.1308866778072115       Tf[   301.32110931750350      ,   3224.9848830040828      ]  Ts[   832.27258236207354      ,   7681.6652825369456      ]
   AC-porous LTNE iter       20000  dTf=  0.51903748786844517       dTs=  0.71652403037751355       Tf[   301.34096400859352      ,   3237.9882943590264      ]  Ts[   840.27065482228807      ,   7699.6182813875384      ]
   AC-porous LTNE iter       22000  dTf=  0.32898954058873642       dTs=  0.45411787359626032       Tf[   301.35355561181944      ,   3246.2299158310366      ]  Ts[   845.34293426959857      ,   7710.9950580654086      ]
   AC-porous LTNE iter       24000  dTf=  0.20854135765785031       dTs=  0.28784556390928628       Tf[   301.36153904677207      ,   3251.4540098651100      ]  Ts[   848.55890367635300      ,   7718.2059132439717      ]
   AC-porous LTNE iter       26000  dTf=  0.13219455119497070       dTs=  0.18246217036539747       Tf[   301.36660023692076      ,   3254.7655298878585      ]  Ts[   850.59770431692345      ,   7722.7766922066921      ]
   AC-porous LTNE iter       28000  dTf=   8.3799156569057232E-002  dTs=  0.11566328874050669       Tf[   301.36980869381642      ,   3256.8647181618894      ]  Ts[   851.89016789114498      ,   7725.6740943426521      ]
   AC-porous LTNE iter       30000  dTf=   5.3121182303584646E-002  dTs=   7.3319955785336788E-002  Tf[   301.37184260339257      ,   3258.1954133879685      ]  Ts[   852.70948824197160      ,   7727.5107751583337      ]
   AC-porous LTNE iter       32000  dTf=   3.3674151040031575E-002  dTs=   4.6478330197714968E-002  Tf[   301.37313193210861      ,   3259.0389562456521      ]  Ts[   853.22886888036555      ,   7728.6750654565958      ]
   AC-porous LTNE iter       34000  dTf=   2.1346463310237596E-002  dTs=   2.9463174625561805E-002  Tf[   301.37394925607089      ,   3259.5736883669847      ]  Ts[   853.55811171484947      ,   7729.4131226084874      ]
   AC-porous LTNE iter       36000  dTf=   1.3531793308175111E-002  dTs=   1.8677074787774472E-002  Tf[   301.37446736872948      ,   3259.9126617765073      ]  Ts[   853.76682317822633      ,   7729.8809861252230      ]
   AC-porous LTNE iter       38000  dTf=   8.5779763021491817E-003  dTs=   1.1839634623356687E-002  Tf[   301.37479580712358      ,   3260.1275413289382      ]  Ts[   853.89912810595865      ,   7730.1775707056477      ]
   AC-porous LTNE iter       40000  dTf=   5.4376888638216769E-003  dTs=   7.5052954498460167E-003  Tf[   301.37500400846812      ,   3260.2637562214618      ]  Ts[   853.98299791025647      ,   7730.3655794457836      ]
   AC-porous LTNE iter       42000  dTf=   3.4470205973775592E-003  dTs=   4.7577027980878484E-003  Tf[   301.37513598997856      ,   3260.3501045849421      ]  Ts[   854.03616405805212      ,   7730.4847605885607      ]
   AC-porous LTNE iter       44000  dTf=   2.1851105120731518E-003  dTs=   3.0159687494233367E-003  Tf[   301.37521965475219      ,   3260.4048419185033      ]  Ts[   854.06986676157385      ,   7730.5603110405364      ]
   AC-porous LTNE iter       46000  dTf=   1.3851695553057652E-003  dTs=   1.9118612326565199E-003  Tf[   301.37527269092510      ,   3260.4395406155522      ]  Ts[   854.09123133753894      ,   7730.6082034397450      ]
   AC-porous LTNE iter       48000  dTf=   8.7807672844064655E-004  dTs=   1.2119533121222048E-003  Tf[   301.37530631123497      ,   3260.4615365642553      ]  Ts[   854.10477461613414      ,   7730.6385630452351      ]
  AC-porous LTNE block           1 : sweeps =       48900  final dTf=   7.1523005590279354E-004  dTs=   9.8718644858308835E-004
 write flow3d.dat ......
 write flow3d.dat OK
 Output Ts to Ts_block_1.dat
 write VTK files ......
 write VTK files OK
