 ----------------- OpenCFD-EC3D ver 1.14a (MPI-OpenMP version)------------------
         Copyright by Li Xinliang, lixl@imech.ac.cn                            
         Programming by Li Xinliang  2016-1                                   
 ----------------------------------------------------------------------------- 
 Check if Multi-Grid can be used ...
 Total Block number is            1 Total Cell number is          400
 Check multigrid OK
 can not find partation.dat,  create partation ...
 Partation ......
 Total Cell number=         400
 Total Grid number=        1604
 Max grid number is         1604  ... rato to mean grid is   1.0000000000000000     
 Min grid number is         1604  ... rato to mean grid is   1.0000000000000000     
 rato max to min is    1.0000000000000000     
 Read material.in OK, Total_block=           1
   Block           1 : Block_type=           3  rho=   8000.0000000000000       Cp=   500.00000000000000       k=   13.400000000000000     
 Read porous.inp OK
   Porous Block           1 : eps=  0.90000000000000002       dp=   1.0000000000000000E-003  hv=   358167.29999999999       rho_s=   8000.0000000000000       k_s=   13.400000000000000     
 creat main mesh OK, Num_Cell=         400
  read main mesh ...
  Mesh3d.x layout: separate (x,y,z in three records per block)
 read Mesh3d.x OK
 Convert bc3d.inp to bc3d.inc ...
 Convert bc3d.inp to bc3d.inc OK
 read bc3d.inc (Link/boundary file)......
 read bc3d.inc OK
 bc3d_interface.inp not found, skip interface
 Read solid_bc.inp OK
   Block           1  (solid):           2  thermal BC faces
     face           1  Tw=   0.0000000000000000       Qw=   0.0000000000000000     
     face           4  Tw=  -1.0000000000000000       Qw=   1000000.0000000000     
  Need not read wall_dist.dat 
 No FDM.in, Donot use hybrid FVM/FDM
 my_id, block_no, FDM, FD_Flux, FD_Scheme=           0           1           0
 comput Jocabian OK ...
 Check mesh quality ......
 Check mesh quality OK
 Initial by Free-stream flow ......
  Start ......
  AC porous solver (LS_Algorithm=3) block           1  eps=  0.90000000000000002       dp=   1.0000000000000000E-003  hv=   358167.29999999999       beta=   900.00000000000000       CFL=   20.000000000000000     
   AC-porous iter           1  res_q=   0.0000000000000000       res_m=   185.25555555555559     
   AC-porous iter           1  res_q=   0.0000000000000000       res_m=   185.25555555555559     
   AC-porous iter        5000  res_q=  0.57008660576756198       res_m=   15.897961075375626     
   AC-porous iter       10000  res_q=   6.1810229565421808E-002  res_m=  0.93744655925531672     
   AC-porous iter       15000  res_q=   5.0373520031775513E-003  res_m=   5.2363036382448491E-002
   AC-porous iter       20000  res_q=   3.6556810582792583E-004  res_m=   2.7445282691703418E-003
   AC-porous iter       25000  res_q=   2.4617505729380616E-005  res_m=   1.3220078725787701E-004
   AC-porous iter       30000  res_q=   1.5667993651462622E-006  res_m=   5.5674622416150944E-006
  AC porous solver block           1 : iterations =       32754  final res_q=   2.6559034806807713E-007  res_m=   9.9404608772733928E-007
   AC-porous LTNE iter        2000  dTf=   5.7921043599817494       dTs=   15.769829041902312       Tf[   300.00232569393404      ,   537.36357359611111      ]  Ts[   301.57419191681356      ,   1693.6600731799679      ]
   AC-porous LTNE iter        4000  dTf=   1.6921908909820331       dTs=   3.7107296220269745       Tf[   300.01927679653471      ,   601.19371691828269      ]  Ts[   313.03078169446638      ,   1849.5818442668703      ]
   AC-porous LTNE iter        6000  dTf=  0.54745952892858440       dTs=   1.0977281651357771       Tf[   300.03203918636632      ,   620.80334636014686      ]  Ts[   321.65310434438192      ,   1890.7054855180215      ]
   AC-porous LTNE iter        8000  dTf=  0.18529257079353556       dTs=  0.35760143065726879       Tf[   300.03756969900672      ,   627.29460779813860      ]  Ts[   325.38920821157495      ,   1903.4703019824406      ]
   AC-porous LTNE iter       10000  dTf=   6.3874017277839812E-002  dTs=  0.12138990387984450       Tf[   300.03964436406233      ,   629.51248618309387      ]  Ts[   326.79069755705990      ,   1907.7168065328547      ]
   AC-porous LTNE iter       12000  dTf=   2.2176371317186749E-002  dTs=   4.1894110233897663E-002  Tf[   300.04038719394066      ,   630.27986770341147      ]  Ts[   327.29249345434710      ,   1909.1706689132798      ]
   AC-porous LTNE iter       14000  dTf=   7.7204624384421550E-003  dTs=   1.4551678148336578E-002  Tf[   300.04064879077026      ,   630.54667290212421      ]  Ts[   327.46920654889681      ,   1909.6741008601982      ]
   AC-porous LTNE iter       16000  dTf=   2.6905883569270372E-003  dTs=   5.0668696424054360E-003  Tf[   300.04074035277290      ,   630.63960843341897      ]  Ts[   327.53105815524412      ,   1909.8491884147086      ]
   AC-porous LTNE iter       18000  dTf=   9.3804195751090447E-004  dTs=   1.7659226887190016E-003  Tf[   300.04077232700524      ,   630.67200319189988      ]  Ts[   327.55265725331492      ,   1909.9101832098909      ]
  AC-porous LTNE block           1 : sweeps =       19100  final dTf=   5.2548409485098091E-004  dTs=   9.8917448963220522E-004
 write flow3d.dat ......
 write flow3d.dat OK
 Output Ts to Ts_block_1.dat
 write VTK files ......
 write VTK files OK
