 ----------------- OpenCFD-EC3D ver 1.14a (MPI-OpenMP version)------------------
         Copyright by Li Xinliang, lixl@imech.ac.cn                            
         Programming by Li Xinliang  2016-1                                   
 ----------------------------------------------------------------------------- 
 Check if Multi-Grid can be used ...
 Total Block number is            1 Total Cell number is        25600
 Check multigrid OK
 can not find partation.dat,  create partation ...
 Partation ......
 Total Cell number=       25600
 Total Grid number=       51842
 Max grid number is        51842  ... rato to mean grid is   1.0000000000000000     
 Min grid number is        51842  ... rato to mean grid is   1.0000000000000000     
 rato max to min is    1.0000000000000000     
 Read material.in OK, Total_block=           1
   Block           1 : Block_type=           2  rho=   1.0000000000000000       Cp=   1.0000000000000000       k=   0.0000000000000000     
 creat main mesh OK, Num_Cell=       25600
  read main mesh ...
 read Mesh3d.x OK
 Convert bc3d.inp to bc3d.inc ...
 Convert bc3d.inp to bc3d.inc OK
 read bc3d.inc (Link/boundary file)......
 read bc3d.inc OK
 bc3d_interface.inp not found, skip interface
 solid_bc.inp not found, no solid thermal BCs
  Need not read wall_dist.dat 
 No FDM.in, Donot use hybrid FVM/FDM
 my_id, block_no, FDM, FD_Flux, FD_Scheme=           0           1           0
 comput Jocabian OK ...
 Check mesh quality ......
 Check mesh quality OK
 Initial by Free-stream flow ......
  Start ......
   DBG iter           1  maxU2=   2.0000000000000000       maxFi=   4.0882085264212012E-003  maxFj=   0.0000000000000000       Fi(21,1,1)=   0.0000000000000000       Fi(21,21,1)=   0.0000000000000000       Fi(41,21,1)=   0.0000000000000000     
   DBG div max=   3.8193815056902637E-003  res_p=   3.8193815056902637E-003
   SIMPLE iter           1  res_p=   3.8193815056902637E-003  u(1,1,1)=   1.4335117087825432E-318  p(1,1,1)=   1.4525035922086807E-319
   DBG iter           2  maxU2=   1.4769609148017480       maxFi=   4.8980789058165764E-003  maxFj=   6.6526031282978344E-004  Fi(21,1,1)=   0.0000000000000000       Fi(21,21,1)=   0.0000000000000000       Fi(41,21,1)=   0.0000000000000000     
   DBG div max=   4.2328185929867927E-003  res_p=   4.2328185929867927E-003
   SIMPLE iter           2  res_p=   4.2328185929867927E-003  u(1,1,1)=   2.9239394349188724E-052  p(1,1,1)=  -5.9269035541521106E-053
   DBG iter           3  maxU2=   1.7017528279859206       maxFi=   4.6989964963524231E-003  maxFj=   1.1205700232773698E-003  Fi(21,1,1)=   5.6305025691031156E-051  Fi(21,21,1)=   1.0696572287921206E-037  Fi(41,21,1)=  -8.9033057228283287E-038
   DBG div max=   2.8380051543787747E-003  res_p=   2.8380051543787747E-003
   SIMPLE iter           3  res_p=   2.8380051543787747E-003  u(1,1,1)=   2.0429168524921547E-029  p(1,1,1)=  -4.8610915530390084E-030
   SIMPLE iter           4  res_p=   2.1350167374507563E-003  u(1,1,1)=   2.8939109097977562E-021  p(1,1,1)=  -7.1729426821375937E-022
   SIMPLE iter           5  res_p=   1.7357785728766976E-003  u(1,1,1)=   6.1916205444828862E-017  p(1,1,1)=  -1.5584770069554806E-017
 DEBUG T iter          50 min   299.99999999999989      max   300.00000000000011     
 DEBUG T iter         100 min   299.99999999999989      max   300.00000000000011     
   SIMPLE iter         100  res_p=   5.0716679339738143E-005  u(1,1,1)=   4.3944233383115382E-003  p(1,1,1)=  -5.9067310432637807E-003
 DEBUG T iter         150 min   299.99999999999989      max   300.00000000000011     
 DEBUG T iter         200 min   299.99999999999989      max   300.00000000000011     
   SIMPLE iter         200  res_p=   8.0753446785375255E-006  u(1,1,1)=  -8.2134734317495313E-004  p(1,1,1)=  -3.8845460137090716E-003
 DEBUG T iter         250 min   299.99999999999989      max   300.00000000000011     
 DEBUG T iter         300 min   299.99999999999989      max   300.00000000000011     
   SIMPLE iter         300  res_p=   4.4737204863451634E-006  u(1,1,1)=  -3.9496634128257833E-004  p(1,1,1)=   1.7613558252304209E-003
 DEBUG T iter         350 min   299.99999999999989      max   300.00000000000011     
 DEBUG T iter         400 min   299.99999999999989      max   300.00000000000011     
   SIMPLE iter         400  res_p=   1.8443858711095652E-006  u(1,1,1)=  -9.1638022060849786E-006  p(1,1,1)=   3.9163357662042042E-003
 DEBUG T iter         450 min   299.99999999999989      max   300.00000000000011     
 DEBUG T iter         500 min   299.99999999999989      max   300.00000000000011     
   SIMPLE iter         500  res_p=   1.3774675195678699E-006  u(1,1,1)=  -3.8559460177151298E-006  p(1,1,1)=   5.2307755315662710E-003
 DEBUG T iter         550 min   299.99999999999989      max   300.00000000000011     
 DEBUG T iter         600 min   299.99999999999989      max   300.00000000000011     
   SIMPLE iter         600  res_p=   9.0714590178378809E-007  u(1,1,1)=  -3.7700991410021523E-005  p(1,1,1)=   6.8142470547257221E-003
 DEBUG T iter         650 min   299.99999999999989      max   300.00000000000011     
 DEBUG T iter         700 min   299.99999999999989      max   300.00000000000011     
   SIMPLE iter         700  res_p=   8.5243538024051130E-007  u(1,1,1)=  -4.1386674571553862E-005  p(1,1,1)=   8.2586921439387999E-003
 DEBUG T iter         750 min   299.99999999999977      max   300.00000000000011     
 DEBUG T iter         800 min   299.99999999999989      max   300.00000000000011     
   SIMPLE iter         800  res_p=   8.3802520555419091E-007  u(1,1,1)=  -3.6381379936987053E-005  p(1,1,1)=   9.5305523016691301E-003
 DEBUG T iter         850 min   299.99999999999989      max   300.00000000000011     
 DEBUG T iter         900 min   299.99999999999989      max   300.00000000000011     
   SIMPLE iter         900  res_p=   7.3890430883974401E-007  u(1,1,1)=  -3.3235911077044323E-005  p(1,1,1)=   1.0732499004301588E-002
 DEBUG T iter         950 min   299.99999999999989      max   300.00000000000011     
 DEBUG T iter        1000 min   299.99999999999989      max   300.00000000000011     
   SIMPLE iter        1000  res_p=   5.8722746452337209E-007  u(1,1,1)=  -2.9976275212855295E-005  p(1,1,1)=   1.1859265273683214E-002
 DEBUG T iter        1050 min   299.99999999999989      max   300.00000000000011     
 DEBUG T iter        1100 min   299.99999999999989      max   300.00000000000011     
   SIMPLE iter        1100  res_p=   4.4911778672440672E-007  u(1,1,1)=  -2.5720130815738255E-005  p(1,1,1)=   1.2854243853746544E-002
 DEBUG T iter        1150 min   299.99999999999989      max   300.00000000000011     
 DEBUG T iter        1200 min   299.99999999999989      max   300.00000000000011     
   SIMPLE iter        1200  res_p=   3.5481147880401034E-007  u(1,1,1)=  -2.0999434095753867E-005  p(1,1,1)=   1.3684659883153479E-002
 DEBUG T iter        1250 min   299.99999999999989      max   300.00000000000011     
 DEBUG T iter        1300 min   299.99999999999989      max   300.00000000000011     
   SIMPLE iter        1300  res_p=   2.9192090864852034E-007  u(1,1,1)=  -1.6485654238465688E-005  p(1,1,1)=   1.4346513648301680E-002
 DEBUG T iter        1350 min   299.99999999999989      max   300.00000000000011     
 DEBUG T iter        1400 min   299.99999999999989      max   300.00000000000011     
   SIMPLE iter        1400  res_p=   2.3953629215388295E-007  u(1,1,1)=  -1.2750606636105065E-005  p(1,1,1)=   1.4859022102084627E-002
 DEBUG T iter        1450 min   299.99999999999989      max   300.00000000000011     
 DEBUG T iter        1500 min   299.99999999999989      max   300.00000000000011     
   SIMPLE iter        1500  res_p=   1.8824070688902399E-007  u(1,1,1)=  -9.8954242423207568E-006  p(1,1,1)=   1.5253489755240086E-002
 DEBUG T iter        1550 min   299.99999999999989      max   300.00000000000011     
 DEBUG T iter        1600 min   299.99999999999989      max   300.00000000000011     
   SIMPLE iter        1600  res_p=   1.4035581861917938E-007  u(1,1,1)=  -7.6655624293193178E-006  p(1,1,1)=   1.5557512680835332E-002
 DEBUG T iter        1650 min   299.99999999999989      max   300.00000000000011     
 DEBUG T iter        1700 min   299.99999999999989      max   300.00000000000011     
   SIMPLE iter        1700  res_p=   1.0244645702378249E-007  u(1,1,1)=  -5.8411096105537289E-006  p(1,1,1)=   1.5789453250407422E-002
 Low-speed solver Block           1  SIMPLE iterations:        1708  res_p:   9.9960001821242442E-008
 --------------Force and Moment -----------------------------
 Total Force Coefficient (CL, CD, CS) =
   0.0000000000000000        0.0000000000000000        0.0000000000000000     
 Total Moment Coefficient(CMx, CMy, CMz)=
   0.0000000000000000        0.0000000000000000        0.0000000000000000     
 Kstep, t=           1   1.0000000000000000     
 ----------The Max Residuals are--------  ---Mesh---           1
    0.0000000000E+00    0.0000000000E+00    0.0000000000E+00    0.0000000000E+00    0.0000000000E+00
   The R.M.S Residuals are 
    0.0000000000E+00    0.0000000000E+00    0.0000000000E+00    0.0000000000E+00    0.0000000000E+00
 write flow3d.dat ......
 write flow3d.dat OK
 write VTK files ......
 write VTK files OK
