      1      0.30317406E-02      0.14064072E+00      0.00000000E+00      0.65054333E-02      0.15614569E-09      0.10209419E-20
      2      0.63149727E-02      0.14365326E+00      0.00000000E+00      0.65330288E-02      0.35332580E-08      0.89835746E-21
      3      0.10068712E-01      0.14634898E+00      0.00000000E+00      0.65550775E-02     -0.66794423E-05      0.59751971E-21
      4      0.14483111E-01      0.14875555E+00      0.00000000E+00      0.65711842E-02     -0.16709426E-04     -0.14939172E-21
      5      0.19709962E-01      0.15089307E+00      0.00000000E+00      0.65822023E-02     -0.29184973E-04     -0.42062282E-21
      6      0.25862850E-01      0.15278046E+00      0.00000000E+00      0.65887032E-02     -0.42887841E-04     -0.98745157E-21
      7      0.33027731E-01      0.15443602E+00      0.00000000E+00      0.65912645E-02     -0.56836395E-04     -0.59546536E-22
      8      0.41265092E-01      0.15587762E+00      0.00000000E+00      0.65904680E-02     -0.70239588E-04     -0.48198744E-21
      9      0.50612177E-01      0.15712218E+00      0.00000000E+00      0.65868895E-02     -0.82466592E-04      0.20385636E-21
     10      0.61100655E-01      0.15818419E+00      0.00000000E+00      0.65810770E-02     -0.93041034E-04      0.33826452E-21
     11      0.72755394E-01      0.15907600E+00      0.00000000E+00      0.65735190E-02     -0.10165204E-03      0.37568235E-21
     12      0.85588409E-01      0.15980960E+00      0.00000000E+00      0.65646340E-02     -0.10815878E-03     -0.76948547E-22
     13      0.99604110E-01      0.16039700E+00      0.00000000E+00      0.65547856E-02     -0.11256634E-03      0.76886389E-22
     14      0.11479349E+00      0.16084196E+00      0.00000000E+00      0.65442942E-02     -0.11498637E-03      0.38473366E-21
     15      0.13113475E+00      0.16116004E+00      0.00000000E+00      0.65331904E-02     -0.11586204E-03      0.71122094E-21
     16      0.14853798E+00      0.16134550E+00      0.00000000E+00      0.65219143E-02     -0.11463554E-03     -0.41190888E-23
     17      0.16008635E+00      0.16650118E+00      0.00000000E+00      0.00000000E+00      0.00000000E+00      0.00000000E+00
     18      0.17083671E+00      0.17133025E+00      0.00000000E+00      0.00000000E+00      0.00000000E+00      0.00000000E+00
     19      0.18085878E+00      0.17582586E+00      0.00000000E+00      0.00000000E+00      0.00000000E+00      0.00000000E+00
     20      0.19021365E+00      0.17998708E+00      0.00000000E+00      0.00000000E+00      0.00000000E+00      0.00000000E+00
     21      0.19895568E+00      0.18381751E+00      0.00000000E+00      0.00000000E+00      0.00000000E+00      0.00000000E+00
     22      0.20713369E+00      0.18732418E+00      0.00000000E+00      0.00000000E+00      0.00000000E+00      0.00000000E+00
     23      0.21479177E+00      0.19051666E+00      0.00000000E+00      0.00000000E+00      0.00000000E+00      0.00000000E+00
     24      0.22196991E+00      0.19340628E+00      0.00000000E+00      0.00000000E+00      0.00000000E+00      0.00000000E+00
     25      0.22870445E+00      0.19600562E+00      0.00000000E+00      0.00000000E+00      0.00000000E+00      0.00000000E+00
     26      0.23502849E+00      0.19832801E+00      0.00000000E+00      0.00000000E+00      0.00000000E+00      0.00000000E+00
     27      0.24097219E+00      0.20038718E+00      0.00000000E+00      0.00000000E+00      0.00000000E+00      0.00000000E+00
     28      0.24656310E+00      0.20219701E+00      0.00000000E+00      0.00000000E+00      0.00000000E+00      0.00000000E+00
     29      0.25182637E+00      0.20377131E+00      0.00000000E+00      0.00000000E+00      0.00000000E+00      0.00000000E+00
     30      0.25678498E+00      0.20512366E+00      0.00000000E+00      0.00000000E+00      0.00000000E+00      0.00000000E+00
