 ----------------- OpenCFD-EC3D ver 1.14a (MPI-OpenMP version)------------------
         Copyright by Li Xinliang, lixl@imech.ac.cn                            
         Programming by Li Xinliang  2016-1                                   
 ----------------------------------------------------------------------------- 
 Check if Multi-Grid can be used ...
 Total Block number is            1 Total Cell number is          400
 Check multigrid OK
 can not find partation.dat,  create partation ...
 Partation ......
 Total Cell number=         400
 Total Grid number=        1604
 Max grid number is         1604  ... rato to mean grid is   1.0000000000000000     
 Min grid number is         1604  ... rato to mean grid is   1.0000000000000000     
 rato max to min is    1.0000000000000000     
 Read material.in OK, Total_block=           1
   Block           1 : Block_type=           3  rho=   8000.0000000000000       Cp=   500.00000000000000       k=   13.400000000000000     
 Read porous.inp OK
   Porous Block           1 : eps=  0.59999999999999998       dp=   1.0000000000000000E-003  hv=   1150446.0000000000       rho_s=   8000.0000000000000       k_s=   13.400000000000000     
 creat main mesh OK, Num_Cell=         400
  read main mesh ...
  Mesh3d.x layout: separate (x,y,z in three records per block)
 read Mesh3d.x OK
 Convert bc3d.inp to bc3d.inc ...
 Convert bc3d.inp to bc3d.inc OK
 read bc3d.inc (Link/boundary file)......
 read bc3d.inc OK
 bc3d_interface.inp not found, skip interface
 Read solid_bc.inp OK
   Block           1  (solid):           2  thermal BC faces
     face           1  Tw=   0.0000000000000000       Qw=   0.0000000000000000     
     face           4  Tw=  -1.0000000000000000       Qw=   1000000.0000000000     
  Need not read wall_dist.dat 
 No FDM.in, Donot use hybrid FVM/FDM
 my_id, block_no, FDM, FD_Flux, FD_Scheme=           0           1           0
 comput Jocabian OK ...
 Check mesh quality ......
 Check mesh quality OK
 Initial by Free-stream flow ......
  Start ......
  AC porous solver (LS_Algorithm=3) block           1  eps=  0.59999999999999998       dp=   1.0000000000000000E-003  hv=   1150446.0000000000       beta=   400.00000000000000       CFL=   20.000000000000000     
   AC-porous iter           1  res_q=   0.0000000000000000       res_m=   1069.2000000000003     
   AC-porous iter           1  res_q=   0.0000000000000000       res_m=   1069.2000000000003     
   AC-porous iter        5000  res_q=   4.3194010146409504E-003  res_m=  0.13816158194618339     
   AC-porous iter       10000  res_q=   5.3017146228739865E-007  res_m=   6.5402644237879889E-006
  AC porous solver block           1 : iterations =       10446  final res_q=   2.8741897750705897E-007  res_m=   9.9417262616755917E-007
   AC-porous LTNE iter        2000  dTf=   6.3890803170037316       dTs=   7.7988296063504094       Tf[   300.00457353047358      ,   522.38504337166933      ]  Ts[   300.64627249815851      ,   713.64789357933989      ]
   AC-porous LTNE iter        4000  dTf=   3.3885994694695682       dTs=   3.8517999897406980       Tf[   300.06183679014549      ,   613.52068593252477      ]  Ts[   308.72619409902364      ,   820.50208599695486      ]
   AC-porous LTNE iter        6000  dTf=   2.1403523983403829       dTs=   2.3612294547077681       Tf[   300.14986272752441      ,   666.71468935654650      ]  Ts[   321.14255750897729      ,   879.99341510094246      ]
   AC-porous LTNE iter        8000  dTf=   1.4712670943864623       dTs=   1.5989004428686258       Tf[   300.23153709016225      ,   701.90847174839314      ]  Ts[   332.66202779447235      ,   918.49781797946457      ]
   AC-porous LTNE iter       10000  dTf=   1.0537877976688605       dTs=   1.1371308035319316       Tf[   300.29727019575751      ,   726.66284146013027      ]  Ts[   341.93286027132223      ,   945.29276974017841      ]
   AC-porous LTNE iter       12000  dTf=  0.76903311562546151       dTs=  0.82724424386083228       Tf[   300.34758769110312      ,   744.58178633764987      ]  Ts[   349.02943821919649      ,   964.59435741437244      ]
   AC-porous LTNE iter       14000  dTf=  0.56584149998582234       dTs=  0.60784251547045187       Tf[   300.38535656819221      ,   757.71975752501351      ]  Ts[   354.35618642168805      ,   978.71581427390970      ]
   AC-porous LTNE iter       16000  dTf=  0.41780389174687116       dTs=  0.44855485726031930       Tf[   300.41347944192893      ,   767.40586850144746      ]  Ts[   358.32249972818511      ,   989.11744016859757      ]
   AC-porous LTNE iter       18000  dTf=  0.30895904341366531       dTs=  0.33161669285379958       Tf[   300.43434974184419      ,   774.56398307834581      ]  Ts[   361.26594309814885      ,   996.80131489051587      ]
   AC-porous LTNE iter       20000  dTf=  0.22861541414249587       dTs=  0.24535524886925941       Tf[   300.44981598149894      ,   779.85921292451894      ]  Ts[   363.44722397903604      ,   1002.4845316912086      ]
   AC-porous LTNE iter       22000  dTf=  0.16921042984029100       dTs=  0.18159239063675159       Tf[   300.46127063564177      ,   783.77804150329030      ]  Ts[   365.06273074084271      ,   1006.6902004962382      ]
   AC-porous LTNE iter       24000  dTf=  0.12525593228724574       dTs=  0.13441899317683692       Tf[   300.46975207964772      ,   786.67876410565918      ]  Ts[   366.25891084336922      ,   1009.8031497501069      ]
   AC-porous LTNE iter       26000  dTf=   9.2723637025756034E-002  dTs=   9.9506013733162035E-002  Tf[   300.47603138093325      ,   788.82604747585196      ]  Ts[   367.14451181779179      ,   1012.1075065021296      ]
   AC-porous LTNE iter       28000  dTf=   6.8642247242792109E-002  dTs=   7.3662914385067779E-002  Tf[   300.48068009946377      ,   790.41564284584717      ]  Ts[   367.80014362002714      ,   1013.8133713566581      ]
   AC-porous LTNE iter       30000  dTf=   5.0815509836638739E-002  dTs=   5.4532206498265623E-002  Tf[   300.48412159245549      ,   791.59240792450612      ]  Ts[   368.28551442235783      ,   1015.0762069709162      ]
   AC-porous LTNE iter       32000  dTf=   3.7618603756982338E-002  dTs=   4.0370041233018128E-002  Tf[   300.48666934367395      ,   792.46356300757429      ]  Ts[   368.64483639505482      ,   1016.0110788754843      ]
   AC-porous LTNE iter       34000  dTf=   2.7849008061480163E-002  dTs=   2.9885886334454881E-002  Tf[   300.48855544778178      ,   793.10847766104359      ]  Ts[   368.91084299857306      ,   1016.7031627048349      ]
   AC-porous LTNE iter       36000  dTf=   2.0616601403276036E-002  dTs=   2.2124498579387364E-002  Tf[   300.48995173150450      ,   793.58590739860233      ]  Ts[   369.10776780719550      ,   1017.2155116528980      ]
   AC-porous LTNE iter       38000  dTf=   1.5262460000485589E-002  dTs=   1.6378754797983675E-002  Tf[   300.49098540034129      ,   793.93934835918742      ]  Ts[   369.25355124257527      ,   1017.5948032574116      ]
   AC-porous LTNE iter       40000  dTf=   1.1298793047330946E-002  dTs=   1.2125185401714589E-002  Tf[   300.49175062518060      ,   794.20100054810700      ]  Ts[   369.36147469147073      ,   1017.8755926581119      ]
   AC-porous LTNE iter       42000  dTf=   8.3644924018244637E-003  dTs=   8.9762702942834949E-003  Tf[   300.49231712091819      ,   794.39470156468360      ]  Ts[   369.44137039096057      ,   1018.0834609426407      ]
   AC-porous LTNE iter       44000  dTf=   6.1922308277644333E-003  dTs=   6.6451297642515783E-003  Tf[   300.49273649753735      ,   794.53809835883521      ]  Ts[   369.50051715253448      ,   1018.2373457593993      ]
   AC-porous LTNE iter       46000  dTf=   4.5841063748639499E-003  dTs=   4.9193872915793690E-003  Tf[   300.49304696191234      ,   794.64425495638352      ]  Ts[   369.54430348094297      ,   1018.3512666362168      ]
   AC-porous LTNE iter       48000  dTf=   3.3936124040110371E-003  dTs=   3.6418207538417846E-003  Tf[   300.49327679858669      ,   794.72284264963787      ]  Ts[   369.57671848539013      ,   1018.4356022227128      ]
   AC-porous LTNE iter       50000  dTf=   2.5122901236045436E-003  dTs=   2.6960386841210493E-003  Tf[   300.49344694660005      ,   794.78102109251063      ]  Ts[   369.60071530238127      ,   1018.4980358289855      ]
   AC-porous LTNE iter       52000  dTf=   1.8598475357975985E-003  dTs=   1.9958765324190608E-003  Tf[   300.49357290711748      ,   794.82409057425048      ]  Ts[   369.61848013798107      ,   1018.5442554067647      ]
   AC-porous LTNE iter       54000  dTf=   1.3768445074902047E-003  dTs=   1.4775467263916653E-003  Tf[   300.49366615564634      ,   794.85597489713575      ]  Ts[   369.63163143982246      ,   1018.5784717446836      ]
   AC-porous LTNE iter       56000  dTf=   1.0192775275754684E-003  dTs=   1.0938273480860516E-003  Tf[   300.49373518750104      ,   794.87957885067192      ]  Ts[   369.64136734417588      ,   1018.6038020881642      ]
  AC-porous LTNE block           1 : sweeps =       56600  final dTf=   9.3135385111509095E-004  dTs=   9.9947294324920222E-004
 write flow3d.dat ......
 write flow3d.dat OK
 Output Ts to Ts_block_1.dat
 write VTK files ......
 write VTK files OK
