 ----------------- OpenCFD-EC3D ver 1.14a (MPI-OpenMP version)------------------
         Copyright by Li Xinliang, lixl@imech.ac.cn                            
         Programming by Li Xinliang  2016-1                                   
 ----------------------------------------------------------------------------- 
 Check if Multi-Grid can be used ...
 Total Block number is            1 Total Cell number is          400
 Check multigrid OK
 can not find partation.dat,  create partation ...
 Partation ......
 Total Cell number=         400
 Total Grid number=        1604
 Max grid number is         1604  ... rato to mean grid is   1.0000000000000000     
 Min grid number is         1604  ... rato to mean grid is   1.0000000000000000     
 rato max to min is    1.0000000000000000     
 Read material.in OK, Total_block=           1
   Block           1 : Block_type=           3  rho=   8000.0000000000000       Cp=   500.00000000000000       k=   13.400000000000000     
 Read porous.inp OK
   Porous Block           1 : eps=  0.59999999999999998       dp=   1.0000000000000000E-003  hv=   801800.40000000002       rho_s=   8000.0000000000000       k_s=   13.400000000000000     
 creat main mesh OK, Num_Cell=         400
  read main mesh ...
  Mesh3d.x layout: separate (x,y,z in three records per block)
 read Mesh3d.x OK
 Convert bc3d.inp to bc3d.inc ...
 Convert bc3d.inp to bc3d.inc OK
 read bc3d.inc (Link/boundary file)......
 read bc3d.inc OK
 bc3d_interface.inp not found, skip interface
 Read solid_bc.inp OK
   Block           1  (solid):           2  thermal BC faces
     face           1  Tw=   0.0000000000000000       Qw=   0.0000000000000000     
     face           4  Tw=  -1.0000000000000000       Qw=   2000000.0000000000     
  Need not read wall_dist.dat 
 No FDM.in, Donot use hybrid FVM/FDM
 my_id, block_no, FDM, FD_Flux, FD_Scheme=           0           1           0
 comput Jocabian OK ...
 Check mesh quality ......
 Check mesh quality OK
 Initial by Free-stream flow ......
  Start ......
  AC porous solver (LS_Algorithm=3) block           1  eps=  0.59999999999999998       dp=   1.0000000000000000E-003  hv=   801800.40000000002       beta=   100.00000000000000       CFL=   20.000000000000000     
   AC-porous iter           1  res_q=   0.0000000000000000       res_m=   1438.4000000000003     
   AC-porous iter           1  res_q=   0.0000000000000000       res_m=   1438.4000000000003     
   AC-porous iter        5000  res_q=   3.2107119896096488E-003  res_m=   3.3336941628006107E-002
  AC porous solver block           1 : iterations =        8928  final res_q=   1.9858337196865247E-007  res_m=   9.9803759007198256E-007
   AC-porous LTNE iter        2000  dTf=   17.557330976158823       dTs=   19.740173468501780       Tf[   300.01692370801152      ,   872.36256832368724      ]  Ts[   301.72057777264024      ,   1198.1669084625582      ]
   AC-porous LTNE iter        4000  dTf=   10.826335346997212       dTs=   11.600560800575067       Tf[   300.27324793365165      ,   1141.8231679701810      ]  Ts[   327.74207748867542      ,   1492.7597253750157      ]
   AC-porous LTNE iter        6000  dTf=   7.8665137813359252       dTs=   8.2601006010002038       Tf[   300.75480109388144      ,   1324.0238910131452      ]  Ts[   376.61175814224839      ,   1685.8326921514308      ]
   AC-porous LTNE iter        8000  dTf=   6.2131469484302215       dTs=   6.4507154253096815       Tf[   301.29501551874512      ,   1462.6345400529274      ]  Ts[   431.42964758698236      ,   1830.4703690892725      ]
   AC-porous LTNE iter       10000  dTf=   5.1378458042277089       dTs=   5.3019825715937259       Tf[   301.81440513216018      ,   1574.9603950250034      ]  Ts[   484.13268703393385      ,   1946.6925394684833      ]
   AC-porous LTNE iter       12000  dTf=   4.3513033155870744       dTs=   4.4765033655435218       Tf[   302.28546945495140      ,   1669.1119358114927      ]  Ts[   531.93148545467955      ,   2043.6816676530011      ]
   AC-porous LTNE iter       14000  dTf=   3.7291002764829955       dTs=   3.8306237644874273       Tf[   302.70222307683514      ,   1749.3915144464834      ]  Ts[   574.21914577428618      ,   2126.1999586553384      ]
   AC-porous LTNE iter       16000  dTf=   3.2142387450146543       dTs=   3.2993588491194714       Tf[   303.06683063562986      ,   1818.4181788695623      ]  Ts[   611.21548915569065      ,   2197.0764344025793      ]
   AC-porous LTNE iter       18000  dTf=   2.7780553861002772       dTs=   2.8506436299740017       Tf[   303.38417624825541      ,   1878.0082137202596      ]  Ts[   643.41617349882154      ,   2258.2324550961876      ]
   AC-porous LTNE iter       20000  dTf=   2.4041842980052479       dTs=   2.4666016368564669       Tf[   303.65972190831474      ,   1929.5501402340669      ]  Ts[   671.37545003215541      ,   2311.1161738915966      ]
   AC-porous LTNE iter       22000  dTf=   2.0819078486022136       dTs=   2.1357937249244969       Tf[   303.89870303643556      ,   1974.1713124568580      ]  Ts[   695.62456230577016      ,   2356.8937711536864      ]
   AC-porous LTNE iter       24000  dTf=   1.8033554864034613       dTs=   1.8499643056024979       Tf[   304.10586139605641      ,   2012.8175523749451      ]  Ts[   716.64465591193050      ,   2396.5394593881638      ]
   AC-porous LTNE iter       26000  dTf=   1.5622866643147972       dTs=   1.6026373885388239       Tf[   304.28538946251797      ,   2046.2956933989201      ]  Ts[   734.86113794522271      ,   2430.8825240487245      ]
   AC-porous LTNE iter       28000  dTf=   1.3535310025254148       dTs=   1.3884787329620849       Tf[   304.44095408943770      ,   2075.2996254850700      ]  Ts[   750.64608013915210      ,   2460.6354306724475      ]
   AC-porous LTNE iter       30000  dTf=   1.1727054730622513       dTs=   1.2029797454515574       Tf[   304.57574639616223      ,   2100.4284394141700      ]  Ts[   764.32328159310111      ,   2486.4130056860226      ]
   AC-porous LTNE iter       32000  dTf=   1.0160520463164175       dTs=   1.0422803114565795       Tf[   304.69253700441442      ,   2122.2003396199248      ]  Ts[   776.17387385441452      ,   2508.7469406535174      ]
   AC-porous LTNE iter       34000  dTf=  0.88033082886840930       dTs=  0.90305483095062300       Tf[   304.79372880822120      ,   2141.0639595130906      ]  Ts[   786.44167553376155      ,   2528.0974946479837      ]
   AC-porous LTNE iter       36000  dTf=  0.76274129648618327       dTs=  0.78242964249011493       Tf[   304.88140470323964      ,   2157.4078632036653      ]  Ts[   795.33803538685663      ,   2544.8632800638438      ]
   AC-porous LTNE iter       38000  dTf=  0.66085969865343941       dTs=  0.67791808581569057       Tf[   304.95736976173782      ,   2171.5686545109338      ]  Ts[   803.04611177516813      ,   2559.3895968137872      ]
   AC-porous LTNE iter       40000  dTf=  0.57258713454484678       dTs=  0.58736694075378182       Tf[   305.02318810982916      ,   2183.8379523260073      ]  Ts[   809.72461455937059      ,   2571.9755942315805      ]
   AC-porous LTNE iter       42000  dTf=  0.49610550900297312       dTs=  0.50891112500721647       Tf[   305.08021501617196      ,   2194.4684136110172      ]  Ts[   815.51106110159719      ,   2582.8804521919242      ]
   AC-porous LTNE iter       44000  dTf=  0.42983975779952743       dTs=  0.44093489467559266       Tf[   305.12962475062761      ,   2203.6789434523816      ]  Ts[   820.52460304888496      ,   2592.3287267318283      ]
   AC-porous LTNE iter       46000  dTf=  0.37242527626403898       dTs=  0.38203841184440535       Tf[   305.17243474472707      ,   2211.6592057458092      ]  Ts[   824.86847786502460      ,   2600.5149776100338      ]
   AC-porous LTNE iter       48000  dTf=  0.32267976332286707       dTs=  0.33100885365865906       Tf[   305.20952653435802      ,   2218.5735299701023      ]  Ts[   828.63213385821166      ,   2607.6077761048077      ]
   AC-porous LTNE iter       50000  dTf=  0.27957885256819281       dTs=  0.28679541085966775       Tf[   305.24166390893470      ,   2224.5642955489629      ]  Ts[   831.89307175399608      ,   2613.7531768078443      ]
   AC-porous LTNE iter       52000  dTf=  0.24223500913149110       dTs=  0.24848763868703827       Tf[   305.26950863791859      ,   2229.7548639218485      ]  Ts[   834.71844044502848      ,   2619.0777254087766      ]
   AC-porous LTNE iter       54000  dTf=  0.20987924991823093       dTs=  0.21529670456629901       Tf[   305.29363409735987      ,   2234.2521188765122      ]  Ts[   837.16641965867848      ,   2623.6910646117612      ]
   AC-porous LTNE iter       56000  dTf=  0.18184530708731472       dTs=  0.18653914268816152       Tf[   305.31453707658187      ,   2238.1486675252158      ]  Ts[   839.28741796601321      ,   2627.6881919289335      ]
   AC-porous LTNE iter       58000  dTf=  0.15755590773915173       dTs=  0.16162277940838976       Tf[   305.33264800793040      ,   2241.5247472768542      ]  Ts[   841.12511078131024      ,   2631.1514158778232      ]
   AC-porous LTNE iter       60000  dTf=  0.13651088648930454       dTs=  0.14003453890200035       Tf[   305.34833983016267      ,   2244.4498780845570      ]  Ts[   842.71733971863648      ,   2634.1520508779736      ]
   AC-porous LTNE iter       62000  dTf=  0.11827688595758445       dTs=  0.12132987788754690       Tf[   305.36193566795521      ,   2246.9842939970449      ]  Ts[   844.09689182164004      ,   2636.7518857543146      ]
   AC-porous LTNE iter       64000  dTf=  0.10247843314255078       dTs=  0.10512363154930426       Tf[   305.37371548565363      ,   2249.1801834941580      ]  Ts[   845.29217471092477      ,   2639.0044560885476      ]
   AC-porous LTNE iter       66000  dTf=   8.8790207605597971E-002  dTs=   9.1082082167304179E-002  Tf[   305.38392185227218      ,   2251.0827641480205      ]  Ts[   846.32780155109572      ,   2640.9561466198761      ]
   AC-porous LTNE iter       68000  dTf=   7.6930342571358779E-002  dTs=   7.8916087401921686E-002  Tf[   305.39276493645349      ,   2252.7312137395011      ]  Ts[   847.22509788293132      ,   2642.6471463956314      ]
   AC-porous LTNE iter       70000  dTf=   6.6654620672125020E-002  dTs=   6.8375126069440739E-002  Tf[   305.40042683424343      ,   2254.1594770040410      ]  Ts[   848.00254075702287      ,   2644.1122763411081      ]
   AC-porous LTNE iter       72000  dTf=   5.7751445121994038E-002  dTs=   5.9242139562229568E-002  Tf[   305.40706531879670      ,   2255.3969646186833      ]  Ts[   848.67613921164309      ,   2645.3817062888966      ]
   AC-porous LTNE iter       74000  dTf=   5.0037482476454898E-002  dTs=   5.1329062222521316E-002  Tf[   305.41281708922946      ,   2256.4691588243390      ]  Ts[   849.25976392954965      ,   2646.4815762337753      ]
   AC-porous LTNE iter       76000  dTf=   4.3353887453577045E-002  dTs=   4.4472948606198770E-002  Tf[   305.41780058551421      ,   2257.3981381539866      ]  Ts[   849.76543286182982      ,   2647.4345346052278      ]
   AC-porous LTNE iter       78000  dTf=   3.7563032042271516E-002  dTs=   3.8532618214958347E-002  Tf[   305.42211842738794      ,   2258.2030320718181      ]  Ts[   850.20355870064805      ,   2648.2602046418542      ]
   AC-porous LTNE iter       80000  dTf=   3.2545671428124479E-002  dTs=   3.3385748255568615E-002  Tf[   305.42585952748732      ,   2258.9004148857316      ]  Ts[   850.58316329642901      ,   2648.9755884716146      ]
   AC-porous LTNE iter       82000  dTf=   2.8198488547332090E-002  dTs=   2.8926354835675738E-002  Tf[   305.42910092223087      ,   2259.5046470439775      ]  Ts[   850.91206343508861      ,   2649.5954172182019      ]
   AC-porous LTNE iter       84000  dTf=   2.4431966566226038E-002  dTs=   2.5062610464829049E-002  Tf[   305.43190935814658      ,   2260.0281708443695      ]  Ts[   851.19703180061697      ,   2650.1324543430483      ]
   AC-porous LTNE iter       86000  dTf=   2.1168545587443077E-002  dTs=   2.1714953267746750E-002  Tf[   305.43434266631090      ,   2260.4817666449744      ]  Ts[   851.44393643764693      ,   2650.5977584694692      ]
   AC-porous LTNE iter       88000  dTf=   1.8341025517202070E-002  dTs=   1.8814448570537934E-002  Tf[   305.43645095320079      ,   2260.8747748523979      ]  Ts[   851.65786158570154      ,   2651.0009111009313      ]
   AC-porous LTNE iter       90000  dTf=   1.5891182310497243E-002  dTs=   1.6301369400935073E-002  Tf[   305.43827763248260      ,   2261.2152882585974      ]  Ts[   851.84321237343227      ,   2651.3502139225029      ]
   AC-porous LTNE iter       92000  dTf=   1.3768568987870822E-002  dTs=   1.4123966660918086E-002  Tf[   305.43986031898254      ,   2261.5103186869678      ]  Ts[   852.00380552868842      ,   2651.6528597484912      ]
   AC-porous LTNE iter       94000  dTf=   1.1929476881959999E-002  dTs=   1.2237403462222574E-002  Tf[   305.44123160324801      ,   2261.7659413793122      ]  Ts[   852.14294797221680      ,   2651.9150806363259      ]
   AC-porous LTNE iter       96000  dTf=   1.0336035558793810E-002  dTs=   1.0602831843243621E-002  Tf[   305.44241972264928      ,   2261.9874200966174      ]  Ts[   852.26350491351809      ,   2652.1422762164848      ]
   AC-porous LTNE iter       98000  dTf=   8.9554330184000719E-003  dTs=   9.1865928561674082E-003  Tf[   305.44344914284108      ,   2262.1793155099890      ]  Ts[   852.36795885097683      ,   2652.3391248812231      ]
   AC-porous LTNE iter      100000  dTf=   7.7592399875356932E-003  dTs=   7.9595233878535510E-003  Tf[   305.44434106155745      ,   2262.3455791136794      ]  Ts[   852.45846069129561      ,   2652.5096801217387      ]
   AC-porous LTNE iter      102000  dTf=   6.7228245811747911E-003  dTs=   6.8963557800998387E-003  Tf[   305.44511384511395      ,   2262.4896345938091      ]  Ts[   852.53687404078175      ,   2652.6574539971793      ]
   AC-porous LTNE iter      104000  dTf=   5.8248450113751460E-003  dTs=   5.9751973381025891E-003  Tf[   305.44578340660394      ,   2262.6144483287367      ]  Ts[   852.60481358050231      ,   2652.7854894547772      ]
   AC-porous LTNE iter      106000  dTf=   5.0468101690057665E-003  dTs=   5.1770796635537408E-003  Tf[   305.44636353358192      ,   2262.7225904723773      ]  Ts[   852.66367831577043      ,   2652.8964229898975      ]
   AC-porous LTNE iter      108000  dTf=   4.3726988055823313E-003  dTs=   4.4855679802822124E-003  Tf[   305.44686617197351      ,   2262.8162878786688      ]  Ts[   852.71468038425871      ,   2652.9925389365735      ]
   AC-porous LTNE iter      110000  dTf=   3.7886296936449071E-003  dTs=   3.8864227294652665E-003  Tf[   305.44730167206632      ,   2262.8974699566938      ]  Ts[   852.75887001627143      ,   2653.0758165062589      ]
   AC-porous LTNE iter      112000  dTf=   3.2825757307364256E-003  dTs=   3.3673063762762467E-003  Tf[   305.44767900164180      ,   2262.9678084010202      ]  Ts[   852.79715716099361      ,   2653.1479705437237      ]
   AC-porous LTNE iter      114000  dTf=   2.8441162771741801E-003  dTs=   2.9175293025218707E-003  Tf[   305.44800593063843      ,   2263.0287516149529      ]  Ts[   852.83033022409722      ,   2653.2104868388078      ]
   AC-porous LTNE iter      116000  dTf=   2.4642226439937076E-003  dTs=   2.5278297603108513E-003  Tf[   305.44828919115082      ,   2263.0815545360192      ]  Ts[   852.85907230248108      ,   2653.2646527217967      ]
   AC-porous LTNE iter      118000  dTf=   2.1350720689952141E-003  dTs=   2.1901830741626327E-003  Tf[   305.44853461605584      ,   2263.1273044775658      ]  Ts[   852.88397525064522      ,   2653.3115835720359      ]
   AC-porous LTNE iter      120000  dTf=   1.8498867107155093E-003  dTs=   1.8976364399350132E-003  Tf[   305.44874725912234      ,   2263.1669435184976      ]  Ts[   852.90555186798895      ,   2653.3522457855934      ]
   AC-porous LTNE iter      122000  dTf=   1.6027940728235990E-003  dTs=   1.6441657844552537E-003  Tf[   305.44893149907836      ,   2263.2012879026506      ]  Ts[   852.92424645839719      ,   2653.3874766753902      ]
   AC-porous LTNE iter      124000  dTf=   1.3887060645174643E-003  dTs=   1.4245516786104417E-003  Tf[   305.44909112977757      ,   2263.2310448466988      ]  Ts[   852.94044397929895      ,   2653.4180017129461      ]
   AC-porous LTNE iter      126000  dTf=   1.2032141157760634E-003  dTs=   1.2342717818683013E-003  Tf[   305.44922943832216      ,   2263.2568271030632      ]  Ts[   852.95447796870144      ,   2653.4444494672398      ]
   AC-porous LTNE iter      128000  dTf=   1.0424986762700428E-003  dTs=   1.0694079046515981E-003  Tf[   305.44934927274971      ,   2263.2791655778815      ]  Ts[   852.96663741331872      ,   2653.4673645482299      ]
  AC-porous LTNE block           1 : sweeps =      129000  final dTf=   9.7037993782578269E-004  dTs=   9.9542762154669617E-004
 write flow3d.dat ......
 write flow3d.dat OK
 Output Ts to Ts_block_1.dat
 write VTK files ......
 write VTK files OK
