 ----------------- OpenCFD-EC3D ver 1.14a (MPI-OpenMP version)------------------
         Copyright by Li Xinliang, lixl@imech.ac.cn                            
         Programming by Li Xinliang  2016-1                                   
 ----------------------------------------------------------------------------- 
 Check if Multi-Grid can be used ...
 Total Block number is            1 Total Cell number is         3200
 Check multigrid OK
 can not find partation.dat,  create partation ...
 Partation ......
 Total Cell number=        3200
 Total Grid number=        6642
 Max grid number is         6642  ... rato to mean grid is   1.0000000000000000     
 Min grid number is         6642  ... rato to mean grid is   1.0000000000000000     
 rato max to min is    1.0000000000000000     
 Read material.in OK, Total_block=           1
   Block           1 : Block_type=           2  rho=   0.0000000000000000       Cp=   0.0000000000000000       k=   0.0000000000000000     
 porous.inp not found: porous blocks use defaults (eps=0.9, dp=1e-3 m, hv=0)
 creat main mesh OK, Num_Cell=        3200
  read main mesh ...
  Mesh3d.x layout: separate (x,y,z in three records per block)
 read Mesh3d.x OK
 Convert bc3d.inp to bc3d.inc ...
 Convert bc3d.inp to bc3d.inc OK
 read bc3d.inc (Link/boundary file)......
 read bc3d.inc OK
 bc3d_interface.inp not found, skip interface
 solid_bc.inp not found, no solid thermal BCs
  Need not read wall_dist.dat 
 No FDM.in, Donot use hybrid FVM/FDM
 my_id, block_no, FDM, FD_Flux, FD_Scheme=           0           1           0
 comput Jocabian OK ...
 Check mesh quality ......
 Check mesh quality OK
 Initial by Free-stream flow ......
  Start ......
 [CMPM] blk           1  it           1  U2(2,10,1)=   1.6729554620388429E-002  U3(2,10,1)=   3.1337487321041802E-007  du(2,10,1)=   1.4836650724518200E-002  apu(2,10,1)=  0.18418885606699825       conv_src(2,10,1)=   0.0000000000000000       Fin(2,10,1)=   0.0000000000000000       metric=           1
 [FACE] it           1  un=  0.40245439359575369       ue_leg=  0.40265987823889349       ub=  0.26673518977188465       df=   1.4837882079262371E-002  gpf=  -9.1468043147176701       gpleg=  -9.1468043147176719       n=  0.99923022318095955       -3.9229594462977330E-002   0.0000000000000000       dmag=  0.10931701761768157       sLL= -0.10932420624277880       sRR=  0.21861248044441034     
 [FFCMP] blk           1  maxFi=   1.0483140587803610E-002  maxFj=   1.1713907820838112E-007  Fi(2,10,1)=   1.0069110807982173E-002  Fj(2,10,1)=   3.2490325490500318E-008
 [CMP] blk           1  it           1  du(2,10,1)=   1.4836650724518200E-002  apu(2,10,1)=  0.18418885606699825       U2(2,10,1)= -0.12383080948899082       U3(2,10,1)=   4.8734679166315027E-003  p(2,10,1)=  0.26393442657894156       pp(2,10,1)=   1.3196721328947076       Fi(2,10,1)=   1.0069110807982173E-002  Fj(2,10,1)=   3.2490325490500318E-008  metric=           1
   DBG iter           1  maxU2=  0.44252090097307611       maxFi=   1.0483140587803610E-002  maxFj=   1.1713907820838112E-007  Fi(nx/2,1,1)=   1.3294774589173981E-070  Fi(nx,ny/2,1)=   0.0000000000000000     
   DBG div max=   1.0483136783126698E-002  res_p=   1.0483136783126698E-002
   SIMPLE iter           1  res_p=   1.0483136783126698E-002  u(1,1,1)=  0.26811898142833818       p(1,1,1)= -0.19958687440905795     
 [CMPM] blk           1  it           2  U2(2,10,1)=  -5.1682898377284132E-002  U3(2,10,1)=   7.5536966926172070E-003  du(2,10,1)=   1.4819364750662912E-002  apu(2,10,1)=  0.18440370223645144       conv_src(2,10,1)=   0.0000000000000000       Fin(2,10,1)=   1.0069110807982173E-002  metric=           1
 [FACE] it           2  un=  0.46093206089386884       ue_leg=  0.46163388879647621       ub=  0.40832421418513071       df=   1.4444642192602820E-002  gpf=  -8.1090567578505333       gpleg=  -8.1090567578505333       n=  0.99923022318095955       -3.9229594462977330E-002   0.0000000000000000       dmag=  0.10931701761768157       sLL= -0.10932420624277880       sRR=  0.21861248044441034     
 [FFCMP] blk           1  maxFi=   1.1970534703291135E-002  maxFj=   2.7374743252002723E-003  Fi(2,10,1)=   1.1532178726203181E-002  Fj(2,10,1)=   7.8682869286689173E-004
Note: The following floating-point exceptions are signalling: IEEE_INVALID_FLAG IEEE_OVERFLOW_FLAG IEEE_UNDERFLOW_FLAG IEEE_DENORMAL
 [CMP] blk           1  it           2  du(2,10,1)=   1.4819364750662912E-002  apu(2,10,1)=  0.18440370223645144       U2(2,10,1)=  -5.1262315975315970E-002  U3(2,10,1)=   1.0128430315176785E-003  p(2,10,1)=  0.97100575108428244       pp(2,10,1)=   3.5353566225267046       Fi(2,10,1)=   1.1532178726203181E-002  Fj(2,10,1)=   7.8682869286689173E-004  metric=           1
   DBG iter           2  maxU2=  0.65718654069022264       maxFi=   1.1970534703291135E-002  maxFj=   2.7374743252002723E-003  Fi(nx/2,1,1)=   3.4935439252900336E-018  Fi(nx,ny/2,1)=   4.1145396535905793E-044
   DBG div max=   1.1412127515195767E-002  res_p=   1.1412127515195767E-002
   SIMPLE iter           2  res_p=   1.1412127515195767E-002  u(1,1,1)=  0.17521174742452744       p(1,1,1)=  0.18427881432241003     
 [CMPM] blk           1  it           3  U2(2,10,1)=   5.5196502132066158E-002  U3(2,10,1)=   1.8745453284179678E-003  du(2,10,1)=   1.4756370755140870E-002  apu(2,10,1)=  0.18519090975418639       conv_src(2,10,1)=   0.0000000000000000       Fin(2,10,1)=   1.1532178726203181E-002  metric=           1
 [FACE] it           3  un=  0.48737594964076375       ue_leg=  0.48820209543636067       ub=  0.51082498604222693       df=   1.4310665982062074E-002  gpf=  -5.5614855178409233       gpleg=  -5.5614855178409233       n=  0.99923022318095955       -3.9229594462977330E-002   0.0000000000000000       dmag=  0.10931701761768157       sLL= -0.10932420624277880       sRR=  0.21861248044441034     
 [FFCMP] blk           1  maxFi=   1.6429663517255562E-002  maxFj=   5.5323154451593489E-003  Fi(2,10,1)=   1.2193785234228758E-002  Fj(2,10,1)=  -1.6448821174045299E-004
 [CMP] blk           1  it           3  du(2,10,1)=   1.4756370755140870E-002  apu(2,10,1)=  0.18519090975418639       U2(2,10,1)=   8.9771693175950601E-002  U3(2,10,1)=  -9.6818169414415855E-003  p(2,10,1)=   1.6250963481653335       pp(2,10,1)=   3.2704529854052553       Fi(2,10,1)=   1.2193785234228758E-002  Fj(2,10,1)=  -1.6448821174045299E-004  metric=           1
   DBG iter           3  maxU2=  0.77476503076595749       maxFi=   1.6429663517255562E-002  maxFj=   5.5323154451593489E-003  Fi(nx/2,1,1)=   2.1840237738038936E-012  Fi(nx,ny/2,1)=   1.4518445184062582E-030
   DBG div max=   6.5539636301518043E-003  res_p=   6.5539636301518043E-003
   SIMPLE iter           3  res_p=   6.5539636301518043E-003  u(1,1,1)=  0.14656997534068966       p(1,1,1)=  0.67933705916326625     
 [FACE] it           4  un=  0.51257389534172682       ue_leg=  0.51305272529657042       ub=  0.58402540706545947       df=   1.4066870688492734E-002  gpf=  -3.0323457603059421       gpleg=  -3.0323457603059421       n=  0.99923022318095955       -3.9229594462977330E-002   0.0000000000000000       dmag=  0.10931701761768157       sLL= -0.10932420624277880       sRR=  0.21861248044441034     
   SIMPLE iter           4  res_p=   6.3415397868100704E-003  u(1,1,1)=   9.7280102771395011E-002  p(1,1,1)=   1.2183866444655034     
   SIMPLE iter           5  res_p=   6.8571350537583496E-003  u(1,1,1)=   6.1692811964576211E-002  p(1,1,1)=   1.7019056651544711     
 DEBUG T iter          50 min   299.99999999999960      max   300.00000000000040     
 DEBUG T iter         100 min   299.99999999999943      max   300.00000000000040     
   SIMPLE iter         100  res_p=   1.4215473709327216E-004  u(1,1,1)=   4.1281171083419249E-002  p(1,1,1)=   1.9553328276180397     
 DEBUG T iter         150 min   299.99999999999972      max   300.00000000000040     
 DEBUG T iter         200 min   299.99999999999972      max   300.00000000000028     
   SIMPLE iter         200  res_p=   1.2910196955488750E+019  u(1,1,1)=  -1.2495529228759052       p(1,1,1)=   4.8774301670215152     
 DEBUG T NaN at iter         207  cell          60          13           1  T(i-1)   300.00000000000017       T(i+1)                       NaN  T(j-1)   300.00000000000028       T(j+1)                       NaN  p                       NaN  Fi(i,j)  -155454.16951321615     
