nohup: ignoring input
 ----------------- OpenCFD-EC3D ver 1.14a (MPI-OpenMP version)------------------
         Copyright by Li Xinliang, lixl@imech.ac.cn                            
         Programming by Li Xinliang  2016-1                                   
 ----------------------------------------------------------------------------- 
 Check if Multi-Grid can be used ...
 Total Block number is            1 Total Cell number is          800
 Check multigrid OK
 can not find partation.dat,  create partation ...
 Partation ......
 Total Cell number=         800
 Total Grid number=        1722
 Max grid number is         1722  ... rato to mean grid is   1.0000000000000000     
 Min grid number is         1722  ... rato to mean grid is   1.0000000000000000     
 rato max to min is    1.0000000000000000     
 Read material.in OK, Total_block=           1
   Block           1 : Block_type=           3  rho=   2500.0000000000000       Cp=   800.00000000000000       k=   300.00000000000000     
 Read porous.inp OK
   Porous Block           1 : eps=  0.90000000000000002       dp=  0.10000000000000001       hv=   0.0000000000000000       rho_s=   2500.0000000000000       k_s=   300.00000000000000     
 creat main mesh OK, Num_Cell=         800
  read main mesh ...
 read Mesh3d.x OK
 Convert bc3d.inp to bc3d.inc ...
 Convert bc3d.inp to bc3d.inc OK
 read bc3d.inc (Link/boundary file)......
 read bc3d.inc OK
 bc3d_interface.inp not found, skip interface
 solid_bc.inp not found, no solid thermal BCs
  Need not read wall_dist.dat 
 No FDM.in, Donot use hybrid FVM/FDM
 my_id, block_no, FDM, FD_Flux, FD_Scheme=           0           1           0
 comput Jocabian OK ...
 Check mesh quality ......
 Check mesh quality OK
 Initial by Free-stream flow ......
  Start ......
   DBG iter           1  maxU2=   1.0000000000000000E-002  maxFi=   5.0000000000000044E-004  maxFj=   0.0000000000000000       Fi(21,1,1)=   2.6530604563652434E-005  Fi(21,21,1)=   0.0000000000000000       Fi(41,21,1)=   0.0000000000000000     
   DBG div max=   4.8683955442450493E-004  res_p=   4.8683955442450493E-004
   SIMPLE iter           1  res_p=   4.8683955442450493E-004  u(1,1,1)=   2.5668890347561564E-003  p(1,1,1)=   7.6201894646042200E-003
   DBG iter           2  maxU2=   1.0000000000000000E-002  maxFi=   5.0000000000000044E-004  maxFj=   3.2366922122577284E-004  Fi(21,1,1)=   6.3993631846501832E-005  Fi(21,21,1)=   0.0000000000000000       Fi(41,21,1)=   0.0000000000000000     
   DBG div max=   3.1845520141148519E-004  res_p=   3.1845520141148519E-004
   SIMPLE iter           2  res_p=   3.1845520141148519E-004  u(1,1,1)=   3.0681055658100206E-003  p(1,1,1)=   1.3625621248589136E-002
   DBG iter           3  maxU2=   1.0000000000000000E-002  maxFi=   5.0000000000000044E-004  maxFj=   2.5890582838332995E-004  Fi(21,1,1)=   3.0370836208835423E-005  Fi(21,21,1)=   0.0000000000000000       Fi(41,21,1)=   0.0000000000000000     
   DBG div max=   1.5803882771385727E-004  res_p=   1.5803882771385727E-004
   SIMPLE iter           3  res_p=   1.5803882771385727E-004  u(1,1,1)=   2.6926543630672794E-003  p(1,1,1)=   1.9790072175456364E-002
   SIMPLE iter           4  res_p=   1.1905728375659347E-004  u(1,1,1)=   2.5987290976280330E-003  p(1,1,1)=   2.5409938721267279E-002
   SIMPLE iter           5  res_p=   1.0464070132350624E-004  u(1,1,1)=   2.5284402611889258E-003  p(1,1,1)=   3.0613888624299496E-002
 DEBUG T iter          50 min   299.99999999999955      max   300.00000000000023     
 DEBUG T iter         100 min   299.99999999999966      max   300.00000000000040     
   SIMPLE iter         100  res_p=   1.0801078122124391E-005  u(1,1,1)=   2.5022094572349587E-003  p(1,1,1)=  0.17549160690639862     
 DEBUG T iter         150 min   299.99999999999972      max   300.00000000000034     
 DEBUG T iter         200 min   299.99999999999966      max   300.00000000000040     
   SIMPLE iter         200  res_p=   2.9791866231967544E-006  u(1,1,1)=   2.5161288678620520E-003  p(1,1,1)=  0.21357546345808251     
 DEBUG T iter         250 min   299.99999999999972      max   300.00000000000028     
 DEBUG T iter         300 min   299.99999999999972      max   300.00000000000028     
   SIMPLE iter         300  res_p=   8.2265984910708965E-007  u(1,1,1)=   2.5199667845892987E-003  p(1,1,1)=  0.22408644757116566     
 DEBUG T iter         350 min   299.99999999999960      max   300.00000000000028     
 DEBUG T iter         400 min   299.99999999999966      max   300.00000000000034     
   SIMPLE iter         400  res_p=   2.2723466385193153E-007  u(1,1,1)=   2.5210264796386886E-003  p(1,1,1)=  0.22698938479389988     
 DEBUG T iter         450 min   299.99999999999966      max   300.00000000000034     
 DEBUG T iter         500 min   299.99999999999955      max   300.00000000000034     
   SIMPLE iter         500  res_p=   6.2771970243345179E-008  u(1,1,1)=   2.5213191786759093E-003  p(1,1,1)=  0.22779126944672920     
 DEBUG T iter         550 min   299.99999999999955      max   300.00000000000028     
 DEBUG T iter         600 min   299.99999999999966      max   300.00000000000034     
   SIMPLE iter         600  res_p=   1.7340713960188516E-008  u(1,1,1)=   2.5214000340924750E-003  p(1,1,1)=  0.22801278718108015     
 Porous solver Block           1  SIMPLE iterations:         643  res_p:   9.9730470339855735E-009
 --------------Force and Moment -----------------------------
 Total Force Coefficient (CL, CD, CS) =
  -3.1512570330960443E-011   0.0000000000000000        0.0000000000000000     
 Total Moment Coefficient(CMx, CMy, CMz)=
   1.5756285165480222E-011   0.0000000000000000       -1.6518697520950809E-010
 Kstep, t=           1   1.0000000000000000     
 ----------The Max Residuals are--------  ---Mesh---           1
    0.0000000000E+00    0.0000000000E+00    0.0000000000E+00    0.0000000000E+00    0.0000000000E+00
   The R.M.S Residuals are 
    0.0000000000E+00    0.0000000000E+00    0.0000000000E+00    0.0000000000E+00    0.0000000000E+00
 write flow3d.dat ......
 write flow3d.dat OK
 Output Ts to Ts_block_1.dat
 write VTK files ......
 write VTK files OK
