 ----------------- OpenCFD-EC3D ver 1.14a (MPI-OpenMP version)------------------
         Copyright by Li Xinliang, lixl@imech.ac.cn                            
         Programming by Li Xinliang  2016-1                                   
 ----------------------------------------------------------------------------- 
 Check if Multi-Grid can be used ...
 Total Block number is            2 Total Cell number is        13600
 Check multigrid OK
 can not find partation.dat,  create partation ...
 Partation ......
 Total Cell number=       13600
 Total Grid number=       27892
 Max grid number is        27892  ... rato to mean grid is   1.0000000000000000     
 Min grid number is        27892  ... rato to mean grid is   1.0000000000000000     
 rato max to min is    1.0000000000000000     
 Read material.in OK, Total_block=           2
   Block           1 : Block_type=           2  rho=   1.0000000000000000       Cp=   1000.0000000000000       k=   1.4286000000000001     
   Block           2 : Block_type=           1  rho=   7800.0000000000000       Cp=   460.00000000000000       k=   50.000000000000000     
 creat main mesh OK, Num_Cell=       13600
  read main mesh ...
 read Mesh3d.x OK
 Convert bc3d.inp to bc3d.inc ...
 Convert bc3d.inp to bc3d.inc OK
 read bc3d.inc (Link/boundary file)......
 read bc3d.inc OK
 Convert bc3d_interface.inp to bc3d_interface.inc ...
 Convert bc3d_interface.inp to bc3d_interface.inc OK
 read bc3d_interface.inc (Interface link file)......
 read bc3d_interface.inc OK
 Read solid_bc.inp OK
   Block           2  (solid):           1  thermal BC faces
     face           2  Tw=   800.00000000000000       Qw=   0.0000000000000000     
  Need not read wall_dist.dat 
 No FDM.in, Donot use hybrid FVM/FDM
 my_id, block_no, FDM, FD_Flux, FD_Scheme=           0           1           0
 my_id, block_no, FDM, FD_Flux, FD_Scheme=           0           2           0
 comput Jocabian OK ...
 Check mesh quality ......
 Check mesh quality OK
 Initial by Free-stream flow ......
  Start ......
   DBG iter           1  maxU2=   4.8861613541656013       maxFi=  0.24182349112964499       maxFj=   0.0000000000000000       Fi(21,1,1)=   6.5812586896466475E-058  Fi(21,21,1)=   5.9448988070837365E-035  Fi(41,21,1)=   2.7636437093432159E-069
   DBG div max=  0.18915520267169705       res_p=  0.18915520267169705     
   SIMPLE iter           1  res_p=  0.18915520267169705       u(1,1,1)=  0.20844990390104795       p(1,1,1)=  0.50004168455033915     
   DBG iter           2  maxU2=   4.8861613541656013       maxFi=  0.39551501840933467       maxFj=   4.3001161410357973E-003  Fi(21,1,1)=   1.8836427647693685E-009  Fi(21,21,1)=   1.1384156538624597E-005  Fi(41,21,1)=   1.6504882661137138E-008
   DBG div max=  0.18131274305139158       res_p=  0.18131274305139158     
   SIMPLE iter           2  res_p=  0.18131274305139158       u(1,1,1)=  0.25668168121503837       p(1,1,1)=  0.73383452008146433     
   DBG iter           3  maxU2=   1.9544099450404255       maxFi=   9.9288279303826138E-002  maxFj=   7.2409979475123462E-003  Fi(21,1,1)=   2.4539372247272687E-007  Fi(21,21,1)=   9.5608961040966232E-005  Fi(41,21,1)=   1.9740632724651643E-006
   DBG div max=   3.5491020295109491E-002  res_p=   3.5491020295109491E-002
   SIMPLE iter           3  res_p=   3.5491020295109491E-002  u(1,1,1)=  0.29490427907925393       p(1,1,1)=  0.90352295735511579     
   SIMPLE iter           4  res_p=   2.2520620466650366E-002  u(1,1,1)=  0.32042494753046202       p(1,1,1)=   1.0437360085165914     
   SIMPLE iter           5  res_p=   1.8557127300928785E-002  u(1,1,1)=  0.33909381871027322       p(1,1,1)=   1.1606016528348306     
 DEBUG T iter          50 min   299.99999999999659      max   300.00000000000261     
 DEBUG T iter         100 min   299.99999999999102      max   300.00000000000404     
   SIMPLE iter         100  res_p=   1.7185983880121974E-004  u(1,1,1)=  0.37692916152943501       p(1,1,1)=   2.5522149076571883     
 DEBUG T iter         150 min   299.99999999998744      max   300.00000000000460     
 DEBUG T iter         200 min   299.99999999998664      max   300.00000000000495     
   SIMPLE iter         200  res_p=   3.2248598873287515E-004  u(1,1,1)=  0.37491380584451645       p(1,1,1)=   1.6347515625670446     
 DEBUG T iter         250 min   299.99999999998704      max   300.00000000000523     
 DEBUG T iter         300 min   299.99999999998823      max   300.00000000000540     
   SIMPLE iter         300  res_p=   1.0031846695489073E-004  u(1,1,1)=  0.37766143575533917       p(1,1,1)=   1.1775396574686332     
 DEBUG T iter         350 min   299.99999999998835      max   300.00000000000546     
 DEBUG T iter         400 min   299.99999999998806      max   300.00000000000557     
   SIMPLE iter         400  res_p=   2.9532851707979833E-005  u(1,1,1)=  0.37869730297019705       p(1,1,1)=   1.0849938180591383     
 DEBUG T iter         450 min   299.99999999998749      max   300.00000000000557     
 DEBUG T iter         500 min   299.99999999998698      max   300.00000000000551     
   SIMPLE iter         500  res_p=   7.5096482049678902E-006  u(1,1,1)=  0.37889281455824186       p(1,1,1)=   1.0813320945774110     
 DEBUG T iter         550 min   299.99999999998664      max   300.00000000000551     
 DEBUG T iter         600 min   299.99999999998653      max   300.00000000000477     
   SIMPLE iter         600  res_p=   5.0956807958903494E-006  u(1,1,1)=  0.37886718361134930       p(1,1,1)=   1.0799805751196832     
 DEBUG T iter         650 min   299.99999999998653      max   300.00000000000466     
 DEBUG T iter         700 min   299.99999999998676      max   300.00000000000449     
   SIMPLE iter         700  res_p=   7.4441963596319830E-006  u(1,1,1)=  0.37885318721077593       p(1,1,1)=   1.0696490308813951     
 DEBUG T iter         750 min   299.99999999998687      max   300.00000000000472     
 DEBUG T iter         800 min   299.99999999998721      max   300.00000000000443     
   SIMPLE iter         800  res_p=   6.3019804088974103E-006  u(1,1,1)=  0.37887114035549485       p(1,1,1)=   1.0597173835634668     
 DEBUG T iter         850 min   299.99999999998704      max   300.00000000000455     
 DEBUG T iter         900 min   299.99999999998715      max   300.00000000000466     
   SIMPLE iter         900  res_p=   5.6437752259489051E-006  u(1,1,1)=  0.37888858979011558       p(1,1,1)=   1.0529560315322330     
 DEBUG T iter         950 min   299.99999999998727      max   300.00000000000477     
 DEBUG T iter        1000 min   299.99999999998715      max   300.00000000000466     
   SIMPLE iter        1000  res_p=   5.3319447656243152E-006  u(1,1,1)=  0.37889810319724776       p(1,1,1)=   1.0479022303862355     
 DEBUG T iter        1050 min   299.99999999998761      max   300.00000000000483     
 DEBUG T iter        1100 min   299.99999999998761      max   300.00000000000477     
   SIMPLE iter        1100  res_p=   4.9825648100987501E-006  u(1,1,1)=  0.37890410800321322       p(1,1,1)=   1.0434780333803688     
 DEBUG T iter        1150 min   299.99999999998789      max   300.00000000000460     
 DEBUG T iter        1200 min   299.99999999998818      max   300.00000000000477     
   SIMPLE iter        1200  res_p=   4.5501746887096871E-006  u(1,1,1)=  0.37890924221131833       p(1,1,1)=   1.0394291405452778     
 DEBUG T iter        1250 min   299.99999999998835      max   300.00000000000449     
 DEBUG T iter        1300 min   299.99999999998846      max   300.00000000000466     
   SIMPLE iter        1300  res_p=   4.1236282834953669E-006  u(1,1,1)=  0.37891387920088732       p(1,1,1)=   1.0357037847875341     
 DEBUG T iter        1350 min   299.99999999998835      max   300.00000000000477     
 DEBUG T iter        1400 min   299.99999999998823      max   300.00000000000477     
   SIMPLE iter        1400  res_p=   3.7429116970688381E-006  u(1,1,1)=  0.37891801297584254       p(1,1,1)=   1.0322383321120587     
 DEBUG T iter        1450 min   299.99999999998846      max   300.00000000000495     
 DEBUG T iter        1500 min   299.99999999998852      max   300.00000000000477     
   SIMPLE iter        1500  res_p=   3.4142179502346336E-006  u(1,1,1)=  0.37892174898941189       p(1,1,1)=   1.0289723357562737     
 DEBUG T iter        1550 min   299.99999999998875      max   300.00000000000460     
 DEBUG T iter        1600 min   299.99999999998869      max   300.00000000000477     
   SIMPLE iter        1600  res_p=   3.1314055423845667E-006  u(1,1,1)=  0.37892520871877106       p(1,1,1)=   1.0258674302924253     
 DEBUG T iter        1650 min   299.99999999998886      max   300.00000000000466     
 DEBUG T iter        1700 min   299.99999999998909      max   300.00000000000466     
   SIMPLE iter        1700  res_p=   2.8828344914410539E-006  u(1,1,1)=  0.37892846656461937       p(1,1,1)=   1.0229021255879478     
 DEBUG T iter        1750 min   299.99999999998903      max   300.00000000000472     
 DEBUG T iter        1800 min   299.99999999998937      max   300.00000000000477     
   SIMPLE iter        1800  res_p=   2.6626489933530051E-006  u(1,1,1)=  0.37893156243724724       p(1,1,1)=   1.0200638553515713     
 DEBUG T iter        1850 min   299.99999999999011      max   300.00000000000483     
 DEBUG T iter        1900 min   299.99999999999039      max   300.00000000000472     
   SIMPLE iter        1900  res_p=   2.4690761530840621E-006  u(1,1,1)=  0.37893451940949996       p(1,1,1)=   1.0173448167349259     
 DEBUG T iter        1950 min   299.99999999999017      max   300.00000000000477     
 DEBUG T iter        2000 min   299.99999999998965      max   300.00000000000489     
   SIMPLE iter        2000  res_p=   2.2960465721856354E-006  u(1,1,1)=  0.37893735188031230       p(1,1,1)=   1.0147400464307728     
 DEBUG T iter        2050 min   299.99999999999017      max   300.00000000000455     
 DEBUG T iter        2100 min   299.99999999999017      max   300.00000000000455     
   SIMPLE iter        2100  res_p=   2.1393944488703234E-006  u(1,1,1)=  0.37894007027203724       p(1,1,1)=   1.0122465939221497     
 DEBUG T iter        2150 min   299.99999999999051      max   300.00000000000472     
 DEBUG T iter        2200 min   299.99999999999028      max   300.00000000000483     
   SIMPLE iter        2200  res_p=   1.9959412660519013E-006  u(1,1,1)=  0.37894268130943637       p(1,1,1)=   1.0098630240727091     
 DEBUG T iter        2250 min   299.99999999999039      max   300.00000000000483     
 DEBUG T iter        2300 min   299.99999999999045      max   300.00000000000495     
   SIMPLE iter        2300  res_p=   1.8633757404878693E-006  u(1,1,1)=  0.37894518862617632       p(1,1,1)=   1.0075888236140558     
 DEBUG T iter        2350 min   299.99999999999056      max   300.00000000000495     
 DEBUG T iter        2400 min   299.99999999999130      max   300.00000000000477     
   SIMPLE iter        2400  res_p=   1.7393176811825666E-006  u(1,1,1)=  0.37894759416786522       p(1,1,1)=   1.0054239329355525     
 DEBUG T iter        2450 min   299.99999999999147      max   300.00000000000432     
 DEBUG T iter        2500 min   299.99999999999142      max   300.00000000000483     
   SIMPLE iter        2500  res_p=   1.6218257865351711E-006  u(1,1,1)=  0.37894989969378434       p(1,1,1)=   1.0033688265681673     
 DEBUG T iter        2550 min   299.99999999999130      max   300.00000000000483     
 DEBUG T iter        2600 min   299.99999999999142      max   300.00000000000477     
   SIMPLE iter        2600  res_p=   1.5099051007759322E-006  u(1,1,1)=  0.37895210549597924       p(1,1,1)=   1.0014242575097478     
 DEBUG T iter        2650 min   299.99999999999164      max   300.00000000000466     
 DEBUG T iter        2700 min   299.99999999999136      max   300.00000000000477     
   SIMPLE iter        2700  res_p=   1.4026237885820787E-006  u(1,1,1)=  0.37895421146871622       p(1,1,1)=  0.99959114710423047     
 DEBUG T iter        2750 min   299.99999999999176      max   300.00000000000466     
 DEBUG T iter        2800 min   299.99999999999153      max   300.00000000000466     
   SIMPLE iter        2800  res_p=   1.3202638985548854E-006  u(1,1,1)=  0.37895621667288948       p(1,1,1)=  0.99787040695255191     
 DEBUG T iter        2850 min   299.99999999999221      max   300.00000000000489     
 DEBUG T iter        2900 min   299.99999999999193      max   300.00000000000466     
   SIMPLE iter        2900  res_p=   1.3638945201561287E-006  u(1,1,1)=  0.37895812031033088       p(1,1,1)=  0.99626290167839049     
 DEBUG T iter        2950 min   299.99999999999164      max   300.00000000000500     
 DEBUG T iter        3000 min   299.99999999999181      max   300.00000000000489     
   SIMPLE iter        3000  res_p=   1.3894337025991397E-006  u(1,1,1)=  0.37895992037902110       p(1,1,1)=  0.99476918818757087     
 Low-speed solver Block           1  SIMPLE iterations:        3001  res_p:   1.3894337025991397E-006
   GS iter           1  res=   739.06616815929647       Ts(1,1,1)=   724.97875106244749       Ts(nx-1,ny-1,1)=   348.62204519238082     
   GS iter           2  res=   496.30260198346184       Ts(1,1,1)=   761.64490817637954       Ts(nx-1,ny-1,1)=   319.23389292809088     
   GS iter           3  res=   360.22371028217879       Ts(1,1,1)=   696.40437440982021       Ts(nx-1,ny-1,1)=   347.28750808225038     
   GS iter           4  res=   243.33720302607799       Ts(1,1,1)=   762.48624461613690       Ts(nx-1,ny-1,1)=   333.10166777753011     
   GS iter           5  res=   176.68492039716762       Ts(1,1,1)=   749.57386918012469       Ts(nx-1,ny-1,1)=   347.03944575312710     
 Solid solver Block           2  GS iterations:      200001  final res:   1.5916157281026244E-012
   DBG: Ts(1,1,1)=   776.19047619047672       Ts(nx/2,ny/2,1)=   585.71428571428805       Ts(nx-1,ny-1,1)=   347.61904761904839     
 --------------Force and Moment -----------------------------
 Total Force Coefficient (CL, CD, CS) =
  -1.5959455978986625E-016   2.6020852139652106E-018   2.5343225781848666E-018
 Total Moment Coefficient(CMx, CMy, CMz)=
   1.0759340721291184E-016   2.9747797107571028E-018   3.8163916471489756E-017
 Kstep, t=           1   1.0000000000000000     
 ----------The Max Residuals are--------  ---Mesh---           1
    0.0000000000E+00    0.0000000000E+00    0.0000000000E+00    0.0000000000E+00    0.0000000000E+00
   The R.M.S Residuals are 
    0.0000000000E+00    0.0000000000E+00    0.0000000000E+00    0.0000000000E+00    0.0000000000E+00
 write flow3d.dat ......
 write flow3d.dat OK
 Output Ts to Ts_block_2.dat
 write VTK files ......
 write VTK files OK
