 ----------------- OpenCFD-EC3D ver 1.14a (MPI-OpenMP version)------------------
         Copyright by Li Xinliang, lixl@imech.ac.cn                            
         Programming by Li Xinliang  2016-1                                   
 ----------------------------------------------------------------------------- 
 Check if Multi-Grid can be used ...
 Total Block number is            1 Total Cell number is          400
 Check multigrid OK
 can not find partation.dat,  create partation ...
 Partation ......
 Total Cell number=         400
 Total Grid number=        1604
 Max grid number is         1604  ... rato to mean grid is   1.0000000000000000     
 Min grid number is         1604  ... rato to mean grid is   1.0000000000000000     
 rato max to min is    1.0000000000000000     
 Read material.in OK, Total_block=           1
   Block           1 : Block_type=           3  rho=   8000.0000000000000       Cp=   500.00000000000000       k=   13.400000000000000     
 Read porous.inp OK
   Porous Block           1 : eps=  0.29999999999999999       dp=   1.0000000000000000E-003  hv=   2507171.0000000000       rho_s=   8000.0000000000000       k_s=   13.400000000000000     
 creat main mesh OK, Num_Cell=         400
  read main mesh ...
  Mesh3d.x layout: separate (x,y,z in three records per block)
 read Mesh3d.x OK
 Convert bc3d.inp to bc3d.inc ...
 Convert bc3d.inp to bc3d.inc OK
 read bc3d.inc (Link/boundary file)......
 read bc3d.inc OK
 bc3d_interface.inp not found, skip interface
 Read solid_bc.inp OK
   Block           1  (solid):           2  thermal BC faces
     face           1  Tw=   0.0000000000000000       Qw=   0.0000000000000000     
     face           4  Tw=  -1.0000000000000000       Qw=   2000000.0000000000     
  Need not read wall_dist.dat 
 No FDM.in, Donot use hybrid FVM/FDM
 my_id, block_no, FDM, FD_Flux, FD_Scheme=           0           1           0
 comput Jocabian OK ...
 Check mesh quality ......
 Check mesh quality OK
 Initial by Free-stream flow ......
  Start ......
  AC porous solver (LS_Algorithm=3) block           1  eps=  0.29999999999999999       dp=   1.0000000000000000E-003  hv=   2507171.0000000000       beta=   900.00000000000000       CFL=   20.000000000000000     
   AC-porous iter           1  res_q=   0.0000000000000000       res_m=   2732.5666666666675     
   AC-porous iter           1  res_q=   0.0000000000000000       res_m=   2732.5666666666675     
   AC-porous iter        5000  res_q=  0.12780111175756143       res_m=  0.52768361164201705     
   AC-porous iter       10000  res_q=   9.4072358133753681E-005  res_m=   3.8820759531372486E-004
  AC porous solver block           1 : iterations =       14133  final res_q=   2.4206348859513153E-007  res_m=   9.9891352905387757E-007
   AC-porous LTNE iter        2000  dTf=   8.0100894209745093       dTs=   9.0018011212970350       Tf[   300.00706973697203      ,   596.93265229108783      ]  Ts[   300.68981907901093      ,   770.67545213271092      ]
   AC-porous LTNE iter        4000  dTf=   4.2636159697538005       dTs=   4.5851003884513375       Tf[   300.09759307741717      ,   711.13470828841173      ]  Ts[   309.50968690268070      ,   895.82914412377909      ]
   AC-porous LTNE iter        6000  dTf=   2.7394461345040781       dTs=   2.8932451258153833       Tf[   300.24175961359344      ,   778.58323156358676      ]  Ts[   323.55138836647495      ,   967.65437594459195      ]
   AC-porous LTNE iter        8000  dTf=   1.9277953139790043       dTs=   2.0171670088512883       Tf[   300.38064959824749      ,   824.13309290761651      ]  Ts[   337.07800311784240      ,   1015.5146967092277      ]
   AC-porous LTNE iter       10000  dTf=   1.4200477961609295       dTs=   1.4791804283208876       Tf[   300.49659454623969      ,   857.01541432247848      ]  Ts[   348.36965961459708      ,   1049.8340469639281      ]
   AC-porous LTNE iter       12000  dTf=   1.0687371241434676       dTs=   1.1109406549544474       Tf[   300.58855184905337      ,   881.53312905354232      ]  Ts[   357.32510695500645      ,   1075.3427280622973      ]
   AC-porous LTNE iter       14000  dTf=  0.81214062488925265       dTs=  0.84343739868950252       Tf[   300.66001185786405      ,   900.08702222859085      ]  Ts[   364.28435255524317      ,   1094.6192101309898      ]
   AC-porous LTNE iter       16000  dTf=  0.61977699211900017       dTs=  0.64340281747945482       Tf[   300.71507289292720      ,   914.22047906286900      ]  Ts[   369.64654799842680      ,   1109.2939530736560      ]
   AC-porous LTNE iter       18000  dTf=  0.47385189870885824       dTs=  0.49182944000085627       Tf[   300.75734487631973      ,   925.01769448023640      ]  Ts[   373.76326049635333      ,   1120.5016407986896      ]
   AC-porous LTNE iter       20000  dTf=  0.36257507671336953       dTs=  0.37630249597782495       Tf[   300.78974789823053      ,   933.27651701725438      ]  Ts[   376.91887013585472      ,   1129.0734262545684      ]
   AC-porous LTNE iter       22000  dTf=  0.27752616415261855       dTs=  0.28802416178086787       Tf[   300.81456936112443      ,   939.59713700104521      ]  Ts[   379.33613960796811      ,   1135.6332281710138      ]
   AC-porous LTNE iter       24000  dTf=  0.21245896703146627       dTs=  0.22049255561250902       Tf[   300.83357767620254      ,   944.43555018104848      ]  Ts[   381.18728822622342      ,   1140.6546237554858      ]
   AC-porous LTNE iter       26000  dTf=  0.16265759915461331       dTs=  0.16880704869208785       Tf[   300.84813245530387      ,   948.13971415053209      ]  Ts[   382.60472361425366      ,   1144.4988377365503      ]
   AC-porous LTNE iter       28000  dTf=  0.12453339273133679       dTs=  0.12924117435181870       Tf[   300.85927653415280      ,   950.97565038251821      ]  Ts[   383.69000367408842      ,   1147.4419852224514      ]
   AC-porous LTNE iter       30000  dTf=   9.5346013934886287E-002  dTs=   9.8950301744707758E-002  Tf[   300.86780896164555      ,   953.14690589377483      ]  Ts[   384.52094479505098      ,   1149.6953200362004      ]
   AC-porous LTNE iter       32000  dTf=   7.2999777394898047E-002  dTs=   7.5759291349186242E-002  Tf[   300.87434172099711      ,   954.80928073009284      ]  Ts[   385.15714573210590      ,   1151.4205357906887      ]
   AC-porous LTNE iter       34000  dTf=   5.5890952661684423E-002  dTs=   5.8003712032814292E-002  Tf[   300.87934343463064      ,   956.08204657608405      ]  Ts[   385.64424386722391      ,   1152.7414141584843      ]
   AC-porous LTNE iter       36000  dTf=   4.2791933803414395E-002  dTs=   4.4409527115021774E-002  Tf[   300.88317291783227      ,   957.05651715634338      ]  Ts[   386.01718287611186      ,   1153.7527210920859      ]
   AC-porous LTNE iter       38000  dTf=   3.2762912146154122E-002  dTs=   3.4001393448534145E-002  Tf[   300.88610489889771      ,   957.80260375279681      ]  Ts[   386.30271751742367      ,   1154.5270107592946      ]
   AC-porous LTNE iter       40000  dTf=   2.5084367844328881E-002  dTs=   2.6032589593569355E-002  Tf[   300.88834972136965      ,   958.37383225303529      ]  Ts[   386.52133236008262      ,   1155.1198324446132      ]
   AC-porous LTNE iter       42000  dTf=   1.9205422185223142E-002  dTs=   1.9931411986362946E-002  Tf[   300.89006843204794      ,   958.81118368277328      ]  Ts[   386.68871114802334      ,   1155.5737163256572      ]
   AC-porous LTNE iter       44000  dTf=   1.4704307325246191E-002  dTs=   1.5260149118603294E-002  Tf[   300.89138433396835      ,   959.14603441797726      ]  Ts[   386.81686190152499      ,   1155.9212248512372      ]
   AC-porous LTNE iter       46000  dTf=   1.1258104876560537E-002  dTs=   1.1683675754284195E-002  Tf[   300.89239183211032      ,   959.40240723357942      ]  Ts[   386.91497836753928      ,   1156.1872888898909      ]
   AC-porous LTNE iter       48000  dTf=   8.6195781531159810E-003  dTs=   8.9454093094900600E-003  Tf[   300.89316320608430      ,   959.59869475610992      ]  Ts[   386.99009958627363      ,   1156.3909963337169      ]
   AC-porous LTNE iter       50000  dTf=   6.5994346769002732E-003  dTs=   6.8489018080981623E-003  Tf[   300.89375379556515      ,   959.74897898797860      ]  Ts[   387.04761488114599      ,   1156.5469615031489      ]
   AC-porous LTNE iter       52000  dTf=   5.0527458954547910E-003  dTs=   5.2437461984027323E-003  Tf[   300.89420597044494      ,   959.86404157627135      ]  Ts[   387.09165049707190      ,   1156.6663736054832      ]
   AC-porous LTNE iter       54000  dTf=   3.8685497103188027E-003  dTs=   4.0147858753698529E-003  Tf[   300.89455217051864      ,   959.95213730708781      ]  Ts[   387.12536562402994      ,   1156.7577994683970      ]
   AC-porous LTNE iter       56000  dTf=   2.9618898622629786E-003  dTs=   3.0738531161205174E-003  Tf[   300.89481723276856      ,   960.01958631813307      ]  Ts[   387.15117904258460      ,   1156.8277981389251      ]
   AC-porous LTNE iter       58000  dTf=   2.2677210388337699E-003  dTs=   2.3534438200840668E-003  Tf[   300.89502017321132      ,   960.07122751630936      ]  Ts[   387.17094265130419      ,   1156.8813914408997      ]
   AC-porous LTNE iter       60000  dTf=   1.7362423812983252E-003  dTs=   1.8018745802237390E-003  Tf[   300.89517555114014      ,   960.11076572904437      ]  Ts[   387.18607432512664      ,   1156.9224242490000      ]
   AC-porous LTNE iter       62000  dTf=   1.3293247083083770E-003  dTs=   1.3795748966458632E-003  Tf[   300.89529451363160      ,   960.14103749504818      ]  Ts[   387.19765963607909      ,   1156.9538403267472      ]
   AC-porous LTNE iter       64000  dTf=   1.0177750507409655E-003  dTs=   1.0562482550540153E-003  Tf[   300.89538559525772      ,   960.16421456232820      ]  Ts[   387.20652973409113      ,   1156.9778935170157      ]
  AC-porous LTNE block           1 : sweeps =       64500  final dTf=   9.5204391482184292E-004  dTs=   9.8803239939115883E-004
 write flow3d.dat ......
 write flow3d.dat OK
 Output Ts to Ts_block_1.dat
 write VTK files ......
 write VTK files OK
