 ----------------- OpenCFD-EC3D ver 1.14a (MPI-OpenMP version)------------------
         Copyright by Li Xinliang, lixl@imech.ac.cn                            
         Programming by Li Xinliang  2016-1                                   
 ----------------------------------------------------------------------------- 
 Check if Multi-Grid can be used ...
 Total Block number is            2 Total Cell number is         4580
 Check multigrid OK
 can not find partation.dat,  create partation ...
 Partation ......
 Total Cell number=        4580
 Total Grid number=        9546
 Max grid number is         9546  ... rato to mean grid is   1.0000000000000000     
 Min grid number is         9546  ... rato to mean grid is   1.0000000000000000     
 rato max to min is    1.0000000000000000     
 Read material.in OK, Total_block=           2
   Block           1 : Block_type=           2  rho=   1.0000000000000000       Cp=   1000.0000000000000       k=   1.4286000000000001     
   Block           2 : Block_type=           1  rho=   7800.0000000000000       Cp=   460.00000000000000       k=   50.000000000000000     
 creat main mesh OK, Num_Cell=        4580
  read main mesh ...
 read Mesh3d.x OK
 Convert bc3d.inp to bc3d.inc ...
 Convert bc3d.inp to bc3d.inc OK
 read bc3d.inc (Link/boundary file)......
 read bc3d.inc OK
 Convert bc3d_interface.inp to bc3d_interface.inc ...
 Convert bc3d_interface.inp to bc3d_interface.inc OK
 read bc3d_interface.inc (Interface link file)......
 read bc3d_interface.inc OK
 Read solid_bc.inp OK
   Block           2  (solid):           1  thermal BC faces
     face           2  Tw=   800.00000000000000       Qw=   0.0000000000000000     
  Need not read wall_dist.dat 
 No FDM.in, Donot use hybrid FVM/FDM
 my_id, block_no, FDM, FD_Flux, FD_Scheme=           0           1           0
 my_id, block_no, FDM, FD_Flux, FD_Scheme=           0           2           0
 comput Jocabian OK ...
 Check mesh quality ......
 Check mesh quality OK
 Initial by Free-stream flow ......
  Start ......
   DBG iter           1  maxU2=   8.7959042217455607       maxFi=  0.64781304875580903       maxFj=   0.0000000000000000       Fi(21,1,1)=   5.3936397311384613E-050  Fi(21,21,1)=   3.1141090452212463E-024  Fi(41,21,1)=   6.0931895506623015E-049
   DBG div max=  0.55918915249824053       res_p=  0.55918915249824053     
   SIMPLE iter           1  res_p=  0.55918915249824053       u(1,1,1)=  0.41743525175885737       p(1,1,1)=  0.15703332782809007     
   DBG iter           2  maxU2=   8.7959042217455607       maxFi=   1.9881965847253644       maxFj=   2.0933236633204788E-002  Fi(21,1,1)=   3.5079430120062798E-007  Fi(21,21,1)=   7.7330742142713244E-004  Fi(41,21,1)=   7.2596392166057640E-006
   DBG div max=  0.88046300122343790       res_p=  0.88046300122343790     
   SIMPLE iter           2  res_p=  0.88046300122343790       u(1,1,1)=  0.52819730369902751       p(1,1,1)=  0.18912013476331752     
   DBG iter           3  maxU2=   3.9784003972625896       maxFi=  0.27793906343326913       maxFj=   8.7238190197440613E-002  Fi(21,1,1)=   7.3933398219226234E-006  Fi(21,21,1)=   3.2041904854683170E-003  Fi(41,21,1)=   1.6222356176594105E-004
   DBG div max=  0.14353583150032215       res_p=  0.14353583150032215     
   SIMPLE iter           3  res_p=  0.14353583150032215       u(1,1,1)=  0.63527498011417249       p(1,1,1)=  0.18063496512397834     
   SIMPLE iter           4  res_p=  0.14257806160785749       u(1,1,1)=  0.67096618110738526       p(1,1,1)=  0.16793242389076921     
   SIMPLE iter           5  res_p=  0.43994181182567565       u(1,1,1)=  0.66696887190432963       p(1,1,1)=  0.19096910524695232     
Note: The following floating-point exceptions are signalling: IEEE_INVALID_FLAG IEEE_OVERFLOW_FLAG IEEE_DENORMAL
 DEBUG T NaN at iter          20  cell          11          45           1  T(i-1)   300.00000000000000       T(i+1)                       NaN  T(j-1)   300.00000000000006       T(j+1)                       NaN  p                       NaN  Fi(i,j)  -189596490.81671000     
--------------------------------------------------------------------------
mpirun has exited due to process rank 0 with PID 0 on
node DESKTOP-68P2P7O exiting improperly. There are three reasons this could occur:

1. this process did not call "init" before exiting, but others in
the job did. This can cause a job to hang indefinitely while it waits
for all processes to call "init". By rule, if one process calls "init",
then ALL processes must call "init" prior to termination.

2. this process called "init", but exited without calling "finalize".
By rule, all processes that call "init" MUST call "finalize" prior to
exiting or it will be considered an "abnormal termination"

3. this process called "MPI_Abort" or "orte_abort" and the mca parameter
orte_create_session_dirs is set to false. In this case, the run-time cannot
detect that the abort call was an abnormal termination. Hence, the only
error message you will receive is this one.

This may have caused other processes in the application to be
terminated by signals sent by mpirun (as reported here).

You can avoid this message by specifying -quiet on the mpirun command line.
--------------------------------------------------------------------------
