 ----------------- OpenCFD-EC3D ver 1.14a (MPI-OpenMP version)------------------
         Copyright by Li Xinliang, lixl@imech.ac.cn                            
         Programming by Li Xinliang  2016-1                                   
 ----------------------------------------------------------------------------- 
 Check if Multi-Grid can be used ...
 Total Block number is            2 Total Cell number is         4580
 Check multigrid OK
 can not find partation.dat,  create partation ...
 Partation ......
 Total Cell number=        4580
 Total Grid number=        9546
 Max grid number is         9546  ... rato to mean grid is   1.0000000000000000     
 Min grid number is         9546  ... rato to mean grid is   1.0000000000000000     
 rato max to min is    1.0000000000000000     
 Read material.in OK, Total_block=           2
   Block           1 : Block_type=           2  rho=   1.0000000000000000       Cp=   1000.0000000000000       k=   1.4286000000000001     
   Block           2 : Block_type=           1  rho=   7800.0000000000000       Cp=   460.00000000000000       k=   50.000000000000000     
 creat main mesh OK, Num_Cell=        4580
  read main mesh ...
 read Mesh3d.x OK
 Convert bc3d.inp to bc3d.inc ...
 Convert bc3d.inp to bc3d.inc OK
 read bc3d.inc (Link/boundary file)......
 read bc3d.inc OK
 Convert bc3d_interface.inp to bc3d_interface.inc ...
 Convert bc3d_interface.inp to bc3d_interface.inc OK
 read bc3d_interface.inc (Interface link file)......
 read bc3d_interface.inc OK
 Read solid_bc.inp OK
   Block           2  (solid):           1  thermal BC faces
     face           2  Tw=   800.00000000000000       Qw=   0.0000000000000000     
  Need not read wall_dist.dat 
 No FDM.in, Donot use hybrid FVM/FDM
 my_id, block_no, FDM, FD_Flux, FD_Scheme=           0           1           0
 my_id, block_no, FDM, FD_Flux, FD_Scheme=           0           2           0
 comput Jocabian OK ...
 Check mesh quality ......
 Check mesh quality OK
 Initial by Free-stream flow ......
  Start ......
   DBG iter           1  maxU2=   8.7959042217455607       maxFi=  0.64781304875580903       maxFj=   0.0000000000000000       Fi(21,1,1)=   5.3936397311384613E-050  Fi(21,21,1)=   3.1141090452212463E-024  Fi(41,21,1)=   6.0931895506623015E-049
   DBG div max=  0.55918915249824053       res_p=  0.55918915249824053     
   SIMPLE iter           1  res_p=  0.55918915249824053       u(1,1,1)=  0.41743525175885737       p(1,1,1)=  0.15703332782809007     
   DBG iter           2  maxU2=   8.7959042217455607       maxFi=   1.9851231746968556       maxFj=   2.1421999741166802E-002  Fi(21,1,1)=   3.5079430120062798E-007  Fi(21,21,1)=   7.7330742142713244E-004  Fi(41,21,1)=   7.2596392166057640E-006
   DBG div max=  0.87388589929387139       res_p=  0.87388589929387139     
   SIMPLE iter           2  res_p=  0.87388589929387139       u(1,1,1)=  0.54603862611082199       p(1,1,1)=  0.18698287735588240     
   DBG iter           3  maxU2=   4.0449636687353596       maxFi=  0.26697091677075369       maxFj=   9.0765896248952968E-002  Fi(21,1,1)=   7.3919641740034224E-006  Fi(21,21,1)=   3.2127631749821733E-003  Fi(41,21,1)=   1.6219124040486090E-004
   DBG div max=   8.8251367615744036E-002  res_p=   8.8251367615744036E-002
   SIMPLE iter           3  res_p=   8.8251367615744036E-002  u(1,1,1)=  0.66555491790841170       p(1,1,1)=  0.17411977412452545     
   SIMPLE iter           4  res_p=  0.14083537162251372       u(1,1,1)=  0.70540758417618044       p(1,1,1)=  0.16159356363450988     
   SIMPLE iter           5  res_p=  0.48056301060792350       u(1,1,1)=  0.69682018767202170       p(1,1,1)=  0.17888280011266713     
Note: The following floating-point exceptions are signalling: IEEE_INVALID_FLAG IEEE_OVERFLOW_FLAG IEEE_DENORMAL
 DEBUG T NaN at iter          27  cell          76           4           1  T(i-1)   300.00000000000011       T(i+1)                       NaN  T(j-1)   300.00000000000045       T(j+1)                       NaN  p                       NaN  Fi(i,j)   7.3706030504965512E+069
--------------------------------------------------------------------------
mpirun has exited due to process rank 0 with PID 0 on
node DESKTOP-68P2P7O exiting improperly. There are three reasons this could occur:

1. this process did not call "init" before exiting, but others in
the job did. This can cause a job to hang indefinitely while it waits
for all processes to call "init". By rule, if one process calls "init",
then ALL processes must call "init" prior to termination.

2. this process called "init", but exited without calling "finalize".
By rule, all processes that call "init" MUST call "finalize" prior to
exiting or it will be considered an "abnormal termination"

3. this process called "MPI_Abort" or "orte_abort" and the mca parameter
orte_create_session_dirs is set to false. In this case, the run-time cannot
detect that the abort call was an abnormal termination. Hence, the only
error message you will receive is this one.

This may have caused other processes in the application to be
terminated by signals sent by mpirun (as reported here).

You can avoid this message by specifying -quiet on the mpirun command line.
--------------------------------------------------------------------------
