 ----------------- OpenCFD-EC3D ver 1.14a (MPI-OpenMP version)------------------
         Copyright by Li Xinliang, lixl@imech.ac.cn                            
         Programming by Li Xinliang  2016-1                                   
 ----------------------------------------------------------------------------- 
 Check if Multi-Grid can be used ...
 Total Block number is            2 Total Cell number is        13600
 Check multigrid OK
 can not find partation.dat,  create partation ...
 Partation ......
 Total Cell number=       13600
 Total Grid number=       27892
 Max grid number is        27892  ... rato to mean grid is   1.0000000000000000     
 Min grid number is        27892  ... rato to mean grid is   1.0000000000000000     
 rato max to min is    1.0000000000000000     
 Read material.in OK, Total_block=           2
   Block           1 : Block_type=           2  rho=   1.0000000000000000       Cp=   1000.0000000000000       k=   1.4286000000000001     
   Block           2 : Block_type=           1  rho=   7800.0000000000000       Cp=   460.00000000000000       k=   50.000000000000000     
 creat main mesh OK, Num_Cell=       13600
  read main mesh ...
 read Mesh3d.x OK
 Convert bc3d.inp to bc3d.inc ...
 Convert bc3d.inp to bc3d.inc OK
 read bc3d.inc (Link/boundary file)......
 read bc3d.inc OK
 Convert bc3d_interface.inp to bc3d_interface.inc ...
 Convert bc3d_interface.inp to bc3d_interface.inc OK
 read bc3d_interface.inc (Interface link file)......
 read bc3d_interface.inc OK
 Read solid_bc.inp OK
   Block           2  (solid):           1  thermal BC faces
     face           2  Tw=   800.00000000000000       Qw=   0.0000000000000000     
  Need not read wall_dist.dat 
 No FDM.in, Donot use hybrid FVM/FDM
 my_id, block_no, FDM, FD_Flux, FD_Scheme=           0           1           0
 my_id, block_no, FDM, FD_Flux, FD_Scheme=           0           2           0
 comput Jocabian OK ...
 Check mesh quality ......
 Check mesh quality OK
 Initial by Free-stream flow ......
  Start ......
   DBG iter           1  maxU2=   9.2960471680785179       maxFi=  0.76995349781336797       maxFj=   0.0000000000000000       Fi(21,1,1)=   1.3639615305325681E-044  Fi(21,21,1)=   3.3794346080026851E-021  Fi(41,21,1)=   8.0642036207306138E-043
   DBG div max=  0.70795082110041696       res_p=  0.70795082110041696     
   SIMPLE iter           1  res_p=  0.70795082110041696       u(1,1,1)=  0.31079089240325158       p(1,1,1)=   4.9594512346419029     
   DBG iter           2  maxU2=   9.2960471680785179       maxFi=   2.4543243059610136       maxFj=   3.1925496375278833E-002  Fi(21,1,1)=   1.5206978068111459E-005  Fi(21,21,1)=   1.6040136593084358E-003  Fi(41,21,1)=   2.4429534627683539E-004
   DBG div max=  0.58238750121165650       res_p=  0.58238750121165650     
   SIMPLE iter           2  res_p=  0.58238750121165650       u(1,1,1)=  0.35232166941291321       p(1,1,1)=   7.5028777921367400     
   DBG iter           3  maxU2=   39.107227272000912       maxFi=   13.744106371443403       maxFj=   1.5362911073133005       Fi(21,1,1)=   7.2236009042398995E-005  Fi(21,21,1)=   3.0856681195148413E-003  Fi(41,21,1)=   1.2222308151843973E-003
   DBG div max=   13.691303014095986       res_p=   13.691303014095986     
   SIMPLE iter           3  res_p=   13.691303014095986       u(1,1,1)=   1.8971495685990718       p(1,1,1)=   133.29665164523712     
   SIMPLE iter           4  res_p=   9.8896978688263371       u(1,1,1)=  -3.9161380296574171       p(1,1,1)=   751.25002527833135     
   SIMPLE iter           5  res_p=   489.39194082750470       u(1,1,1)=  -82.284511392020249       p(1,1,1)=  -6348.6464702315234     
Note: The following floating-point exceptions are signalling: IEEE_INVALID_FLAG IEEE_OVERFLOW_FLAG IEEE_UNDERFLOW_FLAG IEEE_DENORMAL
 DEBUG T NaN at iter          12  cell           1          45           1  T(i-1)   300.00000000000011       T(i+1)                       NaN  T(j-1)   299.99999999999994       T(j+1)                       NaN  p                       NaN  Fi(i,j)   1.9628459587545721E-002
--------------------------------------------------------------------------
mpirun has exited due to process rank 0 with PID 0 on
node DESKTOP-68P2P7O exiting improperly. There are three reasons this could occur:

1. this process did not call "init" before exiting, but others in
the job did. This can cause a job to hang indefinitely while it waits
for all processes to call "init". By rule, if one process calls "init",
then ALL processes must call "init" prior to termination.

2. this process called "init", but exited without calling "finalize".
By rule, all processes that call "init" MUST call "finalize" prior to
exiting or it will be considered an "abnormal termination"

3. this process called "MPI_Abort" or "orte_abort" and the mca parameter
orte_create_session_dirs is set to false. In this case, the run-time cannot
detect that the abort call was an abnormal termination. Hence, the only
error message you will receive is this one.

This may have caused other processes in the application to be
terminated by signals sent by mpirun (as reported here).

You can avoid this message by specifying -quiet on the mpirun command line.
--------------------------------------------------------------------------
