nohup: ignoring input
 ----------------- OpenCFD-EC3D ver 1.14a (MPI-OpenMP version)------------------
         Copyright by Li Xinliang, lixl@imech.ac.cn                            
         Programming by Li Xinliang  2016-1                                   
 ----------------------------------------------------------------------------- 
 Check if Multi-Grid can be used ...
 Total Block number is            2 Total Cell number is        13600
 Check multigrid OK
 can not find partation.dat,  create partation ...
 Partation ......
 Total Cell number=       13600
 Total Grid number=       27892
 Max grid number is        27892  ... rato to mean grid is   1.0000000000000000     
 Min grid number is        27892  ... rato to mean grid is   1.0000000000000000     
 rato max to min is    1.0000000000000000     
 Read material.in OK, Total_block=           2
   Block           1 : Block_type=           2  rho=   1.0000000000000000       Cp=   1000.0000000000000       k=   1.4286000000000001     
   Block           2 : Block_type=           1  rho=   7800.0000000000000       Cp=   460.00000000000000       k=   50.000000000000000     
 porous.inp not found: porous blocks use defaults (eps=0.9, dp=1e-3 m, hv=0)
 creat main mesh OK, Num_Cell=       13600
  read main mesh ...
 read Mesh3d.x OK
 Convert bc3d.inp to bc3d.inc ...
 Convert bc3d.inp to bc3d.inc OK
 read bc3d.inc (Link/boundary file)......
 read bc3d.inc OK
 Convert bc3d_interface.inp to bc3d_interface.inc ...
 Convert bc3d_interface.inp to bc3d_interface.inc OK
 read bc3d_interface.inc (Interface link file)......
 read bc3d_interface.inc OK
 Read solid_bc.inp OK
   Block           2  (solid):           1  thermal BC faces
     face           2  Tw=   800.00000000000000       Qw=   0.0000000000000000     
  Need not read wall_dist.dat 
 No FDM.in, Donot use hybrid FVM/FDM
 my_id, block_no, FDM, FD_Flux, FD_Scheme=           0           1           0
 my_id, block_no, FDM, FD_Flux, FD_Scheme=           0           2           0
 comput Jocabian OK ...
 Check mesh quality ......
 Check mesh quality OK
 Initial by Free-stream flow ......
  Start ......
  Staggered segmented coupling mode (Iflag_Couple_Scheme=1) ...
  run_staggered_multiregion: block types F/L/S/P = F T T F
  run_staggered_multiregion: pairs 11/12/13/19 = F F T F
  run_staggered_fluid_solid(paircode=          13 ): solid block           2  fluid block           1  Kstep_Couple_Comp=         100  Niter_Couple_Outer=           3  Twall_Couple_Init=   300.00000000000000     
  outer iter           1 : flow chunk steps =           1
  AC solver (LS_Algorithm=3) block           1  nx,ny,nz=         151          85           2  beta=   10.000000000000000       CFL=   20.000000000000000       dual=           0
   AC iter           1  res_q=   0.0000000000000000       res_m=   0.0000000000000000     
   AC iter           1  res_q=   0.0000000000000000       res_m=   0.0000000000000000     
  AC solver block           1 : iterations =          20  final res_q=   0.0000000000000000       res_m=   0.0000000000000000     
  AC-lowspeed T block           1 : sweeps =          50  final max|dT|(50-window)=   2.7284841053187847E-012
 --------------Force and Moment -----------------------------
 Total Force Coefficient (CL, CD, CS) =
  -1.5959455978986625E-016   2.6020852139652106E-018   2.5343225781848666E-018
 Total Moment Coefficient(CMx, CMy, CMz)=
   1.0759340721291184E-016   2.9747797107571028E-018   3.8163916471489756E-017
 Kstep, t=           1   1.0000000000000000     
 ----------The Max Residuals are--------  ---Mesh---           1
    0.0000000000E+00    0.0000000000E+00    0.0000000000E+00    0.0000000000E+00    0.0000000000E+00
   The R.M.S Residuals are 
    0.0000000000E+00    0.0000000000E+00    0.0000000000E+00    0.0000000000E+00    0.0000000000E+00
  flow chunk done, Kstep=           1  tt=   1.0000000000000000     
   GS iter           1  res=   739.06616815929647       Ts(1,1,1)=   724.97875106244749       Ts(nx-1,ny-1,1)=   348.62204519238082     
   GS iter           2  res=   496.30260198346184       Ts(1,1,1)=   761.64490817637954       Ts(nx-1,ny-1,1)=   355.16880155649176     
   GS iter           3  res=   360.22371028217879       Ts(1,1,1)=   696.40437440982021       Ts(nx-1,ny-1,1)=   390.50758373474571     
   GS iter           4  res=   243.33720302607799       Ts(1,1,1)=   762.48624461613690       Ts(nx-1,ny-1,1)=   404.27188612740281     
   GS iter           5  res=   176.68492039716762       Ts(1,1,1)=   749.57386918012469       Ts(nx-1,ny-1,1)=   431.37732861909677     
 Solid solver Block           2  GS iterations:         500  final res:   1.2937562132719904E-010
   DBG: Ts(1,1,1)=   799.99999999979377       Ts(nx/2,ny/2,1)=   799.99999999966508       Ts(nx-1,ny-1,1)=   799.99999999956879     
  solid chunk done, outer iter           1  max|dT_w|=   499.99999999955617       K  T_w range [   799.99999999763463      ,   799.99999999955617      ]  max|q_w|=   3.2482603273820135E-010
  outer iter           2 : flow chunk steps =           1
  AC solver (LS_Algorithm=3) block           1  nx,ny,nz=         151          85           2  beta=   10.000000000000000       CFL=   20.000000000000000       dual=           0
   AC iter           1  res_q=   0.0000000000000000       res_m=   0.0000000000000000     
   AC iter           1  res_q=   0.0000000000000000       res_m=   0.0000000000000000     
  AC solver block           1 : iterations =          20  final res_q=   0.0000000000000000       res_m=   0.0000000000000000     
   AC-lowspeed T iter        1000  max|dT|/50=   15.906307943173829       T[   299.99999999999727      ,   1284.8863400731377      ] K
   AC-lowspeed T iter        2000  max|dT|/50=   4.6566761807298462E-004  T[   299.99999999999727      ,   1284.8863400731377      ] K
  AC-lowspeed T block           1 : sweeps =        2000  final max|dT|(50-window)=   4.6566761807298462E-004
 --------------Force and Moment -----------------------------
 Total Force Coefficient (CL, CD, CS) =
  -1.5959455978986625E-016   2.6020852139652106E-018   2.5343225781848666E-018
 Total Moment Coefficient(CMx, CMy, CMz)=
   1.0759340721291184E-016   2.9747797107571028E-018   3.8163916471489756E-017
 Kstep, t=           2   2.0000000000000000     
 ----------The Max Residuals are--------  ---Mesh---           1
    0.0000000000E+00    0.0000000000E+00    0.0000000000E+00    0.0000000000E+00    0.0000000000E+00
   The R.M.S Residuals are 
    0.0000000000E+00    0.0000000000E+00    0.0000000000E+00    0.0000000000E+00    0.0000000000E+00
  flow chunk done, Kstep=           2  tt=   2.0000000000000000     
   GS iter           1  res=   204.75611464275562       Ts(1,1,1)=   799.99999999980469       Ts(nx-1,ny-1,1)=   1002.7248156343850     
   GS iter           2  res=   165.23199780847460       Ts(1,1,1)=   799.99999999981503       Ts(nx-1,ny-1,1)=   1166.9448603607557     
   GS iter           3  res=   140.96475187207920       Ts(1,1,1)=   799.99999999982526       Ts(nx-1,ny-1,1)=   1307.2116533297653     
   GS iter           4  res=   124.58278943636083       Ts(1,1,1)=   799.99999999983402       Ts(nx-1,ny-1,1)=   1431.2886651844578     
   GS iter           5  res=   112.70993356355302       Ts(1,1,1)=   799.99999999984334       Ts(nx-1,ny-1,1)=   1543.6098181947773     
 Solid solver Block           2  GS iterations:         500  final res:   6.2664184952154756E-010
   DBG: Ts(1,1,1)=   917.90740852484726       Ts(nx/2,ny/2,1)=   2030.0849320555935       Ts(nx-1,ny-1,1)=   3421.5929742973080     
  solid chunk done, outer iter           2  max|dT_w|=   2765.4681823969659       K  T_w range [   2974.6195719049274      ,   3565.4681823965211      ]  max|q_w|=   1385417.2508582375     
  outer iter           3 : flow chunk steps =           1
  AC solver (LS_Algorithm=3) block           1  nx,ny,nz=         151          85           2  beta=   10.000000000000000       CFL=   20.000000000000000       dual=           0
   AC iter           1  res_q=   0.0000000000000000       res_m=   0.0000000000000000     
   AC iter           1  res_q=   0.0000000000000000       res_m=   0.0000000000000000     
  AC solver block           1 : iterations =          20  final res_q=   0.0000000000000000       res_m=   0.0000000000000000     
   AC-lowspeed T iter        1000  max|dT|/50=   71.053370103124962       T[   299.99999999999727      ,   5759.0108319849542      ] K
   AC-lowspeed T iter        2000  max|dT|/50=   1.9922403496366314E-003  T[   299.99999999999727      ,   5759.0108319849542      ] K
  AC-lowspeed T block           1 : sweeps =        2050  final max|dT|(50-window)=   6.8675837928822148E-004
 --------------Force and Moment -----------------------------
 Total Force Coefficient (CL, CD, CS) =
  -1.5959455978986625E-016   2.6020852139652106E-018   2.5343225781848666E-018
 Total Moment Coefficient(CMx, CMy, CMz)=
   1.0759340721291184E-016   2.9747797107571028E-018   3.8163916471489756E-017
 Kstep, t=           3   3.0000000000000000     
 ----------The Max Residuals are--------  ---Mesh---           1
    0.0000000000E+00    0.0000000000E+00    0.0000000000E+00    0.0000000000E+00    0.0000000000E+00
   The R.M.S Residuals are 
    0.0000000000E+00    0.0000000000E+00    0.0000000000E+00    0.0000000000E+00    0.0000000000E+00
  flow chunk done, Kstep=           3  tt=   3.0000000000000000     
   GS iter           1  res=   721.83365003638346       Ts(1,1,1)=   917.90740852490103       Ts(nx-1,ny-1,1)=   4134.6825377378082     
   GS iter           2  res=   582.54227423960583       Ts(1,1,1)=   917.90740852495117       Ts(nx-1,ny-1,1)=   4712.7847160002948     
   GS iter           3  res=   496.94115036060066       Ts(1,1,1)=   917.90740852499891       Ts(nx-1,ny-1,1)=   5206.6968465278369     
   GS iter           4  res=   439.17915980784164       Ts(1,1,1)=   917.90740852504439       Ts(nx-1,ny-1,1)=   5643.6766221729376     
   GS iter           5  res=   397.30606891826119       Ts(1,1,1)=   917.90740852508736       Ts(nx-1,ny-1,1)=   6039.2949648907088     
 Solid solver Block           2  GS iterations:         600  final res:   1.2732925824820995E-011
   DBG: Ts(1,1,1)=   1251.0280511830611       Ts(nx/2,ny/2,1)=   6275.2138489675135       Ts(nx-1,ny-1,1)=   12653.796459616537     
  solid chunk done, outer iter           3  max|dT_w|=   9743.3861677913646       K  T_w range [   8849.1911065920067      ,   13308.844848732737      ]  max|q_w|=   6268860.0101879016     
  Staggered CHT coupling reached Niter_Couple_Outer=           3  (not fully converged)
 write flow3d.dat ......
 write flow3d.dat OK
 Output Ts to Ts_block_2.dat
 write VTK files ......
 write VTK files OK
