 ----------------- OpenCFD-EC3D ver 1.14a (MPI-OpenMP version)------------------
         Copyright by Li Xinliang, lixl@imech.ac.cn                            
         Programming by Li Xinliang  2016-1                                   
 ----------------------------------------------------------------------------- 
 Check if Multi-Grid can be used ...
 Total Block number is            1 Total Cell number is          400
 Check multigrid OK
 can not find partation.dat,  create partation ...
 Partation ......
 Total Cell number=         400
 Total Grid number=        1604
 Max grid number is         1604  ... rato to mean grid is   1.0000000000000000     
 Min grid number is         1604  ... rato to mean grid is   1.0000000000000000     
 rato max to min is    1.0000000000000000     
 Read material.in OK, Total_block=           1
   Block           1 : Block_type=           3  rho=   8000.0000000000000       Cp=   500.00000000000000       k=   13.400000000000000     
 Read porous.inp OK
   Porous Block           1 : eps=  0.29999999999999999       dp=   1.0000000000000000E-003  hv=   2013280.0000000000       rho_s=   8000.0000000000000       k_s=   13.400000000000000     
 creat main mesh OK, Num_Cell=         400
  read main mesh ...
  Mesh3d.x layout: separate (x,y,z in three records per block)
 read Mesh3d.x OK
 Convert bc3d.inp to bc3d.inc ...
 Convert bc3d.inp to bc3d.inc OK
 read bc3d.inc (Link/boundary file)......
 read bc3d.inc OK
 bc3d_interface.inp not found, skip interface
 Read solid_bc.inp OK
   Block           1  (solid):           2  thermal BC faces
     face           1  Tw=   0.0000000000000000       Qw=   0.0000000000000000     
     face           4  Tw=  -1.0000000000000000       Qw=   1000000.0000000000     
  Need not read wall_dist.dat 
 No FDM.in, Donot use hybrid FVM/FDM
 my_id, block_no, FDM, FD_Flux, FD_Scheme=           0           1           0
 comput Jocabian OK ...
 Check mesh quality ......
 Check mesh quality OK
 Initial by Free-stream flow ......
  Start ......
  AC porous solver (LS_Algorithm=3) block           1  eps=  0.29999999999999999       dp=   1.0000000000000000E-003  hv=   2013280.0000000000       beta=   400.00000000000000       CFL=   20.000000000000000     
   AC-porous iter           1  res_q=   0.0000000000000000       res_m=   3486.3499999999999     
   AC-porous iter           1  res_q=   0.0000000000000000       res_m=   3486.3499999999999     
   AC-porous iter        5000  res_q=  0.60088688681236835       res_m=   1.9902257504417431     
   AC-porous iter       10000  res_q=   1.9819751484462240E-003  res_m=   6.5548054384477143E-003
   AC-porous iter       15000  res_q=   6.5520922021278230E-006  res_m=   2.1669086230220157E-005
  AC porous solver block           1 : iterations =       17693  final res_q=   3.0220714819506606E-007  res_m=   9.9936768929724092E-007
   AC-porous LTNE iter        2000  dTf=   4.8504507435814617       dTs=   5.2727462384377759       Tf[   300.00525268575757      ,   470.68254696924305      ]  Ts[   300.42641815959610      ,   549.11415137064432      ]
   AC-porous LTNE iter        4000  dTf=   2.8524129701693255       dTs=   2.9965015175107510       Tf[   300.08155591620584      ,   543.28797616421070      ]  Ts[   306.61176077398096      ,   626.48533689641181      ]
   AC-porous LTNE iter        6000  dTf=   2.0040162851091736       dTs=   2.0759244592251207       Tf[   300.21976361087690      ,   590.46666051058276      ]  Ts[   317.81145852265701      ,   675.66801135822402      ]
   AC-porous LTNE iter        8000  dTf=   1.5382533337674431       dTs=   1.5812139994924337       Tf[   300.36986530646243      ,   625.26366942165157      ]  Ts[   329.97390871378724      ,   711.56026463300702      ]
   AC-porous LTNE iter       10000  dTf=   1.2388675320910352       dTs=   1.2682873405628925       Tf[   300.50995006592012      ,   652.69968986627248      ]  Ts[   341.32435520704485      ,   739.69789998983674      ]
   AC-porous LTNE iter       12000  dTf=   1.0225966328987397       dTs=   1.0447595310575934       Tf[   300.63347375033220      ,   675.10579430652410      ]  Ts[   351.33280583576959      ,   762.60964220071219      ]
   AC-porous LTNE iter       14000  dTf=  0.85426891428483032       dTs=  0.87193437104178884       Tf[   300.73982684574327      ,   693.72746646518499      ]  Ts[   359.94997016445410      ,   781.62431634665813      ]
   AC-porous LTNE iter       16000  dTf=  0.71772944534063754       dTs=  0.73223532268434610       Tf[   300.83043289197371      ,   709.33473089702034      ]  Ts[   367.29122584477693      ,   797.55013380432354      ]
   AC-porous LTNE iter       18000  dTf=  0.60462803345751581       dTs=  0.61671579688936617       Tf[   300.90725353418287      ,   722.46758747088381      ]  Ts[   373.51552723996394      ,   810.94676693712620      ]
   AC-porous LTNE iter       20000  dTf=  0.50998477605401149       dTs=  0.52012852545840360       Tf[   300.97224261787449      ,   733.53886095778944      ]  Ts[   378.78118790596983      ,   822.23873097310639      ]
   AC-porous LTNE iter       22000  dTf=  0.43040551387343839       dTs=  0.43894606523872426       Tf[   301.02716640659924      ,   742.88024171722509      ]  Ts[   383.23131934295861      ,   831.76566095323517      ]
   AC-porous LTNE iter       24000  dTf=  0.36334173107923107       dTs=  0.37054356451744752       Tf[   301.07356190396962      ,   750.76518933661885      ]  Ts[   386.99045619774466      ,   839.80697050235563      ]
   AC-porous LTNE iter       26000  dTf=  0.30676580210740667       dTs=  0.31284311740569137       Tf[   301.11274478262175      ,   757.42201850063418      ]  Ts[   390.16519952344413      ,   846.59570644407154      ]
   AC-porous LTNE iter       28000  dTf=  0.25901430370367962       dTs=  0.26414439541076717       Tf[   301.14583296297553      ,   763.04249996448164      ]  Ts[   392.84612754198815      ,   852.32751962627663      ]
   AC-porous LTNE iter       30000  dTf=  0.21870172704950619       dTs=  0.22303290088086669       Tf[   301.17377313332526      ,   767.78816437657633      ]  Ts[   395.10994452745416      ,   857.16717169853746      ]
   AC-porous LTNE iter       32000  dTf=  0.18466563515028156       dTs=  0.18832257010421927       Tf[   301.19736573122316      ,   771.79524974823732      ]  Ts[   397.02150494062755      ,   861.25361114135274      ]
   AC-porous LTNE iter       34000  dTf=  0.15592740916395087       dTs=  0.15901516745441313       Tf[   301.21728705071604      ,   775.17873203629529      ]  Ts[   398.63560465930942      ,   864.70409563979831      ]
   AC-porous LTNE iter       36000  dTf=  0.13166186549733538       dTs=  0.13426907573602875       Tf[   301.23410830607645      ,   778.03567094761308      ]  Ts[   399.99852560060458      ,   867.61760883147929      ]
   AC-porous LTNE iter       38000  dTf=  0.11117268245095602       dTs=  0.11337414810520841       Tf[   301.24831188421950      ,   780.44801254285562      ]  Ts[   401.14935255543179      ,   870.07772024390999      ]
   AC-porous LTNE iter       40000  dTf=   9.3872074431374131E-002  dTs=   9.5730945278546642E-002  Tf[   301.26030512876832      ,   782.48494688084031      ]  Ts[   402.12109002609952      ,   872.15499034414006      ]
   AC-porous LTNE iter       42000  dTf=   7.9263794989969938E-002  dTs=   8.0833388472115075E-002  Tf[   301.27043200287505      ,   784.20489531510088      ]  Ts[   402.94160719216507      ,   873.90899746950868      ]
   AC-porous LTNE iter       44000  dTf=   6.6928849839314353E-002  dTs=   6.8254184222382719E-002  Tf[   301.27898294641471      ,   785.65718717724656      ]  Ts[   403.63443657722701      ,   875.39004782310042      ]
   AC-porous LTNE iter       46000  dTf=   5.6513458612471368E-002  dTs=   5.7632545705587290E-002  Tf[   301.28620320286439      ,   786.88347500740963      ]  Ts[   404.21944872388127      ,   876.64061877194047      ]
   AC-porous LTNE iter       48000  dTf=   4.7718899956976202E-002  dTs=   4.8663835916386233E-002  Tf[   301.29229985179393      ,   787.91892934088742      ]  Ts[   404.71342199233874      ,   877.69657730984932      ]
   AC-porous LTNE iter       50000  dTf=   4.0292940778044795E-002  dTs=   4.1090826872732578E-002  Tf[   301.29744774752680      ,   788.79324748226122      ]  Ts[   405.13052373301815      ,   878.58820881403756      ]
   AC-porous LTNE iter       52000  dTf=   3.4022600842149586E-002  dTs=   3.4696320826697047E-002  Tf[   301.30179453385449      ,   789.53150526354705      ]  Ts[   405.48271659738339      ,   879.34108567247335      ]
   AC-porous LTNE iter       54000  dTf=   2.8728043888349930E-002  dTs=   2.9296920357865019E-002  Tf[   301.30546487845180      ,   790.15487624030732      ]  Ts[   405.78010162611866      ,   879.97680072265416      ]
   AC-porous LTNE iter       56000  dTf=   2.4257419665900670E-002  dTs=   2.4737768253089598E-002  Tf[   301.30856404837147      ,   790.68123896243185      ]  Ts[   406.03120794902259      ,   880.51358654800890      ]
   AC-porous LTNE iter       58000  dTf=   2.0482508709051217E-002  dTs=   2.0888106015377161E-002  Tf[   301.31118092913766      ,   791.12568974021269      ]  Ts[   406.24323740326520      ,   880.96683839798436      ]
   AC-porous LTNE iter       60000  dTf=   1.7295044935849546E-002  dTs=   1.7637523668213362E-002  Tf[   301.31339057401630      ,   791.50097561371820      ]  Ts[   406.42227108478482      ,   881.34955573123500      ]
   AC-porous LTNE iter       62000  dTf=   1.4603610507947451E-002  dTs=   1.4892793106469071E-002  Tf[   301.31525635657374      ,   791.81785994359063      ]  Ts[   406.57344375664934      ,   881.67271504587256      ]
   AC-porous LTNE iter       64000  dTf=   1.2331013917560085E-002  dTs=   1.2575194263149569E-002  Tf[   301.31683178825728      ,   792.08543110897722      ]  Ts[   406.70109111620474      ,   881.94558469031631      ]
   AC-porous LTNE iter       66000  dTf=   1.0412076121156133E-002  dTs=   1.0618257409305443E-002  Tf[   301.31816205312651      ,   792.31136316619393      ]  Ts[   406.80887414470402      ,   882.17599068354752      ]
   AC-porous LTNE iter       68000  dTf=   8.7917611555212716E-003  dTs=   8.9658567551396118E-003  Tf[   301.31928530375086      ,   792.50213594400839      ]  Ts[   406.89988410584783      ,   882.37054116875038      ]
   AC-porous LTNE iter       70000  dTf=   7.4235976895806743E-003  dTs=   7.5706007412463805E-003  Tf[   301.32023375544196      ,   792.66322088786626      ]  Ts[   406.97673120452555      ,   882.53481593764013      ]
   AC-porous LTNE iter       72000  dTf=   6.2683461979986532E-003  dTs=   6.3924728060555935E-003  Tf[   301.32103461020330      ,   792.79923798334733      ]  Ts[   407.04161944863466      ,   882.67352646135362      ]
   AC-porous LTNE iter       74000  dTf=   5.2928735790374049E-003  dTs=   5.3976837499476460E-003  Tf[   301.32171083689428      ,   792.91408825937992      ]  Ts[   407.09640986097241      ,   882.79065101750598      ]
   AC-porous LTNE iter       76000  dTf=   4.4692028570807452E-003  dTs=   4.5577025940701787E-003  Tf[   301.32228182998767      ,   793.01106567135150      ]  Ts[   407.14267385417202      ,   882.88954878881748      ]
   AC-porous LTNE iter       78000  dTf=   3.7737107951443249E-003  dTs=   3.8484383055674698E-003  Tf[   301.32276396581153      ,   793.09295157321731      ]  Ts[   407.18173829949637      ,   882.97305620597217      ]
   AC-porous LTNE iter       80000  dTf=   3.1864503876022354E-003  dTs=   3.2495488947006379E-003  Tf[   301.32317107222900      ,   793.16209448793120      ]  Ts[   407.21472358206063      ,   883.04356829768585      ]
   AC-porous LTNE iter       82000  dTf=   2.6905787487976340E-003  dTs=   2.7438579417093933E-003  Tf[   301.32351482522739      ,   793.22047746405940      ]  Ts[   407.24257573398239      ,   883.10310738110786      ]
   AC-porous LTNE iter       84000  dTf=   2.2718740663094650E-003  dTs=   2.3168620107298921E-003  Tf[   301.32380508379094      ,   793.26977495052699      ]  Ts[   407.26609356697037      ,   883.15338106282366      ]
   AC-porous LTNE iter       86000  dTf=   1.9183277132697185E-003  dTs=   1.9563146868222248E-003  Tf[   301.32405017266041      ,   793.31140082048819      ]  Ts[   407.28595158262254      ,   883.19583121368282      ]
   AC-porous LTNE iter       88000  dTf=   1.6197998219240617E-003  dTs=   1.6518753099035166E-003  Tf[   301.32425712108983      ,   793.34654892180993      ]  Ts[   407.30271931736849      ,   883.23167532228376      ]
   AC-porous LTNE iter       90000  dTf=   1.3677284923687694E-003  dTs=   1.3948124307034959E-003  Tf[   301.32443186444954      ,   793.37622731719341      ]  Ts[   407.31687767707876      ,   883.26194141311714      ]
   AC-porous LTNE iter       92000  dTf=   1.1548842009005966E-003  dTs=   1.1777533669601326E-003  Tf[   301.32457941445438      ,   793.40128719580241      ]  Ts[   407.32883272959515      ,   883.28749753070349      ]
   AC-porous LTNE iter       94000  dTf=   9.7516248979445663E-004  dTs=   9.9447278580555576E-004  Tf[   301.32470400290208      ,   793.42244728576100      ]  Ts[   407.33892735099289      ,   883.30907663551886      ]
  AC-porous LTNE block           1 : sweeps =       94000  final dTf=   9.7516248979445663E-004  dTs=   9.9447278580555576E-004
 write flow3d.dat ......
 write flow3d.dat OK
 Output Ts to Ts_block_1.dat
 write VTK files ......
 write VTK files OK
