      1      0.00000000E+00      0.30008611E-01      0.00000000E+00      0.27310172E+00      0.12640773E-22      0.00000000E+00
      2      0.00000000E+00     -0.34453621E-01      0.00000000E+00      0.31872529E+00     -0.43176332E-03     -0.52247780E-19
      3      0.00000000E+00     -0.66270295E-01      0.00000000E+00      0.28203921E+00      0.85304292E-02     -0.22111522E-19
      4      0.00000000E+00     -0.80589923E-01      0.00000000E+00      0.23519216E+00      0.15798485E-01     -0.21483648E-19
      5      0.00000000E+00     -0.85707559E-01      0.00000000E+00      0.19366061E+00      0.20769458E-01     -0.42932617E-19
      6      0.00000000E+00     -0.86118418E-01      0.00000000E+00      0.16024570E+00      0.23428485E-01     -0.28064289E-19
      7      0.00000000E+00     -0.84204560E-01      0.00000000E+00      0.13438146E+00      0.24210112E-01     -0.23042145E-19
      8      0.00000000E+00     -0.81239481E-01      0.00000000E+00      0.11464929E+00      0.23770652E-01     -0.56195054E-20
      9      0.00000000E+00     -0.77906241E-01      0.00000000E+00      0.99671941E-01      0.22606232E-01     -0.68154144E-20
     10      0.00000000E+00     -0.74544959E-01      0.00000000E+00      0.88293061E-01      0.21099844E-01      0.52211229E-20
     11      0.00000000E+00     -0.71308826E-01      0.00000000E+00      0.79561518E-01      0.19526792E-01      0.29298478E-20
     12      0.00000000E+00     -0.68300534E-01      0.00000000E+00      0.72760085E-01      0.17973441E-01     -0.53184137E-20
     13      0.00000000E+00     -0.65500140E-01      0.00000000E+00      0.67382992E-01      0.16541889E-01      0.59077651E-20
     14      0.00000000E+00     -0.62946271E-01      0.00000000E+00      0.63028263E-01      0.15309886E-01      0.22087357E-19
     15      0.00000000E+00     -0.60609291E-01      0.00000000E+00      0.59446738E-01      0.14168469E-01      0.14750141E-19
     16      0.00000000E+00     -0.58469610E-01      0.00000000E+00      0.56431038E-01      0.13168048E-01      0.16480668E-19
     17      0.00000000E+00     -0.56507496E-01      0.00000000E+00      0.53848259E-01      0.12290021E-01      0.10488407E-19
     18      0.00000000E+00     -0.54705053E-01      0.00000000E+00      0.51600048E-01      0.11517561E-01      0.33199950E-20
     19      0.00000000E+00     -0.53046233E-01      0.00000000E+00      0.49615960E-01      0.10836306E-01      0.98696175E-22
     20      0.00000000E+00     -0.51515080E-01      0.00000000E+00      0.47844919E-01      0.10231181E-01      0.13167890E-20
     21      0.00000000E+00     -0.50096813E-01      0.00000000E+00      0.46247984E-01      0.96875813E-02     -0.33189549E-20
     22      0.00000000E+00     -0.48778778E-01      0.00000000E+00      0.44795763E-01      0.91917959E-02     -0.99874311E-20
     23      0.00000000E+00     -0.47550517E-01      0.00000000E+00      0.43465657E-01      0.87347591E-02     -0.12848414E-19
     24      0.00000000E+00     -0.46403208E-01      0.00000000E+00      0.42240208E-01      0.83110350E-02     -0.11952349E-19
     25      0.00000000E+00     -0.45329232E-01      0.00000000E+00      0.41105569E-01      0.79170675E-02     -0.93403303E-20
     26      0.00000000E+00     -0.44321912E-01      0.00000000E+00      0.40050524E-01      0.75501150E-02     -0.38049187E-20
     27      0.00000000E+00     -0.43375344E-01      0.00000000E+00      0.39065835E-01      0.72078654E-02     -0.41537276E-20
     28      0.00000000E+00     -0.42484278E-01      0.00000000E+00      0.38143774E-01      0.68883117E-02     -0.11588045E-19
     29      0.00000000E+00     -0.41644017E-01      0.00000000E+00      0.37277804E-01      0.65896874E-02     -0.82433467E-20
     30      0.00000000E+00     -0.40850348E-01      0.00000000E+00      0.36462333E-01      0.63104246E-02     -0.77416944E-20
     31      0.00000000E+00     -0.40099475E-01      0.00000000E+00      0.35692534E-01      0.60491166E-02     -0.63519321E-20
     32      0.00000000E+00     -0.39387970E-01      0.00000000E+00      0.34964210E-01      0.58044869E-02     -0.42331574E-20
     33      0.00000000E+00     -0.38712727E-01      0.00000000E+00      0.34273686E-01      0.55753666E-02     -0.73377239E-20
     34      0.00000000E+00     -0.38070930E-01      0.00000000E+00      0.33617725E-01      0.53606767E-02     -0.88400061E-20
     35      0.00000000E+00     -0.37460017E-01      0.00000000E+00      0.32993463E-01      0.51594171E-02     -0.10126160E-19
     36      0.00000000E+00     -0.36877656E-01      0.00000000E+00      0.32398354E-01      0.49706580E-02     -0.67454552E-20
     37      0.00000000E+00     -0.36321717E-01      0.00000000E+00      0.31830124E-01      0.47935349E-02     -0.54987552E-20
     38      0.00000000E+00     -0.35790257E-01      0.00000000E+00      0.31286739E-01      0.46272442E-02     -0.63137956E-20
     39      0.00000000E+00     -0.35281496E-01      0.00000000E+00      0.30766371E-01      0.44710400E-02     -0.74957320E-20
     40      0.00000000E+00     -0.34793803E-01      0.00000000E+00      0.30267371E-01      0.43242315E-02     -0.62440764E-20
     41      0.00000000E+00     -0.34325682E-01      0.00000000E+00      0.29788251E-01      0.41861799E-02     -0.36512577E-20
     42      0.00000000E+00     -0.33875757E-01      0.00000000E+00      0.29327660E-01      0.40562955E-02     -0.19336437E-20
     43      0.00000000E+00     -0.33442763E-01      0.00000000E+00      0.28884374E-01      0.39340343E-02     -0.25419392E-21
     44      0.00000000E+00     -0.33025533E-01      0.00000000E+00      0.28457278E-01      0.38188953E-02      0.41229916E-21
     45      0.00000000E+00     -0.32622995E-01      0.00000000E+00      0.28045354E-01      0.37104162E-02      0.12489563E-21
     46      0.00000000E+00     -0.32234159E-01      0.00000000E+00      0.27647672E-01      0.36081704E-02     -0.85531832E-21
     47      0.00000000E+00     -0.31858112E-01      0.00000000E+00      0.27263382E-01      0.35117632E-02     -0.98486260E-21
     48      0.00000000E+00     -0.31494013E-01      0.00000000E+00      0.26891703E-01      0.34208288E-02      0.50502196E-21
     49      0.00000000E+00     -0.31141088E-01      0.00000000E+00      0.26531916E-01      0.33350267E-02      0.83445590E-21
     50      0.00000000E+00     -0.30798619E-01      0.00000000E+00      0.26183362E-01      0.32540392E-02     -0.14948606E-22
     51      0.00000000E+00     -0.30465948E-01      0.00000000E+00      0.25845432E-01      0.31775686E-02      0.14937571E-20
     52      0.00000000E+00     -0.30142465E-01      0.00000000E+00      0.25517564E-01      0.31053351E-02      0.28986563E-20
     53      0.00000000E+00     -0.29827609E-01      0.00000000E+00      0.25199236E-01      0.30370750E-02      0.11768087E-20
     54      0.00000000E+00     -0.29520859E-01      0.00000000E+00      0.24889967E-01      0.29725396E-02      0.44829876E-20
     55      0.00000000E+00     -0.29221736E-01      0.00000000E+00      0.24589310E-01      0.29114935E-02      0.55069699E-20
     56      0.00000000E+00     -0.28929797E-01      0.00000000E+00      0.24296849E-01      0.28537142E-02      0.68466846E-20
     57      0.00000000E+00     -0.28644632E-01      0.00000000E+00      0.24012196E-01      0.27989918E-02      0.75341363E-20
     58      0.00000000E+00     -0.28365862E-01      0.00000000E+00      0.23734993E-01      0.27471279E-02      0.51435594E-20
     59      0.00000000E+00     -0.28093137E-01      0.00000000E+00      0.23464901E-01      0.26979360E-02      0.36486828E-20
     60      0.00000000E+00     -0.27826131E-01      0.00000000E+00      0.23201607E-01      0.26512405E-02      0.47621486E-20
     61      0.00000000E+00     -0.27564544E-01      0.00000000E+00      0.22944817E-01      0.26068771E-02      0.47940266E-20
     62      0.00000000E+00     -0.27308098E-01      0.00000000E+00      0.22694253E-01      0.25646919E-02      0.46802563E-20
     63      0.00000000E+00     -0.27056534E-01      0.00000000E+00      0.22449659E-01      0.25245410E-02      0.49809144E-20
     64      0.00000000E+00     -0.26809613E-01      0.00000000E+00      0.22210790E-01      0.24862903E-02      0.67532893E-20
     65      0.00000000E+00     -0.26567113E-01      0.00000000E+00      0.21977417E-01      0.24498150E-02      0.53947599E-20
     66      0.00000000E+00     -0.26328827E-01      0.00000000E+00      0.21749326E-01      0.24149988E-02      0.84674637E-20
     67      0.00000000E+00     -0.26094563E-01      0.00000000E+00      0.21526314E-01      0.23817333E-02      0.79727128E-20
     68      0.00000000E+00     -0.25864143E-01      0.00000000E+00      0.21308188E-01      0.23499179E-02      0.63586999E-20
     69      0.00000000E+00     -0.25637400E-01      0.00000000E+00      0.21094767E-01      0.23194588E-02      0.52421120E-20
     70      0.00000000E+00     -0.25414180E-01      0.00000000E+00      0.20885882E-01      0.22902686E-02      0.37602571E-20
     71      0.00000000E+00     -0.25194338E-01      0.00000000E+00      0.20681368E-01      0.22622660E-02      0.41546289E-20
     72      0.00000000E+00     -0.24977741E-01      0.00000000E+00      0.20481073E-01      0.22353751E-02      0.36895327E-20
     73      0.00000000E+00     -0.24764263E-01      0.00000000E+00      0.20284851E-01      0.22095249E-02      0.41205334E-20
     74      0.00000000E+00     -0.24553786E-01      0.00000000E+00      0.20092565E-01      0.21846492E-02      0.39594756E-20
     75      0.00000000E+00     -0.24346203E-01      0.00000000E+00      0.19904082E-01      0.21606862E-02      0.29537894E-20
     76      0.00000000E+00     -0.24141412E-01      0.00000000E+00      0.19719278E-01      0.21375777E-02      0.29740938E-20
     77      0.00000000E+00     -0.23939316E-01      0.00000000E+00      0.19538035E-01      0.21152694E-02      0.34109097E-20
     78      0.00000000E+00     -0.23739828E-01      0.00000000E+00      0.19360240E-01      0.20937104E-02      0.39541536E-20
     79      0.00000000E+00     -0.23542864E-01      0.00000000E+00      0.19185784E-01      0.20728529E-02      0.48162253E-20
     80      0.00000000E+00     -0.23348347E-01      0.00000000E+00      0.19014566E-01      0.20526520E-02      0.27868128E-20
     81      0.00000000E+00     -0.23156204E-01      0.00000000E+00      0.18846488E-01      0.20330655E-02      0.13409261E-20
     82      0.00000000E+00     -0.22966368E-01      0.00000000E+00      0.18681456E-01      0.20140539E-02      0.36508733E-21
     83      0.00000000E+00     -0.22778776E-01      0.00000000E+00      0.18519381E-01      0.19955798E-02     -0.49139592E-21
     84      0.00000000E+00     -0.22593367E-01      0.00000000E+00      0.18360177E-01      0.19776084E-02      0.62023242E-21
     85      0.00000000E+00     -0.22410086E-01      0.00000000E+00      0.18203764E-01      0.19601068E-02      0.21751560E-20
     86      0.00000000E+00     -0.22228881E-01      0.00000000E+00      0.18050062E-01      0.19430441E-02      0.34701184E-20
     87      0.00000000E+00     -0.22049704E-01      0.00000000E+00      0.17898998E-01      0.19263913E-02      0.33106790E-20
     88      0.00000000E+00     -0.21872508E-01      0.00000000E+00      0.17750499E-01      0.19101212E-02      0.20462804E-20
     89      0.00000000E+00     -0.21697252E-01      0.00000000E+00      0.17604497E-01      0.18942083E-02      0.28977719E-20
     90      0.00000000E+00     -0.21523894E-01      0.00000000E+00      0.17460925E-01      0.18786285E-02      0.22357374E-20
     91      0.00000000E+00     -0.21352397E-01      0.00000000E+00      0.17319720E-01      0.18633595E-02      0.31537211E-20
     92      0.00000000E+00     -0.21182726E-01      0.00000000E+00      0.17180821E-01      0.18483800E-02      0.22871461E-20
     93      0.00000000E+00     -0.21014847E-01      0.00000000E+00      0.17044169E-01      0.18336705E-02      0.13160563E-20
     94      0.00000000E+00     -0.20848729E-01      0.00000000E+00      0.16909709E-01      0.18192125E-02      0.16403577E-20
     95      0.00000000E+00     -0.20684342E-01      0.00000000E+00      0.16777385E-01      0.18049888E-02      0.10043322E-20
     96      0.00000000E+00     -0.20521659E-01      0.00000000E+00      0.16647145E-01      0.17909833E-02      0.30324097E-20
     97      0.00000000E+00     -0.20360652E-01      0.00000000E+00      0.16518940E-01      0.17771810E-02      0.29052441E-20
     98      0.00000000E+00     -0.20201298E-01      0.00000000E+00      0.16392720E-01      0.17635680E-02      0.48886753E-20
     99      0.00000000E+00     -0.20043572E-01      0.00000000E+00      0.16268438E-01      0.17501314E-02      0.34049056E-20
    100      0.00000000E+00     -0.19887452E-01      0.00000000E+00      0.16146049E-01      0.17368590E-02      0.22990608E-20
    101      0.00000000E+00     -0.19732917E-01      0.00000000E+00      0.16025509E-01      0.17237397E-02      0.23079160E-20
    102      0.00000000E+00     -0.19579946E-01      0.00000000E+00      0.15906777E-01      0.17107632E-02      0.24176431E-20
    103      0.00000000E+00     -0.19428521E-01      0.00000000E+00      0.15789810E-01      0.16979199E-02      0.31966380E-20
    104      0.00000000E+00     -0.19278623E-01      0.00000000E+00      0.15674570E-01      0.16852012E-02      0.28687790E-20
    105      0.00000000E+00     -0.19130234E-01      0.00000000E+00      0.15561018E-01      0.16725988E-02      0.20278300E-20
    106      0.00000000E+00     -0.18983338E-01      0.00000000E+00      0.15449117E-01      0.16601054E-02      0.31808527E-20
    107      0.00000000E+00     -0.18837918E-01      0.00000000E+00      0.15338831E-01      0.16477143E-02      0.35986960E-20
    108      0.00000000E+00     -0.18693958E-01      0.00000000E+00      0.15230125E-01      0.16354191E-02      0.18944359E-20
    109      0.00000000E+00     -0.18551444E-01      0.00000000E+00      0.15122965E-01      0.16232144E-02      0.11888743E-20
    110      0.00000000E+00     -0.18410360E-01      0.00000000E+00      0.15017319E-01      0.16110950E-02      0.36856502E-21
    111      0.00000000E+00     -0.18270694E-01      0.00000000E+00      0.14913155E-01      0.15990564E-02      0.29551471E-21
    112      0.00000000E+00     -0.18132430E-01      0.00000000E+00      0.14810441E-01      0.15870944E-02      0.10344410E-20
    113      0.00000000E+00     -0.17995556E-01      0.00000000E+00      0.14709149E-01      0.15752054E-02      0.19155032E-20
    114      0.00000000E+00     -0.17860059E-01      0.00000000E+00      0.14609248E-01      0.15633860E-02      0.27270188E-20
    115      0.00000000E+00     -0.17725925E-01      0.00000000E+00      0.14510710E-01      0.15516335E-02      0.15757078E-20
    116      0.00000000E+00     -0.17593143E-01      0.00000000E+00      0.14413508E-01      0.15399453E-02      0.25267605E-20
    117      0.00000000E+00     -0.17461699E-01      0.00000000E+00      0.14317615E-01      0.15283192E-02      0.16188942E-20
    118      0.00000000E+00     -0.17331583E-01      0.00000000E+00      0.14223004E-01      0.15167535E-02      0.18192260E-20
    119      0.00000000E+00     -0.17202781E-01      0.00000000E+00      0.14129651E-01      0.15052464E-02      0.18386113E-20
    120      0.00000000E+00     -0.17075283E-01      0.00000000E+00      0.14037531E-01      0.14937967E-02      0.25487224E-20
    121      0.00000000E+00     -0.16949076E-01      0.00000000E+00      0.13946619E-01      0.14824035E-02      0.22525324E-20
    122      0.00000000E+00     -0.16824149E-01      0.00000000E+00      0.13856892E-01      0.14710658E-02      0.27598049E-20
    123      0.00000000E+00     -0.16700491E-01      0.00000000E+00      0.13768327E-01      0.14597830E-02      0.24556736E-20
    124      0.00000000E+00     -0.16578090E-01      0.00000000E+00      0.13680902E-01      0.14485549E-02      0.20255995E-20
    125      0.00000000E+00     -0.16456935E-01      0.00000000E+00      0.13594596E-01      0.14373811E-02      0.20129554E-20
    126      0.00000000E+00     -0.16337016E-01      0.00000000E+00      0.13509386E-01      0.14262615E-02      0.16525127E-20
    127      0.00000000E+00     -0.16218319E-01      0.00000000E+00      0.13425252E-01      0.14151964E-02      0.20380890E-20
    128      0.00000000E+00     -0.16100836E-01      0.00000000E+00      0.13342174E-01      0.14041859E-02      0.15025779E-20
    129      0.00000000E+00     -0.15984554E-01      0.00000000E+00      0.13260133E-01      0.13932303E-02      0.20538108E-20
    130      0.00000000E+00     -0.15869462E-01      0.00000000E+00      0.13179109E-01      0.13823301E-02      0.21252601E-20
    131      0.00000000E+00     -0.15755549E-01      0.00000000E+00      0.13099083E-01      0.13714859E-02      0.24687070E-20
    132      0.00000000E+00     -0.15642805E-01      0.00000000E+00      0.13020037E-01      0.13606982E-02      0.30644561E-20
    133      0.00000000E+00     -0.15531218E-01      0.00000000E+00      0.12941953E-01      0.13499678E-02      0.25829252E-20
    134      0.00000000E+00     -0.15420777E-01      0.00000000E+00      0.12864813E-01      0.13392954E-02      0.26848478E-20
    135      0.00000000E+00     -0.15311471E-01      0.00000000E+00      0.12788601E-01      0.13286819E-02      0.32835602E-20
    136      0.00000000E+00     -0.15203290E-01      0.00000000E+00      0.12713300E-01      0.13181281E-02      0.31013014E-20
    137      0.00000000E+00     -0.15096221E-01      0.00000000E+00      0.12638894E-01      0.13076350E-02      0.25619524E-20
    138      0.00000000E+00     -0.14990254E-01      0.00000000E+00      0.12565366E-01      0.12972033E-02      0.27759181E-20
    139      0.00000000E+00     -0.14885379E-01      0.00000000E+00      0.12492700E-01      0.12868341E-02      0.24755291E-20
    140      0.00000000E+00     -0.14781583E-01      0.00000000E+00      0.12420883E-01      0.12765284E-02      0.25023314E-20
    141      0.00000000E+00     -0.14678856E-01      0.00000000E+00      0.12349898E-01      0.12662870E-02      0.25140195E-20
    142      0.00000000E+00     -0.14577186E-01      0.00000000E+00      0.12279731E-01      0.12561110E-02      0.31007926E-20
    143      0.00000000E+00     -0.14476563E-01      0.00000000E+00      0.12210369E-01      0.12460012E-02      0.31880624E-20
    144      0.00000000E+00     -0.14376976E-01      0.00000000E+00      0.12141796E-01      0.12359587E-02      0.28693482E-20
    145      0.00000000E+00     -0.14278414E-01      0.00000000E+00      0.12074000E-01      0.12259844E-02      0.26116978E-20
    146      0.00000000E+00     -0.14180865E-01      0.00000000E+00      0.12006967E-01      0.12160792E-02      0.26443496E-20
    147      0.00000000E+00     -0.14084318E-01      0.00000000E+00      0.11940683E-01      0.12062439E-02      0.28352755E-20
    148      0.00000000E+00     -0.13988763E-01      0.00000000E+00      0.11875137E-01      0.11964794E-02      0.30358048E-20
    149      0.00000000E+00     -0.13894189E-01      0.00000000E+00      0.11810316E-01      0.11867866E-02      0.30685441E-20
    150      0.00000000E+00     -0.13800584E-01      0.00000000E+00      0.11746207E-01      0.11771663E-02      0.27267506E-20
      1      0.00000000E+00      0.30008611E-01      0.00000000E+00      0.27310172E+00      0.12640773E-22      0.00000000E+00
      2      0.00000000E+00     -0.34453621E-01      0.00000000E+00      0.31872529E+00     -0.43176332E-03     -0.52247780E-19
      3      0.00000000E+00     -0.66270295E-01      0.00000000E+00      0.28203921E+00      0.85304292E-02     -0.22111522E-19
      4      0.00000000E+00     -0.80589923E-01      0.00000000E+00      0.23519216E+00      0.15798485E-01     -0.21483648E-19
      5      0.00000000E+00     -0.85707559E-01      0.00000000E+00      0.19366061E+00      0.20769458E-01     -0.42932617E-19
      6      0.00000000E+00     -0.86118418E-01      0.00000000E+00      0.16024570E+00      0.23428485E-01     -0.28064289E-19
      7      0.00000000E+00     -0.84204560E-01      0.00000000E+00      0.13438146E+00      0.24210112E-01     -0.23042145E-19
      8      0.00000000E+00     -0.81239481E-01      0.00000000E+00      0.11464929E+00      0.23770652E-01     -0.56195054E-20
      9      0.00000000E+00     -0.77906241E-01      0.00000000E+00      0.99671941E-01      0.22606232E-01     -0.68154144E-20
     10      0.00000000E+00     -0.74544959E-01      0.00000000E+00      0.88293061E-01      0.21099844E-01      0.52211229E-20
     11      0.00000000E+00     -0.71308826E-01      0.00000000E+00      0.79561518E-01      0.19526792E-01      0.29298478E-20
     12      0.00000000E+00     -0.68300534E-01      0.00000000E+00      0.72760085E-01      0.17973441E-01     -0.53184137E-20
     13      0.00000000E+00     -0.65500140E-01      0.00000000E+00      0.67382992E-01      0.16541889E-01      0.59077651E-20
     14      0.00000000E+00     -0.62946271E-01      0.00000000E+00      0.63028263E-01      0.15309886E-01      0.22087357E-19
     15      0.00000000E+00     -0.60609291E-01      0.00000000E+00      0.59446738E-01      0.14168469E-01      0.14750141E-19
     16      0.00000000E+00     -0.58469610E-01      0.00000000E+00      0.56431038E-01      0.13168048E-01      0.16480668E-19
     17      0.00000000E+00     -0.56507496E-01      0.00000000E+00      0.53848259E-01      0.12290021E-01      0.10488407E-19
     18      0.00000000E+00     -0.54705053E-01      0.00000000E+00      0.51600048E-01      0.11517561E-01      0.33199950E-20
     19      0.00000000E+00     -0.53046233E-01      0.00000000E+00      0.49615960E-01      0.10836306E-01      0.98696175E-22
     20      0.00000000E+00     -0.51515080E-01      0.00000000E+00      0.47844919E-01      0.10231181E-01      0.13167890E-20
     21      0.00000000E+00     -0.50096813E-01      0.00000000E+00      0.46247984E-01      0.96875813E-02     -0.33189549E-20
     22      0.00000000E+00     -0.48778778E-01      0.00000000E+00      0.44795763E-01      0.91917959E-02     -0.99874311E-20
     23      0.00000000E+00     -0.47550517E-01      0.00000000E+00      0.43465657E-01      0.87347591E-02     -0.12848414E-19
     24      0.00000000E+00     -0.46403208E-01      0.00000000E+00      0.42240208E-01      0.83110350E-02     -0.11952349E-19
     25      0.00000000E+00     -0.45329232E-01      0.00000000E+00      0.41105569E-01      0.79170675E-02     -0.93403303E-20
     26      0.00000000E+00     -0.44321912E-01      0.00000000E+00      0.40050524E-01      0.75501150E-02     -0.38049187E-20
     27      0.00000000E+00     -0.43375344E-01      0.00000000E+00      0.39065835E-01      0.72078654E-02     -0.41537276E-20
     28      0.00000000E+00     -0.42484278E-01      0.00000000E+00      0.38143774E-01      0.68883117E-02     -0.11588045E-19
     29      0.00000000E+00     -0.41644017E-01      0.00000000E+00      0.37277804E-01      0.65896874E-02     -0.82433467E-20
     30      0.00000000E+00     -0.40850348E-01      0.00000000E+00      0.36462333E-01      0.63104246E-02     -0.77416944E-20
     31      0.00000000E+00     -0.40099475E-01      0.00000000E+00      0.35692534E-01      0.60491166E-02     -0.63519321E-20
     32      0.00000000E+00     -0.39387970E-01      0.00000000E+00      0.34964210E-01      0.58044869E-02     -0.42331574E-20
     33      0.00000000E+00     -0.38712727E-01      0.00000000E+00      0.34273686E-01      0.55753666E-02     -0.73377239E-20
     34      0.00000000E+00     -0.38070930E-01      0.00000000E+00      0.33617725E-01      0.53606767E-02     -0.88400061E-20
     35      0.00000000E+00     -0.37460017E-01      0.00000000E+00      0.32993463E-01      0.51594171E-02     -0.10126160E-19
     36      0.00000000E+00     -0.36877656E-01      0.00000000E+00      0.32398354E-01      0.49706580E-02     -0.67454552E-20
     37      0.00000000E+00     -0.36321717E-01      0.00000000E+00      0.31830124E-01      0.47935349E-02     -0.54987552E-20
     38      0.00000000E+00     -0.35790257E-01      0.00000000E+00      0.31286739E-01      0.46272442E-02     -0.63137956E-20
     39      0.00000000E+00     -0.35281496E-01      0.00000000E+00      0.30766371E-01      0.44710400E-02     -0.74957320E-20
     40      0.00000000E+00     -0.34793803E-01      0.00000000E+00      0.30267371E-01      0.43242315E-02     -0.62440764E-20
     41      0.00000000E+00     -0.34325682E-01      0.00000000E+00      0.29788251E-01      0.41861799E-02     -0.36512577E-20
     42      0.00000000E+00     -0.33875757E-01      0.00000000E+00      0.29327660E-01      0.40562955E-02     -0.19336437E-20
     43      0.00000000E+00     -0.33442763E-01      0.00000000E+00      0.28884374E-01      0.39340343E-02     -0.25419392E-21
     44      0.00000000E+00     -0.33025533E-01      0.00000000E+00      0.28457278E-01      0.38188953E-02      0.41229916E-21
     45      0.00000000E+00     -0.32622995E-01      0.00000000E+00      0.28045354E-01      0.37104162E-02      0.12489563E-21
     46      0.00000000E+00     -0.32234159E-01      0.00000000E+00      0.27647672E-01      0.36081704E-02     -0.85531832E-21
     47      0.00000000E+00     -0.31858112E-01      0.00000000E+00      0.27263382E-01      0.35117632E-02     -0.98486260E-21
     48      0.00000000E+00     -0.31494013E-01      0.00000000E+00      0.26891703E-01      0.34208288E-02      0.50502196E-21
     49      0.00000000E+00     -0.31141088E-01      0.00000000E+00      0.26531916E-01      0.33350267E-02      0.83445590E-21
     50      0.00000000E+00     -0.30798619E-01      0.00000000E+00      0.26183362E-01      0.32540392E-02     -0.14948606E-22
     51      0.00000000E+00     -0.30465948E-01      0.00000000E+00      0.25845432E-01      0.31775686E-02      0.14937571E-20
     52      0.00000000E+00     -0.30142465E-01      0.00000000E+00      0.25517564E-01      0.31053351E-02      0.28986563E-20
     53      0.00000000E+00     -0.29827609E-01      0.00000000E+00      0.25199236E-01      0.30370750E-02      0.11768087E-20
     54      0.00000000E+00     -0.29520859E-01      0.00000000E+00      0.24889967E-01      0.29725396E-02      0.44829876E-20
     55      0.00000000E+00     -0.29221736E-01      0.00000000E+00      0.24589310E-01      0.29114935E-02      0.55069699E-20
     56      0.00000000E+00     -0.28929797E-01      0.00000000E+00      0.24296849E-01      0.28537142E-02      0.68466846E-20
     57      0.00000000E+00     -0.28644632E-01      0.00000000E+00      0.24012196E-01      0.27989918E-02      0.75341363E-20
     58      0.00000000E+00     -0.28365862E-01      0.00000000E+00      0.23734993E-01      0.27471279E-02      0.51435594E-20
     59      0.00000000E+00     -0.28093137E-01      0.00000000E+00      0.23464901E-01      0.26979360E-02      0.36486828E-20
     60      0.00000000E+00     -0.27826131E-01      0.00000000E+00      0.23201607E-01      0.26512405E-02      0.47621486E-20
     61      0.00000000E+00     -0.27564544E-01      0.00000000E+00      0.22944817E-01      0.26068771E-02      0.47940266E-20
     62      0.00000000E+00     -0.27308098E-01      0.00000000E+00      0.22694253E-01      0.25646919E-02      0.46802563E-20
     63      0.00000000E+00     -0.27056534E-01      0.00000000E+00      0.22449659E-01      0.25245410E-02      0.49809144E-20
     64      0.00000000E+00     -0.26809613E-01      0.00000000E+00      0.22210790E-01      0.24862903E-02      0.67532893E-20
     65      0.00000000E+00     -0.26567113E-01      0.00000000E+00      0.21977417E-01      0.24498150E-02      0.53947599E-20
     66      0.00000000E+00     -0.26328827E-01      0.00000000E+00      0.21749326E-01      0.24149988E-02      0.84674637E-20
     67      0.00000000E+00     -0.26094563E-01      0.00000000E+00      0.21526314E-01      0.23817333E-02      0.79727128E-20
     68      0.00000000E+00     -0.25864143E-01      0.00000000E+00      0.21308188E-01      0.23499179E-02      0.63586999E-20
     69      0.00000000E+00     -0.25637400E-01      0.00000000E+00      0.21094767E-01      0.23194588E-02      0.52421120E-20
     70      0.00000000E+00     -0.25414180E-01      0.00000000E+00      0.20885882E-01      0.22902686E-02      0.37602571E-20
     71      0.00000000E+00     -0.25194338E-01      0.00000000E+00      0.20681368E-01      0.22622660E-02      0.41546289E-20
     72      0.00000000E+00     -0.24977741E-01      0.00000000E+00      0.20481073E-01      0.22353751E-02      0.36895327E-20
     73      0.00000000E+00     -0.24764263E-01      0.00000000E+00      0.20284851E-01      0.22095249E-02      0.41205334E-20
     74      0.00000000E+00     -0.24553786E-01      0.00000000E+00      0.20092565E-01      0.21846492E-02      0.39594756E-20
     75      0.00000000E+00     -0.24346203E-01      0.00000000E+00      0.19904082E-01      0.21606862E-02      0.29537894E-20
     76      0.00000000E+00     -0.24141412E-01      0.00000000E+00      0.19719278E-01      0.21375777E-02      0.29740938E-20
     77      0.00000000E+00     -0.23939316E-01      0.00000000E+00      0.19538035E-01      0.21152694E-02      0.34109097E-20
     78      0.00000000E+00     -0.23739828E-01      0.00000000E+00      0.19360240E-01      0.20937104E-02      0.39541536E-20
     79      0.00000000E+00     -0.23542864E-01      0.00000000E+00      0.19185784E-01      0.20728529E-02      0.48162253E-20
     80      0.00000000E+00     -0.23348347E-01      0.00000000E+00      0.19014566E-01      0.20526520E-02      0.27868128E-20
     81      0.00000000E+00     -0.23156204E-01      0.00000000E+00      0.18846488E-01      0.20330655E-02      0.13409261E-20
     82      0.00000000E+00     -0.22966368E-01      0.00000000E+00      0.18681456E-01      0.20140539E-02      0.36508733E-21
     83      0.00000000E+00     -0.22778776E-01      0.00000000E+00      0.18519381E-01      0.19955798E-02     -0.49139592E-21
     84      0.00000000E+00     -0.22593367E-01      0.00000000E+00      0.18360177E-01      0.19776084E-02      0.62023242E-21
     85      0.00000000E+00     -0.22410086E-01      0.00000000E+00      0.18203764E-01      0.19601068E-02      0.21751560E-20
     86      0.00000000E+00     -0.22228881E-01      0.00000000E+00      0.18050062E-01      0.19430441E-02      0.34701184E-20
     87      0.00000000E+00     -0.22049704E-01      0.00000000E+00      0.17898998E-01      0.19263913E-02      0.33106790E-20
     88      0.00000000E+00     -0.21872508E-01      0.00000000E+00      0.17750499E-01      0.19101212E-02      0.20462804E-20
     89      0.00000000E+00     -0.21697252E-01      0.00000000E+00      0.17604497E-01      0.18942083E-02      0.28977719E-20
     90      0.00000000E+00     -0.21523894E-01      0.00000000E+00      0.17460925E-01      0.18786285E-02      0.22357374E-20
     91      0.00000000E+00     -0.21352397E-01      0.00000000E+00      0.17319720E-01      0.18633595E-02      0.31537211E-20
     92      0.00000000E+00     -0.21182726E-01      0.00000000E+00      0.17180821E-01      0.18483800E-02      0.22871461E-20
     93      0.00000000E+00     -0.21014847E-01      0.00000000E+00      0.17044169E-01      0.18336705E-02      0.13160563E-20
     94      0.00000000E+00     -0.20848729E-01      0.00000000E+00      0.16909709E-01      0.18192125E-02      0.16403577E-20
     95      0.00000000E+00     -0.20684342E-01      0.00000000E+00      0.16777385E-01      0.18049888E-02      0.10043322E-20
     96      0.00000000E+00     -0.20521659E-01      0.00000000E+00      0.16647145E-01      0.17909833E-02      0.30324097E-20
     97      0.00000000E+00     -0.20360652E-01      0.00000000E+00      0.16518940E-01      0.17771810E-02      0.29052441E-20
     98      0.00000000E+00     -0.20201298E-01      0.00000000E+00      0.16392720E-01      0.17635680E-02      0.48886753E-20
     99      0.00000000E+00     -0.20043572E-01      0.00000000E+00      0.16268438E-01      0.17501314E-02      0.34049056E-20
    100      0.00000000E+00     -0.19887452E-01      0.00000000E+00      0.16146049E-01      0.17368590E-02      0.22990608E-20
    101      0.00000000E+00     -0.19732917E-01      0.00000000E+00      0.16025509E-01      0.17237397E-02      0.23079160E-20
    102      0.00000000E+00     -0.19579946E-01      0.00000000E+00      0.15906777E-01      0.17107632E-02      0.24176431E-20
    103      0.00000000E+00     -0.19428521E-01      0.00000000E+00      0.15789810E-01      0.16979199E-02      0.31966380E-20
    104      0.00000000E+00     -0.19278623E-01      0.00000000E+00      0.15674570E-01      0.16852012E-02      0.28687790E-20
    105      0.00000000E+00     -0.19130234E-01      0.00000000E+00      0.15561018E-01      0.16725988E-02      0.20278300E-20
    106      0.00000000E+00     -0.18983338E-01      0.00000000E+00      0.15449117E-01      0.16601054E-02      0.31808527E-20
    107      0.00000000E+00     -0.18837918E-01      0.00000000E+00      0.15338831E-01      0.16477143E-02      0.35986960E-20
    108      0.00000000E+00     -0.18693958E-01      0.00000000E+00      0.15230125E-01      0.16354191E-02      0.18944359E-20
    109      0.00000000E+00     -0.18551444E-01      0.00000000E+00      0.15122965E-01      0.16232144E-02      0.11888743E-20
    110      0.00000000E+00     -0.18410360E-01      0.00000000E+00      0.15017319E-01      0.16110950E-02      0.36856502E-21
    111      0.00000000E+00     -0.18270694E-01      0.00000000E+00      0.14913155E-01      0.15990564E-02      0.29551471E-21
    112      0.00000000E+00     -0.18132430E-01      0.00000000E+00      0.14810441E-01      0.15870944E-02      0.10344410E-20
    113      0.00000000E+00     -0.17995556E-01      0.00000000E+00      0.14709149E-01      0.15752054E-02      0.19155032E-20
    114      0.00000000E+00     -0.17860059E-01      0.00000000E+00      0.14609248E-01      0.15633860E-02      0.27270188E-20
    115      0.00000000E+00     -0.17725925E-01      0.00000000E+00      0.14510710E-01      0.15516335E-02      0.15757078E-20
    116      0.00000000E+00     -0.17593143E-01      0.00000000E+00      0.14413508E-01      0.15399453E-02      0.25267605E-20
    117      0.00000000E+00     -0.17461699E-01      0.00000000E+00      0.14317615E-01      0.15283192E-02      0.16188942E-20
    118      0.00000000E+00     -0.17331583E-01      0.00000000E+00      0.14223004E-01      0.15167535E-02      0.18192260E-20
    119      0.00000000E+00     -0.17202781E-01      0.00000000E+00      0.14129651E-01      0.15052464E-02      0.18386113E-20
    120      0.00000000E+00     -0.17075283E-01      0.00000000E+00      0.14037531E-01      0.14937967E-02      0.25487224E-20
    121      0.00000000E+00     -0.16949076E-01      0.00000000E+00      0.13946619E-01      0.14824035E-02      0.22525324E-20
    122      0.00000000E+00     -0.16824149E-01      0.00000000E+00      0.13856892E-01      0.14710658E-02      0.27598049E-20
    123      0.00000000E+00     -0.16700491E-01      0.00000000E+00      0.13768327E-01      0.14597830E-02      0.24556736E-20
    124      0.00000000E+00     -0.16578090E-01      0.00000000E+00      0.13680902E-01      0.14485549E-02      0.20255995E-20
    125      0.00000000E+00     -0.16456935E-01      0.00000000E+00      0.13594596E-01      0.14373811E-02      0.20129554E-20
    126      0.00000000E+00     -0.16337016E-01      0.00000000E+00      0.13509386E-01      0.14262615E-02      0.16525127E-20
    127      0.00000000E+00     -0.16218319E-01      0.00000000E+00      0.13425252E-01      0.14151964E-02      0.20380890E-20
    128      0.00000000E+00     -0.16100836E-01      0.00000000E+00      0.13342174E-01      0.14041859E-02      0.15025779E-20
    129      0.00000000E+00     -0.15984554E-01      0.00000000E+00      0.13260133E-01      0.13932303E-02      0.20538108E-20
    130      0.00000000E+00     -0.15869462E-01      0.00000000E+00      0.13179109E-01      0.13823301E-02      0.21252601E-20
    131      0.00000000E+00     -0.15755549E-01      0.00000000E+00      0.13099083E-01      0.13714859E-02      0.24687070E-20
    132      0.00000000E+00     -0.15642805E-01      0.00000000E+00      0.13020037E-01      0.13606982E-02      0.30644561E-20
    133      0.00000000E+00     -0.15531218E-01      0.00000000E+00      0.12941953E-01      0.13499678E-02      0.25829252E-20
    134      0.00000000E+00     -0.15420777E-01      0.00000000E+00      0.12864813E-01      0.13392954E-02      0.26848478E-20
    135      0.00000000E+00     -0.15311471E-01      0.00000000E+00      0.12788601E-01      0.13286819E-02      0.32835602E-20
    136      0.00000000E+00     -0.15203290E-01      0.00000000E+00      0.12713300E-01      0.13181281E-02      0.31013014E-20
    137      0.00000000E+00     -0.15096221E-01      0.00000000E+00      0.12638894E-01      0.13076350E-02      0.25619524E-20
    138      0.00000000E+00     -0.14990254E-01      0.00000000E+00      0.12565366E-01      0.12972033E-02      0.27759181E-20
    139      0.00000000E+00     -0.14885379E-01      0.00000000E+00      0.12492700E-01      0.12868341E-02      0.24755291E-20
    140      0.00000000E+00     -0.14781583E-01      0.00000000E+00      0.12420883E-01      0.12765284E-02      0.25023314E-20
    141      0.00000000E+00     -0.14678856E-01      0.00000000E+00      0.12349898E-01      0.12662870E-02      0.25140195E-20
    142      0.00000000E+00     -0.14577186E-01      0.00000000E+00      0.12279731E-01      0.12561110E-02      0.31007926E-20
    143      0.00000000E+00     -0.14476563E-01      0.00000000E+00      0.12210369E-01      0.12460012E-02      0.31880624E-20
    144      0.00000000E+00     -0.14376976E-01      0.00000000E+00      0.12141796E-01      0.12359587E-02      0.28693482E-20
    145      0.00000000E+00     -0.14278414E-01      0.00000000E+00      0.12074000E-01      0.12259844E-02      0.26116978E-20
    146      0.00000000E+00     -0.14180865E-01      0.00000000E+00      0.12006967E-01      0.12160792E-02      0.26443496E-20
    147      0.00000000E+00     -0.14084318E-01      0.00000000E+00      0.11940683E-01      0.12062439E-02      0.28352755E-20
    148      0.00000000E+00     -0.13988763E-01      0.00000000E+00      0.11875137E-01      0.11964794E-02      0.30358048E-20
    149      0.00000000E+00     -0.13894189E-01      0.00000000E+00      0.11810316E-01      0.11867866E-02      0.30685441E-20
    150      0.00000000E+00     -0.13800584E-01      0.00000000E+00      0.11746207E-01      0.11771663E-02      0.27267506E-20
