 ----------------- OpenCFD-EC3D ver 1.14a (MPI-OpenMP version)------------------
         Copyright by Li Xinliang, lixl@imech.ac.cn                            
         Programming by Li Xinliang  2016-1                                   
 ----------------------------------------------------------------------------- 
 Check if Multi-Grid can be used ...
 Total Block number is            1 Total Cell number is         7200
 Check multigrid OK
 can not find partation.dat,  create partation ...
 Partation ......
 Total Cell number=        7200
 Total Grid number=       14762
 Max grid number is        14762  ... rato to mean grid is   1.0000000000000000     
 Min grid number is        14762  ... rato to mean grid is   1.0000000000000000     
 rato max to min is    1.0000000000000000     
 Read material.in OK, Total_block=           1
   Block           1 : Block_type=           2  rho=   1.0000000000000000       Cp=   1005.0000000000000       k=   2.5999999999999999E-002
 creat main mesh OK, Num_Cell=        7200
  read main mesh ...
 read Mesh3d.x OK
 Convert bc3d.inp to bc3d.inc ...
 Convert bc3d.inp to bc3d.inc OK
 read bc3d.inc (Link/boundary file)......
 read bc3d.inc OK
 Convert bc3d_interface.inp to bc3d_interface.inc ...
 Convert bc3d_interface.inp to bc3d_interface.inc OK
 read bc3d_interface.inc (Interface link file)......
 read bc3d_interface.inc OK
 solid_bc.inp not found, no solid thermal BCs
  Need not read wall_dist.dat 
 No FDM.in, Donot use hybrid FVM/FDM
 my_id, block_no, FDM, FD_Flux, FD_Scheme=           0           1           0
 comput Jocabian OK ...
 Check mesh quality ......
 Check mesh quality OK
 Initial by Free-stream flow ......
  Start ......
   DBG iter           1  maxU2=   3508.0570882103189       maxFi=   53.588073995571023       maxFj=   0.0000000000000000       Fi(21,1,1)=   1.5630442548824839E-149  Fi(21,21,1)=   4.7797215141760058E-106  Fi(41,21,1)=   3.0564791309933244E-211
   DBG div max=   53.588073995571023       res_p=   53.588073995571023     
   SIMPLE iter           1  res_p=   53.588073995571023       u(1,1,1)=   5.5602147966558923E-003  p(1,1,1)=  -2.3437440224797709E-002
   DBG iter           2  maxU2=   1000000.0000000000       maxFi=   52254.128782578729       maxFj=   2706.1338675167249       Fi(21,1,1)=   4.4317214688865474E-020  Fi(21,21,1)=   4.3484098209247319E-012  Fi(41,21,1)=   2.5040789804109178E-019
   DBG div max=   34527.602737280307       res_p=   34527.602737280307     
   SIMPLE iter           2  res_p=   34527.602737280307       u(1,1,1)=   1.0116865835994502E-002  p(1,1,1)=  -1.4291346274058483     
   DBG iter           3  maxU2=   1000000.0000000000       maxFi=   392631.05355450074       maxFj=   2094868.8620930836       Fi(21,1,1)=   1.1067516782823136E-013  Fi(21,21,1)=   2.6586215778837101E-007  Fi(41,21,1)=   9.1970339109756817E-013
   DBG div max=   1236603.0924017050       res_p=   1236603.0924017050     
   SIMPLE iter           3  res_p=   1236603.0924017050       u(1,1,1)=   1.5175330177714055       p(1,1,1)=  -397.60362407511855     
   SIMPLE iter           4  res_p=   158500.47451390314       u(1,1,1)=   191.32354956958048       p(1,1,1)=  -87781.366223562334     
   SIMPLE iter           5  res_p=   1969665.1602565448       u(1,1,1)=   4146.8771287320478       p(1,1,1)=  -14537000.217118230     
Note: The following floating-point exceptions are signalling: IEEE_INVALID_FLAG IEEE_OVERFLOW_FLAG IEEE_UNDERFLOW_FLAG IEEE_DENORMAL
 DEBUG T NaN at iter          15  cell          32           1           1  T(i-1)   299.99999999999989       T(i+1)                       NaN  T(j-1)   300.00000000000000       T(j+1)                       NaN  p                       NaN  Fi(i,j)   33168256817898.242     
--------------------------------------------------------------------------
mpirun has exited due to process rank 0 with PID 0 on
node DESKTOP-68P2P7O exiting improperly. There are three reasons this could occur:

1. this process did not call "init" before exiting, but others in
the job did. This can cause a job to hang indefinitely while it waits
for all processes to call "init". By rule, if one process calls "init",
then ALL processes must call "init" prior to termination.

2. this process called "init", but exited without calling "finalize".
By rule, all processes that call "init" MUST call "finalize" prior to
exiting or it will be considered an "abnormal termination"

3. this process called "MPI_Abort" or "orte_abort" and the mca parameter
orte_create_session_dirs is set to false. In this case, the run-time cannot
detect that the abort call was an abnormal termination. Hence, the only
error message you will receive is this one.

This may have caused other processes in the application to be
terminated by signals sent by mpirun (as reported here).

You can avoid this message by specifying -quiet on the mpirun command line.
--------------------------------------------------------------------------
