 ----------------- OpenCFD-EC3D ver 1.14a (MPI-OpenMP version)------------------
         Copyright by Li Xinliang, lixl@imech.ac.cn                            
         Programming by Li Xinliang  2016-1                                   
 ----------------------------------------------------------------------------- 
 Check if Multi-Grid can be used ...
 Total Block number is            1 Total Cell number is         7200
 Check multigrid OK
 can not find partation.dat,  create partation ...
 Partation ......
 Total Cell number=        7200
 Total Grid number=       14762
 Max grid number is        14762  ... rato to mean grid is   1.0000000000000000     
 Min grid number is        14762  ... rato to mean grid is   1.0000000000000000     
 rato max to min is    1.0000000000000000     
 Read material.in OK, Total_block=           1
   Block           1 : Block_type=           2  rho=   1.0000000000000000       Cp=   1005.0000000000000       k=   2.5999999999999999E-002
 creat main mesh OK, Num_Cell=        7200
  read main mesh ...
 read Mesh3d.x OK
 Convert bc3d.inp to bc3d.inc ...
 Convert bc3d.inp to bc3d.inc OK
 read bc3d.inc (Link/boundary file)......
 read bc3d.inc OK
 Convert bc3d_interface.inp to bc3d_interface.inc ...
 Convert bc3d_interface.inp to bc3d_interface.inc OK
 read bc3d_interface.inc (Interface link file)......
 read bc3d_interface.inc OK
 solid_bc.inp not found, no solid thermal BCs
  Need not read wall_dist.dat 
 No FDM.in, Donot use hybrid FVM/FDM
 my_id, block_no, FDM, FD_Flux, FD_Scheme=           0           1           0
 comput Jocabian OK ...
 Check mesh quality ......
 Check mesh quality OK
 Initial by Free-stream flow ......
  Start ......
   DBG iter           1  maxU2=   5214.3490963523991       maxFi=   20.409295175646854       maxFj=   0.0000000000000000       Fi(21,1,1)=   1.0695144853796375E-161  Fi(21,21,1)=   2.7078952138835828E-118  Fi(41,21,1)=   4.9004259604588174E-236
   DBG div max=   20.305687637659531       res_p=   20.305687637659531     
   SIMPLE iter           1  res_p=   20.305687637659531       u(1,1,1)=   6.1321460492577799E-003  p(1,1,1)=   3.4225240301685562E-002
   DBG iter           2  maxU2=   177862.19248634245       maxFi=   2646.1012761225938       maxFj=   72.617367817281803       Fi(21,1,1)=   1.5799425953950099E-020  Fi(21,21,1)=   1.0875065826976946E-012  Fi(41,21,1)=   6.4756791252504205E-020
   DBG div max=   1751.9105221816922       res_p=   1751.9105221816922     
   SIMPLE iter           2  res_p=   1751.9105221816922       u(1,1,1)=   1.1323980026559766E-002  p(1,1,1)=   2.7263847755912680E-002
   DBG iter           3  maxU2=   1000000.0000000000       maxFi=   8115.6360530125712       maxFj=   12733.750546994170       Fi(21,1,1)=   2.1534920920808773E-014  Fi(21,21,1)=   2.4997795394349060E-009  Fi(41,21,1)=   7.7587126673560213E-014
   DBG div max=   8150.7404679142746       res_p=   8150.7404679142746     
   SIMPLE iter           3  res_p=   8150.7404679142746       u(1,1,1)=   6.5589520270950788E-002  p(1,1,1)=  -3.2626217599422769     
   SIMPLE iter           4  res_p=   7278.2375207994710       u(1,1,1)=  -4.1584188903772956       p(1,1,1)=  -1625.0327031617403     
   SIMPLE iter           5  res_p=   2121.2870883210212       u(1,1,1)=  -107.50740042481577       p(1,1,1)=  -64031.849627711767     
 DEBUG T iter          50 min   299.99999999999955      max   300.00000000000057     
 DEBUG T iter         100 min   299.99999999999955      max   300.00000000000057     
   SIMPLE iter         100  res_p=                       NaN  u(1,1,1)=                       NaN  p(1,1,1)=                       NaN
 DEBUG T iter         150 min   299.99999999999955      max   300.00000000000057     
 DEBUG T iter         200 min   299.99999999999955      max   300.00000000000057     
   SIMPLE iter         200  res_p=                       NaN  u(1,1,1)=                       NaN  p(1,1,1)=                       NaN
 DEBUG T iter         250 min   299.99999999999955      max   300.00000000000057     
 DEBUG T iter         300 min   299.99999999999955      max   300.00000000000057     
   SIMPLE iter         300  res_p=                       NaN  u(1,1,1)=                       NaN  p(1,1,1)=                       NaN
 DEBUG T iter         350 min   299.99999999999955      max   300.00000000000057     
 DEBUG T iter         400 min   299.99999999999955      max   300.00000000000057     
   SIMPLE iter         400  res_p=                       NaN  u(1,1,1)=                       NaN  p(1,1,1)=                       NaN
 DEBUG T iter         450 min   299.99999999999955      max   300.00000000000057     
 DEBUG T iter         500 min   299.99999999999955      max   300.00000000000057     
   SIMPLE iter         500  res_p=                       NaN  u(1,1,1)=                       NaN  p(1,1,1)=                       NaN
 DEBUG T iter         550 min   299.99999999999955      max   300.00000000000057     
 DEBUG T iter         600 min   299.99999999999955      max   300.00000000000057     
   SIMPLE iter         600  res_p=                       NaN  u(1,1,1)=                       NaN  p(1,1,1)=                       NaN
 DEBUG T iter         650 min   299.99999999999955      max   300.00000000000057     
 DEBUG T iter         700 min   299.99999999999955      max   300.00000000000057     
   SIMPLE iter         700  res_p=                       NaN  u(1,1,1)=                       NaN  p(1,1,1)=                       NaN
 DEBUG T iter         750 min   299.99999999999955      max   300.00000000000057     
 DEBUG T iter         800 min   299.99999999999955      max   300.00000000000057     
   SIMPLE iter         800  res_p=                       NaN  u(1,1,1)=                       NaN  p(1,1,1)=                       NaN
 DEBUG T iter         850 min   299.99999999999955      max   300.00000000000057     
 DEBUG T iter         900 min   299.99999999999955      max   300.00000000000057     
   SIMPLE iter         900  res_p=                       NaN  u(1,1,1)=                       NaN  p(1,1,1)=                       NaN
 DEBUG T iter         950 min   299.99999999999955      max   300.00000000000057     
 DEBUG T iter        1000 min   299.99999999999955      max   300.00000000000057     
   SIMPLE iter        1000  res_p=                       NaN  u(1,1,1)=                       NaN  p(1,1,1)=                       NaN
 DEBUG T iter        1050 min   299.99999999999955      max   300.00000000000057     
 DEBUG T iter        1100 min   299.99999999999955      max   300.00000000000057     
   SIMPLE iter        1100  res_p=                       NaN  u(1,1,1)=                       NaN  p(1,1,1)=                       NaN
 DEBUG T iter        1150 min   299.99999999999955      max   300.00000000000057     
 DEBUG T iter        1200 min   299.99999999999955      max   300.00000000000057     
   SIMPLE iter        1200  res_p=                       NaN  u(1,1,1)=                       NaN  p(1,1,1)=                       NaN
 DEBUG T iter        1250 min   299.99999999999955      max   300.00000000000057     
 DEBUG T iter        1300 min   299.99999999999955      max   300.00000000000057     
   SIMPLE iter        1300  res_p=                       NaN  u(1,1,1)=                       NaN  p(1,1,1)=                       NaN
 DEBUG T iter        1350 min   299.99999999999955      max   300.00000000000057     
 DEBUG T iter        1400 min   299.99999999999955      max   300.00000000000057     
   SIMPLE iter        1400  res_p=                       NaN  u(1,1,1)=                       NaN  p(1,1,1)=                       NaN
 DEBUG T iter        1450 min   299.99999999999955      max   300.00000000000057     
 DEBUG T iter        1500 min   299.99999999999955      max   300.00000000000057     
   SIMPLE iter        1500  res_p=                       NaN  u(1,1,1)=                       NaN  p(1,1,1)=                       NaN
 DEBUG T iter        1550 min   299.99999999999955      max   300.00000000000057     
 DEBUG T iter        1600 min   299.99999999999955      max   300.00000000000057     
   SIMPLE iter        1600  res_p=                       NaN  u(1,1,1)=                       NaN  p(1,1,1)=                       NaN
 DEBUG T iter        1650 min   299.99999999999955      max   300.00000000000057     
 DEBUG T iter        1700 min   299.99999999999955      max   300.00000000000057     
   SIMPLE iter        1700  res_p=                       NaN  u(1,1,1)=                       NaN  p(1,1,1)=                       NaN
 DEBUG T iter        1750 min   299.99999999999955      max   300.00000000000057     
 DEBUG T iter        1800 min   299.99999999999955      max   300.00000000000057     
   SIMPLE iter        1800  res_p=                       NaN  u(1,1,1)=                       NaN  p(1,1,1)=                       NaN
 DEBUG T iter        1850 min   299.99999999999955      max   300.00000000000057     
 DEBUG T iter        1900 min   299.99999999999955      max   300.00000000000057     
   SIMPLE iter        1900  res_p=                       NaN  u(1,1,1)=                       NaN  p(1,1,1)=                       NaN
 DEBUG T iter        1950 min   299.99999999999955      max   300.00000000000057     
 DEBUG T iter        2000 min   299.99999999999955      max   300.00000000000057     
   SIMPLE iter        2000  res_p=                       NaN  u(1,1,1)=                       NaN  p(1,1,1)=                       NaN
 Low-speed solver Block           1  SIMPLE iterations:        2001  res_p:                       NaN
 --------------Force and Moment -----------------------------
 Total Force Coefficient (CL, CD, CS) =
   0.0000000000000000        0.0000000000000000        0.0000000000000000     
 Total Moment Coefficient(CMx, CMy, CMz)=
   0.0000000000000000        0.0000000000000000        0.0000000000000000     
 Kstep, t=           1   1.0000000000000000     
 ----------The Max Residuals are--------  ---Mesh---           1
    0.0000000000E+00    0.0000000000E+00    0.0000000000E+00    0.0000000000E+00    0.0000000000E+00
   The R.M.S Residuals are 
    0.0000000000E+00    0.0000000000E+00    0.0000000000E+00    0.0000000000E+00    0.0000000000E+00
 write flow3d.dat ......
 write flow3d.dat OK
 write VTK files ......
 write VTK files OK
