 ----------------- OpenCFD-EC3D ver 1.14a (MPI-OpenMP version)------------------
         Copyright by Li Xinliang, lixl@imech.ac.cn                            
         Programming by Li Xinliang  2016-1                                   
 ----------------------------------------------------------------------------- 
 Check if Multi-Grid can be used ...
 Total Block number is            1 Total Cell number is          400
 Check multigrid OK
 can not find partation.dat,  create partation ...
 Partation ......
 Total Cell number=         400
 Total Grid number=        1604
 Max grid number is         1604  ... rato to mean grid is   1.0000000000000000     
 Min grid number is         1604  ... rato to mean grid is   1.0000000000000000     
 rato max to min is    1.0000000000000000     
 Read material.in OK, Total_block=           1
   Block           1 : Block_type=           3  rho=   8000.0000000000000       Cp=   500.00000000000000       k=   13.400000000000000     
 Read porous.inp OK
   Porous Block           1 : eps=  0.29999999999999999       dp=   1.0000000000000000E-003  hv=   2507171.0000000000       rho_s=   8000.0000000000000       k_s=   13.400000000000000     
 creat main mesh OK, Num_Cell=         400
  read main mesh ...
  Mesh3d.x layout: separate (x,y,z in three records per block)
 read Mesh3d.x OK
 Convert bc3d.inp to bc3d.inc ...
 Convert bc3d.inp to bc3d.inc OK
 read bc3d.inc (Link/boundary file)......
 read bc3d.inc OK
 bc3d_interface.inp not found, skip interface
 Read solid_bc.inp OK
   Block           1  (solid):           2  thermal BC faces
     face           1  Tw=   0.0000000000000000       Qw=   0.0000000000000000     
     face           4  Tw=  -1.0000000000000000       Qw=   1000000.0000000000     
  Need not read wall_dist.dat 
 No FDM.in, Donot use hybrid FVM/FDM
 my_id, block_no, FDM, FD_Flux, FD_Scheme=           0           1           0
 comput Jocabian OK ...
 Check mesh quality ......
 Check mesh quality OK
 Initial by Free-stream flow ......
  Start ......
  AC porous solver (LS_Algorithm=3) block           1  eps=  0.29999999999999999       dp=   1.0000000000000000E-003  hv=   2507171.0000000000       beta=   900.00000000000000       CFL=   20.000000000000000     
   AC-porous iter           1  res_q=   0.0000000000000000       res_m=   2732.5666666666675     
   AC-porous iter           1  res_q=   0.0000000000000000       res_m=   2732.5666666666675     
   AC-porous iter        5000  res_q=  0.12780111175756143       res_m=  0.52768361164201705     
   AC-porous iter       10000  res_q=   9.4072358133753681E-005  res_m=   3.8820759531372486E-004
  AC porous solver block           1 : iterations =       14133  final res_q=   2.4206348859513153E-007  res_m=   9.9891352905387757E-007
   AC-porous LTNE iter        2000  dTf=   4.0050447104627551       dTs=   4.5009005606250412       Tf[   300.00353486848309      ,   448.46632614511879      ]  Ts[   300.34490953921721      ,   535.33772606593027      ]
   AC-porous LTNE iter        4000  dTf=   2.1318079848562661       dTs=   2.2925501942020219       Tf[   300.04879653870285      ,   505.56735414333463      ]  Ts[   304.75484345078610      ,   597.91457206100972      ]
   AC-porous LTNE iter        6000  dTf=   1.3697230672346450       dTs=   1.4466225628873417       Tf[   300.12087980678916      ,   539.29161578054618      ]  Ts[   311.77569418250704      ,   633.82718797103132      ]
   AC-porous LTNE iter        8000  dTf=  0.96389765697449548       dTs=   1.0085835044108080       Tf[   300.19032479911482      ,   562.06654645224660      ]  Ts[   318.53900155805786      ,   657.75734835302865      ]
   AC-porous LTNE iter       10000  dTf=  0.71002389807154032       dTs=  0.73959021415123516       Tf[   300.24829727311004      ,   578.50770715943338      ]  Ts[   324.18482980634246      ,   674.91702348012257      ]
   AC-porous LTNE iter       12000  dTf=  0.53436856206280936       dTs=  0.55547032747074354       Tf[   300.29427592451606      ,   590.76656452477607      ]  Ts[   328.66255347647228      ,   687.67136402911365      ]
   AC-porous LTNE iter       14000  dTf=  0.40607031243996516       dTs=  0.42171869934418282       Tf[   300.33000592892080      ,   600.04351111215226      ]  Ts[   332.14217627653289      ,   697.30960506330712      ]
   AC-porous LTNE iter       16000  dTf=  0.30988849605421365       dTs=  0.32170140873279252       Tf[   300.35753644645189      ,   607.11023952917822      ]  Ts[   334.82327399807991      ,   704.64697653452129      ]
   AC-porous LTNE iter       18000  dTf=  0.23692594935232592       dTs=  0.24591472000008707       Tf[   300.37867243814793      ,   612.50884723777835      ]  Ts[   336.88163024701061      ,   710.25082039695155      ]
   AC-porous LTNE iter       20000  dTf=  0.18128753835571843       dTs=  0.18815124798777560       Tf[   300.39487394910310      ,   616.63825850622254      ]  Ts[   338.45943506673683      ,   714.53671312482402      ]
   AC-porous LTNE iter       22000  dTf=  0.13876308207329657       dTs=  0.14401208089043394       Tf[   300.40728468054976      ,   619.79856849806174      ]  Ts[   339.66806980277528      ,   717.81661408298771      ]
   AC-porous LTNE iter       24000  dTf=  0.10622948351499417       dTs=  0.11024627780477658       Tf[   300.41678883808868      ,   622.21777508803598      ]  Ts[   340.59364411189006      ,   720.32731187519857      ]
   AC-porous LTNE iter       26000  dTf=   8.1328799577249811E-002  dTs=   8.4403524344793368E-002  Tf[   300.42406622763917      ,   624.06985707274862      ]  Ts[   341.30236180589566      ,   722.24941886569286      ]
   AC-porous LTNE iter       28000  dTf=   6.2266696362712537E-002  dTs=   6.4620587174204047E-002  Tf[   300.42963826706358      ,   625.48782518871474      ]  Ts[   341.84500183580451      ,   723.72099260862149      ]
   AC-porous LTNE iter       30000  dTf=   4.7673006967329457E-002  dTs=   4.9475150873945495E-002  Tf[   300.43390448080993      ,   626.57345294432889      ]  Ts[   342.26047239627638      ,   724.84766001548076      ]
   AC-porous LTNE iter       32000  dTf=   3.6499888696994276E-002  dTs=   3.7879645673683626E-002  Tf[   300.43717086048559      ,   627.40464036248341      ]  Ts[   342.57857286479873      ,   725.71026789272014      ]
   AC-porous LTNE iter       34000  dTf=   2.7945476329705343E-002  dTs=   2.9001856016748206E-002  Tf[   300.43967171730242      ,   628.04102328546696      ]  Ts[   342.82212193235733      ,   726.37070707660484      ]
   AC-porous LTNE iter       36000  dTf=   2.1395966900399799E-002  dTs=   2.2204763558193008E-002  Tf[   300.44158645890332      ,   628.52825857557866      ]  Ts[   343.00859143679952      ,   726.87636054338520      ]
   AC-porous LTNE iter       38000  dTf=   1.6381456073645495E-002  dTs=   1.7000696723698638E-002  Tf[   300.44305244943592      ,   628.90130187380691      ]  Ts[   343.15135875745312      ,   727.26350537699125      ]
   AC-porous LTNE iter       40000  dTf=   1.2542183921482319E-002  dTs=   1.3016294798035233E-002  Tf[   300.44417486067192      ,   629.18691612391808      ]  Ts[   343.26066617878274      ,   727.55991621964347      ]
   AC-porous LTNE iter       42000  dTf=   9.6027110951126815E-003  dTs=   9.9657060000026831E-003  Tf[   300.44503421601104      ,   629.40559183878554      ]  Ts[   343.34435557274679      ,   727.78685816016741      ]
   AC-porous LTNE iter       44000  dTf=   7.3521536611451666E-003  dTs=   7.6300745568005368E-003  Tf[   300.44569216697118      ,   629.57301720637781      ]  Ts[   343.40843094949821      ,   727.96061242294275      ]
   AC-porous LTNE iter       46000  dTf=   5.6290524388487029E-003  dTs=   5.8418378748683608E-003  Tf[   300.44619591604209      ,   629.70120361418162      ]  Ts[   343.45748918250030      ,   728.09364444227401      ]
   AC-porous LTNE iter       48000  dTf=   4.3097890754779655E-003  dTs=   4.4727046555408378E-003  Tf[   300.44658160302913      ,   629.79934737544261      ]  Ts[   343.49504979186605      ,   728.19549816418271      ]
   AC-porous LTNE iter       50000  dTf=   3.2997173386775103E-003  dTs=   3.4244509045038285E-003  Tf[   300.44687689776953      ,   629.87448949137524      ]  Ts[   343.52380743930638      ,   728.27348074889642      ]
   AC-porous LTNE iter       52000  dTf=   2.5263729477273955E-003  dTs=   2.6218731005656082E-003  Tf[   300.44710298520943      ,   629.93202078552781      ]  Ts[   343.54582524726743      ,   728.33318680007221      ]
   AC-porous LTNE iter       54000  dTf=   1.9342748585131631E-003  dTs=   2.0073929382533606E-003  Tf[   300.44727608524624      ,   629.97606865093474      ]  Ts[   343.56268281074557      ,   728.37889973152096      ]
   AC-porous LTNE iter       56000  dTf=   1.4809449307904288E-003  dTs=   1.5369265559002088E-003  Tf[   300.44740861637132      ,   630.00979315646271      ]  Ts[   343.57558952002330      ,   728.41389906679512      ]
   AC-porous LTNE iter       58000  dTf=   1.1338605208948138E-003  dTs=   1.1767219036755705E-003  Tf[   300.44751008659273      ,   630.03561375554239      ]  Ts[   343.58547132438594      ,   728.44069571777391      ]
  AC-porous LTNE block           1 : sweeps =       59300  final dTf=   9.5317601289934828E-004  dTs=   9.8920729658402706E-004
 write flow3d.dat ......
 write flow3d.dat OK
 Output Ts to Ts_block_1.dat
 write VTK files ......
 write VTK files OK
