 ----------------- OpenCFD-EC3D ver 1.14a (MPI-OpenMP version)------------------
         Copyright by Li Xinliang, lixl@imech.ac.cn                            
         Programming by Li Xinliang  2016-1                                   
 ----------------------------------------------------------------------------- 
 Check if Multi-Grid can be used ...
 Total Block number is            1 Total Cell number is         1600
 Check multigrid OK
 can not find partation.dat,  create partation ...
 Partation ......
 Total Cell number=        1600
 Total Grid number=        3362
 Max grid number is         3362  ... rato to mean grid is   1.0000000000000000     
 Min grid number is         3362  ... rato to mean grid is   1.0000000000000000     
 rato max to min is    1.0000000000000000     
 Read material.in OK, Total_block=           1
   Block           1 : Block_type=           2  rho=   1.0000000000000000       Cp=   1.0000000000000000       k=   0.0000000000000000     
 creat main mesh OK, Num_Cell=        1600
  read main mesh ...
 read Mesh3d.x OK
 Convert bc3d.inp to bc3d.inc ...
 Convert bc3d.inp to bc3d.inc OK
 read bc3d.inc (Link/boundary file)......
 read bc3d.inc OK
 bc3d_interface.inp not found, skip interface
 solid_bc.inp not found, no solid thermal BCs
  Need not read wall_dist.dat 
 No FDM.in, Donot use hybrid FVM/FDM
 my_id, block_no, FDM, FD_Flux, FD_Scheme=           0           1           0
 comput Jocabian OK ...
 Check mesh quality ......
 Check mesh quality OK
 Initial by Free-stream flow ......
  Start ......
   DBG iter           1  maxU2=   2.0000000000000000       maxFi=   2.1561171765779732E-002  maxFj=   0.0000000000000000       Fi(21,1,1)=   0.0000000000000000       Fi(21,21,1)=   0.0000000000000000       Fi(41,21,1)=   0.0000000000000000     
   DBG div max=   1.9526603299325294E-002  res_p=   1.9526603299325294E-002
   SIMPLE iter           1  res_p=   1.9526603299325294E-002  u(1,1,1)=   1.7081258627252760E-005  p(1,1,1)=  -1.5840998304005228E-005
   DBG iter           2  maxU2=   1.3247712652507695       maxFi=   1.9583259278638077E-002  maxFj=   1.7247496337697600E-002  Fi(21,1,1)=  -8.7091948071928634E-007  Fi(21,21,1)=  -4.1046145821451647E-005  Fi(41,21,1)=   0.0000000000000000     
   DBG div max=   1.5221763675171586E-002  res_p=   1.5221763675171586E-002
   SIMPLE iter           2  res_p=   1.5221763675171586E-002  u(1,1,1)=   2.0401124918364367E-004  p(1,1,1)=  -2.1662994564469217E-004
   DBG iter           3  maxU2=   1.7953363377880638       maxFi=   2.0395332630572534E-002  maxFj=   7.1501457337879888E-003  Fi(21,1,1)=  -8.3395525279717187E-006  Fi(21,21,1)=  -2.3585549166938103E-004  Fi(41,21,1)=   0.0000000000000000     
   DBG div max=   1.1904228277808588E-002  res_p=   1.1904228277808588E-002
   SIMPLE iter           3  res_p=   1.1904228277808588E-002  u(1,1,1)=   9.7210748046623987E-004  p(1,1,1)=  -1.2527716940930809E-003
   SIMPLE iter           4  res_p=   1.1852705100542375E-002  u(1,1,1)=   2.4760050544452715E-003  p(1,1,1)=  -4.1776085203941039E-003
   SIMPLE iter           5  res_p=   8.0619977061709616E-003  u(1,1,1)=   4.1086479608810874E-003  p(1,1,1)=  -9.5870853825090092E-003
Note: The following floating-point exceptions are signalling: IEEE_INVALID_FLAG IEEE_OVERFLOW_FLAG IEEE_UNDERFLOW_FLAG IEEE_DENORMAL
 DEBUG T NaN at iter          22  cell          35           1           1  T(i-1)   300.00000000000011       T(i+1)                       NaN  T(j-1)   300.00000000000000       T(j+1)                       NaN  p                       NaN  Fi(i,j)   2.7711918272488375E+053
--------------------------------------------------------------------------
mpirun has exited due to process rank 0 with PID 0 on
node DESKTOP-68P2P7O exiting improperly. There are three reasons this could occur:

1. this process did not call "init" before exiting, but others in
the job did. This can cause a job to hang indefinitely while it waits
for all processes to call "init". By rule, if one process calls "init",
then ALL processes must call "init" prior to termination.

2. this process called "init", but exited without calling "finalize".
By rule, all processes that call "init" MUST call "finalize" prior to
exiting or it will be considered an "abnormal termination"

3. this process called "MPI_Abort" or "orte_abort" and the mca parameter
orte_create_session_dirs is set to false. In this case, the run-time cannot
detect that the abort call was an abnormal termination. Hence, the only
error message you will receive is this one.

This may have caused other processes in the application to be
terminated by signals sent by mpirun (as reported here).

You can avoid this message by specifying -quiet on the mpirun command line.
--------------------------------------------------------------------------
