/tmp/run_cav_re100                  Re=100  u-RMS=0.02095 v-RMS=nan   u_min=-0.21338
    vertical u(x=0.5):  y / sim / Ghia
      0.9766  +0.84535 +0.84123
      0.9609  +0.74287 +0.73722
      0.8516  +0.24219 +0.23151
      0.6172  -0.14722 -0.13641
      0.4531  -0.21277 -0.21090
      0.2813  -0.15284 -0.15662
      0.1016  -0.06112 -0.06434
      0.0625  -0.03979 -0.04192
/tmp/run_cav_re1000                 Re=1000  u-RMS=0.04378 v-RMS=0.20826   u_min=-0.36076
    vertical u(x=0.5):  y / sim / Ghia
      0.9766  +0.66569 +0.65928
      0.9609  +0.52521 +0.51117
      0.8516  +0.32961 +0.33304
      0.6172  +0.04555 +0.05702
      0.4531  -0.12504 -0.10648
      0.2813  -0.31335 -0.27805
      0.1016  -0.22488 -0.29730
      0.0625  -0.13859 -0.20196
    horizontal v(y=0.5):  x / sim / Ghia
      0.0625  +0.25017 +0.09245
      0.1016  +0.30787 +0.15444
      0.2813  +0.27450 +0.17527
      0.5000  +0.02487 +0.06080
      0.6172  -0.10494 -0.05702
      0.8516  -0.42990 -0.33304
      0.9609  -0.22786 -0.51117
      0.9766  -0.12771 -0.65928
