nohup: ignoring input
 ----------------- OpenCFD-EC3D ver 1.14a (MPI-OpenMP version)------------------
         Copyright by Li Xinliang, lixl@imech.ac.cn                            
         Programming by Li Xinliang  2016-1                                   
 ----------------------------------------------------------------------------- 
 Check if Multi-Grid can be used ...
 Total Block number is            1 Total Cell number is         9600
 Check multigrid OK
 can not find partation.dat,  create partation ...
 Partation ......
 Total Cell number=        9600
 Total Grid number=       19602
 Max grid number is        19602  ... rato to mean grid is   1.0000000000000000     
 Min grid number is        19602  ... rato to mean grid is   1.0000000000000000     
 rato max to min is    1.0000000000000000     
 Read material.in OK, Total_block=           1
   Block           1 : Block_type=           2  rho=   1.0000000000000000       Cp=   1.0000000000000000       k=   0.0000000000000000     
 porous.inp not found: porous blocks use defaults (eps=0.9, dp=1e-3 m, hv=0)
 creat main mesh OK, Num_Cell=        9600
  read main mesh ...
  Mesh3d.x layout: separate (x,y,z in three records per block)
 read Mesh3d.x OK
 Convert bc3d.inp to bc3d.inc ...
 Convert bc3d.inp to bc3d.inc OK
 read bc3d.inc (Link/boundary file)......
 read bc3d.inc OK
 bc3d_interface.inp not found, skip interface
 solid_bc.inp not found, no solid thermal BCs
  Need not read wall_dist.dat 
 No FDM.in, Donot use hybrid FVM/FDM
 my_id, block_no, FDM, FD_Flux, FD_Scheme=           0           1           0
 comput Jocabian OK ...
 Check mesh quality ......
 Check mesh quality OK
 Initial by Free-stream flow ......
  Start ......
  AC solver (LS_Algorithm=3) block           1  nx,ny,nz=         121          81           2  beta=   1.0000000000000000       CFL=   20.000000000000000       dual=           0  flux=           1  recon=           1  lim=           1
   AC iter           1  res_q=   70.219144182985957       res_m=   320.26608615937340     
   AC iter           1  res_q=   70.219144182985957       res_m=   320.26608615937340     
   AC iter        2000  res_q=   1.3767184700578652       res_m=   1.0425505764440202     
   AC iter        4000  res_q=  0.28133502813482192       res_m=  0.19693526836951047     
   AC iter        6000  res_q=   6.5167133645200576E-002  res_m=   4.8620983313005996E-002
   AC iter        8000  res_q=  0.11663928609932747       res_m=   4.5583684730915355E-002
   AC iter       10000  res_q=   1.5432217287546372E-002  res_m=   2.2775126508753355E-002
   AC iter       12000  res_q=   1.8328139726429223E-002  res_m=   1.1393974779386591E-002
   AC iter       14000  res_q=   4.1719150227442743E-003  res_m=   3.3540815077325076E-003
   AC iter       16000  res_q=   5.6176442391402343E-003  res_m=   2.3949484229089197E-003
   AC iter       18000  res_q=   1.4907337755420270E-003  res_m=   1.4039555548411430E-003
   AC iter       20000  res_q=   1.7445781632329804E-003  res_m=   7.3123253306367876E-004
   AC iter       22000  res_q=   2.7851469919064478E-004  res_m=   2.8718554250121265E-004
   AC iter       24000  res_q=   3.8607146280669069E-004  res_m=   1.6508060029292180E-004
   AC iter       26000  res_q=   1.0368650243325205E-004  res_m=   9.0417336147469830E-005
   AC iter       28000  res_q=   1.2707482864642193E-004  res_m=   5.0900440052281544E-005
   AC iter       30000  res_q=   2.3459878450725308E-005  res_m=   2.2430655602525756E-005
   AC iter       32000  res_q=   2.9114875153274057E-005  res_m=   1.2298209517526214E-005
   AC iter       34000  res_q=   7.2970468464847913E-006  res_m=   6.2991564251222366E-006
   AC iter       36000  res_q=   8.7444751915565678E-006  res_m=   3.5567866666761958E-006
   AC iter       38000  res_q=   1.8823137488797181E-006  res_m=   1.6563096078261052E-006
   AC iter       40000  res_q=   2.1700134151864451E-006  res_m=   9.1139922246215579E-007
   AC iter       42000  res_q=   5.3408900612703539E-007  res_m=   4.6163273028965455E-007
   AC iter       44000  res_q=   6.0582193560564765E-007  res_m=   2.5110225393097930E-007
   AC iter       46000  res_q=   1.4546339661192423E-007  res_m=   1.2611511049481027E-007
  AC solver block           1 : iterations =       46388  final res_q=   9.9257719864704160E-008  res_m=   9.9525616265360279E-008
 --------------Force and Moment -----------------------------
 Total Force Coefficient (CL, CD, CS) =
   0.0000000000000000        0.0000000000000000        0.0000000000000000     
 Total Moment Coefficient(CMx, CMy, CMz)=
   0.0000000000000000        0.0000000000000000        0.0000000000000000     
 Kstep, t=           1   1.0000000000000000     
 ----------The Max Residuals are--------  ---Mesh---           1
    0.0000000000E+00    0.0000000000E+00    0.0000000000E+00    0.0000000000E+00    0.0000000000E+00
   The R.M.S Residuals are 
    0.0000000000E+00    0.0000000000E+00    0.0000000000E+00    0.0000000000E+00    0.0000000000E+00
 write flow3d.dat ......
 write flow3d.dat OK
 write VTK files ......
 write VTK files OK
