nohup: ignoring input
 ----------------- OpenCFD-EC3D ver 1.14a (MPI-OpenMP version)------------------
         Copyright by Li Xinliang, lixl@imech.ac.cn                            
         Programming by Li Xinliang  2016-1                                   
 ----------------------------------------------------------------------------- 
 Check if Multi-Grid can be used ...
 Total Block number is            1 Total Cell number is         9600
 Check multigrid OK
 can not find partation.dat,  create partation ...
 Partation ......
 Total Cell number=        9600
 Total Grid number=       19602
 Max grid number is        19602  ... rato to mean grid is   1.0000000000000000     
 Min grid number is        19602  ... rato to mean grid is   1.0000000000000000     
 rato max to min is    1.0000000000000000     
 Read material.in OK, Total_block=           1
   Block           1 : Block_type=           2  rho=   1.0000000000000000       Cp=   1.0000000000000000       k=   0.0000000000000000     
 porous.inp not found: porous blocks use defaults (eps=0.9, dp=1e-3 m, hv=0)
 creat main mesh OK, Num_Cell=        9600
  read main mesh ...
  Mesh3d.x layout: separate (x,y,z in three records per block)
 read Mesh3d.x OK
 Convert bc3d.inp to bc3d.inc ...
 Convert bc3d.inp to bc3d.inc OK
 read bc3d.inc (Link/boundary file)......
 read bc3d.inc OK
 bc3d_interface.inp not found, skip interface
 solid_bc.inp not found, no solid thermal BCs
  Need not read wall_dist.dat 
 No FDM.in, Donot use hybrid FVM/FDM
 my_id, block_no, FDM, FD_Flux, FD_Scheme=           0           1           0
 comput Jocabian OK ...
 Check mesh quality ......
 Check mesh quality OK
 Initial by Free-stream flow ......
  Start ......
   DBG iter           1  maxU2=   1.1810275917776381       maxFi=  0.98168462303142245       maxFj=   0.0000000000000000       Fi(21,1,1)=   3.6355355938153866E-002  Fi(21,21,1)=   3.6355355938151972E-002  Fi(41,21,1)=   7.3756502427028359E-002
   DBG div max=  0.46982904049686147       res_p=  0.46982904049686147     
   SIMPLE iter           1  res_p=  0.46982904049686147       u(1,1,1)=  0.10603458730603529       p(1,1,1)=  -8.1577281986148851     
   DBG iter           2  maxU2=   1000000.0000000000       maxFi=   2.5517817727557605E+027  maxFj=   7.3294536491854196E+026  Fi(21,1,1)=   2.7623755765929996E-002  Fi(21,21,1)=   2.6777918515310244E-002  Fi(41,21,1)=   6.3945959916184930E-002
   DBG div max=   7.1049861494709446E+026  res_p=   7.1049861494709446E+026
   SIMPLE iter           2  res_p=   7.1049861494709446E+026  u(1,1,1)=   1000000.0000000000       p(1,1,1)=  -100000000.00000000     
Note: The following floating-point exceptions are signalling: IEEE_INVALID_FLAG IEEE_OVERFLOW_FLAG IEEE_DENORMAL
 DEBUG T NaN at iter           3  cell          44          34           1  T(i-1)   300.00000000000000       T(i+1)                       NaN  T(j-1)   300.00000000000011       T(j+1)                       NaN  p                       NaN  Fi(i,j)   81402.346785462432     
--------------------------------------------------------------------------
mpirun has exited due to process rank 0 with PID 0 on
node DESKTOP-68P2P7O exiting improperly. There are three reasons this could occur:

1. this process did not call "init" before exiting, but others in
the job did. This can cause a job to hang indefinitely while it waits
for all processes to call "init". By rule, if one process calls "init",
then ALL processes must call "init" prior to termination.

2. this process called "init", but exited without calling "finalize".
By rule, all processes that call "init" MUST call "finalize" prior to
exiting or it will be considered an "abnormal termination"

3. this process called "MPI_Abort" or "orte_abort" and the mca parameter
orte_create_session_dirs is set to false. In this case, the run-time cannot
detect that the abort call was an abnormal termination. Hence, the only
error message you will receive is this one.

This may have caused other processes in the application to be
terminated by signals sent by mpirun (as reported here).

You can avoid this message by specifying -quiet on the mpirun command line.
--------------------------------------------------------------------------
