 ----------------- OpenCFD-EC3D ver 1.14a (MPI-OpenMP version)------------------
         Copyright by Li Xinliang, lixl@imech.ac.cn                            
         Programming by Li Xinliang  2016-1                                   
 ----------------------------------------------------------------------------- 
 Check if Multi-Grid can be used ...
 Total Block number is            1 Total Cell number is         6400
 Check multigrid OK
 can not find partation.dat,  create partation ...
 Partation ......
 Total Cell number=        6400
 Total Grid number=       13122
 Max grid number is        13122  ... rato to mean grid is   1.0000000000000000     
 Min grid number is        13122  ... rato to mean grid is   1.0000000000000000     
 rato max to min is    1.0000000000000000     
 Read material.in OK, Total_block=           1
   Block           1 : Block_type=           2  rho=   1.0000000000000000       Cp=   1.0000000000000000       k=   0.0000000000000000     
 creat main mesh OK, Num_Cell=        6400
  read main mesh ...
 read Mesh3d.x OK
 Convert bc3d.inp to bc3d.inc ...
 Convert bc3d.inp to bc3d.inc OK
 read bc3d.inc (Link/boundary file)......
 read bc3d.inc OK
 bc3d_interface.inp not found, skip interface
 solid_bc.inp not found, no solid thermal BCs
  Need not read wall_dist.dat 
 No FDM.in, Donot use hybrid FVM/FDM
 my_id, block_no, FDM, FD_Flux, FD_Scheme=           0           1           0
 comput Jocabian OK ...
 Check mesh quality ......
 Check mesh quality OK
  read flow data:  flow3d.dat
 read flow3d.dat OK
 Init data OK, Kstep,tt=           0   0.0000000000000000     
  Start ......
   SIMPLE iter           1  res_p=   1.3431218588679421       u(1,1,1)=  -3.1542242370882138E-003  p(1,1,1)=   1.3445870210975551E-004
   SIMPLE iter           2  res_p=   2.4078413675373143       u(1,1,1)=  -7.1103244963320175E-003  p(1,1,1)=   4.3105692393925451E-004
   SIMPLE iter           3  res_p=   4.5012214073007701       u(1,1,1)=  -1.0171316252279492E-002  p(1,1,1)=   8.4967923012238262E-004
   SIMPLE iter           4  res_p=   3.1087391363958194       u(1,1,1)=  -1.2051660926650463E-002  p(1,1,1)=   1.3426616069680826E-003
   SIMPLE iter           5  res_p=   2.3264146128134664       u(1,1,1)=  -1.3215059494896916E-002  p(1,1,1)=   1.8831838398909357E-003
 DEBUG T iter          50 min   299.99999999999989      max   300.00000000000011     
 DEBUG T iter         100 min   299.99999999999989      max   300.00000000000011     
   SIMPLE iter         100  res_p=   3.1070675926933507E+021  u(1,1,1)=   1000000.0000000000       p(1,1,1)=  -100000000.00000000     
Note: The following floating-point exceptions are signalling: IEEE_INVALID_FLAG IEEE_OVERFLOW_FLAG IEEE_UNDERFLOW_FLAG IEEE_DENORMAL
 DEBUG T NaN at iter         104  cell          39          36           1  T(i-1)   300.00000000000000       T(i+1)                       NaN  T(j-1)   300.00000000000000       T(j+1)                       NaN  p                       NaN  Fi(i,j)   14466146195985.682     
--------------------------------------------------------------------------
mpirun has exited due to process rank 0 with PID 0 on
node DESKTOP-68P2P7O exiting improperly. There are three reasons this could occur:

1. this process did not call "init" before exiting, but others in
the job did. This can cause a job to hang indefinitely while it waits
for all processes to call "init". By rule, if one process calls "init",
then ALL processes must call "init" prior to termination.

2. this process called "init", but exited without calling "finalize".
By rule, all processes that call "init" MUST call "finalize" prior to
exiting or it will be considered an "abnormal termination"

3. this process called "MPI_Abort" or "orte_abort" and the mca parameter
orte_create_session_dirs is set to false. In this case, the run-time cannot
detect that the abort call was an abnormal termination. Hence, the only
error message you will receive is this one.

This may have caused other processes in the application to be
terminated by signals sent by mpirun (as reported here).

You can avoid this message by specifying -quiet on the mpirun command line.
--------------------------------------------------------------------------
