      1      0.00000000E+00     -0.30835101E-01      0.00000000E+00      0.15250000E+02      0.70586079E-21      0.00000000E+00
      1      0.00000000E+00     -0.30835101E-01      0.00000000E+00      0.15250000E+02      0.70586079E-21      0.00000000E+00
      1      0.00000000E+00     -0.30835101E-01      0.00000000E+00      0.15250000E+02      0.70586079E-21      0.00000000E+00
      2      0.00000000E+00     -0.89009727E-01      0.00000000E+00      0.13097889E+02     -0.13525314E-02     -0.66411984E-19
      3      0.00000000E+00     -0.10929630E+00      0.00000000E+00      0.94604872E+01      0.17084776E-01     -0.29690201E-19
      4      0.00000000E+00     -0.11689120E+00      0.00000000E+00      0.70489639E+01      0.28594957E-01      0.15992545E-19
      5      0.00000000E+00     -0.12001195E+00      0.00000000E+00      0.55810289E+01      0.35001325E-01     -0.91549322E-20
      6      0.00000000E+00     -0.12145638E+00      0.00000000E+00      0.46778046E+01      0.38437064E-01     -0.35770353E-19
      7      0.00000000E+00     -0.12222992E+00      0.00000000E+00      0.40962833E+01      0.40270511E-01     -0.22734026E-19
      8      0.00000000E+00     -0.12271574E+00      0.00000000E+00      0.36986793E+01      0.41271852E-01     -0.20886792E-20
      9      0.00000000E+00     -0.12306832E+00      0.00000000E+00      0.34092037E+01      0.41845527E-01     -0.19053839E-19
     10      0.00000000E+00     -0.12335322E+00      0.00000000E+00      0.31861102E+01      0.42197142E-01     -0.28471031E-19
     11      0.00000000E+00     -0.12359971E+00      0.00000000E+00      0.30059803E+01      0.42430511E-01     -0.34248937E-19
     12      0.00000000E+00     -0.12382172E+00      0.00000000E+00      0.28552712E+01      0.42598268E-01     -0.25060132E-19
      1      0.00000000E+00     -0.30835101E-01      0.00000000E+00      0.15250000E+02      0.70586079E-21      0.00000000E+00
      2      0.00000000E+00     -0.89009727E-01      0.00000000E+00      0.13097889E+02     -0.13525314E-02     -0.66411984E-19
      3      0.00000000E+00     -0.10929630E+00      0.00000000E+00      0.94604872E+01      0.17084776E-01     -0.29690201E-19
      4      0.00000000E+00     -0.11689120E+00      0.00000000E+00      0.70489639E+01      0.28594957E-01      0.15992545E-19
      5      0.00000000E+00     -0.12001195E+00      0.00000000E+00      0.55810289E+01      0.35001325E-01     -0.91549322E-20
      6      0.00000000E+00     -0.12145638E+00      0.00000000E+00      0.46778046E+01      0.38437064E-01     -0.39145631E-19
      7      0.00000000E+00     -0.12222992E+00      0.00000000E+00      0.40962833E+01      0.40270511E-01     -0.23078757E-19
      8      0.00000000E+00     -0.12271574E+00      0.00000000E+00      0.36986793E+01      0.41271852E-01     -0.39330117E-20
      9      0.00000000E+00     -0.12306832E+00      0.00000000E+00      0.34092037E+01      0.41845527E-01     -0.20280644E-19
     10      0.00000000E+00     -0.12335322E+00      0.00000000E+00      0.31861102E+01      0.42197142E-01     -0.30234719E-19
     11      0.00000000E+00     -0.12359971E+00      0.00000000E+00      0.30059803E+01      0.42430511E-01     -0.32923067E-19
     12      0.00000000E+00     -0.12382172E+00      0.00000000E+00      0.28552712E+01      0.42598268E-01     -0.25738323E-19
     13      0.00000000E+00     -0.12402637E+00      0.00000000E+00      0.27258281E+01      0.42727476E-01     -0.61183185E-20
     14      0.00000000E+00     -0.12421770E+00      0.00000000E+00      0.26125015E+01      0.42832514E-01     -0.44858528E-20
      1      0.00000000E+00     -0.30835101E-01      0.00000000E+00      0.15250000E+02      0.70586079E-21      0.00000000E+00
      2      0.00000000E+00     -0.89009727E-01      0.00000000E+00      0.13097889E+02     -0.13525314E-02     -0.66411984E-19
      3      0.00000000E+00     -0.10929629E+00      0.00000000E+00      0.94604871E+01      0.17084776E-01     -0.29690201E-19
      4      0.00000000E+00     -0.11689120E+00      0.00000000E+00      0.70489636E+01      0.28594724E-01      0.17630700E-19
      5      0.00000000E+00     -0.12001195E+00      0.00000000E+00      0.55810285E+01      0.35000822E-01     -0.77936501E-20
      6      0.00000000E+00     -0.12145637E+00      0.00000000E+00      0.46778041E+01      0.38436313E-01     -0.33553297E-19
      7      0.00000000E+00     -0.12222991E+00      0.00000000E+00      0.40962828E+01      0.40269555E-01     -0.22243471E-19
      8      0.00000000E+00     -0.12271573E+00      0.00000000E+00      0.36986787E+01      0.41270734E-01     -0.35710266E-20
      9      0.00000000E+00     -0.12306831E+00      0.00000000E+00      0.34092031E+01      0.41844283E-01     -0.19680663E-19
     10      0.00000000E+00     -0.12335320E+00      0.00000000E+00      0.31861096E+01      0.42195805E-01     -0.29087823E-19
