 ----------------- OpenCFD-EC3D ver 1.14a (MPI-OpenMP version)------------------
         Copyright by Li Xinliang, lixl@imech.ac.cn                            
         Programming by Li Xinliang  2016-1                                   
 ----------------------------------------------------------------------------- 
 Check if Multi-Grid can be used ...
 Total Block number is            4 Total Cell number is         8760
 Check multigrid OK
 can not find partation.dat,  create partation ...
 Partation ......
 Total Cell number=        8760
 Total Grid number=       18406
 Max grid number is        18406  ... rato to mean grid is   1.0000000000000000     
 Min grid number is        18406  ... rato to mean grid is   1.0000000000000000     
 rato max to min is    1.0000000000000000     
 Read material.in OK, Total_block=           4
   Block           1 : Block_type=           2  rho=   1.0000000000000000       Cp=   1005.0000000000000       k=   2.5999999999999999E-002
   Block           2 : Block_type=           0  rho=   0.0000000000000000       Cp=   0.0000000000000000       k=   0.0000000000000000     
   Block           3 : Block_type=           0  rho=   0.0000000000000000       Cp=   0.0000000000000000       k=   0.0000000000000000     
   Block           4 : Block_type=           0  rho=   0.0000000000000000       Cp=   0.0000000000000000       k=   0.0000000000000000     
 creat main mesh OK, Num_Cell=        8760
  read main mesh ...
 read Mesh3d.dat OK
 Convert bc3d.inp to bc3d.inc ...
 Convert bc3d.inp to bc3d.inc OK
 read bc3d.inc (Link/boundary file)......
 read bc3d.inc OK
 Convert bc3d_interface.inp to bc3d_interface.inc ...
 Convert bc3d_interface.inp to bc3d_interface.inc OK
 read bc3d_interface.inc (Interface link file)......
 read bc3d_interface.inc OK
 solid_bc.inp not found, no solid thermal BCs
  Need not read wall_dist.dat 
 No FDM.in, Donot use hybrid FVM/FDM
 my_id, block_no, FDM, FD_Flux, FD_Scheme=           0           1           0
 my_id, block_no, FDM, FD_Flux, FD_Scheme=           0           2           0
 my_id, block_no, FDM, FD_Flux, FD_Scheme=           0           3           0
 my_id, block_no, FDM, FD_Flux, FD_Scheme=           0           4           0
 comput Jocabian OK ...
 Check mesh quality ......
 Check mesh quality OK
 Initial by Free-stream flow ......
  Start ......
   DBG iter           1  maxU2=   9.7613908642397912E-002  maxFi=   0.0000000000000000       maxFj=   1.2500000000000067E-002  Fi(21,1,1)=   0.0000000000000000       Fi(21,21,1)=   0.0000000000000000       Fi(41,21,1)=   0.0000000000000000     
   DBG div max=   8.1990305770621372E-003  res_p=   8.1990305770621372E-003
   SIMPLE iter           1  res_p=   8.1990305770621372E-003  u(1,1,1)=  -3.2733877375345825E-002  p(1,1,1)=   2.3221198165540335     
   DBG iter           2  maxU2=  0.19121142880280789       maxFi=   8.6466376464439229E-004  maxFj=   1.2500000000000067E-002  Fi(21,1,1)=   0.0000000000000000       Fi(21,21,1)=   0.0000000000000000       Fi(41,21,1)=   0.0000000000000000     
   DBG div max=   4.7888164983548370E-003  res_p=   4.7888164983548370E-003
   SIMPLE iter           2  res_p=   4.7888164983548370E-003  u(1,1,1)=   4.1415043622117224E-002  p(1,1,1)=   4.3640156639181304     
   DBG iter           3  maxU2=  0.20792941358720765       maxFi=   1.1777733665641360E-003  maxFj=   1.2500000000000067E-002  Fi(21,1,1)=   0.0000000000000000       Fi(21,21,1)=   0.0000000000000000       Fi(41,21,1)=   0.0000000000000000     
   DBG div max=   4.6368009552883033E-003  res_p=   4.6368009552883033E-003
   SIMPLE iter           3  res_p=   4.6368009552883033E-003  u(1,1,1)=   5.4397900501414423E-002  p(1,1,1)=   6.8426562575381444     
   SIMPLE iter           4  res_p=   4.6309308853443188E-003  u(1,1,1)=   6.3746819801628135E-002  p(1,1,1)=   9.2801071419637005     
   SIMPLE iter           5  res_p=   4.6929831975593521E-003  u(1,1,1)=   6.4340847154211567E-002  p(1,1,1)=   11.761906250417059     
 DEBUG T iter          50 min   299.99999999999955      max   300.00000000000068     
 Low-speed solver Block           1  SIMPLE iterations:          61  res_p:   4.1448809595905755E-003
 --------------Force and Moment -----------------------------
 Total Force Coefficient (CL, CD, CS) =
  -3.0835100680123066E-002   15.249999999999993        0.0000000000000000     
 Total Moment Coefficient(CMx, CMy, CMz)=
   7.7087751700307666E-003   3.8124999999999982       -1.4277030073802464E-002
 Kstep, t=           1   1.0000000000000000     
 ----------The Max Residuals are--------  ---Mesh---           1
    0.3469446952E-18    0.1250000001E+00    0.4983016127E-05    0.5421010862E-19    0.9765733001E-10
   The R.M.S Residuals are 
    0.4831943245E-19    0.1043092632E-01    0.1064805376E-06    0.9035284158E-21    0.1152465115E-10
 CPU wall time in this step:  0.13571215700000000     
 Averaged CPU wall time is:  0.13571215700000000     
   DBG iter           1  maxU2=   30.000000000000000       maxFi=   5.7149505587740044E-003  maxFj=   1.2500000000000067E-002  Fi(21,1,1)=   0.0000000000000000       Fi(21,21,1)=   0.0000000000000000       Fi(41,21,1)=   0.0000000000000000     
   DBG div max=   4.3923302705095660E-003  res_p=   4.3923302705095660E-003
   SIMPLE iter           1  res_p=   4.3923302705095660E-003  u(1,1,1)=   3.5332786059530233E-002  p(1,1,1)=   151.15557647629589     
   DBG iter           2  maxU2=   30.000000000000000       maxFi=   3.5514383717959301E-003  maxFj=   1.2500000000000067E-002  Fi(21,1,1)=   0.0000000000000000       Fi(21,21,1)=   0.0000000000000000       Fi(41,21,1)=   0.0000000000000000     
   DBG div max=   4.4245305526546680E-003  res_p=   4.4245305526546680E-003
   SIMPLE iter           2  res_p=   4.4245305526546680E-003  u(1,1,1)=   5.9837502804470019E-002  p(1,1,1)=   153.65148984019072     
   DBG iter           3  maxU2=   30.000000000000000       maxFi=   4.2343770079273030E-003  maxFj=   1.2500000000000067E-002  Fi(21,1,1)=   0.0000000000000000       Fi(21,21,1)=   0.0000000000000000       Fi(41,21,1)=   0.0000000000000000     
   DBG div max=   3.9783914956085416E-003  res_p=   3.9783914956085416E-003
   SIMPLE iter           3  res_p=   3.9783914956085416E-003  u(1,1,1)=   4.7344901674198268E-002  p(1,1,1)=   156.13304250684919     
   SIMPLE iter           4  res_p=   4.1687840970068644E-003  u(1,1,1)=   4.5538120365124737E-002  p(1,1,1)=   158.64662595236700     
   SIMPLE iter           5  res_p=   4.1798672334519109E-003  u(1,1,1)=   4.2282791965045453E-002  p(1,1,1)=   161.15866435884595     
 DEBUG T iter          50 min   300.00142126565913      max   795.29471670901489     
 Low-speed solver Block           1  SIMPLE iterations:          61  res_p:   4.1281909453556934E-003
 --------------Force and Moment -----------------------------
 Total Force Coefficient (CL, CD, CS) =
  -9.0362258323406081E-002   13.097889373014326       -6.6411983929344590E-020
 Total Moment Coefficient(CMx, CMy, CMz)=
   2.2590564580851520E-002   3.2744723432535814       -4.1843745318712842E-002
 Kstep, t=           2   2.0000000000000000     
 ----------The Max Residuals are--------  ---Mesh---           1
    0.2406381849E-03    0.8831544136E-01    0.2937307237E-03    0.2711041049E-19    0.6678245454E-01
   The R.M.S Residuals are 
    0.1544007576E-04    0.8022728598E-02    0.3759190254E-04    0.1424551436E-20    0.3446358179E-02
 CPU wall time in this step:  0.14594071800000002     
 Averaged CPU wall time is:  0.14082643750000001     
   DBG iter           1  maxU2=   29.995155431588486       maxFi=   5.9985189486641156E-003  maxFj=   1.2500000000000067E-002  Fi(21,1,1)=   0.0000000000000000       Fi(21,21,1)=   0.0000000000000000       Fi(41,21,1)=   0.0000000000000000     
   DBG div max=   4.4064768210781676E-003  res_p=   4.4064768210781676E-003
   SIMPLE iter           1  res_p=   4.4064768210781676E-003  u(1,1,1)=   3.2086811474192248E-002  p(1,1,1)=   301.19342509871313     
   DBG iter           2  maxU2=   29.995155431588486       maxFi=   3.6421139420630181E-003  maxFj=   1.2500000000000067E-002  Fi(21,1,1)=   0.0000000000000000       Fi(21,21,1)=   0.0000000000000000       Fi(41,21,1)=   0.0000000000000000     
   DBG div max=   4.4338687591510360E-003  res_p=   4.4338687591510360E-003
   SIMPLE iter           2  res_p=   4.4338687591510360E-003  u(1,1,1)=   5.9831373093420862E-002  p(1,1,1)=   303.68800669817983     
   DBG iter           3  maxU2=   29.995155431588486       maxFi=   4.4106222138504819E-003  maxFj=   1.2500000000000067E-002  Fi(21,1,1)=   0.0000000000000000       Fi(21,21,1)=   0.0000000000000000       Fi(41,21,1)=   0.0000000000000000     
   DBG div max=   3.9555929025550211E-003  res_p=   3.9555929025550211E-003
   SIMPLE iter           3  res_p=   3.9555929025550211E-003  u(1,1,1)=   4.6090618855821816E-002  p(1,1,1)=   306.17615222922143     
   SIMPLE iter           4  res_p=   4.1620884958616620E-003  u(1,1,1)=   4.4419385134708070E-002  p(1,1,1)=   308.69480904696468     
   SIMPLE iter           5  res_p=   4.1684326024592662E-003  u(1,1,1)=   4.1036511349035638E-002  p(1,1,1)=   311.21147489976568     
 DEBUG T iter          50 min   300.01807765189346      max   793.38350561911557     
 Low-speed solver Block           1  SIMPLE iterations:          61  res_p:   4.1555767268284666E-003
 --------------Force and Moment -----------------------------
 Total Force Coefficient (CL, CD, CS) =
  -9.2211519479860338E-002   9.4604872262268227       -2.9690201359842814E-020
 Total Moment Coefficient(CMx, CMy, CMz)=
   2.3052879869965091E-002   2.3651218065567057       -4.2701162411994460E-002
 Kstep, t=           3   3.0000000000000000     
 ----------The Max Residuals are--------  ---Mesh---           1
    0.2349183606E-03    0.5855497026E-01    0.2650179841E-03    0.2710996524E-19    0.6153314952E-01
   The R.M.S Residuals are 
    0.8201889207E-05    0.5144007013E-02    0.3149865711E-04    0.2063330387E-20    0.1864110002E-02
 CPU wall time in this step:  0.14098493599999995     
 Averaged CPU wall time is:  0.14087927033333333     
   DBG iter           1  maxU2=   29.995186598019348       maxFi=   6.5446324012940699E-003  maxFj=   1.2500000000000067E-002  Fi(21,1,1)=   0.0000000000000000       Fi(21,21,1)=   0.0000000000000000       Fi(41,21,1)=   0.0000000000000000     
   DBG div max=   4.5275396388309913E-003  res_p=   4.5275396388309913E-003
   SIMPLE iter           1  res_p=   4.5275396388309913E-003  u(1,1,1)=   2.6251709551636526E-002  p(1,1,1)=   451.80988108620022     
   DBG iter           2  maxU2=   29.995186598019348       maxFi=   3.9093371315524154E-003  maxFj=   1.2500000000000067E-002  Fi(21,1,1)=   0.0000000000000000       Fi(21,21,1)=   0.0000000000000000       Fi(41,21,1)=   0.0000000000000000     
   DBG div max=   4.3543892679784989E-003  res_p=   4.3543892679784989E-003
   SIMPLE iter           2  res_p=   4.3543892679784989E-003  u(1,1,1)=   5.4760635148573530E-002  p(1,1,1)=   454.33173458815997     
   DBG iter           3  maxU2=   29.995186598019348       maxFi=   4.8316848123832077E-003  maxFj=   1.2500000000000067E-002  Fi(21,1,1)=   0.0000000000000000       Fi(21,21,1)=   0.0000000000000000       Fi(41,21,1)=   0.0000000000000000     
   DBG div max=   4.0073521633072710E-003  res_p=   4.0073521633072710E-003
   SIMPLE iter           3  res_p=   4.0073521633072710E-003  u(1,1,1)=   4.0967189319287070E-002  p(1,1,1)=   456.86335976763712     
   SIMPLE iter           4  res_p=   4.1843072378176631E-003  u(1,1,1)=   3.7622104777452932E-002  p(1,1,1)=   459.41588847202547     
   SIMPLE iter           5  res_p=   4.1996684827094212E-003  u(1,1,1)=   3.4157205642792766E-002  p(1,1,1)=   461.96770220986963     
 DEBUG T iter          50 min   300.04414715225408      max   864.55844988384899     
 Low-speed solver Block           1  SIMPLE iterations:          61  res_p:   4.4606098372832019E-003
 --------------Force and Moment -----------------------------
 Total Force Coefficient (CL, CD, CS) =
  -8.8296241787505170E-002   7.0489638669334269        1.5992544873301762E-020
 Total Moment Coefficient(CMx, CMy, CMz)=
   2.2074060446876289E-002   1.7622409667333567       -4.0888143849700888E-002
 Kstep, t=           4   4.0000000000000000     
 ----------The Max Residuals are--------  ---Mesh---           1
    0.2274459830E-03    0.5447818405E-01    0.2438361596E-03    0.2709404747E-19    0.5666874618E-01
   The R.M.S Residuals are 
    0.6736313878E-05    0.3709331041E-02    0.2753865118E-04    0.1899020980E-20    0.1695608563E-02
 CPU wall time in this step:  0.17377845200000008     
 Averaged CPU wall time is:  0.14910406575000001     
   DBG iter           1  maxU2=   29.994786632649738       maxFi=   9.6204638220752387E-003  maxFj=   2.1891003664277136E-002  Fi(21,1,1)=   0.0000000000000000       Fi(21,21,1)=   0.0000000000000000       Fi(41,21,1)=   0.0000000000000000     
   DBG div max=   4.8548717762853305E-003  res_p=   4.8548717762853305E-003
   SIMPLE iter           1  res_p=   4.8548717762853305E-003  u(1,1,1)=   1.6206194582653564E-002  p(1,1,1)=   608.94890538743539     
   DBG iter           2  maxU2=   29.994786632649738       maxFi=   7.5855893647799599E-003  maxFj=   2.0006274955804881E-002  Fi(21,1,1)=   0.0000000000000000       Fi(21,21,1)=   0.0000000000000000       Fi(41,21,1)=   0.0000000000000000     
   DBG div max=   4.2483628247038385E-003  res_p=   4.2483628247038385E-003
   SIMPLE iter           2  res_p=   4.2483628247038385E-003  u(1,1,1)=   3.2828448327748769E-002  p(1,1,1)=   611.70012488473492     
   DBG iter           3  maxU2=   29.994786632649738       maxFi=   8.1367780359322475E-003  maxFj=   2.1209227676315671E-002  Fi(21,1,1)=   0.0000000000000000       Fi(21,21,1)=   0.0000000000000000       Fi(41,21,1)=   0.0000000000000000     
   DBG div max=   4.4254508173067753E-003  res_p=   4.4254508173067753E-003
   SIMPLE iter           3  res_p=   4.4254508173067753E-003  u(1,1,1)=   2.2034321359605272E-002  p(1,1,1)=   614.46929253329097     
   SIMPLE iter           4  res_p=   4.4619581676707248E-003  u(1,1,1)=   1.4571310411420457E-002  p(1,1,1)=   617.25138194348767     
   SIMPLE iter           5  res_p=   4.5407901538157755E-003  u(1,1,1)=   1.1226925535149524E-002  p(1,1,1)=   620.04177162690576     
 DEBUG T iter          50 min   300.11246563943723      max   881.69206177867807     
 Low-speed solver Block           1  SIMPLE iterations:          61  res_p:   5.1885184629543932E-003
 --------------Force and Moment -----------------------------
 Total Force Coefficient (CL, CD, CS) =
  -8.5010627114263104E-002   5.5810288909417061       -9.1549322038705033E-021
 Total Moment Coefficient(CMx, CMy, CMz)=
   2.1252656778565783E-002   1.3952572227354265       -3.9366394491568979E-002
 Kstep, t=           5   5.0000000000000000     
 ----------The Max Residuals are--------  ---Mesh---           1
    0.2188951996E-03    0.5199962805E-01    0.2254610930E-03    0.2712953008E-19    0.5217176776E-01
   The R.M.S Residuals are 
    0.5791028541E-05    0.3063584792E-02    0.2549784861E-04    0.1678668826E-20    0.1520200719E-02
 CPU wall time in this step:  0.16829361700000001     
 Averaged CPU wall time is:  0.15294197600000001     
   DBG iter           1  maxU2=   29.994608276358981       maxFi=   2.3128996410147498E-002  maxFj=   5.0860242758575896E-002  Fi(21,1,1)=   0.0000000000000000       Fi(21,21,1)=   0.0000000000000000       Fi(41,21,1)=   0.0000000000000000     
   DBG div max=   7.0744313487825635E-003  res_p=   7.0744313487825635E-003
   SIMPLE iter           1  res_p=   7.0744313487825635E-003  u(1,1,1)=   2.0390302593186541E-002  p(1,1,1)=   785.93665999258167     
   DBG iter           2  maxU2=   29.994608276358981       maxFi=   1.5809502985809753E-002  maxFj=   3.5986689032227612E-002  Fi(21,1,1)=   0.0000000000000000       Fi(21,21,1)=   0.0000000000000000       Fi(41,21,1)=   0.0000000000000000     
   DBG div max=   5.8219350305780560E-003  res_p=   5.8219350305780560E-003
   SIMPLE iter           2  res_p=   5.8219350305780560E-003  u(1,1,1)=   7.9234784726985724E-003  p(1,1,1)=   789.06471146058641     
   DBG iter           3  maxU2=   29.994608276358981       maxFi=   1.8111394096243356E-002  maxFj=   4.2844553504969310E-002  Fi(21,1,1)=   0.0000000000000000       Fi(21,21,1)=   0.0000000000000000       Fi(41,21,1)=   0.0000000000000000     
   DBG div max=   5.1938421437224009E-003  res_p=   5.1938421437224009E-003
   SIMPLE iter           3  res_p=   5.1938421437224009E-003  u(1,1,1)=   6.1899967149958704E-003  p(1,1,1)=   792.18191256975842     
   SIMPLE iter           4  res_p=   5.0779002496133671E-003  u(1,1,1)=  -8.2642505355251129E-003  p(1,1,1)=   795.35952815873804     
   SIMPLE iter           5  res_p=   5.2445115748725275E-003  u(1,1,1)=  -1.0060194772663022E-002  p(1,1,1)=   798.54790170763522     
 DEBUG T iter          50 min   300.27532057815426      max   923.50926159329276     
 Low-speed solver Block           1  SIMPLE iterations:          61  res_p:   5.8977325492835650E-003
 --------------Force and Moment -----------------------------
 Total Force Coefficient (CL, CD, CS) =
  -8.3019318152354055E-002   4.6778045932654102       -3.5770352656266264E-020
 Total Moment Coefficient(CMx, CMy, CMz)=
   2.0754829538088503E-002   1.1694511483163526       -3.8443960648012483E-002
 Kstep, t=           6   6.0000000000000000     
 ----------The Max Residuals are--------  ---Mesh---           1
    0.2096330263E-03    0.4966524214E-01    0.2094250039E-03    0.2712107849E-19    0.4801878649E-01
   The R.M.S Residuals are 
    0.5256851713E-05    0.2737816157E-02    0.2409145278E-04    0.1891963175E-20    0.1392710742E-02
 CPU wall time in this step:  0.18204674599999993     
 Averaged CPU wall time is:  0.15779277100000000     
   DBG iter           1  maxU2=   29.994421946774416       maxFi=   4.1732828774128705E-002  maxFj=   8.0705898377061866E-002  Fi(21,1,1)=   0.0000000000000000       Fi(21,21,1)=   0.0000000000000000       Fi(41,21,1)=   0.0000000000000000     
   DBG div max=   1.8491030583618298E-002  res_p=   1.8491030583618298E-002
   SIMPLE iter           1  res_p=   1.8491030583618298E-002  u(1,1,1)=   2.4165474016085053E-002  p(1,1,1)=   986.59384062438392     
   DBG iter           2  maxU2=   29.994421946774416       maxFi=   2.1698742675245367E-002  maxFj=   4.3657864790980640E-002  Fi(21,1,1)=   0.0000000000000000       Fi(21,21,1)=   0.0000000000000000       Fi(41,21,1)=   0.0000000000000000     
   DBG div max=   1.1419797395457005E-002  res_p=   1.1419797395457005E-002
   SIMPLE iter           2  res_p=   1.1419797395457005E-002  u(1,1,1)=   3.5350363051556868E-003  p(1,1,1)=   989.96906347023935     
   DBG iter           3  maxU2=   29.994421946774416       maxFi=   3.0704284508680537E-002  maxFj=   6.0507678560546271E-002  Fi(21,1,1)=   0.0000000000000000       Fi(21,21,1)=   0.0000000000000000       Fi(41,21,1)=   0.0000000000000000     
   DBG div max=   5.8398411199471556E-003  res_p=   5.8398411199471556E-003
   SIMPLE iter           3  res_p=   5.8398411199471556E-003  u(1,1,1)=   2.8130882392130158E-003  p(1,1,1)=   993.37610064687021     
   SIMPLE iter           4  res_p=   7.1410924066307542E-003  u(1,1,1)=  -1.8875867516951077E-002  p(1,1,1)=   996.85753713925658     
   SIMPLE iter           5  res_p=   5.9140447323075829E-003  u(1,1,1)=  -1.9194315059312052E-002  p(1,1,1)=   1000.3871761790017     
 DEBUG T iter          50 min   300.57648607188224      max   944.51011901361505     
 Low-speed solver Block           1  SIMPLE iterations:          61  res_p:   6.3992747828186466E-003
 --------------Force and Moment -----------------------------
 Total Force Coefficient (CL, CD, CS) =
  -8.1959406251505579E-002   4.0962833349649319       -2.2734026473576490E-020
 Total Moment Coefficient(CMx, CMy, CMz)=
   2.0489851562876388E-002   1.0240708337412330       -3.7952868088825545E-002
 Kstep, t=           7   7.0000000000000000     
 ----------The Max Residuals are--------  ---Mesh---           1
    0.1998919213E-03    0.4743621922E-01    0.1953368454E-03    0.2711885578E-19    0.4418417878E-01
   The R.M.S Residuals are 
    0.4892933299E-05    0.2525271539E-02    0.2302812935E-04    0.2013096338E-20    0.1276702598E-02
 CPU wall time in this step:  0.19422679200000004     
 Averaged CPU wall time is:  0.16299763114285715     
   DBG iter           1  maxU2=   29.994237199723411       maxFi=   6.4454798324156182E-002  maxFj=  0.10469588700916460       Fi(21,1,1)=   0.0000000000000000       Fi(21,21,1)=   0.0000000000000000       Fi(41,21,1)=   0.0000000000000000     
   DBG div max=   3.2342786723372548E-002  res_p=   3.2342786723372548E-002
   SIMPLE iter           1  res_p=   3.2342786723372548E-002  u(1,1,1)=   2.4977874770210424E-002  p(1,1,1)=   1204.7743502511748     
   DBG iter           2  maxU2=   29.994237199723411       maxFi=   2.5227070193545580E-002  maxFj=   4.6173002593165688E-002  Fi(21,1,1)=   0.0000000000000000       Fi(21,21,1)=   0.0000000000000000       Fi(41,21,1)=   0.0000000000000000     
   DBG div max=   1.8621183269082676E-002  res_p=   1.8621183269082676E-002
   SIMPLE iter           2  res_p=   1.8621183269082676E-002  u(1,1,1)=   1.4295659793271112E-002  p(1,1,1)=   1208.2501582324637     
   DBG iter           3  maxU2=   29.994237199723411       maxFi=   5.7686132250277494E-002  maxFj=   7.3193428259359594E-002  Fi(21,1,1)=   0.0000000000000000       Fi(21,21,1)=   0.0000000000000000       Fi(41,21,1)=   0.0000000000000000     
   DBG div max=   1.8348000012590002E-002  res_p=   1.8348000012590002E-002
   SIMPLE iter           3  res_p=   1.8348000012590002E-002  u(1,1,1)=   2.7391587388181354E-003  p(1,1,1)=   1211.8638103814653     
   SIMPLE iter           4  res_p=   1.4473455626939424E-002  u(1,1,1)=  -1.7020790186622756E-002  p(1,1,1)=   1215.4885769040425     
   SIMPLE iter           5  res_p=   1.1095450309913310E-002  u(1,1,1)=  -2.2222442408543819E-002  p(1,1,1)=   1219.2351783243280     
 DEBUG T iter          50 min   300.69745948788665      max   967.55773360099158     
 Low-speed solver Block           1  SIMPLE iterations:          61  res_p:   6.6998792593356013E-003
 --------------Force and Moment -----------------------------
 Total Force Coefficient (CL, CD, CS) =
  -8.1443889438019945E-002   3.6986792755462590       -2.0886792016895112E-021
 Total Moment Coefficient(CMx, CMy, CMz)=
   2.0360972359504997E-002  0.92466981888656474       -3.7713920012856263E-002
 Kstep, t=           8   8.0000000000000000     
 ----------The Max Residuals are--------  ---Mesh---           1
    0.1898554019E-03    0.4530906396E-01    0.1828336248E-03    0.2709883597E-19    0.4064492781E-01
   The R.M.S Residuals are 
    0.4629715792E-05    0.2358449094E-02    0.2207811434E-04    0.2059979575E-20    0.1171053585E-02
 CPU wall time in this step:  0.20129647799999995     
 Averaged CPU wall time is:  0.16778498700000000     
   DBG iter           1  maxU2=   29.994034064630505       maxFi=   8.2427255361652810E-002  maxFj=  0.12197017981967689       Fi(21,1,1)=   0.0000000000000000       Fi(21,21,1)=   0.0000000000000000       Fi(41,21,1)=   0.0000000000000000     
   DBG div max=   4.3371977232417327E-002  res_p=   4.3371977232417327E-002
   SIMPLE iter           1  res_p=   4.3371977232417327E-002  u(1,1,1)=   2.3838745212976398E-002  p(1,1,1)=   1432.7112903305915     
   DBG iter           2  maxU2=   29.994034064630505       maxFi=   2.6626073128649726E-002  maxFj=   4.7221933462884592E-002  Fi(21,1,1)=   0.0000000000000000       Fi(21,21,1)=   0.0000000000000000       Fi(41,21,1)=   0.0000000000000000     
   DBG div max=   2.4722554313920748E-002  res_p=   2.4722554313920748E-002
   SIMPLE iter           2  res_p=   2.4722554313920748E-002  u(1,1,1)=   2.4588112073864105E-002  p(1,1,1)=   1436.2281227641527     
   DBG iter           3  maxU2=   29.994034064630505       maxFi=   9.2642235312626178E-002  maxFj=   8.2194738312140830E-002  Fi(21,1,1)=   0.0000000000000000       Fi(21,21,1)=   0.0000000000000000       Fi(41,21,1)=   0.0000000000000000     
   DBG div max=   3.3812051299474448E-002  res_p=   3.3812051299474448E-002
   SIMPLE iter           3  res_p=   3.3812051299474448E-002  u(1,1,1)=   1.9672694835756368E-003  p(1,1,1)=   1439.9783035136459     
   SIMPLE iter           4  res_p=   2.4151672533410287E-002  u(1,1,1)=  -8.4469650607423459E-003  p(1,1,1)=   1443.6169535644481     
   SIMPLE iter           5  res_p=   3.6074891514799950E-002  u(1,1,1)=  -2.4482338023205270E-002  p(1,1,1)=   1447.4844100353318     
 DEBUG T iter          50 min   300.78243416379354      max   984.97218031300542     
 Low-speed solver Block           1  SIMPLE iterations:          61  res_p:   6.8766374860243680E-003
 --------------Force and Moment -----------------------------
 Total Force Coefficient (CL, CD, CS) =
  -8.1222795460104594E-002   3.4092037377991162       -1.9053838537040090E-020
 Total Moment Coefficient(CMx, CMy, CMz)=
   2.0305698865026155E-002  0.85230093444977906       -3.7611355100188155E-002
 Kstep, t=           9   9.0000000000000000     
 ----------The Max Residuals are--------  ---Mesh---           1
    0.1796984898E-03    0.4327825691E-01    0.1716966282E-03    0.2709073379E-19    0.3738326183E-01
   The R.M.S Residuals are 
    0.4413121896E-05    0.2215845571E-02    0.2137877397E-04    0.2247102275E-20    0.1074787305E-02
 CPU wall time in this step:  0.20274030200000004     
 Averaged CPU wall time is:  0.17166891088888889     
   DBG iter           1  maxU2=   29.993836090805523       maxFi=   9.6352989229090580E-002  maxFj=  0.13281809143244422       Fi(21,1,1)=   0.0000000000000000       Fi(21,21,1)=   0.0000000000000000       Fi(41,21,1)=   0.0000000000000000     
   DBG div max=   5.0417198335904176E-002  res_p=   5.0417198335904176E-002
   SIMPLE iter           1  res_p=   5.0417198335904176E-002  u(1,1,1)=   2.1796236995651651E-002  p(1,1,1)=   1665.5380387172972     
   DBG iter           2  maxU2=   29.993836090805523       maxFi=   2.7245186618671417E-002  maxFj=   5.0656739105663706E-002  Fi(21,1,1)=   0.0000000000000000       Fi(21,21,1)=   0.0000000000000000       Fi(41,21,1)=   0.0000000000000000     
   DBG div max=   2.9178836618930538E-002  res_p=   2.9178836618930538E-002
   SIMPLE iter           2  res_p=   2.9178836618930538E-002  u(1,1,1)=   3.3115063022244602E-002  p(1,1,1)=   1669.0670773412521     
   DBG iter           3  maxU2=   29.993836090805523       maxFi=  0.10812538477445764       maxFj=   8.7916311104549685E-002  Fi(21,1,1)=   0.0000000000000000       Fi(21,21,1)=   0.0000000000000000       Fi(41,21,1)=   0.0000000000000000     
   DBG div max=   4.7229579244585339E-002  res_p=   4.7229579244585339E-002
   SIMPLE iter           3  res_p=   4.7229579244585339E-002  u(1,1,1)=  -1.0320836633400140E-003  p(1,1,1)=   1672.9075008849072     
   SIMPLE iter           4  res_p=   2.8735135369656245E-002  u(1,1,1)=  -2.1060332246979653E-003  p(1,1,1)=   1676.5525413548085     
   SIMPLE iter           5  res_p=   4.6295628856665369E-002  u(1,1,1)=  -2.8302565845015885E-002  p(1,1,1)=   1680.5039460550422     
 DEBUG T iter          50 min   300.88168980999410      max   1001.2264965020663     
 Low-speed solver Block           1  SIMPLE iterations:          61  res_p:   3.7773299289247303E-002
 --------------Force and Moment -----------------------------
 Total Force Coefficient (CL, CD, CS) =
  -8.1156073173710735E-002   3.1861102159875019       -2.8471030833475658E-020
 Total Moment Coefficient(CMx, CMy, CMz)=
   2.0289018293427691E-002  0.79652755399687547       -3.7580310035405899E-002
 Kstep, t=          10   10.000000000000000     
 ----------The Max Residuals are--------  ---Mesh---           1
    0.1695626283E-03    0.4134109193E-01    0.1617554618E-03    0.2714230892E-19    0.3438210621E-01
   The R.M.S Residuals are 
    0.4236439148E-05    0.2089730054E-02    0.2069809930E-04    0.1954045245E-20    0.9871324398E-03
 write flow3d.dat ......
 write flow3d.dat OK
 write VTK files ......
 write VTK files OK
 CPU wall time in this step:  0.29402237900000006     
 Averaged CPU wall time is:  0.18390425770000002     
   DBG iter           1  maxU2=   29.993626061919944       maxFi=  0.31911129500130353       maxFj=  0.13166120279003796       Fi(21,1,1)=   0.0000000000000000       Fi(21,21,1)=   0.0000000000000000       Fi(41,21,1)=   0.0000000000000000     
   DBG div max=  0.23545442688668045       res_p=  0.23545442688668045     
   SIMPLE iter           1  res_p=  0.23545442688668045       u(1,1,1)=  -2.7647832171898819E-002  p(1,1,1)=   1899.3380507625127     
   DBG iter           2  maxU2=   29.993626061919944       maxFi=  0.15886012879095765       maxFj=   5.7769226870576160E-002  Fi(21,1,1)=   0.0000000000000000       Fi(21,21,1)=   0.0000000000000000       Fi(41,21,1)=   0.0000000000000000     
   DBG div max=   9.6471752534141142E-002  res_p=   9.6471752534141142E-002
   SIMPLE iter           2  res_p=   9.6471752534141142E-002  u(1,1,1)=  0.11612791586825533       p(1,1,1)=   1902.4662124367801     
   DBG iter           3  maxU2=   29.993626061919944       maxFi=   8.1445641515418013E-002  maxFj=  0.10749109342657348       Fi(21,1,1)=   0.0000000000000000       Fi(21,21,1)=   0.0000000000000000       Fi(41,21,1)=   0.0000000000000000     
   DBG div max=  0.16250948279064376       res_p=  0.16250948279064376     
   SIMPLE iter           3  res_p=  0.16250948279064376       u(1,1,1)=  -4.0787738996616890E-002  p(1,1,1)=   1906.3652532203969     
   SIMPLE iter           4  res_p=   6.6573978923743740E-002  u(1,1,1)=  -4.2340622713736793E-002  p(1,1,1)=   1910.5405428229826     
   SIMPLE iter           5  res_p=  0.16804641073215823       u(1,1,1)=  -2.8010862883763813E-002  p(1,1,1)=   1914.7036692603385     
 DEBUG T iter          50 min   301.18156878978436      max   1015.2157588091629     
 Low-speed solver Block           1  SIMPLE iterations:          61  res_p:  0.10728139578704718     
 --------------Force and Moment -----------------------------
 Total Force Coefficient (CL, CD, CS) =
  -8.1169203795691619E-002   3.0059803436221006       -3.4248936556541407E-020
 Total Moment Coefficient(CMx, CMy, CMz)=
   2.0292300948922894E-002  0.75149508590552516       -3.7586269068795142E-002
 Kstep, t=          11   11.000000000000000     
 ----------The Max Residuals are--------  ---Mesh---           1
    0.1595530386E-03    0.3949298622E-01    0.1528636909E-03    0.2713385335E-19    0.3162393497E-01
   The R.M.S Residuals are 
    0.4078612376E-05    0.1976269415E-02    0.2022708244E-04    0.2214942060E-20    0.9073096856E-03
 CPU wall time in this step:  0.17340524399999979     
 Averaged CPU wall time is:  0.18294980190909091     
   DBG iter           1  maxU2=   29.993423856149096       maxFi=  0.28215399609929209       maxFj=  0.12591533163344309       Fi(21,1,1)=   0.0000000000000000       Fi(21,21,1)=   0.0000000000000000       Fi(41,21,1)=   0.0000000000000000     
   DBG div max=  0.14735430932519492       res_p=  0.14735430932519492     
   SIMPLE iter           1  res_p=  0.14735430932519492       u(1,1,1)=  -4.9613621052981415E-002  p(1,1,1)=   2132.2844864376416     
   DBG iter           2  maxU2=   29.993423856149096       maxFi=  0.14095303871343182       maxFj=   6.4487054398248297E-002  Fi(21,1,1)=   0.0000000000000000       Fi(21,21,1)=   0.0000000000000000       Fi(41,21,1)=   0.0000000000000000     
   DBG div max=   8.0954584797012508E-002  res_p=   8.0954584797012508E-002
   SIMPLE iter           2  res_p=   8.0954584797012508E-002  u(1,1,1)=  0.17845881182401577       p(1,1,1)=   2135.0738051912458     
   DBG iter           3  maxU2=   29.993423856149096       maxFi=   8.5237137693588441E-002  maxFj=   8.0164889130692751E-002  Fi(21,1,1)=   0.0000000000000000       Fi(21,21,1)=   0.0000000000000000       Fi(41,21,1)=   0.0000000000000000     
   DBG div max=  0.12200258122898511       res_p=  0.12200258122898511     
   SIMPLE iter           3  res_p=  0.12200258122898511       u(1,1,1)=  -5.0281781069284145E-002  p(1,1,1)=   2138.8092647282197     
   SIMPLE iter           4  res_p=   4.3115070576362546E-002  u(1,1,1)=  -4.6787966156988006E-002  p(1,1,1)=   2142.9746087225490     
   SIMPLE iter           5  res_p=  0.11399948435194979       u(1,1,1)=  -4.6459358874672341E-002  p(1,1,1)=   2147.2318384457549     
 DEBUG T iter          50 min   301.16457024382623      max   1027.9533105906494     
 Low-speed solver Block           1  SIMPLE iterations:          61  res_p:  0.31397804510319116     
 --------------Force and Moment -----------------------------
 Total Force Coefficient (CL, CD, CS) =
  -8.1223455942705386E-002   2.8552711809946825       -2.5060131951996681E-020
 Total Moment Coefficient(CMx, CMy, CMz)=
   2.0305863985676343E-002  0.71381779524867062       -3.7611290628558405E-002
 Kstep, t=          12   12.000000000000000     
 ----------The Max Residuals are--------  ---Mesh---           1
    0.1497480919E-03    0.3773144855E-01    0.1448922736E-03    0.2712540169E-19    0.2909136352E-01
   The R.M.S Residuals are 
    0.3947115046E-05    0.1873118074E-02    0.1971109577E-04    0.2217552095E-20    0.8345515593E-03
 CPU wall time in this step:  0.15475852400000001     
 Averaged CPU wall time is:  0.18060052874999999     
   DBG iter           1  maxU2=   31.512270754802962       maxFi=  0.51889715837154082       maxFj=  0.14598868571459478       Fi(21,1,1)=   0.0000000000000000       Fi(21,21,1)=   0.0000000000000000       Fi(41,21,1)=   0.0000000000000000     
   DBG div max=  0.38946972291038429       res_p=  0.38946972291038429     
   SIMPLE iter           1  res_p=  0.38946972291038429       u(1,1,1)= -0.12060885969854845       p(1,1,1)=   2379.3136206783161     
   DBG iter           2  maxU2=   31.512270754802962       maxFi=  0.32591599284358563       maxFj=   9.6074464273851454E-002  Fi(21,1,1)=   0.0000000000000000       Fi(21,21,1)=   0.0000000000000000       Fi(41,21,1)=   0.0000000000000000     
   DBG div max=  0.16365867073491625       res_p=  0.16365867073491625     
   SIMPLE iter           2  res_p=  0.16365867073491625       u(1,1,1)=  0.47168994294823885       p(1,1,1)=   2380.5857248424113     
   DBG iter           3  maxU2=   29.993213424966576       maxFi=   4.1681287384365884E-002  maxFj=  0.29009094527961560       Fi(21,1,1)=   0.0000000000000000       Fi(21,21,1)=   0.0000000000000000       Fi(41,21,1)=   0.0000000000000000     
   DBG div max=  0.30391301019342898       res_p=  0.30391301019342898     
   SIMPLE iter           3  res_p=  0.30391301019342898       u(1,1,1)=  -2.3653758079802939E-002  p(1,1,1)=   2383.5606574577787     
   SIMPLE iter           4  res_p=  0.35184343064027046       u(1,1,1)= -0.16746467436760137       p(1,1,1)=   2389.0901949537256     
   SIMPLE iter           5  res_p=  0.16774023971428356       u(1,1,1)=  0.40867588014790990       p(1,1,1)=   2390.2811390560782     
 DEBUG T iter          50 min   303.88348706129239      max   1039.5087713762796     
Note: The following floating-point exceptions are signalling: IEEE_INVALID_FLAG IEEE_OVERFLOW_FLAG IEEE_UNDERFLOW_FLAG IEEE_DENORMAL
 DEBUG T NaN at iter          53  cell          13           1           1  T(i-1)   485.79130032770229       T(i+1)                       NaN  T(j-1)   112.97008031454163       T(j+1)                       NaN  p                       NaN  Fi(i,j)  -15027.159763748814     
--------------------------------------------------------------------------
mpirun has exited due to process rank 0 with PID 0 on
node DESKTOP-68P2P7O exiting improperly. There are three reasons this could occur:

1. this process did not call "init" before exiting, but others in
the job did. This can cause a job to hang indefinitely while it waits
for all processes to call "init". By rule, if one process calls "init",
then ALL processes must call "init" prior to termination.

2. this process called "init", but exited without calling "finalize".
By rule, all processes that call "init" MUST call "finalize" prior to
exiting or it will be considered an "abnormal termination"

3. this process called "MPI_Abort" or "orte_abort" and the mca parameter
orte_create_session_dirs is set to false. In this case, the run-time cannot
detect that the abort call was an abnormal termination. Hence, the only
error message you will receive is this one.

This may have caused other processes in the application to be
terminated by signals sent by mpirun (as reported here).

You can avoid this message by specifying -quiet on the mpirun command line.
--------------------------------------------------------------------------
