 ----------------- OpenCFD-EC3D ver 1.14a (MPI-OpenMP version)------------------
         Copyright by Li Xinliang, lixl@imech.ac.cn                            
         Programming by Li Xinliang  2016-1                                   
 ----------------------------------------------------------------------------- 
 Check if Multi-Grid can be used ...
 Total Block number is            4 Total Cell number is         8760
 Check multigrid OK
 can not find partation.dat,  create partation ...
 Partation ......
 Total Cell number=        8760
 Total Grid number=       18406
 Max grid number is        18406  ... rato to mean grid is   1.0000000000000000     
 Min grid number is        18406  ... rato to mean grid is   1.0000000000000000     
 rato max to min is    1.0000000000000000     
 Read material.in OK, Total_block=           4
   Block           1 : Block_type=           2  rho=   1.0000000000000000       Cp=   1005.0000000000000       k=   2.5999999999999999E-002
   Block           2 : Block_type=           0  rho=   0.0000000000000000       Cp=   0.0000000000000000       k=   0.0000000000000000     
   Block           3 : Block_type=           0  rho=   0.0000000000000000       Cp=   0.0000000000000000       k=   0.0000000000000000     
   Block           4 : Block_type=           0  rho=   0.0000000000000000       Cp=   0.0000000000000000       k=   0.0000000000000000     
 creat main mesh OK, Num_Cell=        8760
  read main mesh ...
 read Mesh3d.dat OK
 Convert bc3d.inp to bc3d.inc ...
 Convert bc3d.inp to bc3d.inc OK
 read bc3d.inc (Link/boundary file)......
 read bc3d.inc OK
 Convert bc3d_interface.inp to bc3d_interface.inc ...
 Convert bc3d_interface.inp to bc3d_interface.inc OK
 read bc3d_interface.inc (Interface link file)......
 read bc3d_interface.inc OK
 solid_bc.inp not found, no solid thermal BCs
  Need not read wall_dist.dat 
 No FDM.in, Donot use hybrid FVM/FDM
 my_id, block_no, FDM, FD_Flux, FD_Scheme=           0           1           0
 my_id, block_no, FDM, FD_Flux, FD_Scheme=           0           2           0
 my_id, block_no, FDM, FD_Flux, FD_Scheme=           0           3           0
 my_id, block_no, FDM, FD_Flux, FD_Scheme=           0           4           0
 comput Jocabian OK ...
 Check mesh quality ......
 Check mesh quality OK
 Initial by Free-stream flow ......
  Start ......
   DBG iter           1  maxU2=   9.7613908642397912E-002  maxFi=   0.0000000000000000       maxFj=   1.2500000000000067E-002  Fi(21,1,1)=   0.0000000000000000       Fi(21,21,1)=   0.0000000000000000       Fi(41,21,1)=   0.0000000000000000     
   DBG div max=   8.1990305770621372E-003  res_p=   8.1990305770621372E-003
   SIMPLE iter           1  res_p=   8.1990305770621372E-003  u(1,1,1)=  -3.2733877375345825E-002  p(1,1,1)=   2.3221198165540335     
   DBG iter           2  maxU2=  0.19121142880280789       maxFi=   8.6466376464439229E-004  maxFj=   1.2500000000000067E-002  Fi(21,1,1)=   0.0000000000000000       Fi(21,21,1)=   0.0000000000000000       Fi(41,21,1)=   0.0000000000000000     
   DBG div max=   4.7888164983548370E-003  res_p=   4.7888164983548370E-003
   SIMPLE iter           2  res_p=   4.7888164983548370E-003  u(1,1,1)=   4.1415043622117224E-002  p(1,1,1)=   4.3640156639181304     
   DBG iter           3  maxU2=  0.20792941358720765       maxFi=   1.1777733665641360E-003  maxFj=   1.2500000000000067E-002  Fi(21,1,1)=   0.0000000000000000       Fi(21,21,1)=   0.0000000000000000       Fi(41,21,1)=   0.0000000000000000     
   DBG div max=   4.6368009552883033E-003  res_p=   4.6368009552883033E-003
   SIMPLE iter           3  res_p=   4.6368009552883033E-003  u(1,1,1)=   5.4397900501414423E-002  p(1,1,1)=   6.8426562575381444     
   SIMPLE iter           4  res_p=   4.6309308853443188E-003  u(1,1,1)=   6.3746819801628135E-002  p(1,1,1)=   9.2801071419637005     
   SIMPLE iter           5  res_p=   4.6929831975593521E-003  u(1,1,1)=   6.4340847154211567E-002  p(1,1,1)=   11.761906250417059     
 DEBUG T iter          50 min   299.99999999999955      max   300.00000000000068     
 Low-speed solver Block           1  SIMPLE iterations:          61  res_p:   4.1448809595905755E-003
 --------------Force and Moment -----------------------------
 Total Force Coefficient (CL, CD, CS) =
  -3.0835100680123066E-002   15.249999999999993        0.0000000000000000     
 Total Moment Coefficient(CMx, CMy, CMz)=
   7.7087751700307666E-003   3.8124999999999982       -1.4277030073802464E-002
 Kstep, t=           1   1.0000000000000000     
 ----------The Max Residuals are--------  ---Mesh---           1
    0.3469446952E-18    0.1250000001E+00    0.4983016127E-05    0.5421010862E-19    0.9765733001E-10
   The R.M.S Residuals are 
    0.4831943245E-19    0.1043092632E-01    0.1064805376E-06    0.9035284158E-21    0.1152465115E-10
 CPU wall time in this step:  0.11878446600000001     
 Averaged CPU wall time is:  0.11878446600000001     
   DBG iter           1  maxU2=   30.000000000000000       maxFi=   5.7149505587740044E-003  maxFj=   1.2500000000000067E-002  Fi(21,1,1)=   0.0000000000000000       Fi(21,21,1)=   0.0000000000000000       Fi(41,21,1)=   0.0000000000000000     
   DBG div max=   4.3923302705095660E-003  res_p=   4.3923302705095660E-003
   SIMPLE iter           1  res_p=   4.3923302705095660E-003  u(1,1,1)=   3.5331105427493667E-002  p(1,1,1)=   1.9873949900137415     
   DBG iter           2  maxU2=   30.000000000000000       maxFi=   3.5514624747738899E-003  maxFj=   1.2500000000000067E-002  Fi(21,1,1)=   0.0000000000000000       Fi(21,21,1)=   0.0000000000000000       Fi(41,21,1)=   0.0000000000000000     
   DBG div max=   4.4246131835011214E-003  res_p=   4.4246131835011214E-003
   SIMPLE iter           2  res_p=   4.4246131835011214E-003  u(1,1,1)=   5.9834433560402800E-002  p(1,1,1)=   4.4834031203842404     
   DBG iter           3  maxU2=   30.000000000000000       maxFi=   4.2344009867615632E-003  maxFj=   1.2500000000000067E-002  Fi(21,1,1)=   0.0000000000000000       Fi(21,21,1)=   0.0000000000000000       Fi(41,21,1)=   0.0000000000000000     
   DBG div max=   3.9784457381526785E-003  res_p=   3.9784457381526785E-003
   SIMPLE iter           3  res_p=   3.9784457381526785E-003  u(1,1,1)=   4.7343132174036677E-002  p(1,1,1)=   6.9649867079338046     
   SIMPLE iter           4  res_p=   4.1688151843614525E-003  u(1,1,1)=   4.5536895603814728E-002  p(1,1,1)=   9.4786083593770645     
   SIMPLE iter           5  res_p=   4.1799172370209671E-003  u(1,1,1)=   4.2281611768432675E-002  p(1,1,1)=   11.990690899072277     
 DEBUG T iter          50 min   300.00142136007008      max   795.29471767503640     
 Low-speed solver Block           1  SIMPLE iterations:          61  res_p:   4.1282498274113795E-003
 --------------Force and Moment -----------------------------
 Total Force Coefficient (CL, CD, CS) =
  -9.0362258323406081E-002   13.097889373014326       -6.6411983929344590E-020
 Total Moment Coefficient(CMx, CMy, CMz)=
   2.2590564580851520E-002   3.2744723432535814       -4.1843745318712842E-002
 Kstep, t=           2   2.0000000000000000     
 ----------The Max Residuals are--------  ---Mesh---           1
    0.2406381849E-03    0.8831544136E-01    0.2937307237E-03    0.2711041049E-19    0.6678245454E-01
   The R.M.S Residuals are 
    0.1544007576E-04    0.8022728598E-02    0.3759190254E-04    0.1424551436E-20    0.3446358179E-02
 CPU wall time in this step:  0.12866321600000000     
 Averaged CPU wall time is:  0.12372384100000000     
   DBG iter           1  maxU2=   29.995155431588486       maxFi=   5.9985348833968694E-003  maxFj=   1.2500000000000067E-002  Fi(21,1,1)=   0.0000000000000000       Fi(21,21,1)=   0.0000000000000000       Fi(41,21,1)=   0.0000000000000000     
   DBG div max=   4.4065231762142002E-003  res_p=   4.4065231762142002E-003
   SIMPLE iter           1  res_p=   4.4065231762142002E-003  u(1,1,1)=   3.2089340643541631E-002  p(1,1,1)=   1.9936555705681678     
   DBG iter           2  maxU2=   29.995155431588486       maxFi=   3.6420945758858627E-003  maxFj=   1.2500000000000067E-002  Fi(21,1,1)=   0.0000000000000000       Fi(21,21,1)=   0.0000000000000000       Fi(41,21,1)=   0.0000000000000000     
   DBG div max=   4.4338296634124467E-003  res_p=   4.4338296634124467E-003
   SIMPLE iter           2  res_p=   4.4338296634124467E-003  u(1,1,1)=   5.9835746062345124E-002  p(1,1,1)=   4.4881447155468370     
   DBG iter           3  maxU2=   29.995155431588486       maxFi=   4.4105670782654980E-003  maxFj=   1.2500000000000067E-002  Fi(21,1,1)=   0.0000000000000000       Fi(21,21,1)=   0.0000000000000000       Fi(41,21,1)=   0.0000000000000000     
   DBG div max=   3.9555780339814457E-003  res_p=   3.9555780339814457E-003
   SIMPLE iter           3  res_p=   3.9555780339814457E-003  u(1,1,1)=   4.6092465506135299E-002  p(1,1,1)=   6.9762701861778842     
   SIMPLE iter           4  res_p=   4.1621019979067447E-003  u(1,1,1)=   4.4420853591304994E-002  p(1,1,1)=   9.4949013298700322     
   SIMPLE iter           5  res_p=   4.1684227670002721E-003  u(1,1,1)=   4.1037939382147851E-002  p(1,1,1)=   12.011533905729266     
 DEBUG T iter          50 min   300.01807765511114      max   793.38350554341844     
 Low-speed solver Block           1  SIMPLE iterations:          61  res_p:   4.1555295285519919E-003
 --------------Force and Moment -----------------------------
 Total Force Coefficient (CL, CD, CS) =
  -9.2211519479860338E-002   9.4604872262268227       -2.9690201359842814E-020
 Total Moment Coefficient(CMx, CMy, CMz)=
   2.3052879869965091E-002   2.3651218065567057       -4.2701162411994460E-002
 Kstep, t=           3   3.0000000000000000     
 ----------The Max Residuals are--------  ---Mesh---           1
    0.2349183606E-03    0.5855497026E-01    0.2650179841E-03    0.2710996524E-19    0.6153314952E-01
   The R.M.S Residuals are 
    0.8201859627E-05    0.5144007364E-02    0.3149743032E-04    0.2064873212E-20    0.1864110802E-02
 CPU wall time in this step:  0.13238645199999999     
 Averaged CPU wall time is:  0.12661137800000000     
   DBG iter           1  maxU2=   29.995185751626369       maxFi=   6.5446125245161987E-003  maxFj=   1.2500000000000067E-002  Fi(21,1,1)=   0.0000000000000000       Fi(21,21,1)=   0.0000000000000000       Fi(41,21,1)=   0.0000000000000000     
   DBG div max=   4.5275021969977377E-003  res_p=   4.5275021969977377E-003
   SIMPLE iter           1  res_p=   4.5275021969977377E-003  u(1,1,1)=   2.6249384734702778E-002  p(1,1,1)=   1.9922081447779054     
   DBG iter           2  maxU2=   29.995185751626369       maxFi=   3.9093696515324090E-003  maxFj=   1.2500000000000067E-002  Fi(21,1,1)=   0.0000000000000000       Fi(21,21,1)=   0.0000000000000000       Fi(41,21,1)=   0.0000000000000000     
   DBG div max=   4.3544284540050354E-003  res_p=   4.3544284540050354E-003
   SIMPLE iter           2  res_p=   4.3544284540050354E-003  u(1,1,1)=   5.4756545690002149E-002  p(1,1,1)=   4.5141460814796108     
   DBG iter           3  maxU2=   29.995185751626369       maxFi=   4.8317310209552876E-003  maxFj=   1.2500000000000067E-002  Fi(21,1,1)=   0.0000000000000000       Fi(21,21,1)=   0.0000000000000000       Fi(41,21,1)=   0.0000000000000000     
   DBG div max=   4.0073705068836441E-003  res_p=   4.0073705068836441E-003
   SIMPLE iter           3  res_p=   4.0073705068836441E-003  u(1,1,1)=   4.0965548314201627E-002  p(1,1,1)=   7.0457959422009564     
   SIMPLE iter           4  res_p=   4.1842973685369302E-003  u(1,1,1)=   3.7620656687688450E-002  p(1,1,1)=   9.5983542471063039     
   SIMPLE iter           5  res_p=   4.1996819256099188E-003  u(1,1,1)=   3.4155724754660978E-002  p(1,1,1)=   12.150203295719640     
 DEBUG T iter          50 min   300.04414694943262      max   864.55843088438542     
 Low-speed solver Block           1  SIMPLE iterations:          61  res_p:   4.4606693463400682E-003
 --------------Force and Moment -----------------------------
 Total Force Coefficient (CL, CD, CS) =
  -8.8296241787504615E-002   7.0489638669334269        1.5992544873301762E-020
 Total Moment Coefficient(CMx, CMy, CMz)=
   2.2074060446876154E-002   1.7622409667333567       -4.0888143849700964E-002
 Kstep, t=           4   4.0000000000000000     
 ----------The Max Residuals are--------  ---Mesh---           1
    0.2274459830E-03    0.5447818863E-01    0.2438361598E-03    0.2709404747E-19    0.5666874618E-01
   The R.M.S Residuals are 
    0.6736320450E-05    0.3709331035E-02    0.2753862317E-04    0.1878936910E-20    0.1695608511E-02
 CPU wall time in this step:  0.17366764400000001     
 Averaged CPU wall time is:  0.13837544450000000     
   DBG iter           1  maxU2=   29.994785797349667       maxFi=   9.6206408776001034E-003  maxFj=   2.1891290159544365E-002  Fi(21,1,1)=   0.0000000000000000       Fi(21,21,1)=   0.0000000000000000       Fi(41,21,1)=   0.0000000000000000     
   DBG div max=   4.8549136935476314E-003  res_p=   4.8549136935476314E-003
   SIMPLE iter           1  res_p=   4.8549136935476314E-003  u(1,1,1)=   1.6208396064096089E-002  p(1,1,1)=   2.0232262656949440     
   DBG iter           2  maxU2=   29.994785797349667       maxFi=   7.5857521517824923E-003  maxFj=   2.0005725662526570E-002  Fi(21,1,1)=   0.0000000000000000       Fi(21,21,1)=   0.0000000000000000       Fi(41,21,1)=   0.0000000000000000     
   DBG div max=   4.2483347147060438E-003  res_p=   4.2483347147060438E-003
   SIMPLE iter           2  res_p=   4.2483347147060438E-003  u(1,1,1)=   3.2832174793442886E-002  p(1,1,1)=   4.7743678246604837     
   DBG iter           3  maxU2=   29.994785797349667       maxFi=   8.1367751749970695E-003  maxFj=   2.1209089435129825E-002  Fi(21,1,1)=   0.0000000000000000       Fi(21,21,1)=   0.0000000000000000       Fi(41,21,1)=   0.0000000000000000     
   DBG div max=   4.4254427804616726E-003  res_p=   4.4254427804616726E-003
   SIMPLE iter           3  res_p=   4.4254427804616726E-003  u(1,1,1)=   2.2036037767670179E-002  p(1,1,1)=   7.5435138948922331     
   SIMPLE iter           4  res_p=   4.4619773031160399E-003  u(1,1,1)=   1.4572968679179798E-002  p(1,1,1)=   10.325576736112108     
   SIMPLE iter           5  res_p=   4.5407877323787229E-003  u(1,1,1)=   1.1228386491915260E-002  p(1,1,1)=   13.115935180219262     
 DEBUG T iter          50 min   300.11246568705985      max   881.69204719417019     
 Low-speed solver Block           1  SIMPLE iterations:          61  res_p:   5.1884536825996157E-003
 --------------Force and Moment -----------------------------
 Total Force Coefficient (CL, CD, CS) =
  -8.5010627114603304E-002   5.5810288909413490       -9.1549321991834745E-021
 Total Moment Coefficient(CMx, CMy, CMz)=
   2.1252656778650826E-002   1.3952572227353373       -3.9366394491812784E-002
 Kstep, t=           5   5.0000000000000000     
 ----------The Max Residuals are--------  ---Mesh---           1
    0.2188951997E-03    0.5199964588E-01    0.2254610936E-03    0.2712953008E-19    0.5217176777E-01
   The R.M.S Residuals are 
    0.5791154344E-05    0.3063585284E-02    0.2549605708E-04    0.1733806377E-20    0.1520201620E-02
 CPU wall time in this step:  0.18536016599999994     
 Averaged CPU wall time is:  0.14777238879999999     
   DBG iter           1  maxU2=   29.994606680893234       maxFi=   2.3128666231758650E-002  maxFj=   5.0859846506517391E-002  Fi(21,1,1)=   0.0000000000000000       Fi(21,21,1)=   0.0000000000000000       Fi(41,21,1)=   0.0000000000000000     
   DBG div max=   7.0743286071484595E-003  res_p=   7.0743286071484595E-003
   SIMPLE iter           1  res_p=   7.0743286071484595E-003  u(1,1,1)=   2.0387911610439902E-002  p(1,1,1)=   2.1325239673233112     
   DBG iter           2  maxU2=   29.994606680893234       maxFi=   1.5809290126854621E-002  maxFj=   3.5987244249927094E-002  Fi(21,1,1)=   0.0000000000000000       Fi(21,21,1)=   0.0000000000000000       Fi(41,21,1)=   0.0000000000000000     
   DBG div max=   5.8219713233727769E-003  res_p=   5.8219713233727769E-003
   SIMPLE iter           2  res_p=   5.8219713233727769E-003  u(1,1,1)=   7.9184467042863037E-003  p(1,1,1)=   5.2606751938805241     
   DBG iter           3  maxU2=   29.994606680893234       maxFi=   1.8111254902629676E-002  maxFj=   4.2844693771103809E-002  Fi(21,1,1)=   0.0000000000000000       Fi(21,21,1)=   0.0000000000000000       Fi(41,21,1)=   0.0000000000000000     
   DBG div max=   5.1938707418246145E-003  res_p=   5.1938707418246145E-003
   SIMPLE iter           3  res_p=   5.1938707418246145E-003  u(1,1,1)=   6.1876838662188165E-003  p(1,1,1)=   8.3779094058903034     
   SIMPLE iter           4  res_p=   5.0778895644484189E-003  u(1,1,1)=  -8.2666100015122267E-003  p(1,1,1)=   11.555563559416621     
   SIMPLE iter           5  res_p=   5.2445242123729608E-003  u(1,1,1)=  -1.0062227265604823E-002  p(1,1,1)=   14.743979943761047     
 DEBUG T iter          50 min   300.27532077655138      max   923.50923711611858     
 Low-speed solver Block           1  SIMPLE iterations:          61  res_p:   5.8978224504007137E-003
 --------------Force and Moment -----------------------------
 Total Force Coefficient (CL, CD, CS) =
  -8.3019318152836197E-002   4.6778045932642112       -3.9145630787976178E-020
 Total Moment Coefficient(CMx, CMy, CMz)=
   2.0754829538209042E-002   1.1694511483160528       -3.8443960648354709E-002
 Kstep, t=           6   6.0000000000000000     
 ----------The Max Residuals are--------  ---Mesh---           1
    0.2096330262E-03    0.4966524356E-01    0.2094250037E-03    0.2712107849E-19    0.4801878647E-01
   The R.M.S Residuals are 
    0.5256865451E-05    0.2737816215E-02    0.2409135243E-04    0.1895074506E-20    0.1392710813E-02
 CPU wall time in this step:  0.18471953700000010     
 Averaged CPU wall time is:  0.15393024683333334     
   DBG iter           1  maxU2=   29.994420259822611       maxFi=   4.1733560794735586E-002  maxFj=   8.0706576217651066E-002  Fi(21,1,1)=   0.0000000000000000       Fi(21,21,1)=   0.0000000000000000       Fi(41,21,1)=   0.0000000000000000     
   DBG div max=   1.8491404405815835E-002  res_p=   1.8491404405815835E-002
   SIMPLE iter           1  res_p=   1.8491404405815835E-002  u(1,1,1)=   2.4167730569251700E-002  p(1,1,1)=   2.3059661223141861     
   DBG iter           2  maxU2=   29.994420259822611       maxFi=   2.1699016131376862E-002  maxFj=   4.3657401399753701E-002  Fi(21,1,1)=   0.0000000000000000       Fi(21,21,1)=   0.0000000000000000       Fi(41,21,1)=   0.0000000000000000     
   DBG div max=   1.1419926048014950E-002  res_p=   1.1419926048014950E-002
   SIMPLE iter           2  res_p=   1.1419926048014950E-002  u(1,1,1)=   3.5408097662324453E-003  p(1,1,1)=   5.6811085587142145     
   DBG iter           3  maxU2=   29.994420259822611       maxFi=   3.0704780657760982E-002  maxFj=   6.0507759851256344E-002  Fi(21,1,1)=   0.0000000000000000       Fi(21,21,1)=   0.0000000000000000       Fi(41,21,1)=   0.0000000000000000     
   DBG div max=   5.8398345971932648E-003  res_p=   5.8398345971932648E-003
   SIMPLE iter           3  res_p=   5.8398345971932648E-003  u(1,1,1)=   2.8151068373255435E-003  p(1,1,1)=   9.0881267507649639     
   SIMPLE iter           4  res_p=   7.1411688866582883E-003  u(1,1,1)=  -1.8873690337661030E-002  p(1,1,1)=   12.569540274944881     
   SIMPLE iter           5  res_p=   5.9140632910893920E-003  u(1,1,1)=  -1.9192648078150177E-002  p(1,1,1)=   16.099154570826073     
 DEBUG T iter          50 min   300.57648652532544      max   944.51009130409432     
 Low-speed solver Block           1  SIMPLE iterations:          61  res_p:   6.3992107332201996E-003
 --------------Force and Moment -----------------------------
 Total Force Coefficient (CL, CD, CS) =
  -8.1959406252340938E-002   4.0962833349634815       -2.3078756858812362E-020
 Total Moment Coefficient(CMx, CMy, CMz)=
   2.0489851563085231E-002   1.0240708337408704       -3.7952868089421200E-002
 Kstep, t=           7   7.0000000000000000     
 ----------The Max Residuals are--------  ---Mesh---           1
    0.1998919212E-03    0.4743623864E-01    0.1953368452E-03    0.2711885578E-19    0.4418417877E-01
   The R.M.S Residuals are 
    0.4893125652E-05    0.2525272130E-02    0.2302499845E-04    0.2024731761E-20    0.1276703630E-02
 CPU wall time in this step:  0.12265600299999990     
 Averaged CPU wall time is:  0.14946249771428571     
   DBG iter           1  maxU2=   29.994234704433712       maxFi=   6.4454186116326181E-002  maxFj=  0.10469539679997482       Fi(21,1,1)=   0.0000000000000000       Fi(21,21,1)=   0.0000000000000000       Fi(41,21,1)=   0.0000000000000000     
   DBG div max=   3.2342492798299517E-002  res_p=   3.2342492798299517E-002
   SIMPLE iter           1  res_p=   3.2342492798299517E-002  u(1,1,1)=   2.4975730360809200E-002  p(1,1,1)=   2.4407918589938387     
   DBG iter           2  maxU2=   29.994234704433712       maxFi=   2.5226870892368330E-002  maxFj=   4.6173518454908406E-002  Fi(21,1,1)=   0.0000000000000000       Fi(21,21,1)=   0.0000000000000000       Fi(41,21,1)=   0.0000000000000000     
   DBG div max=   1.8621064175208410E-002  res_p=   1.8621064175208410E-002
   SIMPLE iter           2  res_p=   1.8621064175208410E-002  u(1,1,1)=   1.4289001260865030E-002  p(1,1,1)=   5.9166970286201384     
   DBG iter           3  maxU2=   29.994234704433712       maxFi=   5.7685483819642981E-002  maxFj=   7.3193415878411106E-002  Fi(21,1,1)=   0.0000000000000000       Fi(21,21,1)=   0.0000000000000000       Fi(41,21,1)=   0.0000000000000000     
   DBG div max=   1.8347509198196749E-002  res_p=   1.8347509198196749E-002
   SIMPLE iter           3  res_p=   1.8347509198196749E-002  u(1,1,1)=   2.7369036473090897E-003  p(1,1,1)=   9.5303846988528846     
   SIMPLE iter           4  res_p=   1.4473315259282523E-002  u(1,1,1)=  -1.7023597961894756E-002  p(1,1,1)=   13.155191549601797     
   SIMPLE iter           5  res_p=   1.1094957656499867E-002  u(1,1,1)=  -2.2224383526259616E-002  p(1,1,1)=   16.901834721356483     
 DEBUG T iter          50 min   300.69747674701671      max   967.55769766400363     
 Low-speed solver Block           1  SIMPLE iterations:          61  res_p:   6.6999700960537444E-003
 --------------Force and Moment -----------------------------
 Total Force Coefficient (CL, CD, CS) =
  -8.1443889439050621E-002   3.6986792755441300       -3.9330117007597411E-021
 Total Moment Coefficient(CMx, CMy, CMz)=
   2.0360972359762662E-002  0.92466981888603250       -3.7713920013587789E-002
 Kstep, t=           8   8.0000000000000000     
 ----------The Max Residuals are--------  ---Mesh---           1
    0.1898554015E-03    0.4530906972E-01    0.1828336243E-03    0.2709883597E-19    0.4064492777E-01
   The R.M.S Residuals are 
    0.4629780308E-05    0.2358449292E-02    0.2207741177E-04    0.2028099138E-20    0.1171053892E-02
 CPU wall time in this step:  0.14364885599999999     
 Averaged CPU wall time is:  0.14873579249999999     
   DBG iter           1  maxU2=   29.994031299905938       maxFi=   8.2428328811115420E-002  maxFj=  0.12197097535192128       Fi(21,1,1)=   0.0000000000000000       Fi(21,21,1)=   0.0000000000000000       Fi(41,21,1)=   0.0000000000000000     
   DBG div max=   4.3372490284856693E-002  res_p=   4.3372490284856693E-002
   SIMPLE iter           1  res_p=   4.3372490284856693E-002  u(1,1,1)=   2.3840926837556776E-002  p(1,1,1)=   2.5177636010366542     
   DBG iter           2  maxU2=   29.994031299905938       maxFi=   2.6626313738157499E-002  maxFj=   4.7221470603766358E-002  Fi(21,1,1)=   0.0000000000000000       Fi(21,21,1)=   0.0000000000000000       Fi(41,21,1)=   0.0000000000000000     
   DBG div max=   2.4722845610095426E-002  res_p=   2.4722845610095426E-002
   SIMPLE iter           2  res_p=   2.4722845610095426E-002  u(1,1,1)=   2.4595005398390900E-002  p(1,1,1)=   6.0345128919651092     
   DBG iter           3  maxU2=   29.994031299905938       maxFi=   9.2644348794245782E-002  maxFj=   8.2194974182411007E-002  Fi(21,1,1)=   0.0000000000000000       Fi(21,21,1)=   0.0000000000000000       Fi(41,21,1)=   0.0000000000000000     
   DBG div max=   3.3813204463768912E-002  res_p=   3.3813204463768912E-002
   SIMPLE iter           3  res_p=   3.3813204463768912E-002  u(1,1,1)=   1.9693659822293099E-003  p(1,1,1)=   9.7846721967813757     
   SIMPLE iter           4  res_p=   2.4152221968771134E-002  u(1,1,1)=  -8.4439281872541599E-003  p(1,1,1)=   13.423291781650006     
   SIMPLE iter           5  res_p=   3.6078013064823652E-002  u(1,1,1)=  -2.4480752781719413E-002  p(1,1,1)=   17.290721739596755     
 DEBUG T iter          50 min   300.78242258757172      max   984.97213657670295     
 Low-speed solver Block           1  SIMPLE iterations:          61  res_p:   6.8765705739453047E-003
 --------------Force and Moment -----------------------------
 Total Force Coefficient (CL, CD, CS) =
  -8.1222795461520586E-002   3.4092037377968873       -2.0280644478142358E-020
 Total Moment Coefficient(CMx, CMy, CMz)=
   2.0305698865380153E-002  0.85230093444922184       -3.7611355101195690E-002
 Kstep, t=           9   9.0000000000000000     
 ----------The Max Residuals are--------  ---Mesh---           1
    0.1796984893E-03    0.4327827796E-01    0.1716966276E-03    0.2709073379E-19    0.3738326178E-01
   The R.M.S Residuals are 
    0.4413375767E-05    0.2215846239E-02    0.2137415561E-04    0.2227227747E-20    0.1074788460E-02
 CPU wall time in this step:  0.14569547100000002     
 Averaged CPU wall time is:  0.14839797899999999     
   DBG iter           1  maxU2=   29.993832464485376       maxFi=   9.6352416019892070E-002  maxFj=  0.13281750393752845       Fi(21,1,1)=   0.0000000000000000       Fi(21,21,1)=   0.0000000000000000       Fi(41,21,1)=   0.0000000000000000     
   DBG div max=   5.0416795559949316E-002  res_p=   5.0416795559949316E-002
   SIMPLE iter           1  res_p=   5.0416795559949316E-002  u(1,1,1)=   2.1794219236239278E-002  p(1,1,1)=   2.5719172710459910     
   DBG iter           2  maxU2=   29.993832464485376       maxFi=   2.7244991102031643E-002  maxFj=   5.0657011115262919E-002  Fi(21,1,1)=   0.0000000000000000       Fi(21,21,1)=   0.0000000000000000       Fi(41,21,1)=   0.0000000000000000     
   DBG div max=   2.9178657656103578E-002  res_p=   2.9178657656103578E-002
   SIMPLE iter           2  res_p=   2.9178657656103578E-002  u(1,1,1)=   3.3108653555429052E-002  p(1,1,1)=   6.1010389485134402     
   DBG iter           3  maxU2=   29.993832464485376       maxFi=  0.10812520928648849       maxFj=   8.7916142888085358E-002  Fi(21,1,1)=   0.0000000000000000       Fi(21,21,1)=   0.0000000000000000       Fi(41,21,1)=   0.0000000000000000     
   DBG div max=   4.7228796424954173E-002  res_p=   4.7228796424954173E-002
   SIMPLE iter           3  res_p=   4.7228796424954173E-002  u(1,1,1)=  -1.0340575973606897E-003  p(1,1,1)=   9.9414930010066236     
   SIMPLE iter           4  res_p=   2.8735088800899880E-002  u(1,1,1)=  -2.1086209398263091E-003  p(1,1,1)=   13.586566646003636     
   SIMPLE iter           5  res_p=   4.6294812521398783E-002  u(1,1,1)=  -2.8304153627558004E-002  p(1,1,1)=   17.538005952120528     
 DEBUG T iter          50 min   300.88170792798348      max   1001.2264457552321     
 Low-speed solver Block           1  SIMPLE iterations:          61  res_p:   3.7773384010838955E-002
 --------------Force and Moment -----------------------------
 Total Force Coefficient (CL, CD, CS) =
  -8.1156073175400828E-002   3.1861102159847232       -3.0234719435556054E-020
 Total Moment Coefficient(CMx, CMy, CMz)=
   2.0289018293850214E-002  0.79652755399618080       -3.7580310036605828E-002
 Kstep, t=          10   10.000000000000000     
 ----------The Max Residuals are--------  ---Mesh---           1
    0.1695626274E-03    0.4134109986E-01    0.1617554608E-03    0.2714230892E-19    0.3438210611E-01
   The R.M.S Residuals are 
    0.4236541354E-05    0.2089730330E-02    0.2069680076E-04    0.1954866577E-20    0.9871328875E-03
 write flow3d.dat ......
 write flow3d.dat OK
 write VTK files ......
 write VTK files OK
 CPU wall time in this step:  0.23133535500000013     
 Averaged CPU wall time is:  0.15669171660000000     
   DBG iter           1  maxU2=   29.993622070125507       maxFi=  0.31910729077374028       maxFj=  0.13166220675497409       Fi(21,1,1)=   0.0000000000000000       Fi(21,21,1)=   0.0000000000000000       Fi(41,21,1)=   0.0000000000000000     
   DBG div max=  0.23545152592406032       res_p=  0.23545152592406032     
   SIMPLE iter           1  res_p=  0.23545152592406032       u(1,1,1)=  -2.7644950660263450E-002  p(1,1,1)=   2.8930236164138847     
   DBG iter           2  maxU2=   29.993622070125507       maxFi=  0.15885769910139860       maxFj=   5.7768738984729270E-002  Fi(21,1,1)=   0.0000000000000000       Fi(21,21,1)=   0.0000000000000000       Fi(41,21,1)=   0.0000000000000000     
   DBG div max=   9.6470953026307496E-002  res_p=   9.6470953026307496E-002
   SIMPLE iter           2  res_p=   9.6470953026307496E-002  u(1,1,1)=  0.11613146122003459       p(1,1,1)=   6.0211221999076852     
   DBG iter           3  maxU2=   29.993622070125507       maxFi=   8.1446135610897724E-002  maxFj=  0.10748935070826519       Fi(21,1,1)=   0.0000000000000000       Fi(21,21,1)=   0.0000000000000000       Fi(41,21,1)=   0.0000000000000000     
   DBG div max=  0.16250943261988551       res_p=  0.16250943261988551     
   SIMPLE iter           3  res_p=  0.16250943261988551       u(1,1,1)=  -4.0785232917011693E-002  p(1,1,1)=   9.9201369311317933     
   SIMPLE iter           4  res_p=   6.6571887539971064E-002  u(1,1,1)=  -4.2337572612647957E-002  p(1,1,1)=   14.095391076246973     
   SIMPLE iter           5  res_p=  0.16804657686971908       u(1,1,1)=  -2.8010508866339493E-002  p(1,1,1)=   18.258492128494868     
 DEBUG T iter          50 min   301.19290062817043      max   1015.2156997260398     
 Low-speed solver Block           1  SIMPLE iterations:          61  res_p:  0.12430751771474269     
 --------------Force and Moment -----------------------------
 Total Force Coefficient (CL, CD, CS) =
  -8.1169203797796102E-002   3.0059803436192771       -3.2923066991889814E-020
 Total Moment Coefficient(CMx, CMy, CMz)=
   2.0292300949449015E-002  0.75149508590481928       -3.7586269070293291E-002
 Kstep, t=          11   11.000000000000000     
 ----------The Max Residuals are--------  ---Mesh---           1
    0.1595530377E-03    0.3949300717E-01    0.1528636898E-03    0.2713385335E-19    0.3162393489E-01
   The R.M.S Residuals are 
    0.4078890359E-05    0.1976270097E-02    0.2022154013E-04    0.2183641861E-20    0.9073108803E-03
 CPU wall time in this step:  0.13849562000000004     
 Averaged CPU wall time is:  0.15503752600000001     
   DBG iter           1  maxU2=   29.993419001256473       maxFi=  0.32152420557499628       maxFj=  0.12581152022615219       Fi(21,1,1)=   0.0000000000000000       Fi(21,21,1)=   0.0000000000000000       Fi(41,21,1)=   0.0000000000000000     
   DBG div max=  0.15090169688574115       res_p=  0.15090169688574115     
   SIMPLE iter           1  res_p=  0.15090169688574115       u(1,1,1)=  -4.8047342630960728E-002  p(1,1,1)=   3.1902329333368935     
   DBG iter           2  maxU2=   29.993419001256473       maxFi=  0.17704095168677766       maxFj=   6.3719504155811152E-002  Fi(21,1,1)=   0.0000000000000000       Fi(21,21,1)=   0.0000000000000000       Fi(41,21,1)=   0.0000000000000000     
   DBG div max=   9.9868423335747941E-002  res_p=   9.9868423335747941E-002
   SIMPLE iter           2  res_p=   9.9868423335747941E-002  u(1,1,1)=  0.21047154783736299       p(1,1,1)=   5.9001367979107373     
   DBG iter           3  maxU2=   29.993419001256473       maxFi=   6.8584352343642949E-002  maxFj=   8.2664618438294576E-002  Fi(21,1,1)=   0.0000000000000000       Fi(21,21,1)=   0.0000000000000000       Fi(41,21,1)=   0.0000000000000000     
   DBG div max=  0.11641331843060637       res_p=  0.11641331843060637     
   SIMPLE iter           3  res_p=  0.11641331843060637       u(1,1,1)=  -4.3296144279698634E-002  p(1,1,1)=   9.5217481793704160     
   SIMPLE iter           4  res_p=   8.0825115470796044E-002  u(1,1,1)=  -6.0076428760029735E-002  p(1,1,1)=   13.825552705881806     
   SIMPLE iter           5  res_p=   9.8340257340024592E-002  u(1,1,1)=  -5.2447990810281925E-003  p(1,1,1)=   17.738977938600577     
 DEBUG T iter          50 min   301.87898220304857      max   1027.9532642634135     
 Low-speed solver Block           1  SIMPLE iterations:          61  res_p:   6.4307283576706842E-002
 --------------Force and Moment -----------------------------
 Total Force Coefficient (CL, CD, CS) =
  -8.1223455945113723E-002   2.8552711809914815       -2.5738322758612635E-020
 Total Moment Coefficient(CMx, CMy, CMz)=
   2.0305863986278431E-002  0.71381779524787037       -3.7611290630274158E-002
 Kstep, t=          12   12.000000000000000     
 ----------The Max Residuals are--------  ---Mesh---           1
    0.1497480802E-03    0.3773145706E-01    0.1448920859E-03    0.2712540169E-19    0.2909136343E-01
   The R.M.S Residuals are 
    0.3947234462E-05    0.1873118367E-02    0.1970944244E-04    0.2211610147E-20    0.8345520756E-03
 CPU wall time in this step:  0.17730056099999980     
 Averaged CPU wall time is:  0.15689277891666667     
   DBG iter           1  maxU2=   29.993208166837167       maxFi=  0.30865095713739604       maxFj=  0.11421681715507916       Fi(21,1,1)=   0.0000000000000000       Fi(21,21,1)=   0.0000000000000000       Fi(41,21,1)=   0.0000000000000000     
   DBG div max=  0.11400359991421516       res_p=  0.11400359991421516     
   SIMPLE iter           1  res_p=  0.11400359991421516       u(1,1,1)=  -8.8113741490349354E-002  p(1,1,1)=   3.2356638402534403     
   DBG iter           2  maxU2=   29.993208166837167       maxFi=  0.16559883937428968       maxFj=   5.2788693034852063E-002  Fi(21,1,1)=   0.0000000000000000       Fi(21,21,1)=   0.0000000000000000       Fi(41,21,1)=   0.0000000000000000     
   DBG div max=   8.1631200962481165E-002  res_p=   8.1631200962481165E-002
   SIMPLE iter           2  res_p=   8.1631200962481165E-002  u(1,1,1)=  0.23910080215104298       p(1,1,1)=   5.7820759361414034     
   DBG iter           3  maxU2=   29.993208166837167       maxFi=   8.1120433090414182E-002  maxFj=   7.3825000245121911E-002  Fi(21,1,1)=   0.0000000000000000       Fi(21,21,1)=   0.0000000000000000       Fi(41,21,1)=   0.0000000000000000     
   DBG div max=  0.10845456810008713       res_p=  0.10845456810008713     
   SIMPLE iter           3  res_p=  0.10845456810008713       u(1,1,1)=  -5.6903209847362357E-002  p(1,1,1)=   9.2974819531104416     
   SIMPLE iter           4  res_p=   7.1033567779125645E-002  u(1,1,1)=  -6.5449080545614505E-002  p(1,1,1)=   13.624575348218466     
   SIMPLE iter           5  res_p=   8.3752132870458768E-002  u(1,1,1)=   1.5101157584018615E-003  p(1,1,1)=   17.372874068492983     
 DEBUG T iter          50 min   301.15600615355260      max   1039.4043434092755     
 Low-speed solver Block           1  SIMPLE iterations:          61  res_p:   6.0092236280842662E-002
 --------------Force and Moment -----------------------------
 Total Force Coefficient (CL, CD, CS) =
  -8.1298898510366965E-002   2.7258281131046647       -6.1183184740356742E-021
 Total Moment Coefficient(CMx, CMy, CMz)=
   2.0324724627591741E-002  0.68145702827616617       -3.7646140673250589E-002
 Kstep, t=          13   13.000000000000000     
 ----------The Max Residuals are--------  ---Mesh---           1
    0.1402049890E-03    0.3605220931E-01    0.1377265818E-03    0.2711535159E-19    0.2676742332E-01
   The R.M.S Residuals are 
    0.3827559272E-05    0.1778551416E-02    0.1937087268E-04    0.2134859921E-20    0.7681399567E-03
 CPU wall time in this step:  0.13060736400000006     
 Averaged CPU wall time is:  0.15487082392307691     
   DBG iter           1  maxU2=   31.459165517245502       maxFi=  0.61217292537336765       maxFj=  0.10478726734484588       Fi(21,1,1)=   0.0000000000000000       Fi(21,21,1)=   0.0000000000000000       Fi(41,21,1)=   0.0000000000000000     
   DBG div max=  0.28716980805737286       res_p=  0.28716980805737286     
   SIMPLE iter           1  res_p=  0.28716980805737286       u(1,1,1)= -0.14053041794116689       p(1,1,1)=   3.9921801088840754     
   DBG iter           2  maxU2=   31.459165517245502       maxFi=  0.51016057217369948       maxFj=   8.5072109436030788E-002  Fi(21,1,1)=   0.0000000000000000       Fi(21,21,1)=   0.0000000000000000       Fi(41,21,1)=   0.0000000000000000     
   DBG div max=  0.30805117122386094       res_p=  0.30805117122386094     
   SIMPLE iter           2  res_p=  0.30805117122386094       u(1,1,1)=  0.65234868449812788       p(1,1,1)=   4.4542806890772972     
   DBG iter           3  maxU2=   29.993005553385640       maxFi=  0.10336023077635487       maxFj=  0.13067624093088526       Fi(21,1,1)=   0.0000000000000000       Fi(21,21,1)=   0.0000000000000000       Fi(41,21,1)=   0.0000000000000000     
   DBG div max=   6.5450696903843600E-002  res_p=   6.5450696903843600E-002
   SIMPLE iter           3  res_p=   6.5450696903843600E-002  u(1,1,1)=   3.9082053855074794E-002  p(1,1,1)=   6.0406022736593865     
   SIMPLE iter           4  res_p=  0.17710380160447425       u(1,1,1)= -0.14336468393088267       p(1,1,1)=   10.559490400402572     
   SIMPLE iter           5  res_p=  0.16549173159914926       u(1,1,1)=   1.0980341948230318E-002  p(1,1,1)=   14.393027281524686     
 DEBUG T iter          50 min   304.61596335498359      max   1049.8787100460290     
 Low-speed solver Block           1  SIMPLE iterations:          61  res_p:   2.6923584671889328E+103
 --------------Force and Moment -----------------------------
 Total Force Coefficient (CL, CD, CS) =
  -8.1385184318048975E-002   2.6125014920412748       -4.4858527957332978E-021
 Total Moment Coefficient(CMx, CMy, CMz)=
   2.0346296079512247E-002  0.65312537301031870       -3.7686024399991365E-002
 Kstep, t=          14   14.000000000000000     
 ----------The Max Residuals are--------  ---Mesh---           1
    0.1309678403E-03    0.3445271026E-01    0.1312661080E-03    0.2710691033E-19    0.2463618336E-01
   The R.M.S Residuals are 
    0.3728964791E-05    0.1691319707E-02    0.1896097549E-04    0.2196726289E-20    0.7075025986E-03
 CPU wall time in this step:  0.14881819100000016     
 Averaged CPU wall time is:  0.15443849300000001     
   DBG iter           1  maxU2=   1000000.0000000000       maxFi=   2056274.1157615243       maxFj=   705008.86201568064       Fi(21,1,1)=   0.0000000000000000       Fi(21,21,1)=   0.0000000000000000       Fi(41,21,1)=   0.0000000000000000     
   DBG div max=   2178722.8094489109       res_p=   2178722.8094489109     
   SIMPLE iter           1  res_p=   2178722.8094489109       u(1,1,1)=   542633.35059126059       p(1,1,1)=  -3532352.2808174081     
   DBG iter           2  maxU2=   1000000.0000000000       maxFi=   40544509098.268990       maxFj=   37240623558.773399       Fi(21,1,1)=   0.0000000000000000       Fi(21,21,1)=   0.0000000000000000       Fi(41,21,1)=   0.0000000000000000     
   DBG div max=   40544969571.878433       res_p=   40544969571.878433     
   SIMPLE iter           2  res_p=   40544969571.878433       u(1,1,1)=  -63206.353334847139       p(1,1,1)=  -100000000.00000000     
   DBG iter           3  maxU2=   1000000.0000000000       maxFi=   2328491635.9996014       maxFj=   1184501225.3067777       Fi(21,1,1)=   0.0000000000000000       Fi(21,21,1)=   0.0000000000000000       Fi(41,21,1)=   0.0000000000000000     
   DBG div max=   2328432034.5683069       res_p=   2328432034.5683069     
   SIMPLE iter           3  res_p=   2328432034.5683069       u(1,1,1)=   67364.413917634985       p(1,1,1)=  -100000000.00000000     
   SIMPLE iter           4  res_p=   309166728.70085597       u(1,1,1)=  -1000000.0000000000       p(1,1,1)=  -100000000.00000000     
   SIMPLE iter           5  res_p=   110217654.65622634       u(1,1,1)=  -226188.11796273041       p(1,1,1)=   100000000.00000000     
Note: The following floating-point exceptions are signalling: IEEE_INVALID_FLAG IEEE_OVERFLOW_FLAG IEEE_UNDERFLOW_FLAG IEEE_DENORMAL
 DEBUG T NaN at iter          14  cell          14           1           1  T(i-1)   511.33737784974153       T(i+1)                       NaN  T(j-1)   70.041883512467052       T(j+1)                       NaN  p                       NaN  Fi(i,j)   10451.187800928057     
--------------------------------------------------------------------------
mpirun has exited due to process rank 0 with PID 0 on
node DESKTOP-68P2P7O exiting improperly. There are three reasons this could occur:

1. this process did not call "init" before exiting, but others in
the job did. This can cause a job to hang indefinitely while it waits
for all processes to call "init". By rule, if one process calls "init",
then ALL processes must call "init" prior to termination.

2. this process called "init", but exited without calling "finalize".
By rule, all processes that call "init" MUST call "finalize" prior to
exiting or it will be considered an "abnormal termination"

3. this process called "MPI_Abort" or "orte_abort" and the mca parameter
orte_create_session_dirs is set to false. In this case, the run-time cannot
detect that the abort call was an abnormal termination. Hence, the only
error message you will receive is this one.

This may have caused other processes in the application to be
terminated by signals sent by mpirun (as reported here).

You can avoid this message by specifying -quiet on the mpirun command line.
--------------------------------------------------------------------------
