 ----------------- OpenCFD-EC3D ver 1.14a (MPI-OpenMP version)------------------
         Copyright by Li Xinliang, lixl@imech.ac.cn                            
         Programming by Li Xinliang  2016-1                                   
 ----------------------------------------------------------------------------- 
 Check if Multi-Grid can be used ...
 Total Block number is            4 Total Cell number is         8760
 Check multigrid OK
 can not find partation.dat,  create partation ...
 Partation ......
 Total Cell number=        8760
 Total Grid number=       18406
 Max grid number is        18406  ... rato to mean grid is   1.0000000000000000     
 Min grid number is        18406  ... rato to mean grid is   1.0000000000000000     
 rato max to min is    1.0000000000000000     
 Read material.in OK, Total_block=           4
   Block           1 : Block_type=           2  rho=   1.0000000000000000       Cp=   1005.0000000000000       k=   2.5999999999999999E-002
   Block           2 : Block_type=           0  rho=   0.0000000000000000       Cp=   0.0000000000000000       k=   0.0000000000000000     
   Block           3 : Block_type=           0  rho=   0.0000000000000000       Cp=   0.0000000000000000       k=   0.0000000000000000     
   Block           4 : Block_type=           0  rho=   0.0000000000000000       Cp=   0.0000000000000000       k=   0.0000000000000000     
 creat main mesh OK, Num_Cell=        8760
  read main mesh ...
 read Mesh3d.dat OK
 Convert bc3d.inp to bc3d.inc ...
 Convert bc3d.inp to bc3d.inc OK
 read bc3d.inc (Link/boundary file)......
 read bc3d.inc OK
 Convert bc3d_interface.inp to bc3d_interface.inc ...
 Convert bc3d_interface.inp to bc3d_interface.inc OK
 read bc3d_interface.inc (Interface link file)......
 read bc3d_interface.inc OK
 solid_bc.inp not found, no solid thermal BCs
  Need not read wall_dist.dat 
 No FDM.in, Donot use hybrid FVM/FDM
 my_id, block_no, FDM, FD_Flux, FD_Scheme=           0           1           0
 my_id, block_no, FDM, FD_Flux, FD_Scheme=           0           2           0
 my_id, block_no, FDM, FD_Flux, FD_Scheme=           0           3           0
 my_id, block_no, FDM, FD_Flux, FD_Scheme=           0           4           0
 comput Jocabian OK ...
 Check mesh quality ......
 Check mesh quality OK
 Initial by Free-stream flow ......
  Start ......
   DBG iter           1  maxU2=   800.00000000000000       maxFi=   2.6389521118780370E-002  maxFj=  0.92409321861935778       Fi(21,1,1)=   0.0000000000000000       Fi(21,21,1)=   0.0000000000000000       Fi(41,21,1)=   0.0000000000000000     
   DBG div max=  0.92415970978686657       res_p=  0.92415970978686657     
   SIMPLE iter           1  res_p=  0.92415970978686657       u(1,1,1)=   1.2051583657491876       p(1,1,1)= -0.84003704886160069     
   DBG iter           2  maxU2=   800.00000000000000       maxFi=   3.2084735697228618E-002  maxFj=   1.2678774421959114       Fi(21,1,1)=   0.0000000000000000       Fi(21,21,1)=   0.0000000000000000       Fi(41,21,1)=   0.0000000000000000     
   DBG div max=   1.2679232895468850       res_p=   1.2679232895468850     
   SIMPLE iter           2  res_p=   1.2679232895468850       u(1,1,1)=   1.0892980361786417       p(1,1,1)=  -1.8608832182881094     
   DBG iter           3  maxU2=   800.00000000000000       maxFi=   4.2432633217822972E-002  maxFj=   1.4008406880000714       Fi(21,1,1)=   0.0000000000000000       Fi(21,21,1)=   0.0000000000000000       Fi(41,21,1)=   0.0000000000000000     
   DBG div max=   1.4169399143393251       res_p=   1.4169399143393251     
   SIMPLE iter           3  res_p=   1.4169399143393251       u(1,1,1)=   1.1855034953997527       p(1,1,1)=  -3.1979128567325743     
   SIMPLE iter           4  res_p=   1.4891527904972202       u(1,1,1)=   1.2320323325272535       p(1,1,1)=  -4.6971227991544051     
   SIMPLE iter           5  res_p=   1.5156925637677785       u(1,1,1)=   1.2700158545979161       p(1,1,1)=  -6.2591610328426741     
 DEBUG T iter          50 min   3.8134379923486867      max   795.22788117706796     
 DEBUG T iter         100 min   1.5793638559752794      max   799.01605754272418     
   SIMPLE iter         100  res_p=  0.55768616405607963       u(1,1,1)=   1.9278073977934587       p(1,1,1)=  -90.268418021470026     
 DEBUG T iter         150 min   1.1500145946517046      max   799.74119600255881     
 DEBUG T iter         200 min   1.0436340508723099      max   799.90637126392971     
   SIMPLE iter         200  res_p=  0.16978614024058444       u(1,1,1)=   1.9070615273232292       p(1,1,1)=  -101.74595888806441     
Note: The following floating-point exceptions are signalling: IEEE_INVALID_FLAG IEEE_OVERFLOW_FLAG IEEE_UNDERFLOW_FLAG IEEE_DENORMAL
 DEBUG T NaN at iter         245  cell          13           1           1  T(i-1)   385.71185110054046       T(i+1)                       NaN  T(j-1)   212.32817881339804       T(j+1)                       NaN  p                       NaN  Fi(i,j)  -10827.933861826479     
--------------------------------------------------------------------------
mpirun has exited due to process rank 0 with PID 0 on
node DESKTOP-68P2P7O exiting improperly. There are three reasons this could occur:

1. this process did not call "init" before exiting, but others in
the job did. This can cause a job to hang indefinitely while it waits
for all processes to call "init". By rule, if one process calls "init",
then ALL processes must call "init" prior to termination.

2. this process called "init", but exited without calling "finalize".
By rule, all processes that call "init" MUST call "finalize" prior to
exiting or it will be considered an "abnormal termination"

3. this process called "MPI_Abort" or "orte_abort" and the mca parameter
orte_create_session_dirs is set to false. In this case, the run-time cannot
detect that the abort call was an abnormal termination. Hence, the only
error message you will receive is this one.

This may have caused other processes in the application to be
terminated by signals sent by mpirun (as reported here).

You can avoid this message by specifying -quiet on the mpirun command line.
--------------------------------------------------------------------------
