nohup: ignoring input
 ----------------- OpenCFD-EC3D ver 1.14a (MPI-OpenMP version)------------------
         Copyright by Li Xinliang, lixl@imech.ac.cn                            
         Programming by Li Xinliang  2016-1                                   
 ----------------------------------------------------------------------------- 
 Check if Multi-Grid can be used ...
 Total Block number is            4 Total Cell number is         8760
 Check multigrid OK
 can not find partation.dat,  create partation ...
 Partation ......
 Total Cell number=        8760
 Total Grid number=       18406
 Max grid number is        18406  ... rato to mean grid is   1.0000000000000000     
 Min grid number is        18406  ... rato to mean grid is   1.0000000000000000     
 rato max to min is    1.0000000000000000     
 Read material.in OK, Total_block=           4
   Block           1 : Block_type=           2  rho=   1.0000000000000000       Cp=   1005.0000000000000       k=   2.5999999999999999E-002
   Block           2 : Block_type=           0  rho=   0.0000000000000000       Cp=   0.0000000000000000       k=   0.0000000000000000     
   Block           3 : Block_type=           0  rho=   0.0000000000000000       Cp=   0.0000000000000000       k=   0.0000000000000000     
   Block           4 : Block_type=           0  rho=   0.0000000000000000       Cp=   0.0000000000000000       k=   0.0000000000000000     
 porous.inp not found: porous blocks use defaults (eps=0.9, dp=1e-3 m, hv=0)
 creat main mesh OK, Num_Cell=        8760
  read main mesh ...
 read Mesh3d.dat OK
 Convert bc3d.inp to bc3d.inc ...
 Convert bc3d.inp to bc3d.inc OK
 read bc3d.inc (Link/boundary file)......
 read bc3d.inc OK
 Convert bc3d_interface.inp to bc3d_interface.inc ...
 Convert bc3d_interface.inp to bc3d_interface.inc OK
 read bc3d_interface.inc (Interface link file)......
 read bc3d_interface.inc OK
 solid_bc.inp not found, no solid thermal BCs
  Need not read wall_dist.dat 
 No FDM.in, Donot use hybrid FVM/FDM
 my_id, block_no, FDM, FD_Flux, FD_Scheme=           0           1           0
 my_id, block_no, FDM, FD_Flux, FD_Scheme=           0           2           0
 my_id, block_no, FDM, FD_Flux, FD_Scheme=           0           3           0
 my_id, block_no, FDM, FD_Flux, FD_Scheme=           0           4           0
 comput Jocabian OK ...
 Check mesh quality ......
 Check mesh quality OK
 Initial by Free-stream flow ......
  Start ......
   DBG iter           1  maxU2=   0.0000000000000000       maxFi=   0.0000000000000000       maxFj=   0.0000000000000000       Fi(21,1,1)=   0.0000000000000000       Fi(21,21,1)=   0.0000000000000000       Fi(41,21,1)=   0.0000000000000000     
   DBG div max=   7.4974611391894202E-005  res_p=   0.0000000000000000     
   SIMPLE iter           1  res_p=   0.0000000000000000       u(1,1,1)=   0.0000000000000000       p(1,1,1)=   2046.0000000000000     
   DBG iter           2  maxU2=   0.0000000000000000       maxFi=   0.0000000000000000       maxFj=   0.0000000000000000       Fi(21,1,1)=   0.0000000000000000       Fi(21,21,1)=   0.0000000000000000       Fi(41,21,1)=   0.0000000000000000     
   DBG div max=   7.4974611391894202E-005  res_p=   0.0000000000000000     
   SIMPLE iter           2  res_p=   0.0000000000000000       u(1,1,1)=   0.0000000000000000       p(1,1,1)=   2046.0000000000000     
   DBG iter           3  maxU2=   0.0000000000000000       maxFi=   0.0000000000000000       maxFj=   0.0000000000000000       Fi(21,1,1)=   0.0000000000000000       Fi(21,21,1)=   0.0000000000000000       Fi(41,21,1)=   0.0000000000000000     
   DBG div max=   7.4974611391894202E-005  res_p=   0.0000000000000000     
   SIMPLE iter           3  res_p=   0.0000000000000000       u(1,1,1)=   0.0000000000000000       p(1,1,1)=   2046.0000000000000     
   SIMPLE iter           4  res_p=   0.0000000000000000       u(1,1,1)=   0.0000000000000000       p(1,1,1)=   2046.0000000000000     
   SIMPLE iter           5  res_p=   0.0000000000000000       u(1,1,1)=   0.0000000000000000       p(1,1,1)=   2046.0000000000000     
 Low-speed solver Block           1  SIMPLE iterations:          11  res_p:   0.0000000000000000     
 --------------Force and Moment -----------------------------
 Total Force Coefficient (CL, CD, CS) =
   3.0008611217704664E-002  0.27310171919770776        0.0000000000000000     
 Total Moment Coefficient(CMx, CMy, CMz)=
  -7.5021528044261661E-003   6.8275429799426940E-002   1.3894355678700400E-002
 Kstep, t=           1   1.0000000000000000     
 ----------The Max Residuals are--------  ---Mesh---           1
    0.3469446952E-18    0.2238538747E-02    0.8923739483E-07    0.2032879073E-19    0.6510416893E-10
   The R.M.S Residuals are 
    0.4552127859E-19    0.1868002618E-03    0.1906886419E-08    0.5937276908E-21    0.7683100772E-11
 CPU wall time in this step:   2.4306062999999999E-002
 Averaged CPU wall time is:   2.4306062999999999E-002
   DBG iter           1  maxU2=   30.000000000000000       maxFi=   8.9996118919683835E-008  maxFj=   1.4199304268066780E-019  Fi(21,1,1)=   0.0000000000000000       Fi(21,21,1)=   0.0000000000000000       Fi(41,21,1)=   0.0000000000000000     
   DBG div max=   7.4974611391894202E-005  res_p=   8.9996118888306492E-008
   SIMPLE iter           1  res_p=   8.9996118888306492E-008  u(1,1,1)=  -3.9268737083517998E-007  p(1,1,1)=   2045.9999999972783     
   DBG iter           2  maxU2=   30.000000000000000       maxFi=   1.4133873813895983E-007  maxFj=   1.1469464911971586E-007  Fi(21,1,1)=   0.0000000000000000       Fi(21,21,1)=   0.0000000000000000       Fi(41,21,1)=   0.0000000000000000     
   DBG div max=   7.4974611391894202E-005  res_p=   8.1454834676684249E-008
   SIMPLE iter           2  res_p=   8.1454834676684249E-008  u(1,1,1)=  -5.5609857188940406E-006  p(1,1,1)=   2045.9999999564238     
   DBG iter           3  maxU2=   30.000000000000000       maxFi=   1.7379573243938631E-007  maxFj=   1.9871215927126109E-007  Fi(21,1,1)=   0.0000000000000000       Fi(21,21,1)=   0.0000000000000000       Fi(41,21,1)=   0.0000000000000000     
   DBG div max=   7.4974611391894202E-005  res_p=   6.7526157481967523E-008
   SIMPLE iter           3  res_p=   6.7526157481967523E-008  u(1,1,1)=  -6.2080021235791485E-006  p(1,1,1)=   2045.9999999252786     
   SIMPLE iter           4  res_p=   5.6949483997464564E-008  u(1,1,1)=  -7.9708387270392079E-006  p(1,1,1)=   2045.9999998992248     
   SIMPLE iter           5  res_p=   4.9608795586340269E-008  u(1,1,1)=  -1.0980075383048580E-005  p(1,1,1)=   2045.9999998747153     
 Low-speed solver Block           1  SIMPLE iterations:          11  res_p:   3.3501084826460016E-008
 --------------Force and Moment -----------------------------
 Total Force Coefficient (CL, CD, CS) =
  -4.0567052338184126E-002  0.40195432003942055       -6.5891292569688292E-020
 Total Moment Coefficient(CMx, CMy, CMz)=
   1.0141763084546031E-002  0.10048858000985514       -1.8783112583480359E-002
 Kstep, t=           2   2.0000000000000000     
 ----------The Max Residuals are--------  ---Mesh---           1
    0.1726765516E-03    0.3132507830E-02    0.2422949906E-03    0.1355239867E-19    0.4345534435E-03
   The R.M.S Residuals are 
    0.1608484587E-04    0.2671771797E-03    0.2427605938E-04    0.1319832454E-20    0.4506470403E-04
 CPU wall time in this step:   3.9944012000000001E-002
 Averaged CPU wall time is:   3.2125037500000002E-002
   DBG iter           1  maxU2=   30.000000000000000       maxFi=   2.6700242548872965E-007  maxFj=   3.0924028816406542E-006  Fi(21,1,1)=   0.0000000000000000       Fi(21,21,1)=   0.0000000000000000       Fi(41,21,1)=   0.0000000000000000     
   DBG div max=   7.4974611391894202E-005  res_p=   2.8254004561519247E-006
   SIMPLE iter           1  res_p=   2.8254004561519247E-006  u(1,1,1)=  -3.9033816386668056E-005  p(1,1,1)=   2045.9999997694140     
   DBG iter           2  maxU2=   30.000000000000000       maxFi=   2.7119958346924515E-007  maxFj=   3.8894137160303777E-006  Fi(21,1,1)=   0.0000000000000000       Fi(21,21,1)=   0.0000000000000000       Fi(41,21,1)=   0.0000000000000000     
   DBG div max=   7.4974611391894202E-005  res_p=   3.6182141325611326E-006
   SIMPLE iter           2  res_p=   3.6182141325611326E-006  u(1,1,1)=  -4.7920456564938087E-005  p(1,1,1)=   2045.9999998536578     
   DBG iter           3  maxU2=   30.000000000000000       maxFi=   2.7497786983156236E-007  maxFj=   4.0902172002352066E-006  Fi(21,1,1)=   0.0000000000000000       Fi(21,21,1)=   0.0000000000000000       Fi(41,21,1)=   0.0000000000000000     
   DBG div max=   7.4974611391894202E-005  res_p=   3.8152393304036439E-006
   SIMPLE iter           3  res_p=   3.8152393304036439E-006  u(1,1,1)=  -5.8102596839754363E-005  p(1,1,1)=   2045.9999998274059     
   SIMPLE iter           4  res_p=   3.8006909327179371E-006  u(1,1,1)=  -5.6132013075934267E-005  p(1,1,1)=   2045.9999998184610     
   SIMPLE iter           5  res_p=   3.7117296148337032E-006  u(1,1,1)=  -5.6532651355995643E-005  p(1,1,1)=   2045.9999998003402     
 Low-speed solver Block           1  SIMPLE iterations:          11  res_p:   3.0272401329209661E-006
 --------------Force and Moment -----------------------------
 Total Force Coefficient (CL, CD, CS) =
  -6.4670470736445093E-002  0.37313645534986484       -3.1077285298202424E-020
 Total Moment Coefficient(CMx, CMy, CMz)=
   1.6167617684111277E-002   9.3284113837466209E-002  -2.9943351929101435E-002
 Kstep, t=           3   3.0000000000000000     
 ----------The Max Residuals are--------  ---Mesh---           1
    0.2992235441E-03    0.2684498919E-02    0.1854421472E-03    0.8910764261E-20    0.1267130527E-02
   The R.M.S Residuals are 
    0.2807415329E-04    0.2376507960E-03    0.2684127064E-04    0.1529681376E-20    0.8085392789E-04
 CPU wall time in this step:   3.8427560999999999E-002
 Averaged CPU wall time is:   3.4225878666666668E-002
   DBG iter           1  maxU2=   30.000000000000000       maxFi=   2.9777813246213801E-007  maxFj=   2.0536679922938089E-005  Fi(21,1,1)=   0.0000000000000000       Fi(21,21,1)=   0.0000000000000000       Fi(41,21,1)=   0.0000000000000000     
   DBG div max=   7.4974611391894202E-005  res_p=   2.0238901790475951E-005
   SIMPLE iter           1  res_p=   2.0238901790475951E-005  u(1,1,1)=  -9.5840010017476354E-005  p(1,1,1)=   2045.9999999132092     
   DBG iter           2  maxU2=   30.000000000000000       maxFi=   2.9952964801548353E-007  maxFj=   2.5772630182093168E-005  Fi(21,1,1)=   0.0000000000000000       Fi(21,21,1)=   0.0000000000000000       Fi(41,21,1)=   0.0000000000000000     
   DBG div max=   7.4974611391894202E-005  res_p=   2.5483935162615063E-005
   SIMPLE iter           2  res_p=   2.5483935162615063E-005  u(1,1,1)=  -1.3323993954620901E-004  p(1,1,1)=   2046.0000005590928     
   DBG iter           3  maxU2=   30.000000000000000       maxFi=   3.0118569146720876E-007  maxFj=   2.6995769038950070E-005  Fi(21,1,1)=   0.0000000000000000       Fi(21,21,1)=   0.0000000000000000       Fi(41,21,1)=   0.0000000000000000     
   DBG div max=   7.4974611391894202E-005  res_p=   2.6719757172767603E-005
   SIMPLE iter           3  res_p=   2.6719757172767603E-005  u(1,1,1)=  -1.7966158740061997E-004  p(1,1,1)=   2046.0000005055565     
   SIMPLE iter           4  res_p=   2.6569043999565363E-005  u(1,1,1)=  -1.4861518536883947E-004  p(1,1,1)=   2046.0000005453926     
   SIMPLE iter           5  res_p=   2.5936415034923042E-005  u(1,1,1)=  -1.3010227588057356E-004  p(1,1,1)=   2046.0000005284669     
 Low-speed solver Block           1  SIMPLE iterations:          35  res_p:   9.7015924044954088E-006
 --------------Force and Moment -----------------------------
 Total Force Coefficient (CL, CD, CS) =
  -7.0930830215784446E-002  0.31090805509016717       -1.3007700714978221E-020
 Total Moment Coefficient(CMx, CMy, CMz)=
   1.7732707553946108E-002   7.7727013772541792E-002  -3.2841994757539614E-002
 Kstep, t=           4   4.0000000000000000     
 ----------The Max Residuals are--------  ---Mesh---           1
    0.3700590695E-03    0.1985766017E-02    0.1625964105E-03    0.9554537073E-20    0.6263783376E-03
   The R.M.S Residuals are 
    0.3554694063E-04    0.1834956837E-03    0.2457416217E-04    0.1604938462E-20    0.6140542348E-04
 CPU wall time in this step:   8.3135487999999994E-002
 Averaged CPU wall time is:   4.6453280999999999E-002
   DBG iter           1  maxU2=   30.000000000000000       maxFi=   1.4614021838435543E-006  maxFj=   1.0725333014983085E-005  Fi(21,1,1)=   0.0000000000000000       Fi(21,21,1)=   0.0000000000000000       Fi(41,21,1)=   0.0000000000000000     
   DBG div max=   7.4974611391894202E-005  res_p=   3.5828825697808990E-006
   SIMPLE iter           1  res_p=   3.5828825697808990E-006  u(1,1,1)=  -5.1575521520024229E-004  p(1,1,1)=   2045.9999977611217     
   DBG iter           2  maxU2=   30.000000000000000       maxFi=   1.5195079840925644E-006  maxFj=   1.0976399020922206E-005  Fi(21,1,1)=   0.0000000000000000       Fi(21,21,1)=   0.0000000000000000       Fi(41,21,1)=   0.0000000000000000     
   DBG div max=   7.4974611391894202E-005  res_p=   4.0750742218660181E-006
   SIMPLE iter           2  res_p=   4.0750742218660181E-006  u(1,1,1)=  -5.4149119646966894E-004  p(1,1,1)=   2045.9999973543802     
   DBG iter           3  maxU2=   30.000000000000000       maxFi=   1.5983610871659043E-006  maxFj=   1.1641782155731805E-005  Fi(21,1,1)=   0.0000000000000000       Fi(21,21,1)=   0.0000000000000000       Fi(41,21,1)=   0.0000000000000000     
   DBG div max=   7.4974611391894202E-005  res_p=   3.7997100543716777E-006
   SIMPLE iter           3  res_p=   3.7997100543716777E-006  u(1,1,1)=  -5.6689604673669557E-004  p(1,1,1)=   2045.9999975294543     
   SIMPLE iter           4  res_p=   3.5527340452027806E-006  u(1,1,1)=  -6.3688085742765214E-004  p(1,1,1)=   2045.9999972903711     
   SIMPLE iter           5  res_p=   3.3068731212623611E-006  u(1,1,1)=  -6.6460165466703327E-004  p(1,1,1)=   2045.9999971525035     
 Low-speed solver Block           1  SIMPLE iterations:          11  res_p:   2.0405098018502971E-006
 --------------Force and Moment -----------------------------
 Total Force Coefficient (CL, CD, CS) =
  -7.0653206877350924E-002  0.25315377282848672       -7.0275418157877790E-021
 Total Moment Coefficient(CMx, CMy, CMz)=
   1.7663301719337728E-002   6.3288443207121681E-002  -3.2713461202379175E-002
 Kstep, t=           5   5.0000000000000000     
 ----------The Max Residuals are--------  ---Mesh---           1
    0.3930895982E-03    0.1376880378E-02    0.1628910474E-03    0.8796505206E-20    0.5617775184E-03
   The R.M.S Residuals are 
    0.3995597036E-04    0.1414827085E-03    0.2323675303E-04    0.1653427749E-20    0.5750499703E-04
 CPU wall time in this step:   3.3934165000000016E-002
 Averaged CPU wall time is:   4.3949457800000001E-002
   DBG iter           1  maxU2=   30.000000000000000       maxFi=   2.4597914747131292E-006  maxFj=   1.7549877185517535E-005  Fi(21,1,1)=   0.0000000000000000       Fi(21,21,1)=   0.0000000000000000       Fi(41,21,1)=   0.0000000000000000     
   DBG div max=   7.4974611391894202E-005  res_p=   2.4105385576501266E-006
   SIMPLE iter           1  res_p=   2.4105385576501266E-006  u(1,1,1)=  -9.1805325246275919E-004  p(1,1,1)=   2045.9999958601961     
   DBG iter           2  maxU2=   30.000000000000000       maxFi=   2.5522919061111246E-006  maxFj=   1.8171346481987740E-005  Fi(21,1,1)=   0.0000000000000000       Fi(21,21,1)=   0.0000000000000000       Fi(41,21,1)=   0.0000000000000000     
   DBG div max=   7.4974611391894202E-005  res_p=   2.2606852265882404E-006
   SIMPLE iter           2  res_p=   2.2606852265882404E-006  u(1,1,1)=  -1.0079833671061669E-003  p(1,1,1)=   2045.9999958113688     
   DBG iter           3  maxU2=   30.000000000000000       maxFi=   2.6955170578951828E-006  maxFj=   1.9066652212970660E-005  Fi(21,1,1)=   0.0000000000000000       Fi(21,21,1)=   0.0000000000000000       Fi(41,21,1)=   0.0000000000000000     
   DBG div max=   7.4974611391894202E-005  res_p=   2.0884272018261215E-006
   SIMPLE iter           3  res_p=   2.0884272018261215E-006  u(1,1,1)=  -1.0781294667361583E-003  p(1,1,1)=   2045.9999955414303     
   SIMPLE iter           4  res_p=   1.9272662676822502E-006  u(1,1,1)=  -1.1179350292052335E-003  p(1,1,1)=   2045.9999953399085     
   SIMPLE iter           5  res_p=   1.7754780985492121E-006  u(1,1,1)=  -1.1712276453553537E-003  p(1,1,1)=   2045.9999951004120     
 Low-speed solver Block           1  SIMPLE iterations:          11  res_p:   1.0414383769490303E-006
 --------------Force and Moment -----------------------------
 Total Force Coefficient (CL, CD, CS) =
  -6.8580083810454606E-002  0.20761688482565430       -5.5397893805926833E-021
 Total Moment Coefficient(CMx, CMy, CMz)=
   1.7145020952613648E-002   5.1904221206413574E-002  -3.1753577706753265E-002
 Kstep, t=           6   6.0000000000000000     
 ----------The Max Residuals are--------  ---Mesh---           1
    0.3875051827E-03    0.9205137214E-03    0.1447128653E-03    0.9635755870E-20    0.4218757253E-03
   The R.M.S Residuals are 
    0.4279168444E-04    0.1140503449E-03    0.2227219906E-04    0.1765442528E-20    0.5384928634E-04
 CPU wall time in this step:   4.0534292999999999E-002
 Averaged CPU wall time is:   4.3380263666666669E-002
   DBG iter           1  maxU2=   30.000000000000000       maxFi=   4.1843785873359066E-006  maxFj=   2.8499711310370051E-005  Fi(21,1,1)=   0.0000000000000000       Fi(21,21,1)=   0.0000000000000000       Fi(41,21,1)=   0.0000000000000000     
   DBG div max=   7.4974611391894202E-005  res_p=   1.3943594743319894E-006
   SIMPLE iter           1  res_p=   1.3943594743319894E-006  u(1,1,1)=  -1.5523128329905998E-003  p(1,1,1)=   2045.9999930585568     
   DBG iter           2  maxU2=   30.000000000000000       maxFi=   4.3058770066384354E-006  maxFj=   2.9098428594175488E-005  Fi(21,1,1)=   0.0000000000000000       Fi(21,21,1)=   0.0000000000000000       Fi(41,21,1)=   0.0000000000000000     
   DBG div max=   7.4974611391894202E-005  res_p=   1.3114378241319733E-006
   SIMPLE iter           2  res_p=   1.3114378241319733E-006  u(1,1,1)=  -1.7607526993608878E-003  p(1,1,1)=   2045.9999932081541     
   DBG iter           3  maxU2=   30.000000000000000       maxFi=   4.5623625466283748E-006  maxFj=   3.0674385467817731E-005  Fi(21,1,1)=   0.0000000000000000       Fi(21,21,1)=   0.0000000000000000       Fi(41,21,1)=   0.0000000000000000     
   DBG div max=   7.4974611391894202E-005  res_p=   1.2072925261931047E-006
   SIMPLE iter           3  res_p=   1.2072925261931047E-006  u(1,1,1)=  -1.8974251406831471E-003  p(1,1,1)=   2045.9999926754615     
   SIMPLE iter           4  res_p=   1.1099691701260245E-006  u(1,1,1)=  -1.9441586191840652E-003  p(1,1,1)=   2045.9999923896435     
   SIMPLE iter           5  res_p=   1.0182498804328111E-006  u(1,1,1)=  -2.0300231454628646E-003  p(1,1,1)=   2045.9999919924628     
 Low-speed solver Block           1  SIMPLE iterations:          11  res_p:   7.5398483682159861E-007
 --------------Force and Moment -----------------------------
 Total Force Coefficient (CL, CD, CS) =
  -6.6257360848637065E-002  0.17352675072225560        1.3098088595936337E-020
 Total Moment Coefficient(CMx, CMy, CMz)=
   1.6564340212159263E-002   4.3381687680563899E-002  -3.0678118772358539E-002
 Kstep, t=           7   7.0000000000000000     
 ----------The Max Residuals are--------  ---Mesh---           1
    0.3704374408E-03    0.7738446765E-03    0.1528127393E-03    0.1115644342E-19    0.3743257365E-03
   The R.M.S Residuals are 
    0.4535352181E-04    0.9840758088E-04    0.2187561334E-04    0.1812543581E-20    0.5316104884E-04
 CPU wall time in this step:   3.4876658999999977E-002
 Averaged CPU wall time is:   4.2165463000000000E-002
   DBG iter           1  maxU2=   30.000000000000000       maxFi=   7.0407433853784132E-006  maxFj=   4.5519915167535316E-005  Fi(21,1,1)=   0.0000000000000000       Fi(21,21,1)=   0.0000000000000000       Fi(41,21,1)=   0.0000000000000000     
   DBG div max=   7.4974611391894202E-005  res_p=   8.2422352049934431E-007
   SIMPLE iter           1  res_p=   8.2422352049934431E-007  u(1,1,1)=  -2.5519031715119074E-003  p(1,1,1)=   2045.9999886159897     
   DBG iter           2  maxU2=   30.000000000000000       maxFi=   7.1619624009536890E-006  maxFj=   4.5326802833707730E-005  Fi(21,1,1)=   0.0000000000000000       Fi(21,21,1)=   0.0000000000000000       Fi(41,21,1)=   0.0000000000000000     
   DBG div max=   7.4974611391894202E-005  res_p=   1.2013310711806471E-006
   SIMPLE iter           2  res_p=   1.2013310711806471E-006  u(1,1,1)=  -3.0524127073572865E-003  p(1,1,1)=   2045.9999894542268     
   DBG iter           3  maxU2=   30.000000000000000       maxFi=   7.5884219904286635E-006  maxFj=   4.8212358511254475E-005  Fi(21,1,1)=   0.0000000000000000       Fi(21,21,1)=   0.0000000000000000       Fi(41,21,1)=   0.0000000000000000     
   DBG div max=   7.4974611391894202E-005  res_p=   9.7670401443669531E-007
   SIMPLE iter           3  res_p=   9.7670401443669531E-007  u(1,1,1)=  -3.3158782840058618E-003  p(1,1,1)=   2045.9999883653393     
   SIMPLE iter           4  res_p=   1.0154311955861564E-006  u(1,1,1)=  -3.3433510013719269E-003  p(1,1,1)=   2045.9999880070668     
   SIMPLE iter           5  res_p=   1.0837883164009321E-006  u(1,1,1)=  -3.4703751401692438E-003  p(1,1,1)=   2045.9999873508918     
 Low-speed solver Block           1  SIMPLE iterations:          11  res_p:   1.6913496888920359E-006
 --------------Force and Moment -----------------------------
 Total Force Coefficient (CL, CD, CS) =
  -6.4162715383341867E-002  0.14836322085847056        2.2190956727341101E-020
 Total Moment Coefficient(CMx, CMy, CMz)=
   1.6040678845835467E-002   3.7090805214617641E-002  -2.9708259557262705E-002
 Kstep, t=           8   8.0000000000000000     
 ----------The Max Residuals are--------  ---Mesh---           1
    0.3490141997E-03    0.7304579646E-03    0.1391020560E-03    0.1085309431E-19    0.3963069425E-03
   The R.M.S Residuals are 
    0.4699080076E-04    0.8943711958E-04    0.2192517830E-04    0.1953929569E-20    0.5251545991E-04
 CPU wall time in this step:   3.4490345000000033E-002
 Averaged CPU wall time is:   4.1206073250000003E-002
   DBG iter           1  maxU2=   30.000000000000000       maxFi=   1.1792547065903283E-005  maxFj=   7.1487462458092195E-005  Fi(21,1,1)=   0.0000000000000000       Fi(21,21,1)=   0.0000000000000000       Fi(41,21,1)=   0.0000000000000000     
   DBG div max=   7.4974611391894202E-005  res_p=   1.5383779054848639E-006
   SIMPLE iter           1  res_p=   1.5383779054848639E-006  u(1,1,1)=  -4.0130470365421916E-003  p(1,1,1)=   2045.9999818834558     
   DBG iter           2  maxU2=   30.000000000000000       maxFi=   1.1801324406843354E-005  maxFj=   6.8377063512888240E-005  Fi(21,1,1)=   0.0000000000000000       Fi(21,21,1)=   0.0000000000000000       Fi(41,21,1)=   0.0000000000000000     
   DBG div max=   7.4974611391894202E-005  res_p=   2.1482458331455141E-006
   SIMPLE iter           2  res_p=   2.1482458331455141E-006  u(1,1,1)=  -5.2061065680434468E-003  p(1,1,1)=   2045.9999848655843     
   DBG iter           3  maxU2=   30.000000000000000       maxFi=   1.2537608655881379E-005  maxFj=   7.3846173534902266E-005  Fi(21,1,1)=   0.0000000000000000       Fi(21,21,1)=   0.0000000000000000       Fi(41,21,1)=   0.0000000000000000     
   DBG div max=   7.4974611391894202E-005  res_p=   2.1790702245167329E-006
   SIMPLE iter           3  res_p=   2.1790702245167329E-006  u(1,1,1)=  -5.6933073270598131E-003  p(1,1,1)=   2045.9999826335736     
   SIMPLE iter           4  res_p=   2.2417385161393179E-006  u(1,1,1)=  -5.6264336381549413E-003  p(1,1,1)=   2045.9999823449575     
   SIMPLE iter           5  res_p=   2.3766223848275903E-006  u(1,1,1)=  -5.7800923573290124E-003  p(1,1,1)=   2045.9999813180705     
 Low-speed solver Block           1  SIMPLE iterations:          11  res_p:   3.7142837230873948E-006
 --------------Force and Moment -----------------------------
 Total Force Coefficient (CL, CD, CS) =
  -6.2387009991705690E-002  0.12975899504744376        1.8013816995818603E-020
 Total Moment Coefficient(CMx, CMy, CMz)=
   1.5596752497926421E-002   3.2439748761860940E-002  -2.8886072937547844E-002
 Kstep, t=           9   9.0000000000000000     
 ----------The Max Residuals are--------  ---Mesh---           1
    0.3250941013E-03    0.6680125964E-03    0.1420249627E-03    0.1514312116E-19    0.3863513259E-03
   The R.M.S Residuals are 
    0.4805458219E-04    0.8397818375E-04    0.2176117920E-04    0.1938606854E-20    0.5199606032E-04
 CPU wall time in this step:   3.1723145999999980E-002
 Averaged CPU wall time is:   4.0152414666666664E-002
   DBG iter           1  maxU2=   30.000000000000000       maxFi=   1.9586894085630298E-005  maxFj=   1.1081132888404148E-004  Fi(21,1,1)=   0.0000000000000000       Fi(21,21,1)=   0.0000000000000000       Fi(41,21,1)=   0.0000000000000000     
   DBG div max=   7.4974611391894202E-005  res_p=   2.8224080124650763E-006
   SIMPLE iter           1  res_p=   2.8224080124650763E-006  u(1,1,1)=  -5.8989991304174219E-003  p(1,1,1)=   2045.9999728697737     
   DBG iter           2  maxU2=   30.000000000000000       maxFi=   1.9522209201687722E-005  maxFj=   9.9049656445992230E-005  Fi(21,1,1)=   0.0000000000000000       Fi(21,21,1)=   0.0000000000000000       Fi(41,21,1)=   0.0000000000000000     
   DBG div max=   7.4974611391894202E-005  res_p=   4.7182529847346248E-006
   SIMPLE iter           2  res_p=   4.7182529847346248E-006  u(1,1,1)=  -8.5956143753282543E-003  p(1,1,1)=   2045.9999820117209     
   DBG iter           3  maxU2=   30.000000000000000       maxFi=   2.0885170114940083E-005  maxFj=   1.0955530568972889E-004  Fi(21,1,1)=   0.0000000000000000       Fi(21,21,1)=   0.0000000000000000       Fi(41,21,1)=   0.0000000000000000     
   DBG div max=   7.4974611391894202E-005  res_p=   4.6007103467656635E-006
   SIMPLE iter           3  res_p=   4.6007103467656635E-006  u(1,1,1)=  -9.4457407350183684E-003  p(1,1,1)=   2045.9999774403261     
   SIMPLE iter           4  res_p=   4.7031366804671548E-006  u(1,1,1)=  -9.1375010362585180E-003  p(1,1,1)=   2045.9999776337172     
   SIMPLE iter           5  res_p=   4.8346461562314581E-006  u(1,1,1)=  -9.2424653833628329E-003  p(1,1,1)=   2045.9999761512322     
 Low-speed solver Block           1  SIMPLE iterations:          11  res_p:   6.8732761472214736E-006
 --------------Force and Moment -----------------------------
 Total Force Coefficient (CL, CD, CS) =
  -6.0847182376544920E-002  0.11581722042141246        2.1353972272815714E-020
 Total Moment Coefficient(CMx, CMy, CMz)=
   1.5211795594136227E-002   2.8954305105353115E-002  -2.8173101147120343E-002
 Kstep, t=          10   10.000000000000000     
 ----------The Max Residuals are--------  ---Mesh---           1
    0.3011691317E-03    0.5995723282E-03    0.1317286082E-03    0.1272897515E-19    0.3614167827E-03
   The R.M.S Residuals are 
    0.4926625549E-04    0.8062150573E-04    0.2169302327E-04    0.2013062953E-20    0.5193435245E-04
 write flow3d.dat ......
 write flow3d.dat OK
 write VTK files ......
 write merged flow3d.vtk OK: points=       18406  cells=        8760
 write VTK files OK
 CPU wall time in this step:  0.11500936499999997     
 Averaged CPU wall time is:   4.7638109700000000E-002
   DBG iter           1  maxU2=   30.000000000000000       maxFi=   3.2434524312275781E-005  maxFj=   1.6835877097362033E-004  Fi(21,1,1)=   0.0000000000000000       Fi(21,21,1)=   0.0000000000000000       Fi(41,21,1)=   0.0000000000000000     
   DBG div max=   7.4974611391894202E-005  res_p=   8.2140014367873664E-006
   SIMPLE iter           1  res_p=   8.2140014367873664E-006  u(1,1,1)=  -7.8747302398160367E-003  p(1,1,1)=   2045.9999635211202     
   DBG iter           2  maxU2=   30.000000000000000       maxFi=   3.0217941196987666E-005  maxFj=   1.3574639668919135E-004  Fi(21,1,1)=   0.0000000000000000       Fi(21,21,1)=   0.0000000000000000       Fi(41,21,1)=   0.0000000000000000     
   DBG div max=   7.4974611391894202E-005  res_p=   9.6611211783505786E-006
   SIMPLE iter           2  res_p=   9.6611211783505786E-006  u(1,1,1)=  -1.3474851613577896E-002  p(1,1,1)=   2045.9999890315983     
   DBG iter           3  maxU2=   30.000000000000000       maxFi=   3.3164529695493132E-005  maxFj=   1.5642311751308286E-004  Fi(21,1,1)=   0.0000000000000000       Fi(21,21,1)=   0.0000000000000000       Fi(41,21,1)=   0.0000000000000000     
   DBG div max=   7.4974611391894202E-005  res_p=   8.4261217178108185E-006
   SIMPLE iter           3  res_p=   8.4261217178108185E-006  u(1,1,1)=  -1.4871737920227905E-002  p(1,1,1)=   2045.9999796522670     
   SIMPLE iter           4  res_p=   8.3864363551478671E-006  u(1,1,1)=  -1.4127480671284791E-002  p(1,1,1)=   2045.9999810669487     
   SIMPLE iter           5  res_p=   8.2797252665204446E-006  u(1,1,1)=  -1.4019032341718533E-002  p(1,1,1)=   2045.9999790735701     
 DEBUG T iter          50 min   203.94663427544407      max   299.99875678255745     
 Low-speed solver Block           1  SIMPLE iterations:          61  res_p:   5.8875701704406245E-005
 --------------Force and Moment -----------------------------
 Total Force Coefficient (CL, CD, CS) =
  -5.9463699579272791E-002  0.10514797682736218        1.3943056228381866E-020
 Total Moment Coefficient(CMx, CMy, CMz)=
   1.4865924894818201E-002   2.6286994206840546E-002  -2.7532520070925048E-002
 Kstep, t=          11   11.000000000000000     
 ----------The Max Residuals are--------  ---Mesh---           1
    0.2789733341E-03    0.5313226749E-03    0.1309072650E-03    0.1460626478E-19    0.3295746714E-03
   The R.M.S Residuals are 
    0.5012236646E-04    0.7805774306E-04    0.2176915440E-04    0.2062579644E-20    0.5173860584E-04
 CPU wall time in this step:  0.10447194400000004     
 Averaged CPU wall time is:   5.2804821909090909E-002
   DBG iter           1  maxU2=   30.000000000000000       maxFi=   4.8645940226650620E-004  maxFj=   1.0829108392434073E-003  Fi(21,1,1)=   0.0000000000000000       Fi(21,21,1)=   0.0000000000000000       Fi(41,21,1)=   0.0000000000000000     
   DBG div max=   4.9753988589134332E-004  res_p=   4.9753988589134332E-004
   SIMPLE iter           1  res_p=   4.9753988589134332E-004  u(1,1,1)=  -1.9002928263668305E-003  p(1,1,1)=   2045.9995988798023     
   DBG iter           2  maxU2=   30.000000000000000       maxFi=   2.5835551438392211E-004  maxFj=   4.8131723227108733E-004  Fi(21,1,1)=   0.0000000000000000       Fi(21,21,1)=   0.0000000000000000       Fi(41,21,1)=   0.0000000000000000     
   DBG div max=   3.1815601273275647E-004  res_p=   3.1815601273275647E-004
   SIMPLE iter           2  res_p=   3.1815601273275647E-004  u(1,1,1)=  -4.8736690080863510E-002  p(1,1,1)=   2046.0001880539967     
   DBG iter           3  maxU2=   30.000000000000000       maxFi=   1.5322752605724321E-004  maxFj=   6.2406186516160411E-004  Fi(21,1,1)=   0.0000000000000000       Fi(21,21,1)=   0.0000000000000000       Fi(41,21,1)=   0.0000000000000000     
   DBG div max=   1.2853828580738756E-004  res_p=   1.2853828580738756E-004
   SIMPLE iter           3  res_p=   1.2853828580738756E-004  u(1,1,1)=  -5.2156266188375933E-002  p(1,1,1)=   2046.0000775139922     
   SIMPLE iter           4  res_p=   1.4568635367861641E-004  u(1,1,1)=  -4.8890038713924625E-002  p(1,1,1)=   2046.0000961724925     
   SIMPLE iter           5  res_p=   8.7938822929457594E-005  u(1,1,1)=  -4.7961790962818683E-002  p(1,1,1)=   2046.0001037579684     
 DEBUG T iter          50 min   208.65657376503921      max   299.99999743637829     
 Low-speed solver Block           1  SIMPLE iterations:          61  res_p:   9.3576710471275480E-005
 --------------Force and Moment -----------------------------
 Total Force Coefficient (CL, CD, CS) =
  -5.8179966093472799E-002   9.6791856685839089E-002   3.1697623021192262E-021
 Total Moment Coefficient(CMx, CMy, CMz)=
   1.4544991523368203E-002   2.4197964171459772E-002  -2.6938125200293345E-002
 Kstep, t=          12   12.000000000000000     
 ----------The Max Residuals are--------  ---Mesh---           1
    0.2626149858E-03    0.4785941653E-03    0.1245490944E-03    0.1708090483E-19    0.2950887058E-03
   The R.M.S Residuals are 
    0.5081022331E-04    0.7602407326E-04    0.2174678767E-04    0.2137869385E-20    0.5158095051E-04
 CPU wall time in this step:  0.12032760499999995     
 Averaged CPU wall time is:   5.8431720499999999E-002
   DBG iter           1  maxU2=   30.000000000000000       maxFi=   2.1641840262006978E-003  maxFj=   2.9781009797500012E-003  Fi(21,1,1)=   0.0000000000000000       Fi(21,21,1)=   0.0000000000000000       Fi(41,21,1)=   0.0000000000000000     
   DBG div max=   2.2530463828779328E-003  res_p=   2.2530463828779328E-003
   SIMPLE iter           1  res_p=   2.2530463828779328E-003  u(1,1,1)=   4.7380124641227678E-003  p(1,1,1)=   2045.9997749841398     
   DBG iter           2  maxU2=   30.000000000000000       maxFi=   5.1678120285015353E-003  maxFj=   2.3057844511042785E-003  Fi(21,1,1)=   0.0000000000000000       Fi(21,21,1)=   0.0000000000000000       Fi(41,21,1)=   0.0000000000000000     
   DBG div max=   5.1924721972354754E-003  res_p=   5.1924721972354754E-003
Note: The following floating-point exceptions are signalling: IEEE_INVALID_FLAG IEEE_OVERFLOW_FLAG IEEE_DENORMAL
   SIMPLE iter           2  res_p=   5.1924721972354754E-003  u(1,1,1)=  -5.7841474651073373E-002  p(1,1,1)=   2046.0008449691554     
   DBG iter           3  maxU2=   38.327183734195529       maxFi=   7.6208861634325152E-003  maxFj=   1.0140516726948849E-002  Fi(21,1,1)=   0.0000000000000000       Fi(21,21,1)=   0.0000000000000000       Fi(41,21,1)=   0.0000000000000000     
   DBG div max=   9.4666527276192191E-003  res_p=   9.4666527276192191E-003
   SIMPLE iter           3  res_p=   9.4666527276192191E-003  u(1,1,1)=  -5.5085546895581615E-002  p(1,1,1)=   2046.0005484881785     
   SIMPLE iter           4  res_p=   1.8616136314627451E-002  u(1,1,1)=  -5.6500453843483144E-002  p(1,1,1)=   2046.0006162295829     
   SIMPLE iter           5  res_p=   6.9323098121539528E-003  u(1,1,1)=   6.1548081480167716E-002  p(1,1,1)=   2045.9997942720847     
 DEBUG T NaN at iter          42  cell          14          12           1  T(i-1)   292.52912024075511       T(i+1)                       NaN  T(j-1)   285.32214824835836       T(j+1)                       NaN  p                       NaN  Fi(i,j)  -15.685366442690238     
