nohup: ignoring input
 ----------------- OpenCFD-EC3D ver 1.14a (MPI-OpenMP version)------------------
         Copyright by Li Xinliang, lixl@imech.ac.cn                            
         Programming by Li Xinliang  2016-1                                   
 ----------------------------------------------------------------------------- 
 Check if Multi-Grid can be used ...
 Total Block number is            4 Total Cell number is         8760
 Check multigrid OK
 can not find partation.dat,  create partation ...
 Partation ......
 Total Cell number=        8760
 Total Grid number=       18406
 Max grid number is        18406  ... rato to mean grid is   1.0000000000000000     
 Min grid number is        18406  ... rato to mean grid is   1.0000000000000000     
 rato max to min is    1.0000000000000000     
 Read material.in OK, Total_block=           4
   Block           1 : Block_type=           2  rho=   1.0000000000000000       Cp=   1005.0000000000000       k=   2.5999999999999999E-002
   Block           2 : Block_type=           0  rho=   0.0000000000000000       Cp=   0.0000000000000000       k=   0.0000000000000000     
   Block           3 : Block_type=           0  rho=   0.0000000000000000       Cp=   0.0000000000000000       k=   0.0000000000000000     
   Block           4 : Block_type=           0  rho=   0.0000000000000000       Cp=   0.0000000000000000       k=   0.0000000000000000     
 porous.inp not found: porous blocks use defaults (eps=0.9, dp=1e-3 m, hv=0)
 creat main mesh OK, Num_Cell=        8760
  read main mesh ...
 read Mesh3d.dat OK
 Convert bc3d.inp to bc3d.inc ...
 Convert bc3d.inp to bc3d.inc OK
 read bc3d.inc (Link/boundary file)......
 read bc3d.inc OK
 Convert bc3d_interface.inp to bc3d_interface.inc ...
 Convert bc3d_interface.inp to bc3d_interface.inc OK
 read bc3d_interface.inc (Interface link file)......
 read bc3d_interface.inc OK
 solid_bc.inp not found, no solid thermal BCs
  Need not read wall_dist.dat 
 No FDM.in, Donot use hybrid FVM/FDM
 my_id, block_no, FDM, FD_Flux, FD_Scheme=           0           1           0
 my_id, block_no, FDM, FD_Flux, FD_Scheme=           0           2           0
 my_id, block_no, FDM, FD_Flux, FD_Scheme=           0           3           0
 my_id, block_no, FDM, FD_Flux, FD_Scheme=           0           4           0
 comput Jocabian OK ...
 Check mesh quality ......
 Check mesh quality OK
 Initial by Free-stream flow ......
  Start ......
   DBG iter           1  maxU2=   0.0000000000000000       maxFi=   0.0000000000000000       maxFj=   0.0000000000000000       Fi(21,1,1)=   0.0000000000000000       Fi(21,21,1)=   0.0000000000000000       Fi(41,21,1)=   0.0000000000000000     
   DBG div max=   7.4974611391894202E-005  res_p=   0.0000000000000000     
   SIMPLE iter           1  res_p=   0.0000000000000000       u(1,1,1)=   0.0000000000000000       p(1,1,1)=   3412.4000000000001     
   DBG iter           2  maxU2=   0.0000000000000000       maxFi=   0.0000000000000000       maxFj=   0.0000000000000000       Fi(21,1,1)=   0.0000000000000000       Fi(21,21,1)=   0.0000000000000000       Fi(41,21,1)=   0.0000000000000000     
   DBG div max=   7.4974611391894202E-005  res_p=   0.0000000000000000     
   SIMPLE iter           2  res_p=   0.0000000000000000       u(1,1,1)=   0.0000000000000000       p(1,1,1)=   3412.4000000000001     
   DBG iter           3  maxU2=   0.0000000000000000       maxFi=   0.0000000000000000       maxFj=   0.0000000000000000       Fi(21,1,1)=   0.0000000000000000       Fi(21,21,1)=   0.0000000000000000       Fi(41,21,1)=   0.0000000000000000     
   DBG div max=   7.4974611391894202E-005  res_p=   0.0000000000000000     
   SIMPLE iter           3  res_p=   0.0000000000000000       u(1,1,1)=   0.0000000000000000       p(1,1,1)=   3412.4000000000001     
   SIMPLE iter           4  res_p=   0.0000000000000000       u(1,1,1)=   0.0000000000000000       p(1,1,1)=   3412.4000000000001     
   SIMPLE iter           5  res_p=   0.0000000000000000       u(1,1,1)=   0.0000000000000000       p(1,1,1)=   3412.4000000000001     
 Low-speed solver Block           1  SIMPLE iterations:          11  res_p:   0.0000000000000000     
 --------------Force and Moment -----------------------------
 Total Force Coefficient (CL, CD, CS) =
   3.0008611217704664E-002  0.27310171919770776        0.0000000000000000     
 Total Moment Coefficient(CMx, CMy, CMz)=
  -7.5021528044261661E-003   6.8275429799426940E-002   1.3894355678700400E-002
 Kstep, t=           1   1.0000000000000000     
 ----------The Max Residuals are--------  ---Mesh---           1
    0.3469446952E-18    0.2238538747E-02    0.8923739483E-07    0.2032879073E-19    0.6510416893E-10
   The R.M.S Residuals are 
    0.4552127859E-19    0.1868002618E-03    0.1906886419E-08    0.5937276908E-21    0.7683100772E-11
 CPU wall time in this step:   2.2475408999999998E-002
 Averaged CPU wall time is:   2.2475408999999998E-002
   DBG iter           1  maxU2=   30.000000000000000       maxFi=   3.7813495344404965E-006  maxFj=   5.9660942302801578E-018  Fi(21,1,1)=   0.0000000000000000       Fi(21,21,1)=   0.0000000000000000       Fi(41,21,1)=   0.0000000000000000     
   DBG div max=   7.4974611391894202E-005  res_p=   3.7813495331221211E-006
   SIMPLE iter           1  res_p=   3.7813495331221211E-006  u(1,1,1)=  -3.9268279869794443E-007  p(1,1,1)=   3412.3999985256314     
   DBG iter           2  maxU2=   30.000000000000000       maxFi=   5.9386022174092881E-006  maxFj=   4.8191029043463980E-006  Fi(21,1,1)=   0.0000000000000000       Fi(21,21,1)=   0.0000000000000000       Fi(41,21,1)=   0.0000000000000000     
   DBG div max=   7.4974611391894202E-005  res_p=   3.4224718122675016E-006
   SIMPLE iter           2  res_p=   3.4224718122675016E-006  u(1,1,1)=  -5.5577563541110929E-006  p(1,1,1)=   3412.3999763894267     
   DBG iter           3  maxU2=   30.000000000000000       maxFi=   7.3023413662978141E-006  maxFj=   8.3492511846823585E-006  Fi(21,1,1)=   0.0000000000000000       Fi(21,21,1)=   0.0000000000000000       Fi(41,21,1)=   0.0000000000000000     
   DBG div max=   7.4974611391894202E-005  res_p=   2.8372325918770305E-006
   SIMPLE iter           3  res_p=   2.8372325918770305E-006  u(1,1,1)=  -6.2026274893119840E-006  p(1,1,1)=   3412.3999595060664     
   SIMPLE iter           4  res_p=   2.3928330335230573E-006  u(1,1,1)=  -7.9606794636469896E-006  p(1,1,1)=   3412.3999453875795     
   SIMPLE iter           5  res_p=   2.0843986558203427E-006  u(1,1,1)=  -1.0965875744494328E-005  p(1,1,1)=   3412.3999321042529     
 Low-speed solver Block           1  SIMPLE iterations:          11  res_p:   1.4075858986466192E-006
 --------------Force and Moment -----------------------------
 Total Force Coefficient (CL, CD, CS) =
  -4.0567052338184126E-002  0.40195432003942055       -6.5891292569688292E-020
 Total Moment Coefficient(CMx, CMy, CMz)=
   1.0141763084546031E-002  0.10048858000985514       -1.8783112583480359E-002
 Kstep, t=           2   2.0000000000000000     
 ----------The Max Residuals are--------  ---Mesh---           1
    0.1726765516E-03    0.3132507830E-02    0.2422949906E-03    0.1355239867E-19    0.5596348007E-03
   The R.M.S Residuals are 
    0.1608484534E-04    0.2671777506E-03    0.2427605127E-04    0.1315120996E-20    0.5082856175E-04
 CPU wall time in this step:   3.3757948999999995E-002
 Averaged CPU wall time is:   2.8116678999999999E-002
   DBG iter           1  maxU2=   29.944665709900914       maxFi=   1.1211606525555999E-005  maxFj=   1.0536981198065501E-004  Fi(21,1,1)=   0.0000000000000000       Fi(21,21,1)=   0.0000000000000000       Fi(41,21,1)=   0.0000000000000000     
   DBG div max=   9.4158215883744843E-005  res_p=   9.4158215883744843E-005
   SIMPLE iter           1  res_p=   9.4158215883744843E-005  u(1,1,1)=  -3.8564130163908154E-005  p(1,1,1)=   3412.3998701914088     
   DBG iter           2  maxU2=   29.944665709900914       maxFi=   1.1384029947205018E-005  maxFj=   1.3179031578116194E-004  Fi(21,1,1)=   0.0000000000000000       Fi(21,21,1)=   0.0000000000000000       Fi(41,21,1)=   0.0000000000000000     
   DBG div max=   1.2040630275536823E-004  res_p=   1.2040630275536823E-004
   SIMPLE iter           2  res_p=   1.2040630275536823E-004  u(1,1,1)=  -4.6282832618935951E-005  p(1,1,1)=   3412.3999035814354     
   DBG iter           3  maxU2=   29.944665709900914       maxFi=   1.1540299684441593E-005  maxFj=   1.3847566427628198E-004  Fi(21,1,1)=   0.0000000000000000       Fi(21,21,1)=   0.0000000000000000       Fi(41,21,1)=   0.0000000000000000     
   DBG div max=   1.2693538553706519E-004  res_p=   1.2693538553706519E-004
   SIMPLE iter           3  res_p=   1.2693538553706519E-004  u(1,1,1)=  -5.5090860751169623E-005  p(1,1,1)=   3412.3998902531898     
   SIMPLE iter           4  res_p=   1.2644042449293423E-004  u(1,1,1)=  -5.4423875748569722E-005  p(1,1,1)=   3412.3998841718926     
   SIMPLE iter           5  res_p=   1.2347323472188901E-004  u(1,1,1)=  -5.5611070334064724E-005  p(1,1,1)=   3412.3998741871260     
 DEBUG T iter          50 min   107.00423157350502      max   133.41257728301036     
 Low-speed solver Block           1  SIMPLE iterations:          61  res_p:   2.1368417047353604E-005
 --------------Force and Moment -----------------------------
 Total Force Coefficient (CL, CD, CS) =
  -6.4670470736445093E-002  0.37313645534986484       -3.1077285298202424E-020
 Total Moment Coefficient(CMx, CMy, CMz)=
   1.6167617684111277E-002   9.3284113837466209E-002  -2.9943351929101435E-002
 Kstep, t=           3   3.0000000000000000     
 ----------The Max Residuals are--------  ---Mesh---           1
    0.2992235441E-03    0.2684498919E-02    0.1854421472E-03    0.8910764261E-20    0.7067555188E-03
   The R.M.S Residuals are 
    0.2775846739E-04    0.2331673788E-03    0.2622230421E-04    0.1561788479E-20    0.6392307585E-04
 CPU wall time in this step:  0.13479538600000002     
 Averaged CPU wall time is:   6.3676248000000005E-002
   DBG iter           1  maxU2=   29.810151334972840       maxFi=   1.1533903721830639E-004  maxFj=   8.2975382363544774E-004  Fi(21,1,1)=   0.0000000000000000       Fi(21,21,1)=   0.0000000000000000       Fi(41,21,1)=   0.0000000000000000     
   DBG div max=   7.9288110657698408E-005  res_p=   7.9288110657698408E-005
   SIMPLE iter           1  res_p=   7.9288110657698408E-005  u(1,1,1)=  -1.0684186055857799E-003  p(1,1,1)=   3412.3976188731367     
   DBG iter           2  maxU2=   29.810151334972840       maxFi=   1.2081067548151930E-004  maxFj=   8.6552904122182877E-004  Fi(21,1,1)=   0.0000000000000000       Fi(21,21,1)=   0.0000000000000000       Fi(41,21,1)=   0.0000000000000000     
   DBG div max=   8.4366609483394118E-005  res_p=   8.4366609483394118E-005
   SIMPLE iter           2  res_p=   8.4366609483394118E-005  u(1,1,1)=  -1.1230479487717535E-003  p(1,1,1)=   3412.3974825801638     
   DBG iter           3  maxU2=   29.810151334972840       maxFi=   1.2674439271388819E-004  maxFj=   9.0457218780236803E-004  Fi(21,1,1)=   0.0000000000000000       Fi(21,21,1)=   0.0000000000000000       Fi(41,21,1)=   0.0000000000000000     
   DBG div max=   8.3603725329464750E-005  res_p=   8.3603725329464750E-005
   SIMPLE iter           3  res_p=   8.3603725329464750E-005  u(1,1,1)=  -1.1778029854640022E-003  p(1,1,1)=   3412.3973884800657     
   SIMPLE iter           4  res_p=   8.1131696656720734E-005  u(1,1,1)=  -1.2415880239165103E-003  p(1,1,1)=   3412.3972589812970     
   SIMPLE iter           5  res_p=   7.8009021078876849E-005  u(1,1,1)=  -1.3021363104028948E-003  p(1,1,1)=   3412.3971321574154     
 DEBUG T iter          50 min   107.62041880341513      max   144.66912111217763     
 Low-speed solver Block           1  SIMPLE iterations:          61  res_p:   1.1522927161953210E-004
 --------------Force and Moment -----------------------------
 Total Force Coefficient (CL, CD, CS) =
  -7.0930830215784446E-002  0.31090805509016717       -1.3007700714978221E-020
 Total Moment Coefficient(CMx, CMy, CMz)=
   1.7732707553946108E-002   7.7727013772541792E-002  -3.2841994757539614E-002
 Kstep, t=           4   4.0000000000000000     
 ----------The Max Residuals are--------  ---Mesh---           1
    0.3700590695E-03    0.1985766017E-02    0.1625964105E-03    0.9554537073E-20    0.5870222236E-03
   The R.M.S Residuals are 
    0.3535425797E-04    0.1807649492E-03    0.2454199533E-04    0.1605954847E-20    0.5921167913E-04
 CPU wall time in this step:  0.13971367100000001     
 Averaged CPU wall time is:   8.2685603750000003E-002
   DBG iter           1  maxU2=   29.614447506338781       maxFi=   1.3187489344122329E-003  maxFj=   7.0307042271702007E-003  Fi(21,1,1)=   0.0000000000000000       Fi(21,21,1)=   0.0000000000000000       Fi(41,21,1)=   0.0000000000000000     
   DBG div max=   9.2022318481122477E-004  res_p=   9.2022318481122477E-004
   SIMPLE iter           1  res_p=   9.2022318481122477E-004  u(1,1,1)=  -1.3246488542482813E-002  p(1,1,1)=   3412.3711416817796     
   DBG iter           2  maxU2=   29.614447506338781       maxFi=   1.3380473461525456E-003  maxFj=   7.0201069960272146E-003  Fi(21,1,1)=   0.0000000000000000       Fi(21,21,1)=   0.0000000000000000       Fi(41,21,1)=   0.0000000000000000     
   DBG div max=   1.1955738163934269E-003  res_p=   1.1955738163934269E-003
   SIMPLE iter           2  res_p=   1.1955738163934269E-003  u(1,1,1)=  -1.4496661727682899E-002  p(1,1,1)=   3412.3708559368638     
   DBG iter           3  maxU2=   29.614447506338781       maxFi=   1.3884031955953930E-003  maxFj=   7.2900124958532502E-003  Fi(21,1,1)=   0.0000000000000000       Fi(21,21,1)=   0.0000000000000000       Fi(41,21,1)=   0.0000000000000000     
   DBG div max=   1.2634695568808244E-003  res_p=   1.2634695568808244E-003
   SIMPLE iter           3  res_p=   1.2634695568808244E-003  u(1,1,1)=  -1.5084587833222241E-002  p(1,1,1)=   3412.3696031477307     
   SIMPLE iter           4  res_p=   1.2595972921441015E-003  u(1,1,1)=  -1.5412934054688850E-002  p(1,1,1)=   3412.3687313117539     
   SIMPLE iter           5  res_p=   1.2306429676050053E-003  u(1,1,1)=  -1.5857796140428350E-002  p(1,1,1)=   3412.3676878010474     
 DEBUG T iter          50 min   107.40854287941481      max   154.65294525285969     
 Low-speed solver Block           1  SIMPLE iterations:          61  res_p:   4.9603187570904528E-004
 --------------Force and Moment -----------------------------
 Total Force Coefficient (CL, CD, CS) =
  -7.0653206877350924E-002  0.25315377282848672       -7.0275418157877790E-021
 Total Moment Coefficient(CMx, CMy, CMz)=
   1.7663301719337728E-002   6.3288443207121681E-002  -3.2713461202379175E-002
 Kstep, t=           5   5.0000000000000000     
 ----------The Max Residuals are--------  ---Mesh---           1
    0.3930895982E-03    0.1376880378E-02    0.1628910474E-03    0.8796505206E-20    0.5110331534E-03
   The R.M.S Residuals are 
    0.3965914188E-04    0.1393178913E-03    0.2324124602E-04    0.1665867049E-20    0.5481959938E-04
 CPU wall time in this step:  0.14029594200000001     
 Averaged CPU wall time is:   9.4207671399999998E-002
   DBG iter           1  maxU2=   29.374373476823418       maxFi=   6.0966531112607962E-003  maxFj=   2.5768555885021090E-002  Fi(21,1,1)=   0.0000000000000000       Fi(21,21,1)=   0.0000000000000000       Fi(41,21,1)=   0.0000000000000000     
   DBG div max=   6.3485780922477135E-004  res_p=   6.3485780922477135E-004
   SIMPLE iter           1  res_p=   6.3485780922477135E-004  u(1,1,1)=  -4.5853324223666253E-002  p(1,1,1)=   3412.2546868742497     
   DBG iter           2  maxU2=   29.374373476823418       maxFi=   5.7070367836854962E-003  maxFj=   2.2089936881857779E-002  Fi(21,1,1)=   0.0000000000000000       Fi(21,21,1)=   0.0000000000000000       Fi(41,21,1)=   0.0000000000000000     
   DBG div max=   8.9978890565813388E-004  res_p=   8.9978890565813388E-004
   SIMPLE iter           2  res_p=   8.9978890565813388E-004  u(1,1,1)=  -6.3097728195517983E-002  p(1,1,1)=   3412.2793418293095     
   DBG iter           3  maxU2=   29.374373476823418       maxFi=   6.1437825075598461E-003  maxFj=   2.4388076222249571E-002  Fi(21,1,1)=   0.0000000000000000       Fi(21,21,1)=   0.0000000000000000       Fi(41,21,1)=   0.0000000000000000     
   DBG div max=   5.7784963476397225E-004  res_p=   5.7784963476397225E-004
   SIMPLE iter           3  res_p=   5.7784963476397225E-004  u(1,1,1)=  -6.5187087316027001E-002  p(1,1,1)=   3412.2731446608832     
   SIMPLE iter           4  res_p=   5.5165261414208346E-004  u(1,1,1)=  -6.2448228742547164E-002  p(1,1,1)=   3412.2742255173061     
   SIMPLE iter           5  res_p=   5.2575979928448798E-004  u(1,1,1)=  -6.1122371260500200E-002  p(1,1,1)=   3412.2726353477419     
 DEBUG T iter          50 min   107.06166582446502      max   161.88374096721381     
 Low-speed solver Block           1  SIMPLE iterations:          61  res_p:   9.3335784127408783E-004
 --------------Force and Moment -----------------------------
 Total Force Coefficient (CL, CD, CS) =
  -6.8580083810454606E-002  0.20761688482565430       -5.5397893805926833E-021
 Total Moment Coefficient(CMx, CMy, CMz)=
   1.7145020952613648E-002   5.1904221206413574E-002  -3.1753577706753265E-002
 Kstep, t=           6   6.0000000000000000     
 ----------The Max Residuals are--------  ---Mesh---           1
    0.3875051827E-03    0.9205137214E-03    0.1447128653E-03    0.9635755870E-20    0.4218757253E-03
   The R.M.S Residuals are 
    0.4229053718E-04    0.1124699397E-03    0.2236477109E-04    0.1760934708E-20    0.5243353860E-04
 CPU wall time in this step:  0.13893222000000000     
 Averaged CPU wall time is:  0.10166176283333334     
   DBG iter           1  maxU2=   29.178427582978554       maxFi=   1.3510310913532251E-002  maxFj=   5.9045445172534093E-002  Fi(21,1,1)=   0.0000000000000000       Fi(21,21,1)=   0.0000000000000000       Fi(41,21,1)=   0.0000000000000000     
   DBG div max=   4.1243583668674581E-003  res_p=   4.1243583668674581E-003
   SIMPLE iter           1  res_p=   4.1243583668674581E-003  u(1,1,1)=  -4.9912781305150575E-002  p(1,1,1)=   3412.0050414238417     
   DBG iter           2  maxU2=   29.143748207942799       maxFi=   1.0236881830540641E-002  maxFj=   3.6833496714001268E-002  Fi(21,1,1)=   0.0000000000000000       Fi(21,21,1)=   0.0000000000000000       Fi(41,21,1)=   0.0000000000000000     
   DBG div max=   3.7698537101946844E-003  res_p=   3.7698537101946844E-003
   SIMPLE iter           2  res_p=   3.7698537101946844E-003  u(1,1,1)= -0.11129480829319524       p(1,1,1)=   3412.1364613670371     
   DBG iter           3  maxU2=   29.143748207942799       maxFi=   1.1677227421118468E-002  maxFj=   4.7267606175091112E-002  Fi(21,1,1)=   0.0000000000000000       Fi(21,21,1)=   0.0000000000000000       Fi(41,21,1)=   0.0000000000000000     
   DBG div max=   9.3189900542431370E-004  res_p=   9.3189900542431370E-004
   SIMPLE iter           3  res_p=   9.3189900542431370E-004  u(1,1,1)= -0.11596507072443592       p(1,1,1)=   3412.1208358945973     
   SIMPLE iter           4  res_p=   1.1024565464519860E-003  u(1,1,1)= -0.10413690430517512       p(1,1,1)=   3412.1288743121295     
   SIMPLE iter           5  res_p=   7.1654070354379082E-004  u(1,1,1)=  -9.6362315523876724E-002  p(1,1,1)=   3412.1323512247673     
 DEBUG T iter          50 min   107.01229042522351      max   167.72631202332681     
 Low-speed solver Block           1  SIMPLE iterations:          61  res_p:   1.0445142587715839E-003
 --------------Force and Moment -----------------------------
 Total Force Coefficient (CL, CD, CS) =
  -6.6257360848637065E-002  0.17352675072225560        1.3098088595936337E-020
 Total Moment Coefficient(CMx, CMy, CMz)=
   1.6564340212159263E-002   4.3381687680563899E-002  -3.0678118772358539E-002
 Kstep, t=           7   7.0000000000000000     
 ----------The Max Residuals are--------  ---Mesh---           1
    0.3704374408E-03    0.7738446765E-03    0.1528127393E-03    0.1115644342E-19    0.3743257365E-03
   The R.M.S Residuals are 
    0.4470909816E-04    0.9719557411E-04    0.2198809036E-04    0.1814669036E-20    0.5201207127E-04
 CPU wall time in this step:  0.13632557999999995     
 Averaged CPU wall time is:  0.10661373671428571     
   DBG iter           1  maxU2=   29.014207684226896       maxFi=   3.0579669125392672E-002  maxFj=   9.9297584755887153E-002  Fi(21,1,1)=   0.0000000000000000       Fi(21,21,1)=   0.0000000000000000       Fi(41,21,1)=   0.0000000000000000     
   DBG div max=   1.4629182062554556E-002  res_p=   1.4629182062554556E-002
   SIMPLE iter           1  res_p=   1.4629182062554556E-002  u(1,1,1)=  -3.9715529153527475E-002  p(1,1,1)=   3411.8588399743044     
   DBG iter           2  maxU2=   28.941629059792927       maxFi=   1.4513680517877530E-002  maxFj=   4.3012122545138309E-002  Fi(21,1,1)=   0.0000000000000000       Fi(21,21,1)=   0.0000000000000000       Fi(41,21,1)=   0.0000000000000000     
   DBG div max=   9.4327221468203729E-003  res_p=   9.4327221468203729E-003
   SIMPLE iter           2  res_p=   9.4327221468203729E-003  u(1,1,1)= -0.13830093879999183       p(1,1,1)=   3412.0933150086180     
   DBG iter           3  maxU2=   28.916414110199437       maxFi=   1.4174024951843538E-002  maxFj=   6.8545882631143432E-002  Fi(21,1,1)=   0.0000000000000000       Fi(21,21,1)=   0.0000000000000000       Fi(41,21,1)=   0.0000000000000000     
   DBG div max=   2.4773640612509515E-003  res_p=   2.4773640612509515E-003
   SIMPLE iter           3  res_p=   2.4773640612509515E-003  u(1,1,1)= -0.14633225298936273       p(1,1,1)=   3412.0790933454800     
   SIMPLE iter           4  res_p=   2.8756596202734568E-003  u(1,1,1)= -0.12660890257817567       p(1,1,1)=   3412.0940381888827     
   SIMPLE iter           5  res_p=   2.0682589968017001E-003  u(1,1,1)= -0.11464704459367910       p(1,1,1)=   3412.1092574411273     
 DEBUG T iter          50 min   107.00679408550803      max   172.44402780880682     
 Low-speed solver Block           1  SIMPLE iterations:          61  res_p:   9.3012002165066693E-004
 --------------Force and Moment -----------------------------
 Total Force Coefficient (CL, CD, CS) =
  -6.4162715383341867E-002  0.14836322085847056        2.2190956727341101E-020
 Total Moment Coefficient(CMx, CMy, CMz)=
   1.6040678845835467E-002   3.7090805214617641E-002  -2.9708259557262705E-002
 Kstep, t=           8   8.0000000000000000     
 ----------The Max Residuals are--------  ---Mesh---           1
    0.3490141997E-03    0.7304579646E-03    0.1391020560E-03    0.1085309431E-19    0.3963069425E-03
   The R.M.S Residuals are 
    0.4625053833E-04    0.8843952248E-04    0.2203473110E-04    0.1927883713E-20    0.5150757830E-04
 CPU wall time in this step:  0.13478344800000008     
 Averaged CPU wall time is:  0.11013495062500001     
   DBG iter           1  maxU2=   28.780363138114538       maxFi=   4.9277547473127840E-002  maxFj=  0.13442915836178823       Fi(21,1,1)=   0.0000000000000000       Fi(21,21,1)=   0.0000000000000000       Fi(41,21,1)=   0.0000000000000000     
   DBG div max=   2.7826392727462783E-002  res_p=   2.7826392727462783E-002
   SIMPLE iter           1  res_p=   2.7826392727462783E-002  u(1,1,1)=  -4.0809732921720590E-002  p(1,1,1)=   3411.9671525652443     
   DBG iter           2  maxU2=   28.733850073135692       maxFi=   1.6826270015995376E-002  maxFj=   4.5456097918871945E-002  Fi(21,1,1)=   0.0000000000000000       Fi(21,21,1)=   0.0000000000000000       Fi(41,21,1)=   0.0000000000000000     
   DBG div max=   1.5300605053040789E-002  res_p=   1.5300605053040789E-002
   SIMPLE iter           2  res_p=   1.5300605053040789E-002  u(1,1,1)= -0.15630723822621401       p(1,1,1)=   3412.2379919396676     
   DBG iter           3  maxU2=   28.713397512040544       maxFi=   1.6320621360107278E-002  maxFj=   8.6820256804028786E-002  Fi(21,1,1)=   0.0000000000000000       Fi(21,21,1)=   0.0000000000000000       Fi(41,21,1)=   0.0000000000000000     
   DBG div max=   6.6175119306428748E-003  res_p=   6.6175119306428748E-003
   SIMPLE iter           3  res_p=   6.6175119306428748E-003  u(1,1,1)= -0.16597181986367820       p(1,1,1)=   3412.2266329157228     
   SIMPLE iter           4  res_p=   4.2454417605165065E-003  u(1,1,1)= -0.14321794428982987       p(1,1,1)=   3412.2416853125792     
   SIMPLE iter           5  res_p=   2.8164616737535314E-003  u(1,1,1)= -0.12999360674657212       p(1,1,1)=   3412.2588878467477     
 DEBUG T iter          50 min   107.00521935144735      max   176.42781134285443     
 Low-speed solver Block           1  SIMPLE iterations:          61  res_p:   7.5841192881687808E-004
 --------------Force and Moment -----------------------------
 Total Force Coefficient (CL, CD, CS) =
  -6.2387009991705690E-002  0.12975899504744376        1.8013816995818603E-020
 Total Moment Coefficient(CMx, CMy, CMz)=
   1.5596752497926421E-002   3.2439748761860940E-002  -2.8886072937547844E-002
 Kstep, t=           9   9.0000000000000000     
 ----------The Max Residuals are--------  ---Mesh---           1
    0.3250941013E-03    0.6680125964E-03    0.1420249627E-03    0.1514312116E-19    0.3863513259E-03
   The R.M.S Residuals are 
    0.4728794785E-04    0.8312713228E-04    0.2185393514E-04    0.1944249633E-20    0.5109386555E-04
 CPU wall time in this step:  0.13280943499999998     
 Averaged CPU wall time is:  0.11265433777777778     
   DBG iter           1  maxU2=   28.512561763306486       maxFi=   6.4048169714042300E-002  maxFj=  0.15903385302497827       Fi(21,1,1)=   0.0000000000000000       Fi(21,21,1)=   0.0000000000000000       Fi(41,21,1)=   0.0000000000000000     
   DBG div max=   3.8078030940928757E-002  res_p=   3.8078030940928757E-002
   SIMPLE iter           1  res_p=   3.8078030940928757E-002  u(1,1,1)=  -4.0959950125692778E-002  p(1,1,1)=   3411.9643466776533     
   DBG iter           2  maxU2=   28.498691577624321       maxFi=   2.1189242109002228E-002  maxFj=   4.6931014139938214E-002  Fi(21,1,1)=   0.0000000000000000       Fi(21,21,1)=   0.0000000000000000       Fi(41,21,1)=   0.0000000000000000     
   DBG div max=   1.9716451396337011E-002  res_p=   1.9716451396337011E-002
   SIMPLE iter           2  res_p=   1.9716451396337011E-002  u(1,1,1)= -0.16528464811673405       p(1,1,1)=   3412.2559533358281     
   DBG iter           3  maxU2=   28.494040171948939       maxFi=   1.7392244540906657E-002  maxFj=  0.10290166484190444       Fi(21,1,1)=   0.0000000000000000       Fi(21,21,1)=   0.0000000000000000       Fi(41,21,1)=   0.0000000000000000     
   DBG div max=   1.1787856258178520E-002  res_p=   1.1787856258178520E-002
   SIMPLE iter           3  res_p=   1.1787856258178520E-002  u(1,1,1)= -0.17635001404351947       p(1,1,1)=   3412.2466726102875     
   SIMPLE iter           4  res_p=   6.9288081650038663E-003  u(1,1,1)= -0.15161866789636047       p(1,1,1)=   3412.2612472084161     
   SIMPLE iter           5  res_p=   5.4647943999721199E-003  u(1,1,1)= -0.13803786933671194       p(1,1,1)=   3412.2799887689735     
 DEBUG T iter          50 min   107.00465335697677      max   179.84562747124252     
 Low-speed solver Block           1  SIMPLE iterations:          61  res_p:   6.3337991367835855E-004
 --------------Force and Moment -----------------------------
 Total Force Coefficient (CL, CD, CS) =
  -6.0847182376544920E-002  0.11581722042141246        2.1353972272815714E-020
 Total Moment Coefficient(CMx, CMy, CMz)=
   1.5211795594136227E-002   2.8954305105353115E-002  -2.8173101147120343E-002
 Kstep, t=          10   10.000000000000000     
 ----------The Max Residuals are--------  ---Mesh---           1
    0.3011691317E-03    0.5995723282E-03    0.1317286082E-03    0.1272897515E-19    0.3614167827E-03
   The R.M.S Residuals are 
    0.4850029248E-04    0.7986694789E-04    0.2176936339E-04    0.2022678140E-20    0.5110482862E-04
 write flow3d.dat ......
 write flow3d.dat OK
 write VTK files ......
 write VTK files OK
 CPU wall time in this step:  0.20332311700000005     
 Averaged CPU wall time is:  0.12172121570000001     
   DBG iter           1  maxU2=   28.283305372900642       maxFi=   7.3917817215409534E-002  maxFj=  0.17406391455214165       Fi(21,1,1)=   0.0000000000000000       Fi(21,21,1)=   0.0000000000000000       Fi(41,21,1)=   0.0000000000000000     
   DBG div max=   4.4651979470566157E-002  res_p=   4.4651979470566157E-002
   SIMPLE iter           1  res_p=   4.4651979470566157E-002  u(1,1,1)=  -4.1206750691651521E-002  p(1,1,1)=   3411.9640497714176     
   DBG iter           2  maxU2=   28.281477995123286       maxFi=   2.4923170287595556E-002  maxFj=   4.7894858946575275E-002  Fi(21,1,1)=   0.0000000000000000       Fi(21,21,1)=   0.0000000000000000       Fi(41,21,1)=   0.0000000000000000     
   DBG div max=   2.2634563970338362E-002  res_p=   2.2634563970338362E-002
   SIMPLE iter           2  res_p=   2.2634563970338362E-002  u(1,1,1)= -0.16992979436457406       p(1,1,1)=   3412.2661823195995     
   DBG iter           3  maxU2=   28.279689222622814       maxFi=   1.8088911120832860E-002  maxFj=  0.11509231385493937       Fi(21,1,1)=   0.0000000000000000       Fi(21,21,1)=   0.0000000000000000       Fi(41,21,1)=   0.0000000000000000     
   DBG div max=   1.6270473564266474E-002  res_p=   1.6270473564266474E-002
   SIMPLE iter           3  res_p=   1.6270473564266474E-002  u(1,1,1)= -0.18201014456609227       p(1,1,1)=   3412.2597371856486     
   SIMPLE iter           4  res_p=   9.3135348246465785E-003  u(1,1,1)= -0.15610614075584026       p(1,1,1)=   3412.2742518712012     
   SIMPLE iter           5  res_p=   8.0892734623420337E-003  u(1,1,1)= -0.14256987057980947       p(1,1,1)=   3412.2951224407911     
 DEBUG T iter          50 min   107.00450094529046      max   182.78330565563380     
 Low-speed solver Block           1  SIMPLE iterations:          61  res_p:   5.5063690082265970E-004
 --------------Force and Moment -----------------------------
 Total Force Coefficient (CL, CD, CS) =
  -5.9463699579272791E-002  0.10514797682736218        1.3943056228381866E-020
 Total Moment Coefficient(CMx, CMy, CMz)=
   1.4865924894818201E-002   2.6286994206840546E-002  -2.7532520070925048E-002
 Kstep, t=          11   11.000000000000000     
 ----------The Max Residuals are--------  ---Mesh---           1
    0.2789733341E-03    0.5313226749E-03    0.1309072650E-03    0.1460626478E-19    0.3295746714E-03
   The R.M.S Residuals are 
    0.4936639427E-04    0.7736258536E-04    0.2183328942E-04    0.2075703461E-20    0.5094519293E-04
 CPU wall time in this step:  0.15463868499999989     
 Averaged CPU wall time is:  0.12471371290909090     
   DBG iter           1  maxU2=   28.110499706714066       maxFi=   7.9772791953387212E-002  maxFj=  0.18237663928999262       Fi(21,1,1)=   0.0000000000000000       Fi(21,21,1)=   0.0000000000000000       Fi(41,21,1)=   0.0000000000000000     
   DBG div max=   4.8346327967339696E-002  res_p=   4.8346327967339696E-002
   SIMPLE iter           1  res_p=   4.8346327967339696E-002  u(1,1,1)=  -4.1345961305754471E-002  p(1,1,1)=   3411.9695381624742     
   DBG iter           2  maxU2=   28.107769892833552       maxFi=   2.7351257982080112E-002  maxFj=   4.8721638753016869E-002  Fi(21,1,1)=   0.0000000000000000       Fi(21,21,1)=   0.0000000000000000       Fi(41,21,1)=   0.0000000000000000     
   DBG div max=   2.4449542216241578E-002  res_p=   2.4449542216241578E-002
   SIMPLE iter           2  res_p=   2.4449542216241578E-002  u(1,1,1)= -0.17176295181204126       p(1,1,1)=   3412.2749484831370     
   DBG iter           3  maxU2=   28.105063323660904       maxFi=   2.0090975459136951E-002  maxFj=  0.12306647696269972       Fi(21,1,1)=   0.0000000000000000       Fi(21,21,1)=   0.0000000000000000       Fi(41,21,1)=   0.0000000000000000     
   DBG div max=   1.9422191054555199E-002  res_p=   1.9422191054555199E-002
   SIMPLE iter           3  res_p=   1.9422191054555199E-002  u(1,1,1)= -0.18440863354567369       p(1,1,1)=   3412.2702259936300     
   SIMPLE iter           4  res_p=   1.0946883261581566E-002  u(1,1,1)= -0.15789810253221279       p(1,1,1)=   3412.2842074641117     
   SIMPLE iter           5  res_p=   1.0178683169011757E-002  u(1,1,1)= -0.14455989751474638       p(1,1,1)=   3412.3062957529532     
 DEBUG T iter          50 min   107.00454448032497      max   185.31223979962658     
 Low-speed solver Block           1  SIMPLE iterations:          61  res_p:   5.0233311947985027E-004
 --------------Force and Moment -----------------------------
 Total Force Coefficient (CL, CD, CS) =
  -5.8179966093472799E-002   9.6791856685839089E-002   3.1697623021192262E-021
 Total Moment Coefficient(CMx, CMy, CMz)=
   1.4544991523368203E-002   2.4197964171459772E-002  -2.6938125200293345E-002
 Kstep, t=          12   12.000000000000000     
 ----------The Max Residuals are--------  ---Mesh---           1
    0.2626149858E-03    0.4785941653E-03    0.1245490944E-03    0.1708090483E-19    0.2950887058E-03
   The R.M.S Residuals are 
    0.5009493817E-04    0.7539169964E-04    0.2179942139E-04    0.2152355430E-20    0.5084529254E-04
 CPU wall time in this step:  0.16883058899999992     
 Averaged CPU wall time is:  0.12839011924999999     
   DBG iter           1  maxU2=   27.932043380301355       maxFi=   8.2816862543049805E-002  maxFj=  0.18639115682096244       Fi(21,1,1)=   0.0000000000000000       Fi(21,21,1)=   0.0000000000000000       Fi(41,21,1)=   0.0000000000000000     
   DBG div max=   5.0104079365478116E-002  res_p=   5.0104079365478116E-002
   SIMPLE iter           1  res_p=   5.0104079365478116E-002  u(1,1,1)=  -4.1365161985773849E-002  p(1,1,1)=   3411.9719383375368     
   DBG iter           2  maxU2=   27.928892842847340       maxFi=   2.8658766264066465E-002  maxFj=   4.8985646596255178E-002  Fi(21,1,1)=   0.0000000000000000       Fi(21,21,1)=   0.0000000000000000       Fi(41,21,1)=   0.0000000000000000     
   DBG div max=   2.5475256962018196E-002  res_p=   2.5475256962018196E-002
   SIMPLE iter           2  res_p=   2.5475256962018196E-002  u(1,1,1)= -0.17210071623086248       p(1,1,1)=   3412.2773815639339     
   DBG iter           3  maxU2=   27.925736536168685       maxFi=   2.1304218233633317E-002  maxFj=  0.12750441607485072       Fi(21,1,1)=   0.0000000000000000       Fi(21,21,1)=   0.0000000000000000       Fi(41,21,1)=   0.0000000000000000     
   DBG div max=   2.1285529842117526E-002  res_p=   2.1285529842117526E-002
   SIMPLE iter           3  res_p=   2.1285529842117526E-002  u(1,1,1)= -0.18503260438940061       p(1,1,1)=   3412.2737875947455     
   SIMPLE iter           4  res_p=   1.1883446648385754E-002  u(1,1,1)= -0.15826676869783987       p(1,1,1)=   3412.2873469144661     
   SIMPLE iter           5  res_p=   1.1531263775272804E-002  u(1,1,1)= -0.14510115272133736       p(1,1,1)=   3412.3101234216301     
 DEBUG T iter          50 min   107.00469134481287      max   187.51331535705660     
 Low-speed solver Block           1  SIMPLE iterations:          61  res_p:   4.7084583219563630E-004
 --------------Force and Moment -----------------------------
 Total Force Coefficient (CL, CD, CS) =
  -5.6957246803328934E-002   9.0080650399585599E-002   9.6613577789945651E-021
 Total Moment Coefficient(CMx, CMy, CMz)=
   1.4239311700832234E-002   2.2520162599896400E-002  -2.6371981499573746E-002
 Kstep, t=          13   13.000000000000000     
 ----------The Max Residuals are--------  ---Mesh---           1
    0.2466150919E-03    0.4568897573E-03    0.1212890442E-03    0.1455263860E-19    0.2953993606E-03
   The R.M.S Residuals are 
    0.5091472640E-04    0.7395452469E-04    0.2188702274E-04    0.2171415582E-20    0.5094216031E-04
 CPU wall time in this step:  0.15561073600000008     
 Averaged CPU wall time is:  0.13048401284615385     
   DBG iter           1  maxU2=   27.727756270084619       maxFi=   8.4045601024155731E-002  maxFj=  0.18775594479693156       Fi(21,1,1)=   0.0000000000000000       Fi(21,21,1)=   0.0000000000000000       Fi(41,21,1)=   0.0000000000000000     
   DBG div max=   5.0658723242951925E-002  res_p=   5.0658723242951925E-002
   SIMPLE iter           1  res_p=   5.0658723242951925E-002  u(1,1,1)=  -4.1330230884527697E-002  p(1,1,1)=   3411.9745667373281     
   DBG iter           2  maxU2=   27.723973580763801       maxFi=   2.9225922009789611E-002  maxFj=   4.8946877512336777E-002  Fi(21,1,1)=   0.0000000000000000       Fi(21,21,1)=   0.0000000000000000       Fi(41,21,1)=   0.0000000000000000     
   DBG div max=   2.5863340018081611E-002  res_p=   2.5863340018081611E-002
   SIMPLE iter           2  res_p=   2.5863340018081611E-002  u(1,1,1)= -0.17162314048708371       p(1,1,1)=   3412.2782131185832     
   DBG iter           3  maxU2=   27.720179099844160       maxFi=   2.1923578633288112E-002  maxFj=  0.12940088262120394       Fi(21,1,1)=   0.0000000000000000       Fi(21,21,1)=   0.0000000000000000       Fi(41,21,1)=   0.0000000000000000     
   DBG div max=   2.2172539202436461E-002  res_p=   2.2172539202436461E-002
   SIMPLE iter           3  res_p=   2.2172539202436461E-002  u(1,1,1)= -0.18465526001386867       p(1,1,1)=   3412.2753262215761     
   SIMPLE iter           4  res_p=   1.2308025091116247E-002  u(1,1,1)= -0.15786145782915356       p(1,1,1)=   3412.2885853588950     
   SIMPLE iter           5  res_p=   1.2226163977281296E-002  u(1,1,1)= -0.14482393816991021       p(1,1,1)=   3412.3116362644814     
 DEBUG T iter          50 min   107.00489728092199      max   189.45102746870293     
 Low-speed solver Block           1  SIMPLE iterations:          61  res_p:   4.4785316711305756E-004
 --------------Force and Moment -----------------------------
 Total Force Coefficient (CL, CD, CS) =
  -5.5779005729084341E-002   8.4557693170727227E-002   1.2965369796054835E-020
 Total Moment Coefficient(CMx, CMy, CMz)=
   1.3944751432271082E-002   2.1139423292681807E-002  -2.5826432152467410E-002
 Kstep, t=          14   14.000000000000000     
 ----------The Max Residuals are--------  ---Mesh---           1
    0.2453414114E-03    0.4301694139E-03    0.1162351836E-03    0.1876419153E-19    0.2866095410E-03
   The R.M.S Residuals are 
    0.5151161535E-04    0.7268978227E-04    0.2195600570E-04    0.2247459871E-20    0.5091626072E-04
 CPU wall time in this step:  0.17523540600000009     
 Averaged CPU wall time is:  0.13368054092857143     
   DBG iter           1  maxU2=   27.492970145043895       maxFi=   8.4154377328076693E-002  maxFj=  0.18752151197114603       Fi(21,1,1)=   0.0000000000000000       Fi(21,21,1)=   0.0000000000000000       Fi(41,21,1)=   0.0000000000000000     
   DBG div max=   5.0492984816882976E-002  res_p=   5.0492984816882976E-002
   SIMPLE iter           1  res_p=   5.0492984816882976E-002  u(1,1,1)=  -4.1267959914852353E-002  p(1,1,1)=   3411.9771868032890     
   DBG iter           2  maxU2=   27.488789984805265       maxFi=   2.9328875903420325E-002  maxFj=   4.8741943526334500E-002  Fi(21,1,1)=   0.0000000000000000       Fi(21,21,1)=   0.0000000000000000       Fi(41,21,1)=   0.0000000000000000     
   DBG div max=   2.5863779659319873E-002  res_p=   2.5863779659319873E-002
   SIMPLE iter           2  res_p=   2.5863779659319873E-002  u(1,1,1)= -0.17068947837045328       p(1,1,1)=   3412.2780285249655     
   DBG iter           3  maxU2=   27.484588057754944       maxFi=   2.2143182447876567E-002  maxFj=  0.12963766681823974       Fi(21,1,1)=   0.0000000000000000       Fi(21,21,1)=   0.0000000000000000       Fi(41,21,1)=   0.0000000000000000     
   DBG div max=   2.2408972564771659E-002  res_p=   2.2408972564771659E-002
   SIMPLE iter           3  res_p=   2.2408972564771659E-002  u(1,1,1)= -0.18370441144552932       p(1,1,1)=   3412.2755634684331     
   SIMPLE iter           4  res_p=   1.2397703924469969E-002  u(1,1,1)= -0.15702277133642265       p(1,1,1)=   3412.2886174484584     
   SIMPLE iter           5  res_p=   1.2444358303521877E-002  u(1,1,1)= -0.14407583770470936       p(1,1,1)=   3412.3116570241955     
 DEBUG T iter          50 min   107.00513929935357      max   191.17384761720993     
 Low-speed solver Block           1  SIMPLE iterations:          61  res_p:   4.2948389788381031E-004
 --------------Force and Moment -----------------------------
 Total Force Coefficient (CL, CD, CS) =
  -5.4636121115302916E-002   7.9908621052876092E-002   1.0920394765932904E-020
 Total Moment Coefficient(CMx, CMy, CMz)=
   1.3659030278825731E-002   1.9977155263219023E-002  -2.5297253101604529E-002
 Kstep, t=          15   15.000000000000000     
 ----------The Max Residuals are--------  ---Mesh---           1
    0.2400684578E-03    0.4004024953E-03    0.1128847490E-03    0.1718108416E-19    0.2716142129E-03
   The R.M.S Residuals are 
    0.5214375096E-04    0.7174415064E-04    0.2199063024E-04    0.2334860475E-20    0.5099076199E-04
 CPU wall time in this step:  0.16694705700000001     
 Averaged CPU wall time is:  0.13589830866666666     
   DBG iter           1  maxU2=   27.237007718473802       maxFi=   8.3589988912157284E-002  maxFj=  0.18633624597704698       Fi(21,1,1)=   0.0000000000000000       Fi(21,21,1)=   0.0000000000000000       Fi(41,21,1)=   0.0000000000000000     
   DBG div max=   4.9904693762845703E-002  res_p=   4.9904693762845703E-002
   SIMPLE iter           1  res_p=   4.9904693762845703E-002  u(1,1,1)=  -4.1195063814224678E-002  p(1,1,1)=   3411.9797718279315     
   DBG iter           2  maxU2=   27.232487138343664       maxFi=   2.9150640958822392E-002  maxFj=   4.8443734400867695E-002  Fi(21,1,1)=   0.0000000000000000       Fi(21,21,1)=   0.0000000000000000       Fi(41,21,1)=   0.0000000000000000     
   DBG div max=   2.5634193084631142E-002  res_p=   2.5634193084631142E-002
   SIMPLE iter           2  res_p=   2.5634193084631142E-002  u(1,1,1)= -0.16950642218519368       p(1,1,1)=   3412.2772723199341     
   DBG iter           3  maxU2=   27.227948415908660       maxFi=   2.2111604090905613E-002  maxFj=  0.12885822422476412       Fi(21,1,1)=   0.0000000000000000       Fi(21,21,1)=   0.0000000000000000       Fi(41,21,1)=   0.0000000000000000     
   DBG div max=   2.2245392678943043E-002  res_p=   2.2245392678943043E-002
   SIMPLE iter           3  res_p=   2.2245392678943043E-002  u(1,1,1)= -0.18243431747356895       p(1,1,1)=   3412.2750593353326     
   SIMPLE iter           4  res_p=   1.2283123799474785E-002  u(1,1,1)= -0.15594769839786354       p(1,1,1)=   3412.2879793444267     
   SIMPLE iter           5  res_p=   1.2359303900388044E-002  u(1,1,1)= -0.14306671335540780       p(1,1,1)=   3412.3108368226226     
 DEBUG T iter          50 min   107.00540462049533      max   192.71954954623911     
 Low-speed solver Block           1  SIMPLE iterations:          61  res_p:   4.1384826412765863E-004
 --------------Force and Moment -----------------------------
 Total Force Coefficient (CL, CD, CS) =
  -5.3550573697008205E-002   7.5921768316732974E-002   8.7740769267402375E-021
 Total Moment Coefficient(CMx, CMy, CMz)=
   1.3387643424252057E-002   1.8980442079183243E-002  -2.4794623313945226E-002
 Kstep, t=          16   16.000000000000000     
 ----------The Max Residuals are--------  ---Mesh---           1
    0.2314273568E-03    0.3827079435E-03    0.1081696790E-03    0.1768584205E-19    0.2568775057E-03
   The R.M.S Residuals are 
    0.5271563538E-04    0.7098389894E-04    0.2207277048E-04    0.2311471488E-20    0.5112335685E-04
 CPU wall time in this step:  0.17168725799999995     
 Averaged CPU wall time is:  0.13813511800000000     
   DBG iter           1  maxU2=   26.966154126366444       maxFi=   8.2630964989869257E-002  maxFj=  0.18459504366230053       Fi(21,1,1)=   0.0000000000000000       Fi(21,21,1)=   0.0000000000000000       Fi(41,21,1)=   0.0000000000000000     
   DBG div max=   4.9075143469412164E-002  res_p=   4.9075143469412164E-002
   SIMPLE iter           1  res_p=   4.9075143469412164E-002  u(1,1,1)=  -4.1118069769131120E-002  p(1,1,1)=   3411.9823616400531     
   DBG iter           2  maxU2=   26.961472244555939       maxFi=   2.8807010063922549E-002  maxFj=   4.8092826691842547E-002  Fi(21,1,1)=   0.0000000000000000       Fi(21,21,1)=   0.0000000000000000       Fi(41,21,1)=   0.0000000000000000     
   DBG div max=   2.5271529145768148E-002  res_p=   2.5271529145768148E-002
   SIMPLE iter           2  res_p=   2.5271529145768148E-002  u(1,1,1)= -0.16818813522995418       p(1,1,1)=   3412.2762405232834     
   DBG iter           3  maxU2=   26.956774553403982       maxFi=   2.1929681298550236E-002  maxFj=  0.12748738509995164       Fi(21,1,1)=   0.0000000000000000       Fi(21,21,1)=   0.0000000000000000       Fi(41,21,1)=   0.0000000000000000     
   DBG div max=   2.1849896618456752E-002  res_p=   2.1849896618456752E-002
   SIMPLE iter           3  res_p=   2.1849896618456752E-002  u(1,1,1)= -0.18098788714710126       p(1,1,1)=   3412.2741738328623     
   SIMPLE iter           4  res_p=   1.2050447542416284E-002  u(1,1,1)= -0.15474372157164384       p(1,1,1)=   3412.2870022029247     
   SIMPLE iter           5  res_p=   1.2098412436617190E-002  u(1,1,1)= -0.14191459238050402       p(1,1,1)=   3412.3095775976540     
 DEBUG T iter          50 min   107.00568565037145      max   194.11733482839264     
 Low-speed solver Block           1  SIMPLE iterations:          61  res_p:   4.0002968788506454E-004
 --------------Force and Moment -----------------------------
 Total Force Coefficient (CL, CD, CS) =
  -5.2558566351275468E-002   7.2459862609575723E-002   6.6459675155882769E-021
 Total Moment Coefficient(CMx, CMy, CMz)=
   1.3139641587818867E-002   1.8114965652393931E-002  -2.4335305517810275E-002
 Kstep, t=          17   17.000000000000000     
 ----------The Max Residuals are--------  ---Mesh---           1
    0.2274984129E-03    0.3689807131E-03    0.1056841008E-03    0.2299049024E-19    0.2526785471E-03
   The R.M.S Residuals are 
    0.5315455408E-04    0.7029407830E-04    0.2208694906E-04    0.2410080004E-20    0.5111846389E-04
 CPU wall time in this step:  0.16971171700000021     
 Averaged CPU wall time is:  0.13999256500000001     
   DBG iter           1  maxU2=   26.690389662734312       maxFi=   8.1448544578132137E-002  maxFj=  0.18253925757010928       Fi(21,1,1)=   0.0000000000000000       Fi(21,21,1)=   0.0000000000000000       Fi(41,21,1)=   0.0000000000000000     
   DBG div max=   4.8114177268631431E-002  res_p=   4.8114177268631431E-002
   SIMPLE iter           1  res_p=   4.8114177268631431E-002  u(1,1,1)=  -4.1038779453978665E-002  p(1,1,1)=   3411.9849210361044     
   DBG iter           2  maxU2=   26.685715845993766       maxFi=   2.8369735413079172E-002  maxFj=   4.7712934865635263E-002  Fi(21,1,1)=   0.0000000000000000       Fi(21,21,1)=   0.0000000000000000       Fi(41,21,1)=   0.0000000000000000     
   DBG div max=   2.4939588263352897E-002  res_p=   2.4939588263352897E-002
   SIMPLE iter           2  res_p=   2.4939588263352897E-002  u(1,1,1)= -0.16680126171794304       p(1,1,1)=   3412.2750536508465     
   DBG iter           3  maxU2=   26.681007846428070       maxFi=   2.1661934933080499E-002  maxFj=  0.12579288140894679       Fi(21,1,1)=   0.0000000000000000       Fi(21,21,1)=   0.0000000000000000       Fi(41,21,1)=   0.0000000000000000     
   DBG div max=   2.1328775826865320E-002  res_p=   2.1328775826865320E-002
   SIMPLE iter           3  res_p=   2.1328775826865320E-002  u(1,1,1)= -0.17944973968905803       p(1,1,1)=   3412.2730676143201     
   SIMPLE iter           4  res_p=   1.1753701481979101E-002  u(1,1,1)= -0.15347334223686784       p(1,1,1)=   3412.2858277958744     
   SIMPLE iter           5  res_p=   1.1744973904025527E-002  u(1,1,1)= -0.14068883851532615       p(1,1,1)=   3412.3080675067849     
 DEBUG T iter          50 min   107.00597762073733      max   195.38974449764129     
 Low-speed solver Block           1  SIMPLE iterations:          61  res_p:   3.8753767524075250E-004
 --------------Force and Moment -----------------------------
 Total Force Coefficient (CL, CD, CS) =
  -5.1608941553163132E-002   6.9406321055759085E-002   1.0152608798202250E-021
 Total Moment Coefficient(CMx, CMy, CMz)=
   1.2902235388290779E-002   1.7351580263939771E-002  -2.3895612219312894E-002
 Kstep, t=          18   18.000000000000000     
 ----------The Max Residuals are--------  ---Mesh---           1
    0.2232904490E-03    0.3514199381E-03    0.1036252625E-03    0.1776583300E-19    0.2428609500E-03
   The R.M.S Residuals are 
    0.5361382638E-04    0.6976508859E-04    0.2212817961E-04    0.2441518895E-20    0.5118119630E-04
 CPU wall time in this step:  0.16162396000000001     
 Averaged CPU wall time is:  0.14119430916666667     
   DBG iter           1  maxU2=   26.413890661450516       maxFi=   8.0148029047795499E-002  maxFj=  0.18031733823298937       Fi(21,1,1)=   0.0000000000000000       Fi(21,21,1)=   0.0000000000000000       Fi(41,21,1)=   0.0000000000000000     
   DBG div max=   4.7140457771418634E-002  res_p=   4.7140457771418634E-002
   SIMPLE iter           1  res_p=   4.7140457771418634E-002  u(1,1,1)=  -4.0958025966155040E-002  p(1,1,1)=   3411.9874287803514     
   DBG iter           2  maxU2=   26.409232272850854       maxFi=   2.7882919407813411E-002  maxFj=   4.7318571088675779E-002  Fi(21,1,1)=   0.0000000000000000       Fi(21,21,1)=   0.0000000000000000       Fi(41,21,1)=   0.0000000000000000     
   DBG div max=   2.4578849130079534E-002  res_p=   2.4578849130079534E-002
   SIMPLE iter           2  res_p=   2.4578849130079534E-002  u(1,1,1)= -0.16538671542167402       p(1,1,1)=   3412.2737858717119     
   DBG iter           3  maxU2=   26.404541022027257       maxFi=   2.1348378806271801E-002  maxFj=  0.12393909408767161       Fi(21,1,1)=   0.0000000000000000       Fi(21,21,1)=   0.0000000000000000       Fi(41,21,1)=   0.0000000000000000     
   DBG div max=   2.0746874225041859E-002  res_p=   2.0746874225041859E-002
   SIMPLE iter           3  res_p=   2.0746874225041859E-002  u(1,1,1)= -0.17787194666551440       p(1,1,1)=   3412.2718401555258     
   SIMPLE iter           4  res_p=   1.1425874791536506E-002  u(1,1,1)= -0.15217504853091973       p(1,1,1)=   3412.2845442932689     
   SIMPLE iter           5  res_p=   1.1349871316074386E-002  u(1,1,1)= -0.13943208314655176       p(1,1,1)=   3412.3064236047167     
 DEBUG T iter          50 min   107.00627737860532      max   196.55522834948431     
 Low-speed solver Block           1  SIMPLE iterations:          61  res_p:   3.7615580985755903E-004
 --------------Force and Moment -----------------------------
 Total Force Coefficient (CL, CD, CS) =
  -5.0693599319025673E-002   6.6681541643690417E-002  -2.5192128855989283E-021
 Total Moment Coefficient(CMx, CMy, CMz)=
   1.2673399829756418E-002   1.6670385410922604E-002  -2.3471792553422278E-002
 Kstep, t=          19   19.000000000000000     
 ----------The Max Residuals are--------  ---Mesh---           1
    0.2161791513E-03    0.3336942122E-03    0.1006962833E-03    0.1913295252E-19    0.2328487845E-03
   The R.M.S Residuals are 
    0.5399796036E-04    0.6928587356E-04    0.2215973826E-04    0.2444126661E-20    0.5119669592E-04
 CPU wall time in this step:  0.15892379499999976     
 Averaged CPU wall time is:  0.14212743999999999     
   DBG iter           1  maxU2=   26.139883905281568       maxFi=   7.8794322588451912E-002  maxFj=  0.17802183168152241       Fi(21,1,1)=   0.0000000000000000       Fi(21,21,1)=   0.0000000000000000       Fi(41,21,1)=   0.0000000000000000     
   DBG div max=   4.6196220964019361E-002  res_p=   4.6196220964019361E-002
   SIMPLE iter           1  res_p=   4.6196220964019361E-002  u(1,1,1)=  -4.0875938418507743E-002  p(1,1,1)=   3411.9898729867487     
   DBG iter           2  maxU2=   26.135295275737853       maxFi=   2.7373608579735375E-002  maxFj=   4.6919082088078871E-002  Fi(21,1,1)=   0.0000000000000000       Fi(21,21,1)=   0.0000000000000000       Fi(41,21,1)=   0.0000000000000000     
   DBG div max=   2.4201651255198953E-002  res_p=   2.4201651255198953E-002
   SIMPLE iter           2  res_p=   2.4201651255198953E-002  u(1,1,1)= -0.16397002504598046       p(1,1,1)=   3412.2724854220091     
   DBG iter           3  maxU2=   26.130674725705049       maxFi=   2.1013281596782934E-002  maxFj=  0.12202584232441682       Fi(21,1,1)=   0.0000000000000000       Fi(21,21,1)=   0.0000000000000000       Fi(41,21,1)=   0.0000000000000000     
   DBG div max=   2.0143135979004217E-002  res_p=   2.0143135979004217E-002
   SIMPLE iter           3  res_p=   2.0143135979004217E-002  u(1,1,1)= -0.17628694363991027       p(1,1,1)=   3412.2705542869658     
   SIMPLE iter           4  res_p=   1.1086852969833264E-002  u(1,1,1)= -0.15087275967608785       p(1,1,1)=   3412.2832073564914     
   SIMPLE iter           5  res_p=   1.0942980377777259E-002  u(1,1,1)= -0.13817051965513397       p(1,1,1)=   3412.3047183967019     
 DEBUG T iter          50 min   107.00658272376084      max   197.62925663336711     
 Low-speed solver Block           1  SIMPLE iterations:          61  res_p:   3.6570784342298407E-004
 --------------Force and Moment -----------------------------
 Total Force Coefficient (CL, CD, CS) =
  -4.9812463416493022E-002   6.4226345049396602E-002  -9.4746314880195127E-021
 Total Moment Coefficient(CMx, CMy, CMz)=
   1.2453115854123257E-002   1.6056586262349151E-002  -2.3063810838605703E-002
 Kstep, t=          20   20.000000000000000     
 ----------The Max Residuals are--------  ---Mesh---           1
    0.2142664255E-03    0.3250062354E-03    0.9939823880E-04    0.1864188835E-19    0.2250028603E-03
   The R.M.S Residuals are 
    0.5429571940E-04    0.6882143884E-04    0.2215062242E-04    0.2526871399E-20    0.5115268696E-04
 write flow3d.dat ......
 write flow3d.dat OK
 write VTK files ......
 write VTK files OK
 CPU wall time in this step:  0.26753051800000005     
 Averaged CPU wall time is:  0.14839759390000001     
   DBG iter           1  maxU2=   25.871016198821433       maxFi=   7.7428066153558572E-002  maxFj=  0.17571098679818589       Fi(21,1,1)=   0.0000000000000000       Fi(21,21,1)=   0.0000000000000000       Fi(41,21,1)=   0.0000000000000000     
   DBG div max=   4.5244321735800508E-002  res_p=   4.5244321735800508E-002
   SIMPLE iter           1  res_p=   4.5244321735800508E-002  u(1,1,1)=  -4.0792755802415870E-002  p(1,1,1)=   3411.9922487582094     
   DBG iter           2  maxU2=   25.866532412728272       maxFi=   2.6858531006609867E-002  maxFj=   4.6520690510160931E-002  Fi(21,1,1)=   0.0000000000000000       Fi(21,21,1)=   0.0000000000000000       Fi(41,21,1)=   0.0000000000000000     
   DBG div max=   2.3819603289145799E-002  res_p=   2.3819603289145799E-002
   SIMPLE iter           2  res_p=   2.3819603289145799E-002  u(1,1,1)= -0.16256772076249040       p(1,1,1)=   3412.2711855151783     
   DBG iter           3  maxU2=   25.862017399452093       maxFi=   2.0671378656879531E-002  maxFj=  0.12011331446772552       Fi(21,1,1)=   0.0000000000000000       Fi(21,21,1)=   0.0000000000000000       Fi(41,21,1)=   0.0000000000000000     
   DBG div max=   1.9540532390995832E-002  res_p=   1.9540532390995832E-002
   SIMPLE iter           3  res_p=   1.9540532390995832E-002  u(1,1,1)= -0.17471557124614254       p(1,1,1)=   3412.2692520134292     
   SIMPLE iter           4  res_p=   1.0748546219077823E-002  u(1,1,1)= -0.14958201707641794       p(1,1,1)=   3412.2818548411433     
   SIMPLE iter           5  res_p=   1.0541230319311298E-002  u(1,1,1)= -0.13692085372137636       p(1,1,1)=   3412.3029995654169     
 DEBUG T iter          50 min   107.00689202308530      max   198.62358743582769     
 Low-speed solver Block           1  SIMPLE iterations:          61  res_p:   3.5604768131126258E-004
 --------------Force and Moment -----------------------------
 Total Force Coefficient (CL, CD, CS) =
  -4.8965772296313256E-002   6.1996174655309655E-002  -8.6767714012942139E-021
 Total Moment Coefficient(CMx, CMy, CMz)=
   1.2241443074078318E-002   1.5499043663827414E-002  -2.2671777538169201E-002
 Kstep, t=          21   21.000000000000000     
 ----------The Max Residuals are--------  ---Mesh---           1
    0.2103124988E-03    0.3132441784E-03    0.9721991786E-04    0.2517149217E-19    0.2196312794E-03
   The R.M.S Residuals are 
    0.5457582929E-04    0.6841854854E-04    0.2215390293E-04    0.2677842210E-20    0.5112381833E-04
 CPU wall time in this step:  0.15004244799999977     
 Averaged CPU wall time is:  0.14847592028571427     
   DBG iter           1  maxU2=   25.608983797626006       maxFi=   7.6074744079532769E-002  maxFj=  0.17342182673539674       Fi(21,1,1)=   0.0000000000000000       Fi(21,21,1)=   0.0000000000000000       Fi(41,21,1)=   0.0000000000000000     
   DBG div max=   4.4302922850428250E-002  res_p=   4.4302922850428250E-002
   SIMPLE iter           1  res_p=   4.4302922850428250E-002  u(1,1,1)=  -4.0708833238968657E-002  p(1,1,1)=   3411.9945469288818     
   DBG iter           2  maxU2=   25.604626798836968       maxFi=   2.6348054626886330E-002  maxFj=   4.6127549575718227E-002  Fi(21,1,1)=   0.0000000000000000       Fi(21,21,1)=   0.0000000000000000       Fi(41,21,1)=   0.0000000000000000     
   DBG div max=   2.3440005365114272E-002  res_p=   2.3440005365114272E-002
   SIMPLE iter           2  res_p=   2.3440005365114272E-002  u(1,1,1)= -0.16119089027386513       p(1,1,1)=   3412.2699019326942     
   DBG iter           3  maxU2=   25.600239086659695       maxFi=   2.0331621003311207E-002  maxFj=  0.11823753035126285       Fi(21,1,1)=   0.0000000000000000       Fi(21,21,1)=   0.0000000000000000       Fi(41,21,1)=   0.0000000000000000     
   DBG div max=   1.8952448569711552E-002  res_p=   1.8952448569711552E-002
   SIMPLE iter           3  res_p=   1.8952448569711552E-002  u(1,1,1)= -0.17317171631756517       p(1,1,1)=   3412.2679553035132     
   SIMPLE iter           4  res_p=   1.0417999490941958E-002  u(1,1,1)= -0.14831372296667736       p(1,1,1)=   3412.2805081237607     
   SIMPLE iter           5  res_p=   1.0153914016274537E-002  u(1,1,1)= -0.13569463126061113       p(1,1,1)=   3412.3012951298015     
 DEBUG T iter          50 min   107.00720394184121      max   199.54739773792224     
 Low-speed solver Block           1  SIMPLE iterations:          61  res_p:   3.4708305242470150E-004
 --------------Force and Moment -----------------------------
 Total Force Coefficient (CL, CD, CS) =
  -4.8154634561913788E-002   5.9957193440186532E-002  -3.7561112955085494E-021
 Total Moment Coefficient(CMx, CMy, CMz)=
   1.2038658640478452E-002   1.4989298360046633E-002  -2.2296205961272502E-002
 Kstep, t=          22   22.000000000000000     
 ----------The Max Residuals are--------  ---Mesh---           1
    0.2040431623E-03    0.2997036984E-03    0.9467200076E-04    0.2121029357E-19    0.2126996724E-03
   The R.M.S Residuals are 
    0.5476788893E-04    0.6799782303E-04    0.2212554420E-04    0.2656007273E-20    0.5102096200E-04
 CPU wall time in this step:  0.15122273900000005     
 Averaged CPU wall time is:  0.14860077568181818     
   DBG iter           1  maxU2=   25.354812905025483       maxFi=   7.4750294935088571E-002  maxFj=  0.17117788160683642       Fi(21,1,1)=   0.0000000000000000       Fi(21,21,1)=   0.0000000000000000       Fi(41,21,1)=   0.0000000000000000     
   DBG div max=   4.3383316022727006E-002  res_p=   4.3383316022727006E-002
   SIMPLE iter           1  res_p=   4.3383316022727006E-002  u(1,1,1)=  -4.0623980694508767E-002  p(1,1,1)=   3411.9967546644102     
   DBG iter           2  maxU2=   25.350595159831965       maxFi=   2.5848646221694218E-002  maxFj=   4.5742448832635903E-002  Fi(21,1,1)=   0.0000000000000000       Fi(21,21,1)=   0.0000000000000000       Fi(41,21,1)=   0.0000000000000000     
   DBG div max=   2.3067476486658217E-002  res_p=   2.3067476486658217E-002
   SIMPLE iter           2  res_p=   2.3067476486658217E-002  u(1,1,1)= -0.15984662142096798       p(1,1,1)=   3412.2686387718595     
   DBG iter           3  maxU2=   25.346347082379143       maxFi=   1.9999401779143264E-002  maxFj=  0.11641958792345496       Fi(21,1,1)=   0.0000000000000000       Fi(21,21,1)=   0.0000000000000000       Fi(41,21,1)=   0.0000000000000000     
   DBG div max=   1.8386442749900783E-002  res_p=   1.8386442749900783E-002
   SIMPLE iter           3  res_p=   1.8386442749900783E-002  u(1,1,1)= -0.17166444358933958       p(1,1,1)=   3412.2666724340002     
   SIMPLE iter           4  res_p=   1.0099265101645938E-002  u(1,1,1)= -0.14707561515559625       p(1,1,1)=   3412.2791780223861     
   SIMPLE iter           5  res_p=   9.7858522245391349E-003  u(1,1,1)= -0.13450005857004699       p(1,1,1)=   3412.2996207004735     
 DEBUG T iter          50 min   107.00751749539270      max   200.40882727592833     
 Low-speed solver Block           1  SIMPLE iterations:          61  res_p:   3.3876562280841377E-004
 --------------Force and Moment -----------------------------
 Total Force Coefficient (CL, CD, CS) =
  -4.7378455562951130E-002   5.8082582332417768E-002  -4.2197243709712850E-021
 Total Moment Coefficient(CMx, CMy, CMz)=
   1.1844613890737783E-002   1.4520645583104442E-002  -2.1936820818877059E-002
 Kstep, t=          23   23.000000000000000     
 ----------The Max Residuals are--------  ---Mesh---           1
    0.2023195390E-03    0.2905688184E-03    0.9318901401E-04    0.2195665068E-19    0.2049510676E-03
   The R.M.S Residuals are 
    0.5491748635E-04    0.6758776775E-04    0.2208857098E-04    0.2762485030E-20    0.5091446965E-04
 CPU wall time in this step:  0.13869249600000000     
 Averaged CPU wall time is:  0.14816998091304348     
   DBG iter           1  maxU2=   25.109048623442916       maxFi=   7.3464304692856891E-002  maxFj=  0.16899386385980419       Fi(21,1,1)=   0.0000000000000000       Fi(21,21,1)=   0.0000000000000000       Fi(41,21,1)=   0.0000000000000000     
   DBG div max=   4.2492150836491355E-002  res_p=   4.2492150836491355E-002
   SIMPLE iter           1  res_p=   4.2492150836491355E-002  u(1,1,1)=  -4.0538731930667996E-002  p(1,1,1)=   3411.9988879180710     
   DBG iter           2  maxU2=   25.104976002394867       maxFi=   2.5364111573153533E-002  maxFj=   4.5409927562049361E-002  Fi(21,1,1)=   0.0000000000000000       Fi(21,21,1)=   0.0000000000000000       Fi(41,21,1)=   0.0000000000000000     
   DBG div max=   2.2704842802755122E-002  res_p=   2.2704842802755122E-002
   SIMPLE iter           2  res_p=   2.2704842802755122E-002  u(1,1,1)= -0.15853922447914759       p(1,1,1)=   3412.2674188442470     
   DBG iter           3  maxU2=   25.100873339623586       maxFi=   1.9677807215895578E-002  maxFj=  0.11467113124495761       Fi(21,1,1)=   0.0000000000000000       Fi(21,21,1)=   0.0000000000000000       Fi(41,21,1)=   0.0000000000000000     
   DBG div max=   1.7846480629166023E-002  res_p=   1.7846480629166023E-002
   SIMPLE iter           3  res_p=   1.7846480629166023E-002  u(1,1,1)= -0.17019870329703174       p(1,1,1)=   3412.2654279737449     
   SIMPLE iter           4  res_p=   9.7945097519881036E-003  u(1,1,1)= -0.14587028086876511       p(1,1,1)=   3412.2778835104182     
   SIMPLE iter           5  res_p=   9.4389695276003160E-003  u(1,1,1)= -0.13333854515698387       p(1,1,1)=   3412.2979926434045     
 DEBUG T iter          50 min   107.00783190455385      max   201.21448373007030     
 Low-speed solver Block           1  SIMPLE iterations:          61  res_p:   3.3105956687798366E-004
 --------------Force and Moment -----------------------------
 Total Force Coefficient (CL, CD, CS) =
  -4.6636242392308624E-002   5.6350985802590153E-002  -3.2003734870519222E-021
 Total Moment Coefficient(CMx, CMy, CMz)=
   1.1659060598077160E-002   1.4087746450647538E-002  -2.1593162406366904E-002
 Kstep, t=          24   24.000000000000000     
 ----------The Max Residuals are--------  ---Mesh---           1
    0.1983270852E-03    0.2817244098E-03    0.8939295862E-04    0.2329998694E-19    0.1996331011E-03
   The R.M.S Residuals are 
    0.5502469023E-04    0.6718235440E-04    0.2204279528E-04    0.2733764958E-20    0.5076626753E-04
 CPU wall time in this step:  0.13756405800000016     
 Averaged CPU wall time is:  0.14772806745833333     
   DBG iter           1  maxU2=   24.872693122575864       maxFi=   7.2222250707131591E-002  maxFj=  0.16687839511690478       Fi(21,1,1)=   0.0000000000000000       Fi(21,21,1)=   0.0000000000000000       Fi(41,21,1)=   0.0000000000000000     
   DBG div max=   4.1633099649242958E-002  res_p=   4.1633099649242958E-002
   SIMPLE iter           1  res_p=   4.1633099649242958E-002  u(1,1,1)=  -4.0453920587456248E-002  p(1,1,1)=   3412.0009562019955     
   DBG iter           2  maxU2=   24.868759648087554       maxFi=   2.4896592663596250E-002  maxFj=   4.5192647875401018E-002  Fi(21,1,1)=   0.0000000000000000       Fi(21,21,1)=   0.0000000000000000       Fi(41,21,1)=   0.0000000000000000     
   DBG div max=   2.2353773381039995E-002  res_p=   2.2353773381039995E-002
   SIMPLE iter           2  res_p=   2.2353773381039995E-002  u(1,1,1)= -0.15727149342353389       p(1,1,1)=   3412.2662548221310     
   DBG iter           3  maxU2=   24.864814347303138       maxFi=   1.9368507773816577E-002  maxFj=  0.11299776193816743       Fi(21,1,1)=   0.0000000000000000       Fi(21,21,1)=   0.0000000000000000       Fi(41,21,1)=   0.0000000000000000     
   DBG div max=   1.7334262319788435E-002  res_p=   1.7334262319788435E-002
   SIMPLE iter           3  res_p=   1.7334262319788435E-002  u(1,1,1)= -0.16877781616525303       p(1,1,1)=   3412.2642362036740     
   SIMPLE iter           4  res_p=   9.5047158878069568E-003  u(1,1,1)= -0.14470044566163701       p(1,1,1)=   3412.2766387945508     
   SIMPLE iter           5  res_p=   9.1137270090698858E-003  u(1,1,1)= -0.13221265581901914       p(1,1,1)=   3412.2964255812503     
 DEBUG T iter          50 min   107.00814647555529      max   201.97014435801967     
 Low-speed solver Block           1  SIMPLE iterations:          61  res_p:   3.2386863181991382E-004
 --------------Force and Moment -----------------------------
 Total Force Coefficient (CL, CD, CS) =
  -4.5926580788678964E-002   5.4744925870633954E-002   2.2496014075644033E-021
 Total Moment Coefficient(CMx, CMy, CMz)=
   1.1481645197169746E-002   1.3686231467658488E-002  -2.1264575916614282E-002
 Kstep, t=          25   25.000000000000000     
 ----------The Max Residuals are--------  ---Mesh---           1
    0.1934048848E-03    0.2719449628E-03    0.8851800281E-04    0.1888377810E-19    0.1951243037E-03
   The R.M.S Residuals are 
    0.5505228822E-04    0.6673728304E-04    0.2197074651E-04    0.2762748214E-20    0.5058211032E-04
 CPU wall time in this step:  0.13277747299999998     
 Averaged CPU wall time is:  0.14713004367999999     
   DBG iter           1  maxU2=   24.645119951372195       maxFi=   7.1026762866048865E-002  maxFj=  0.16483586337207248       Fi(21,1,1)=   0.0000000000000000       Fi(21,21,1)=   0.0000000000000000       Fi(41,21,1)=   0.0000000000000000     
   DBG div max=   4.0807720400916153E-002  res_p=   4.0807720400916153E-002
   SIMPLE iter           1  res_p=   4.0807720400916153E-002  u(1,1,1)=  -4.0378789785881969E-002  p(1,1,1)=   3412.0030063541790     
   DBG iter           2  maxU2=   24.641332116272949       maxFi=   2.4446859417452817E-002  maxFj=   4.4979578115506631E-002  Fi(21,1,1)=   0.0000000000000000       Fi(21,21,1)=   0.0000000000000000       Fi(41,21,1)=   0.0000000000000000     
   DBG div max=   2.2015138581237645E-002  res_p=   2.2015138581237645E-002
   SIMPLE iter           2  res_p=   2.2015138581237645E-002  u(1,1,1)= -0.15605329385808342       p(1,1,1)=   3412.2651947003737     
   DBG iter           3  maxU2=   24.637532416044618       maxFi=   1.9072349959482843E-002  maxFj=  0.11140118479785781       Fi(21,1,1)=   0.0000000000000000       Fi(21,21,1)=   0.0000000000000000       Fi(41,21,1)=   0.0000000000000000     
   DBG div max=   1.6850100682184330E-002  res_p=   1.6850100682184330E-002
   SIMPLE iter           3  res_p=   1.6850100682184330E-002  u(1,1,1)= -0.16741182493122914       p(1,1,1)=   3412.2631543336565     
   SIMPLE iter           4  res_p=   9.2300888715647345E-003  u(1,1,1)= -0.14357676508512002       p(1,1,1)=   3412.2755095352386     
   SIMPLE iter           5  res_p=   8.8096739650950356E-003  u(1,1,1)= -0.13113396204583277       p(1,1,1)=   3412.2949934026815     
 DEBUG T iter          50 min   107.00846062030513      max   202.68093063116510     
 Low-speed solver Block           1  SIMPLE iterations:          61  res_p:   3.1710823734570903E-004
 --------------Force and Moment -----------------------------
 Total Force Coefficient (CL, CD, CS) =
  -4.5247922147577148E-002   5.3249942930141188E-002   2.8779982106244543E-021
 Total Moment Coefficient(CMx, CMy, CMz)=
   1.1311980536894287E-002   1.3312485732535297E-002  -2.0950344329913623E-002
 Kstep, t=          26   26.000000000000000     
 ----------The Max Residuals are--------  ---Mesh---           1
    0.1905863275E-03    0.2619601383E-03    0.8571469323E-04    0.2311644433E-19    0.1897662275E-03
   The R.M.S Residuals are 
    0.5506414669E-04    0.6630805882E-04    0.2189914915E-04    0.2793642569E-20    0.5037686932E-04
 CPU wall time in this step:  0.12965633700000012     
 Averaged CPU wall time is:  0.14645797803846156     
   DBG iter           1  maxU2=   24.426003394423393       maxFi=   6.9878885193545903E-002  maxFj=  0.16286803951714407       Fi(21,1,1)=   0.0000000000000000       Fi(21,21,1)=   0.0000000000000000       Fi(41,21,1)=   0.0000000000000000     
   DBG div max=   4.0017053589918375E-002  res_p=   4.0017053589918375E-002
   SIMPLE iter           1  res_p=   4.0017053589918375E-002  u(1,1,1)=  -4.0305087317685492E-002  p(1,1,1)=   3412.0049599702115     
   DBG iter           2  maxU2=   24.422357161119734       maxFi=   2.4015394890111213E-002  maxFj=   4.4771002284873740E-002  Fi(21,1,1)=   0.0000000000000000       Fi(21,21,1)=   0.0000000000000000       Fi(41,21,1)=   0.0000000000000000     
   DBG div max=   2.1689305975312431E-002  res_p=   2.1689305975312431E-002
   SIMPLE iter           2  res_p=   2.1689305975312431E-002  u(1,1,1)= -0.15487750125752991       p(1,1,1)=   3412.2641617857512     
   DBG iter           3  maxU2=   24.418699004191737       maxFi=   1.8789672203311035E-002  maxFj=  0.10988065693932624       Fi(21,1,1)=   0.0000000000000000       Fi(21,21,1)=   0.0000000000000000       Fi(41,21,1)=   0.0000000000000000     
   DBG div max=   1.6393353602202343E-002  res_p=   1.6393353602202343E-002
   SIMPLE iter           3  res_p=   1.6393353602202343E-002  u(1,1,1)= -0.16609410322457605       p(1,1,1)=   3412.2620996000246     
   SIMPLE iter           4  res_p=   8.9704085281219550E-003  u(1,1,1)= -0.14249143619981083       p(1,1,1)=   3412.2744075360497     
   SIMPLE iter           5  res_p=   8.5258635817965917E-003  u(1,1,1)= -0.13009420077042122       p(1,1,1)=   3412.2936041383332     
 DEBUG T iter          50 min   107.00877388940407      max   203.35121369137511     
 Low-speed solver Block           1  SIMPLE iterations:          61  res_p:   3.1072251875505219E-004
 --------------Force and Moment -----------------------------
 Total Force Coefficient (CL, CD, CS) =
  -4.4598646127566720E-002   5.1853885422727980E-002   1.0627923302095920E-021
 Total Moment Coefficient(CMx, CMy, CMz)=
   1.1149661531891675E-002   1.2963471355681995E-002  -2.0649717406517078E-002
 Kstep, t=          27   27.000000000000000     
 ----------The Max Residuals are--------  ---Mesh---           1
    0.1875308201E-03    0.2555394041E-03    0.8318936637E-04    0.2861666589E-19    0.1831210680E-03
   The R.M.S Residuals are 
    0.5498692563E-04    0.6582128308E-04    0.2179835700E-04    0.2998864884E-20    0.5012399510E-04
 CPU wall time in this step:  0.13851293799999986     
 Averaged CPU wall time is:  0.14616371729629629     
   DBG iter           1  maxU2=   24.215074606985642       maxFi=   6.8778494010516888E-002  maxFj=  0.16097477798697943       Fi(21,1,1)=   0.0000000000000000       Fi(21,21,1)=   0.0000000000000000       Fi(41,21,1)=   0.0000000000000000     
   DBG div max=   3.9260732796629297E-002  res_p=   3.9260732796629297E-002
   SIMPLE iter           1  res_p=   3.9260732796629297E-002  u(1,1,1)=  -4.0231974006498715E-002  p(1,1,1)=   3412.0068384361698     
   DBG iter           2  maxU2=   24.211564828197922       maxFi=   2.3602295981738658E-002  maxFj=   4.4567082568900789E-002  Fi(21,1,1)=   0.0000000000000000       Fi(21,21,1)=   0.0000000000000000       Fi(41,21,1)=   0.0000000000000000     
   DBG div max=   2.1376281381824208E-002  res_p=   2.1376281381824208E-002
   SIMPLE iter           2  res_p=   2.1376281381824208E-002  u(1,1,1)= -0.15374203850636034       p(1,1,1)=   3412.2631706838547     
   DBG iter           3  maxU2=   24.208043055602229       maxFi=   1.8520230559131910E-002  maxFj=  0.10843385750663712       Fi(21,1,1)=   0.0000000000000000       Fi(21,21,1)=   0.0000000000000000       Fi(41,21,1)=   0.0000000000000000     
   DBG div max=   1.5962879416541897E-002  res_p=   1.5962879416541897E-002
   SIMPLE iter           3  res_p=   1.5962879416541897E-002  u(1,1,1)= -0.16482229942977511       p(1,1,1)=   3412.2610868338152     
   SIMPLE iter           4  res_p=   8.7251199435141244E-003  u(1,1,1)= -0.14144263955422784       p(1,1,1)=   3412.2733457399195     
   SIMPLE iter           5  res_p=   8.2610221420193336E-003  u(1,1,1)= -0.12909162886988890       p(1,1,1)=   3412.2922701919260     
 DEBUG T iter          50 min   107.00908599551788      max   203.98471771201520     
 Low-speed solver Block           1  SIMPLE iterations:          61  res_p:   3.0468160540702421E-004
 --------------Force and Moment -----------------------------
 Total Force Coefficient (CL, CD, CS) =
  -4.3977134343034185E-002   5.0546429791367337E-002   7.0612201529304115E-021
 Total Moment Coefficient(CMx, CMy, CMz)=
   1.0994283585758546E-002   1.2636607447841834E-002  -2.0361945807482310E-002
 Kstep, t=          28   28.000000000000000     
 ----------The Max Residuals are--------  ---Mesh---           1
    0.1833544798E-03    0.2480059956E-03    0.8125830009E-04    0.2039009742E-19    0.1795524892E-03
   The R.M.S Residuals are 
    0.5490325004E-04    0.6535015358E-04    0.2169963282E-04    0.2920360773E-20    0.4985933605E-04
 CPU wall time in this step:  0.14357070099999980     
 Averaged CPU wall time is:  0.14607110957142858     
   DBG iter           1  maxU2=   24.012011802178360       maxFi=   6.7724501134464501E-002  maxFj=  0.15915456168248487       Fi(21,1,1)=   0.0000000000000000       Fi(21,21,1)=   0.0000000000000000       Fi(41,21,1)=   0.0000000000000000     
   DBG div max=   3.8537827642927999E-002  res_p=   3.8537827642927999E-002
   SIMPLE iter           1  res_p=   3.8537827642927999E-002  u(1,1,1)=  -4.0159391006743844E-002  p(1,1,1)=   3412.0086493961112     
   DBG iter           2  maxU2=   24.008632656507796       maxFi=   2.3207096606578489E-002  maxFj=   4.4367885111106183E-002  Fi(21,1,1)=   0.0000000000000000       Fi(21,21,1)=   0.0000000000000000       Fi(41,21,1)=   0.0000000000000000     
   DBG div max=   2.1075817669371062E-002  res_p=   2.1075817669371062E-002
   SIMPLE iter           2  res_p=   2.1075817669371062E-002  u(1,1,1)= -0.15264543379794301       p(1,1,1)=   3412.2622236788461     
   DBG iter           3  maxU2=   24.005241440845516       maxFi=   1.8263596623483820E-002  maxFj=  0.10705755532358788       Fi(21,1,1)=   0.0000000000000000       Fi(21,21,1)=   0.0000000000000000       Fi(41,21,1)=   0.0000000000000000     
   DBG div max=   1.5557267997313856E-002  res_p=   1.5557267997313856E-002
   SIMPLE iter           3  res_p=   1.5557267997313856E-002  u(1,1,1)= -0.16359474532188822       p(1,1,1)=   3412.2601179920725     
   SIMPLE iter           4  res_p=   8.4935108969789661E-003  u(1,1,1)= -0.14042811135478256       p(1,1,1)=   3412.2723231660702     
   SIMPLE iter           5  res_p=   8.0137928390534158E-003  u(1,1,1)= -0.12812591647424093       p(1,1,1)=   3412.2909945862825     
 DEBUG T iter          50 min   107.00939667934345      max   204.58463392852460     
 Low-speed solver Block           1  SIMPLE iterations:          61  res_p:   2.9899129270733599E-004
 --------------Force and Moment -----------------------------
 Total Force Coefficient (CL, CD, CS) =
  -4.3381793362668744E-002   4.9318718341480043E-002   3.0872503296085046E-021
 Total Moment Coefficient(CMx, CMy, CMz)=
   1.0845448340667189E-002   1.2329679585370011E-002  -2.0086291740008894E-002
 Kstep, t=          29   29.000000000000000     
 ----------The Max Residuals are--------  ---Mesh---           1
    0.1799387070E-03    0.2394108886E-03    0.7904359919E-04    0.2311277695E-19    0.1747386264E-03
   The R.M.S Residuals are 
    0.5473782679E-04    0.6482236105E-04    0.2157597430E-04    0.2923621193E-20    0.4954920742E-04
 CPU wall time in this step:  0.13759484000000022     
 Averaged CPU wall time is:  0.14577882441379311     
   DBG iter           1  maxU2=   23.816462737695296       maxFi=   6.6715102667898818E-002  maxFj=  0.15740521258966939       Fi(21,1,1)=   0.0000000000000000       Fi(21,21,1)=   0.0000000000000000       Fi(41,21,1)=   0.0000000000000000     
   DBG div max=   3.7846840300707993E-002  res_p=   3.7846840300707993E-002
   SIMPLE iter           1  res_p=   3.7846840300707993E-002  u(1,1,1)=  -4.0087616369295663E-002  p(1,1,1)=   3412.0103887674609     
   DBG iter           2  maxU2=   23.813208067470526       maxFi=   2.2829100982655667E-002  maxFj=   4.4173422821401340E-002  Fi(21,1,1)=   0.0000000000000000       Fi(21,21,1)=   0.0000000000000000       Fi(41,21,1)=   0.0000000000000000     
   DBG div max=   2.0787561564903877E-002  res_p=   2.0787561564903877E-002
   SIMPLE iter           2  res_p=   2.0787561564903877E-002  u(1,1,1)= -0.15158658548418122       p(1,1,1)=   3412.2613121156196     
   DBG iter           3  maxU2=   23.809941249717955       maxFi=   1.8019206569645625E-002  maxFj=  0.10574823084604126       Fi(21,1,1)=   0.0000000000000000       Fi(21,21,1)=   0.0000000000000000       Fi(41,21,1)=   0.0000000000000000     
   DBG div max=   1.5175114521606553E-002  res_p=   1.5175114521606553E-002
   SIMPLE iter           3  res_p=   1.5175114521606553E-002  u(1,1,1)= -0.16241024074795468       p(1,1,1)=   3412.2591854329039     
   SIMPLE iter           4  res_p=   8.2748406709139896E-003  u(1,1,1)= -0.13944823007666307       p(1,1,1)=   3412.2713358933397     
   SIMPLE iter           5  res_p=   7.7828836979327298E-003  u(1,1,1)= -0.12719476418379527       p(1,1,1)=   3412.2897664870939     
 DEBUG T iter          50 min   107.00970579663985      max   205.15368993118369     
 Low-speed solver Block           1  SIMPLE iterations:          61  res_p:   2.9359123053556563E-004
 --------------Force and Moment -----------------------------
 Total Force Coefficient (CL, CD, CS) =
  -4.2811025754506238E-002   4.8163085243933285E-002  -2.4876973839380415E-022
 Total Moment Coefficient(CMx, CMy, CMz)=
   1.0702756438626554E-002   1.2040771310983321E-002  -1.9822015520179929E-002
 Kstep, t=          30   30.000000000000000     
 ----------The Max Residuals are--------  ---Mesh---           1
    0.1769487432E-03    0.2328612938E-03    0.7682818527E-04    0.2173292659E-19    0.1690077599E-03
   The R.M.S Residuals are 
    0.5456551083E-04    0.6430443124E-04    0.2145341244E-04    0.3059654502E-20    0.4922876869E-04
 write flow3d.dat ......
 write flow3d.dat OK
 write VTK files ......
 write VTK files OK
