 ----------------- OpenCFD-EC3D ver 1.14a (MPI-OpenMP version)------------------
         Copyright by Li Xinliang, lixl@imech.ac.cn                            
         Programming by Li Xinliang  2016-1                                   
 ----------------------------------------------------------------------------- 
 Check if Multi-Grid can be used ...
 Total Block number is            4 Total Cell number is         8760
 Check multigrid OK
 can not find partation.dat,  create partation ...
 Partation ......
 Total Cell number=        8760
 Total Grid number=       18406
 Max grid number is        18406  ... rato to mean grid is   1.0000000000000000     
 Min grid number is        18406  ... rato to mean grid is   1.0000000000000000     
 rato max to min is    1.0000000000000000     
 Read material.in OK, Total_block=           4
   Block           1 : Block_type=           2  rho=   1.0000000000000000       Cp=   1005.0000000000000       k=   2.5999999999999999E-002
   Block           2 : Block_type=           0  rho=   0.0000000000000000       Cp=   0.0000000000000000       k=   0.0000000000000000     
   Block           3 : Block_type=           0  rho=   0.0000000000000000       Cp=   0.0000000000000000       k=   0.0000000000000000     
   Block           4 : Block_type=           0  rho=   0.0000000000000000       Cp=   0.0000000000000000       k=   0.0000000000000000     
 creat main mesh OK, Num_Cell=        8760
  read main mesh ...
 read Mesh3d.dat OK
 Convert bc3d.inp to bc3d.inc ...
 Convert bc3d.inp to bc3d.inc OK
 read bc3d.inc (Link/boundary file)......
 read bc3d.inc OK
 Convert bc3d_interface.inp to bc3d_interface.inc ...
 Convert bc3d_interface.inp to bc3d_interface.inc OK
 read bc3d_interface.inc (Interface link file)......
 read bc3d_interface.inc OK
 solid_bc.inp not found, no solid thermal BCs
  Need not read wall_dist.dat 
 No FDM.in, Donot use hybrid FVM/FDM
 my_id, block_no, FDM, FD_Flux, FD_Scheme=           0           1           0
 my_id, block_no, FDM, FD_Flux, FD_Scheme=           0           2           0
 my_id, block_no, FDM, FD_Flux, FD_Scheme=           0           3           0
 my_id, block_no, FDM, FD_Flux, FD_Scheme=           0           4           0
 comput Jocabian OK ...
 Check mesh quality ......
 Check mesh quality OK
 Initial by Free-stream flow ......
  Start ......
   DBG iter           1  maxU2=   9.7613908624059914E-002  maxFi=   0.0000000000000000       maxFj=   1.2500000000000067E-002  Fi(21,1,1)=   0.0000000000000000       Fi(21,21,1)=   0.0000000000000000       Fi(41,21,1)=   0.0000000000000000     
   DBG div max=   8.1990305770621372E-003  res_p=   8.1990305770621372E-003
   SIMPLE iter           1  res_p=   8.1990305770621372E-003  u(1,1,1)=  -3.2733877371576216E-002  p(1,1,1)=   2.3221198165486601     
   DBG iter           2  maxU2=  0.19121142966314497       maxFi=   8.6466376441411946E-004  maxFj=   1.2500000000000067E-002  Fi(21,1,1)=   0.0000000000000000       Fi(21,21,1)=   0.0000000000000000       Fi(41,21,1)=   0.0000000000000000     
   DBG div max=   4.7888164981985289E-003  res_p=   4.7888164981985289E-003
   SIMPLE iter           2  res_p=   4.7888164981985289E-003  u(1,1,1)=   4.1415042629547427E-002  p(1,1,1)=   4.3640156624353317     
   DBG iter           3  maxU2=  0.20792945023772377       maxFi=   1.1777733714026129E-003  maxFj=   1.2500000000000067E-002  Fi(21,1,1)=   0.0000000000000000       Fi(21,21,1)=   0.0000000000000000       Fi(41,21,1)=   0.0000000000000000     
   DBG div max=   4.6368009813249466E-003  res_p=   4.6368009813249466E-003
   SIMPLE iter           3  res_p=   4.6368009813249466E-003  u(1,1,1)=   5.4397887978839085E-002  p(1,1,1)=   6.8426563541694465     
   SIMPLE iter           4  res_p=   4.6309312778746361E-003  u(1,1,1)=   6.3746788335222557E-002  p(1,1,1)=   9.2801078204579710     
   SIMPLE iter           5  res_p=   4.6929840385685258E-003  u(1,1,1)=   6.4340798951461775E-002  p(1,1,1)=   11.761907917283075     
 DEBUG T iter          50 min   299.99999999999943      max   300.00000000000057     
 Low-speed solver Block           1  SIMPLE iterations:          61  res_p:   4.1449204572156142E-003
 --------------Force and Moment -----------------------------
 Total Force Coefficient (CL, CD, CS) =
  -3.0835100680123066E-002   15.249999999999993        0.0000000000000000     
 Total Moment Coefficient(CMx, CMy, CMz)=
   7.7087751700307666E-003   3.8124999999999982       -1.4277030073802464E-002
 Kstep, t=           1   1.0000000000000000     
 ----------The Max Residuals are--------  ---Mesh---           1
    0.3469446952E-18    0.1250000001E+00    0.4983016127E-05    0.5421010862E-19    0.9765733001E-10
   The R.M.S Residuals are 
    0.4831943245E-19    0.1043092632E-01    0.1064805376E-06    0.9035284158E-21    0.1152465115E-10
 CPU wall time in this step:  0.17918712600000000     
 Averaged CPU wall time is:  0.17918712600000000     
   DBG iter           1  maxU2=   30.000000000000000       maxFi=   5.7149586913078062E-003  maxFj=   1.2500000000000067E-002  Fi(21,1,1)=   0.0000000000000000       Fi(21,21,1)=   0.0000000000000000       Fi(41,21,1)=   0.0000000000000000     
   DBG div max=   4.3923693065375186E-003  res_p=   4.3923693065375186E-003
   SIMPLE iter           1  res_p=   4.3923693065375186E-003  u(1,1,1)=   3.5334267910437284E-002  p(1,1,1)=   1.9874035292594927     
   DBG iter           2  maxU2=   30.000000000000000       maxFi=   3.5514162260207186E-003  maxFj=   1.2500000000000067E-002  Fi(21,1,1)=   0.0000000000000000       Fi(21,21,1)=   0.0000000000000000       Fi(41,21,1)=   0.0000000000000000     
   DBG div max=   4.4245440361445100E-003  res_p=   4.4245440361445100E-003
   SIMPLE iter           2  res_p=   4.4245440361445100E-003  u(1,1,1)=   5.9842696054249356E-002  p(1,1,1)=   4.4832976764192445     
   DBG iter           3  maxU2=   30.000000000000000       maxFi=   4.2342992804178742E-003  maxFj=   1.2500000000000067E-002  Fi(21,1,1)=   0.0000000000000000       Fi(21,21,1)=   0.0000000000000000       Fi(41,21,1)=   0.0000000000000000     
   DBG div max=   3.9784088500883150E-003  res_p=   3.9784088500883150E-003
   SIMPLE iter           3  res_p=   3.9784088500883150E-003  u(1,1,1)=   4.7349884145883120E-002  p(1,1,1)=   6.9648498104563989     
   SIMPLE iter           4  res_p=   4.1688090051527644E-003  u(1,1,1)=   4.5542400210697546E-002  p(1,1,1)=   9.4784305851357153     
   SIMPLE iter           5  res_p=   4.1798842976462827E-003  u(1,1,1)=   4.2286735225967549E-002  p(1,1,1)=   11.990464084527218     
 DEBUG T iter          50 min   300.00238548162235      max   789.25590167291239     
 Low-speed solver Block           1  SIMPLE iterations:          61  res_p:   4.1288092937710602E-003
 --------------Force and Moment -----------------------------
 Total Force Coefficient (CL, CD, CS) =
  -9.0362258441365167E-002   13.097889373014326       -6.6411983929344590E-020
 Total Moment Coefficient(CMx, CMy, CMz)=
   2.2590564610341292E-002   3.2744723432535814       -4.1843745428833470E-002
 Kstep, t=           2   2.0000000000000000     
 ----------The Max Residuals are--------  ---Mesh---           1
    0.9884594615E-04    0.8831544136E-01    0.3510776464E-03    0.2711041049E-19    0.6612723710E-01
   The R.M.S Residuals are 
    0.1063002532E-04    0.8010977939E-02    0.3865261253E-04    0.1422323731E-20    0.3418852399E-02
 CPU wall time in this step:  0.20134467600000003     
 Averaged CPU wall time is:  0.19026590100000002     
   DBG iter           1  maxU2=   30.000028942399389       maxFi=   5.9947855937034248E-003  maxFj=   1.2500000000000067E-002  Fi(21,1,1)=   0.0000000000000000       Fi(21,21,1)=   0.0000000000000000       Fi(41,21,1)=   0.0000000000000000     
   DBG div max=   4.4066253306463488E-003  res_p=   4.4066253306463488E-003
   SIMPLE iter           1  res_p=   4.4066253306463488E-003  u(1,1,1)=   3.2147022887343092E-002  p(1,1,1)=   1.9938822725546235     
   DBG iter           2  maxU2=   30.000028942399389       maxFi=   3.6415417986351540E-003  maxFj=   1.2500000000000067E-002  Fi(21,1,1)=   0.0000000000000000       Fi(21,21,1)=   0.0000000000000000       Fi(41,21,1)=   0.0000000000000000     
   DBG div max=   4.4356007040339158E-003  res_p=   4.4356007040339158E-003
   SIMPLE iter           2  res_p=   4.4356007040339158E-003  u(1,1,1)=   5.9726756652158472E-002  p(1,1,1)=   4.4905879436882961     
   DBG iter           3  maxU2=   30.000028942399389       maxFi=   4.4072835046020395E-003  maxFj=   1.2500000000000067E-002  Fi(21,1,1)=   0.0000000000000000       Fi(21,21,1)=   0.0000000000000000       Fi(41,21,1)=   0.0000000000000000     
   DBG div max=   3.9582417320312372E-003  res_p=   3.9582417320312372E-003
   SIMPLE iter           3  res_p=   3.9582417320312372E-003  u(1,1,1)=   4.6019767034234167E-002  p(1,1,1)=   6.9810253546516163     
   SIMPLE iter           4  res_p=   4.1643478462652286E-003  u(1,1,1)=   4.4391425103241657E-002  p(1,1,1)=   9.5018563900890740     
   SIMPLE iter           5  res_p=   4.1710166738441468E-003  u(1,1,1)=   4.1012089189864341E-002  p(1,1,1)=   12.020761070792425     
 DEBUG T iter          50 min   300.36044995226609      max   749.75180135543133     
 Low-speed solver Block           1  SIMPLE iterations:          61  res_p:   4.1620635371270240E-003
 --------------Force and Moment -----------------------------
 Total Force Coefficient (CL, CD, CS) =
  -9.2211517640311130E-002   9.4604870991069134       -2.9690200649938049E-020
 Total Moment Coefficient(CMx, CMy, CMz)=
   2.3052879410077790E-002   2.3651217747767284       -4.2701161373050071E-002
 Kstep, t=           3   3.0000000000000000     
 ----------The Max Residuals are--------  ---Mesh---           1
    0.6937677796E-04    0.4946926990E-01    0.2430621707E-03    0.2710996524E-19    0.1025109830E-01
   The R.M.S Residuals are 
    0.7025949580E-05    0.4805322518E-02    0.3181242434E-04    0.2097074745E-20    0.1080744272E-02
 CPU wall time in this step:  0.21867125399999998     
 Averaged CPU wall time is:  0.19973435200000000     
   DBG iter           1  maxU2=   30.000961654027769       maxFi=   6.4912132821810190E-003  maxFj=   1.2500000000000067E-002  Fi(21,1,1)=   0.0000000000000000       Fi(21,21,1)=   0.0000000000000000       Fi(41,21,1)=   0.0000000000000000     
   DBG div max=   4.5270678304454963E-003  res_p=   4.5270678304454963E-003
   SIMPLE iter           1  res_p=   4.5270678304454963E-003  u(1,1,1)=   2.7267913528439793E-002  p(1,1,1)=   1.9917932243534573     
   DBG iter           2  maxU2=   30.000961654027769       maxFi=   3.9039977762971548E-003  maxFj=   1.2500000000000067E-002  Fi(21,1,1)=   0.0000000000000000       Fi(21,21,1)=   0.0000000000000000       Fi(41,21,1)=   0.0000000000000000     
   DBG div max=   4.3587871166057730E-003  res_p=   4.3587871166057730E-003
   SIMPLE iter           2  res_p=   4.3587871166057730E-003  u(1,1,1)=   5.4677265005387707E-002  p(1,1,1)=   4.5148588259581084     
   DBG iter           3  maxU2=   30.000961654027769       maxFi=   4.7823528656296800E-003  maxFj=   1.2500000000000067E-002  Fi(21,1,1)=   0.0000000000000000       Fi(21,21,1)=   0.0000000000000000       Fi(41,21,1)=   0.0000000000000000     
   DBG div max=   4.0162809586168705E-003  res_p=   4.0162809586168705E-003
   SIMPLE iter           3  res_p=   4.0162809586168705E-003  u(1,1,1)=   4.1248511986366358E-002  p(1,1,1)=   7.0489773724847229     
   SIMPLE iter           4  res_p=   4.1892534821747589E-003  u(1,1,1)=   3.8070162434020852E-002  p(1,1,1)=   9.6038474011278385     
   SIMPLE iter           5  res_p=   4.2062173031964471E-003  u(1,1,1)=   3.4612615513407628E-002  p(1,1,1)=   12.157957055077416     
 DEBUG T iter          50 min   300.61239946854505      max   864.40618303021665     
 Low-speed solver Block           1  SIMPLE iterations:          61  res_p:   4.4561486493534998E-003
 --------------Force and Moment -----------------------------
 Total Force Coefficient (CL, CD, CS) =
  -8.8296471532940346E-002   7.0489635952709042        1.7630700296198059E-020
 Total Moment Coefficient(CMx, CMy, CMz)=
   2.2074117883235083E-002   1.7622408988177261       -4.0888239120385167E-002
 Kstep, t=           4   4.0000000000000000     
 ----------The Max Residuals are--------  ---Mesh---           1
    0.5417510102E-04    0.3092833263E-01    0.2051300658E-03    0.2709404747E-19    0.1690485523E-01
   The R.M.S Residuals are 
    0.5142382991E-05    0.3126645924E-02    0.2717657724E-04    0.1856622423E-20    0.1036932594E-02
 CPU wall time in this step:  0.20778192200000001     
 Averaged CPU wall time is:  0.20174624450000000     
   DBG iter           1  maxU2=   30.000568641079465       maxFi=   9.7297830468130852E-003  maxFj=   2.0072403253448071E-002  Fi(21,1,1)=   0.0000000000000000       Fi(21,21,1)=   0.0000000000000000       Fi(41,21,1)=   0.0000000000000000     
   DBG div max=   4.8524024965761157E-003  res_p=   4.8524024965761157E-003
   SIMPLE iter           1  res_p=   4.8524024965761157E-003  u(1,1,1)=   1.7858054237690157E-002  p(1,1,1)=   2.0250981953992766     
   DBG iter           2  maxU2=   30.000568641079465       maxFi=   7.9418636014181605E-003  maxFj=   1.8572069753318116E-002  Fi(21,1,1)=   0.0000000000000000       Fi(21,21,1)=   0.0000000000000000       Fi(41,21,1)=   0.0000000000000000     
   DBG div max=   4.2573528583911644E-003  res_p=   4.2573528583911644E-003
   SIMPLE iter           2  res_p=   4.2573528583911644E-003  u(1,1,1)=   3.4950888332842461E-002  p(1,1,1)=   4.7600743411746684     
   DBG iter           3  maxU2=   30.000568641079465       maxFi=   8.5299053470146487E-003  maxFj=   1.9533635970870104E-002  Fi(21,1,1)=   0.0000000000000000       Fi(21,21,1)=   0.0000000000000000       Fi(41,21,1)=   0.0000000000000000     
   DBG div max=   4.4182055061309893E-003  res_p=   4.4182055061309893E-003
   SIMPLE iter           3  res_p=   4.4182055061309893E-003  u(1,1,1)=   2.4057221762126251E-002  p(1,1,1)=   7.5225017718649472     
   SIMPLE iter           4  res_p=   4.4584293046879327E-003  u(1,1,1)=   1.6760305294191098E-002  p(1,1,1)=   10.298060171969741     
   SIMPLE iter           5  res_p=   4.5380091018003381E-003  u(1,1,1)=   1.3600933285033118E-002  p(1,1,1)=   13.082098826805488     
 DEBUG T iter          50 min   300.47940835704946      max   882.12592074485099     
 Low-speed solver Block           1  SIMPLE iterations:          61  res_p:   5.2057683097433260E-003
 --------------Force and Moment -----------------------------
 Total Force Coefficient (CL, CD, CS) =
  -8.5011124365819812E-002   5.5810284930204368       -7.7936500904399236E-021
 Total Moment Coefficient(CMx, CMy, CMz)=
   2.1252781091454950E-002   1.3952571232551092       -3.9366595880194914E-002
 Kstep, t=           5   5.0000000000000000     
 ----------The Max Residuals are--------  ---Mesh---           1
    0.4536830426E-04    0.2231494518E-01    0.1786774784E-03    0.2712953008E-19    0.5810102865E-02
   The R.M.S Residuals are 
    0.4118107684E-05    0.2256133753E-02    0.2538666964E-04    0.1697054796E-20    0.6056822275E-03
 CPU wall time in this step:  0.27145351199999990     
 Averaged CPU wall time is:  0.21568769799999998     
   DBG iter           1  maxU2=   30.000182577963116       maxFi=   2.6917853411720327E-002  maxFj=   4.8827375774252904E-002  Fi(21,1,1)=   0.0000000000000000       Fi(21,21,1)=   0.0000000000000000       Fi(41,21,1)=   0.0000000000000000     
   DBG div max=   6.2175384022214028E-003  res_p=   6.2175384022214028E-003
   SIMPLE iter           1  res_p=   6.2175384022214028E-003  u(1,1,1)=   2.1679698632691004E-002  p(1,1,1)=   2.1611302455736001     
   DBG iter           2  maxU2=   30.000182577963116       maxFi=   1.6823658761249229E-002  maxFj=   3.4860470911018585E-002  Fi(21,1,1)=   0.0000000000000000       Fi(21,21,1)=   0.0000000000000000       Fi(41,21,1)=   0.0000000000000000     
   DBG div max=   6.1576116319991027E-003  res_p=   6.1576116319991027E-003
   SIMPLE iter           2  res_p=   6.1576116319991027E-003  u(1,1,1)=   1.7780176031557265E-002  p(1,1,1)=   5.2427803030252420     
   DBG iter           3  maxU2=   30.000182577963116       maxFi=   2.1109276177861475E-002  maxFj=   4.1234571242506318E-002  Fi(21,1,1)=   0.0000000000000000       Fi(21,21,1)=   0.0000000000000000       Fi(41,21,1)=   0.0000000000000000     
   DBG div max=   5.1756860827944324E-003  res_p=   5.1756860827944324E-003
   SIMPLE iter           3  res_p=   5.1756860827944324E-003  u(1,1,1)=   9.8164267679753617E-003  p(1,1,1)=   8.3626238786120073     
   SIMPLE iter           4  res_p=   5.1100186247574663E-003  u(1,1,1)=  -2.8738871065524538E-003  p(1,1,1)=   11.528796255602915     
   SIMPLE iter           5  res_p=   5.2645210891281088E-003  u(1,1,1)=  -5.3851056443751082E-003  p(1,1,1)=   14.721238361859168     
 DEBUG T iter          50 min   300.52156445439380      max   923.74523883012068     
 Low-speed solver Block           1  SIMPLE iterations:          61  res_p:   5.9809615296193440E-003
 --------------Force and Moment -----------------------------
 Total Force Coefficient (CL, CD, CS) =
  -8.3020060342483243E-002   4.6778041037350437       -3.3553296554045151E-020
 Total Moment Coefficient(CMx, CMy, CMz)=
   2.0755015085620807E-002   1.1694510259337609       -3.8444253245490695E-002
 Kstep, t=           6   6.0000000000000000     
 ----------The Max Residuals are--------  ---Mesh---           1
    0.3963240559E-04    0.1671320088E-01    0.1605935521E-03    0.2712107848E-19    0.5056556511E-02
   The R.M.S Residuals are 
    0.3514092537E-05    0.1815237880E-02    0.2391793693E-04    0.1905288395E-20    0.5351514473E-03
 CPU wall time in this step:  0.21331893500000021     
 Averaged CPU wall time is:  0.21529290416666669     
   DBG iter           1  maxU2=   29.999783628467497       maxFi=   5.1454843701384319E-002  maxFj=   8.3589936055812955E-002  Fi(21,1,1)=   0.0000000000000000       Fi(21,21,1)=   0.0000000000000000       Fi(41,21,1)=   0.0000000000000000     
   DBG div max=   1.9434033818552170E-002  res_p=   1.9434033818552170E-002
   SIMPLE iter           1  res_p=   1.9434033818552170E-002  u(1,1,1)=   2.7443626811608689E-002  p(1,1,1)=   2.3299382867667076     
   DBG iter           2  maxU2=   29.999783628467497       maxFi=   2.2685021076356528E-002  maxFj=   4.3034446492519619E-002  Fi(21,1,1)=   0.0000000000000000       Fi(21,21,1)=   0.0000000000000000       Fi(41,21,1)=   0.0000000000000000     
   DBG div max=   1.3276895740392767E-002  res_p=   1.3276895740392767E-002
   SIMPLE iter           2  res_p=   1.3276895740392767E-002  u(1,1,1)=   1.8901602139402493E-002  p(1,1,1)=   5.6563482266867400     
   DBG iter           3  maxU2=   29.999783628467497       maxFi=   4.0248362010509041E-002  maxFj=   6.1122516734799910E-002  Fi(21,1,1)=   0.0000000000000000       Fi(21,21,1)=   0.0000000000000000       Fi(41,21,1)=   0.0000000000000000     
   DBG div max=   7.6057924460620485E-003  res_p=   7.6057924460620485E-003
   SIMPLE iter           3  res_p=   7.6057924460620485E-003  u(1,1,1)=   6.2031819776669226E-003  p(1,1,1)=   9.0868370821755313     
   SIMPLE iter           4  res_p=   8.8999292127679708E-003  u(1,1,1)=  -9.5922390186190844E-003  p(1,1,1)=   12.552675862737798     
   SIMPLE iter           5  res_p=   5.9623716971359802E-003  u(1,1,1)=  -1.3908868806353730E-002  p(1,1,1)=   16.098198347071165     
 DEBUG T iter          50 min   300.70115809515369      max   944.93980713339556     
 Low-speed solver Block           1  SIMPLE iterations:          61  res_p:   6.5122102887605208E-003
 --------------Force and Moment -----------------------------
 Total Force Coefficient (CL, CD, CS) =
  -8.1960350725982734E-002   4.0962827855031900       -2.2243470749934961E-020
 Total Moment Coefficient(CMx, CMy, CMz)=
   2.0490087681495676E-002   1.0240706963757975       -3.7953229121358317E-002
 Kstep, t=           7   7.0000000000000000     
 ----------The Max Residuals are--------  ---Mesh---           1
    0.3565365723E-04    0.1249662463E-01    0.1451554453E-03    0.2711885578E-19    0.4745612771E-02
   The R.M.S Residuals are 
    0.3169138987E-05    0.1545734024E-02    0.2292785970E-04    0.2025049123E-20    0.4566698900E-03
 CPU wall time in this step:  0.20856895899999994     
 Averaged CPU wall time is:  0.21433234057142858     
   DBG iter           1  maxU2=   29.999291618170240       maxFi=   7.9877925201300590E-002  maxFj=  0.11564256750766619       Fi(21,1,1)=   0.0000000000000000       Fi(21,21,1)=   0.0000000000000000       Fi(41,21,1)=   0.0000000000000000     
   DBG div max=   3.6595102386747777E-002  res_p=   3.6595102386747777E-002
   SIMPLE iter           1  res_p=   3.6595102386747777E-002  u(1,1,1)=   2.8171264171507435E-002  p(1,1,1)=   2.4575885407624023     
   DBG iter           2  maxU2=   29.999291618170240       maxFi=   2.5338581080683806E-002  maxFj=   4.5730581052116921E-002  Fi(21,1,1)=   0.0000000000000000       Fi(21,21,1)=   0.0000000000000000       Fi(41,21,1)=   0.0000000000000000     
   DBG div max=   2.2635936716486942E-002  res_p=   2.2635936716486942E-002
   SIMPLE iter           2  res_p=   2.2635936716486942E-002  u(1,1,1)=   2.8696390063309256E-002  p(1,1,1)=   5.8959348154504490     
   DBG iter           3  maxU2=   29.999291618170240       maxFi=   8.3713714224317504E-002  maxFj=   7.7122514805626638E-002  Fi(21,1,1)=   0.0000000000000000       Fi(21,21,1)=   0.0000000000000000       Fi(41,21,1)=   0.0000000000000000     
   DBG div max=   2.6568039144111336E-002  res_p=   2.6568039144111336E-002
   SIMPLE iter           3  res_p=   2.6568039144111336E-002  u(1,1,1)=   4.0621518134923602E-003  p(1,1,1)=   9.5489552324462732     
   SIMPLE iter           4  res_p=   1.9969103766805992E-002  u(1,1,1)=  -3.4194082555691640E-003  p(1,1,1)=   13.112882311007251     
   SIMPLE iter           5  res_p=   2.4724904634175746E-002  u(1,1,1)=  -1.9010449648079870E-002  p(1,1,1)=   16.877459778276865     
 DEBUG T iter          50 min   300.84729544920242      max   967.98072922479696     
 Low-speed solver Block           1  SIMPLE iterations:          61  res_p:   6.8274868288174797E-003
 --------------Force and Moment -----------------------------
 Total Force Coefficient (CL, CD, CS) =
  -8.1444994133034312E-002   3.6986786889684242       -3.5710265525061264E-021
 Total Moment Coefficient(CMx, CMy, CMz)=
   2.0361248533258585E-002  0.92466967224210606       -3.7714328048514219E-002
 Kstep, t=           8   8.0000000000000000     
 ----------The Max Residuals are--------  ---Mesh---           1
    0.3279431922E-04    0.1036258766E-01    0.1345246302E-03    0.2709883597E-19    0.4008248490E-02
   The R.M.S Residuals are 
    0.2972463422E-05    0.1360098281E-02    0.2200914965E-04    0.2059824553E-20    0.4039883988E-03
 CPU wall time in this step:  0.22532627000000005     
 Averaged CPU wall time is:  0.21570658175000001     
   DBG iter           1  maxU2=   29.998792471392438       maxFi=  0.10200212396820765       maxFj=  0.13886570439075671       Fi(21,1,1)=   0.0000000000000000       Fi(21,21,1)=   0.0000000000000000       Fi(41,21,1)=   0.0000000000000000     
   DBG div max=   5.0437337047318176E-002  res_p=   5.0437337047318176E-002
   SIMPLE iter           1  res_p=   5.0437337047318176E-002  u(1,1,1)=   2.6316741548611824E-002  p(1,1,1)=   2.5434485253250547     
   DBG iter           2  maxU2=   29.998792471392438       maxFi=   2.6515378305630388E-002  maxFj=   5.0942265871560970E-002  Fi(21,1,1)=   0.0000000000000000       Fi(21,21,1)=   0.0000000000000000       Fi(41,21,1)=   0.0000000000000000     
   DBG div max=   3.0476326444704230E-002  res_p=   3.0476326444704230E-002
   SIMPLE iter           2  res_p=   3.0476326444704230E-002  u(1,1,1)=   3.8343465865659065E-002  p(1,1,1)=   6.0333039698083537     
   DBG iter           3  maxU2=   29.998792471392438       maxFi=  0.11580041705229811       maxFj=   8.9051825067902365E-002  Fi(21,1,1)=   0.0000000000000000       Fi(21,21,1)=   0.0000000000000000       Fi(41,21,1)=   0.0000000000000000     
   DBG div max=   4.9468865493970268E-002  res_p=   4.9468865493970268E-002
   SIMPLE iter           3  res_p=   4.9468865493970268E-002  u(1,1,1)=  -8.1886437876001195E-004  p(1,1,1)=   9.8470155082943389     
   SIMPLE iter           4  res_p=   2.9426693054521440E-002  u(1,1,1)=   7.0390237067089346E-003  p(1,1,1)=   13.425122141355887     
   SIMPLE iter           5  res_p=   4.9029161875945790E-002  u(1,1,1)=  -2.5807877425541494E-002  p(1,1,1)=   17.339073138814044     
 DEBUG T iter          50 min   301.02433875632141      max   985.47064451411347     
 Low-speed solver Block           1  SIMPLE iterations:          61  res_p:   4.0574209489893528E-002
 --------------Force and Moment -----------------------------
 Total Force Coefficient (CL, CD, CS) =
  -8.1224023080913074E-002   3.4092031294791578       -1.9680662653775431E-020
 Total Moment Coefficient(CMx, CMy, CMz)=
   2.0306005770228279E-002  0.85230078236978946       -3.7611791643105512E-002
 Kstep, t=           9   9.0000000000000000     
 ----------The Max Residuals are--------  ---Mesh---           1
    0.3067391036E-04    0.8808694140E-02    0.1268150289E-03    0.2709073379E-19    0.3409359217E-02
   The R.M.S Residuals are 
    0.2864694584E-05    0.1218312743E-02    0.2127624746E-04    0.2223164047E-20    0.3638167117E-03
 CPU wall time in this step:  0.21168248899999997     
 Averaged CPU wall time is:  0.21525946033333335     
   DBG iter           1  maxU2=   29.998259780924716       maxFi=  0.35630622576458021       maxFj=  0.14141084183682823       Fi(21,1,1)=   0.0000000000000000       Fi(21,21,1)=   0.0000000000000000       Fi(41,21,1)=   0.0000000000000000     
   DBG div max=  0.26302667375560690       res_p=  0.26302667375560690     
   SIMPLE iter           1  res_p=  0.26302667375560690       u(1,1,1)=  -2.8742195212387474E-002  p(1,1,1)=   2.9261299249393522     
   DBG iter           2  maxU2=   29.998259780924716       maxFi=  0.18176790409863522       maxFj=   6.3647902004866141E-002  Fi(21,1,1)=   0.0000000000000000       Fi(21,21,1)=   0.0000000000000000       Fi(41,21,1)=   0.0000000000000000     
   DBG div max=  0.10783185339881744       res_p=  0.10783185339881744     
   SIMPLE iter           2  res_p=  0.10783185339881744       u(1,1,1)=  0.14200596011153019       p(1,1,1)=   5.8882140183930032     
   DBG iter           3  maxU2=   29.998259780924716       maxFi=   7.9827833578858559E-002  maxFj=  0.12348951275718262       Fi(21,1,1)=   0.0000000000000000       Fi(21,21,1)=   0.0000000000000000       Fi(41,21,1)=   0.0000000000000000     
   DBG div max=  0.17632061537060006       res_p=  0.17632061537060006     
   SIMPLE iter           3  res_p=  0.17632061537060006       u(1,1,1)=  -4.4012918139505267E-002  p(1,1,1)=   9.7348692952430262     
   SIMPLE iter           4  res_p=   8.3866969489342511E-002  u(1,1,1)=  -3.7275443027437939E-002  p(1,1,1)=   13.911881910484805     
   SIMPLE iter           5  res_p=  0.18448370816581089       u(1,1,1)=  -1.9230728841073491E-002  p(1,1,1)=   18.005541265551170     
 DEBUG T iter          50 min   301.25571593007328      max   1001.7526253740415     
 Low-speed solver Block           1  SIMPLE iterations:          61  res_p:  0.22647523298179634     
 --------------Force and Moment -----------------------------
 Total Force Coefficient (CL, CD, CS) =
  -8.1157392789728375E-002   3.1861095956920531       -2.9087822575502739E-020
 Total Moment Coefficient(CMx, CMy, CMz)=
   2.0289348197432097E-002  0.79652739892301327       -3.7580760078699156E-002
 Kstep, t=          10   10.000000000000000     
 ----------The Max Residuals are--------  ---Mesh---           1
    0.2905249631E-04    0.7522058102E-02    0.1173923889E-03    0.2714230892E-19    0.2807255340E-02
   The R.M.S Residuals are 
    0.2808030681E-05    0.1105603670E-02    0.2063700122E-04    0.1913889813E-20    0.3279423730E-03
 write flow3d.dat ......
 write flow3d.dat OK
 write VTK files ......
 write VTK files OK
 CPU wall time in this step:  0.34367345799999982     
 Averaged CPU wall time is:  0.22810086010000000     
   DBG iter           1  maxU2=   29.997714835239730       maxFi=  0.47553183907723506       maxFj=  0.14072005331299708       Fi(21,1,1)=   0.0000000000000000       Fi(21,21,1)=   0.0000000000000000       Fi(41,21,1)=   0.0000000000000000     
   DBG div max=  0.27904607684770794       res_p=  0.27904607684770794     
   SIMPLE iter           1  res_p=  0.27904607684770794       u(1,1,1)=  -6.3187681210529451E-002  p(1,1,1)=   3.4616004475829585     
   DBG iter           2  maxU2=   29.997714835239730       maxFi=  0.27822928546606102       maxFj=   9.1556809623618868E-002  Fi(21,1,1)=   0.0000000000000000       Fi(21,21,1)=   0.0000000000000000       Fi(41,21,1)=   0.0000000000000000     
   DBG div max=  0.15590325647714787       res_p=  0.15590325647714787     
   SIMPLE iter           2  res_p=  0.15590325647714787       u(1,1,1)=  0.31861966101814965       p(1,1,1)=   5.5505379748281047     
   DBG iter           3  maxU2=   29.997714835239730       maxFi=   4.5381703821381611E-002  maxFj=  0.20505718259532946       Fi(21,1,1)=   0.0000000000000000       Fi(21,21,1)=   0.0000000000000000       Fi(41,21,1)=   0.0000000000000000     
   DBG div max=  0.20947103953029400       res_p=  0.20947103953029400     
   SIMPLE iter           3  res_p=  0.20947103953029400       u(1,1,1)=  -3.5952038710449108E-002  p(1,1,1)=   8.8918413505601279     
   SIMPLE iter           4  res_p=  0.27842206357305704       u(1,1,1)= -0.10073136915825644       p(1,1,1)=   13.747086177221778     
   SIMPLE iter           5  res_p=  0.17624127423881986       u(1,1,1)=  0.28981988907454387       p(1,1,1)=   15.428758596822870     
 DEBUG T iter          50 min   305.49541189485080      max   1015.7854318592753     
Note: The following floating-point exceptions are signalling: IEEE_INVALID_FLAG IEEE_OVERFLOW_FLAG IEEE_DENORMAL
 DEBUG T NaN at iter          60  cell          14           1           1  T(i-1)   324.48366488755312       T(i+1)                       NaN  T(j-1)   276.75086333828739       T(j+1)                       NaN  p                       NaN  Fi(i,j)   317835952943818.06     
--------------------------------------------------------------------------
mpirun has exited due to process rank 0 with PID 0 on
node DESKTOP-68P2P7O exiting improperly. There are three reasons this could occur:

1. this process did not call "init" before exiting, but others in
the job did. This can cause a job to hang indefinitely while it waits
for all processes to call "init". By rule, if one process calls "init",
then ALL processes must call "init" prior to termination.

2. this process called "init", but exited without calling "finalize".
By rule, all processes that call "init" MUST call "finalize" prior to
exiting or it will be considered an "abnormal termination"

3. this process called "MPI_Abort" or "orte_abort" and the mca parameter
orte_create_session_dirs is set to false. In this case, the run-time cannot
detect that the abort call was an abnormal termination. Hence, the only
error message you will receive is this one.

This may have caused other processes in the application to be
terminated by signals sent by mpirun (as reported here).

You can avoid this message by specifying -quiet on the mpirun command line.
--------------------------------------------------------------------------
