nohup: ignoring input
 ----------------- OpenCFD-EC3D ver 1.14a (MPI-OpenMP version)------------------
         Copyright by Li Xinliang, lixl@imech.ac.cn                            
         Programming by Li Xinliang  2016-1                                   
 ----------------------------------------------------------------------------- 
 Check if Multi-Grid can be used ...
 Total Block number is            4 Total Cell number is         8760
 Check multigrid OK
 can not find partation.dat,  create partation ...
 Partation ......
 Total Cell number=        8760
 Total Grid number=       18406
 Max grid number is        18406  ... rato to mean grid is   1.0000000000000000     
 Min grid number is        18406  ... rato to mean grid is   1.0000000000000000     
 rato max to min is    1.0000000000000000     
 Read material.in OK, Total_block=           4
   Block           1 : Block_type=           2  rho=   1.0000000000000000       Cp=   1005.0000000000000       k=   2.5999999999999999E-002
   Block           2 : Block_type=           0  rho=   0.0000000000000000       Cp=   0.0000000000000000       k=   0.0000000000000000     
   Block           3 : Block_type=           0  rho=   0.0000000000000000       Cp=   0.0000000000000000       k=   0.0000000000000000     
   Block           4 : Block_type=           0  rho=   0.0000000000000000       Cp=   0.0000000000000000       k=   0.0000000000000000     
 porous.inp not found: porous blocks use defaults (eps=0.9, dp=1e-3 m, hv=0)
 creat main mesh OK, Num_Cell=        8760
  read main mesh ...
 read Mesh3d.dat OK
 Convert bc3d.inp to bc3d.inc ...
 Convert bc3d.inp to bc3d.inc OK
 read bc3d.inc (Link/boundary file)......
 read bc3d.inc OK
 Convert bc3d_interface.inp to bc3d_interface.inc ...
 Convert bc3d_interface.inp to bc3d_interface.inc OK
 read bc3d_interface.inc (Interface link file)......
 read bc3d_interface.inc OK
 solid_bc.inp not found, no solid thermal BCs
  Need not read wall_dist.dat 
 No FDM.in, Donot use hybrid FVM/FDM
 my_id, block_no, FDM, FD_Flux, FD_Scheme=           0           1           0
 my_id, block_no, FDM, FD_Flux, FD_Scheme=           0           2           0
 my_id, block_no, FDM, FD_Flux, FD_Scheme=           0           3           0
 my_id, block_no, FDM, FD_Flux, FD_Scheme=           0           4           0
 comput Jocabian OK ...
 Check mesh quality ......
 Check mesh quality OK
 Initial by Free-stream flow ......
  Start ......
   DBG iter           1  maxU2=   0.0000000000000000       maxFi=   0.0000000000000000       maxFj=   0.0000000000000000       Fi(21,1,1)=   0.0000000000000000       Fi(21,21,1)=   0.0000000000000000       Fi(41,21,1)=   0.0000000000000000     
   DBG div max=   7.4974611391894202E-005  res_p=   0.0000000000000000     
   SIMPLE iter           1  res_p=   0.0000000000000000       u(1,1,1)=   0.0000000000000000       p(1,1,1)=   2046.0000000000000     
   DBG iter           2  maxU2=   0.0000000000000000       maxFi=   0.0000000000000000       maxFj=   0.0000000000000000       Fi(21,1,1)=   0.0000000000000000       Fi(21,21,1)=   0.0000000000000000       Fi(41,21,1)=   0.0000000000000000     
   DBG div max=   7.4974611391894202E-005  res_p=   0.0000000000000000     
   SIMPLE iter           2  res_p=   0.0000000000000000       u(1,1,1)=   0.0000000000000000       p(1,1,1)=   2046.0000000000000     
   DBG iter           3  maxU2=   0.0000000000000000       maxFi=   0.0000000000000000       maxFj=   0.0000000000000000       Fi(21,1,1)=   0.0000000000000000       Fi(21,21,1)=   0.0000000000000000       Fi(41,21,1)=   0.0000000000000000     
   DBG div max=   7.4974611391894202E-005  res_p=   0.0000000000000000     
   SIMPLE iter           3  res_p=   0.0000000000000000       u(1,1,1)=   0.0000000000000000       p(1,1,1)=   2046.0000000000000     
   SIMPLE iter           4  res_p=   0.0000000000000000       u(1,1,1)=   0.0000000000000000       p(1,1,1)=   2046.0000000000000     
   SIMPLE iter           5  res_p=   0.0000000000000000       u(1,1,1)=   0.0000000000000000       p(1,1,1)=   2046.0000000000000     
 Low-speed solver Block           1  SIMPLE iterations:          11  res_p:   0.0000000000000000     
 --------------Force and Moment -----------------------------
 Total Force Coefficient (CL, CD, CS) =
   3.0008611217704664E-002  0.27310171919770776        0.0000000000000000     
 Total Moment Coefficient(CMx, CMy, CMz)=
  -7.5021528044261661E-003   6.8275429799426940E-002   1.3894355678700400E-002
 Kstep, t=           1   1.0000000000000000     
 ----------The Max Residuals are--------  ---Mesh---           1
    0.3469446952E-18    0.2238538747E-02    0.8923739483E-07    0.2032879073E-19    0.6510416893E-10
   The R.M.S Residuals are 
    0.4552127859E-19    0.1868002618E-03    0.1906886419E-08    0.5937276908E-21    0.7683100772E-11
 CPU wall time in this step:   2.1129142000000000E-002
 Averaged CPU wall time is:   2.1129142000000000E-002
   DBG iter           1  maxU2=   5.0000000000000000       maxFi=   1.4999353153280635E-008  maxFj=   1.4199304268066780E-019  Fi(21,1,1)=   0.0000000000000000       Fi(21,21,1)=   0.0000000000000000       Fi(41,21,1)=   0.0000000000000000     
   DBG div max=   7.4974611391894202E-005  res_p=   1.4999353148051080E-008
   SIMPLE iter           1  res_p=   1.4999353148051080E-008  u(1,1,1)=  -6.5447895139239056E-008  p(1,1,1)=   2045.9999999995464     
   DBG iter           2  maxU2=   5.0000000000000000       maxFi=   2.3556455521690579E-008  maxFj=   1.9115774853012101E-008  Fi(21,1,1)=   0.0000000000000000       Fi(21,21,1)=   0.0000000000000000       Fi(41,21,1)=   0.0000000000000000     
   DBG div max=   7.4974611391894202E-005  res_p=   1.3575804944575085E-008
   SIMPLE iter           2  res_p=   1.3575804944575085E-008  u(1,1,1)=  -9.2682733460805193E-007  p(1,1,1)=   2045.9999999927372     
   DBG iter           3  maxU2=   5.0000000000000000       maxFi=   2.8965954149359094E-008  maxFj=   3.3118695779727642E-008  Fi(21,1,1)=   0.0000000000000000       Fi(21,21,1)=   0.0000000000000000       Fi(41,21,1)=   0.0000000000000000     
   DBG div max=   7.4974611391894202E-005  res_p=   1.1254356350238684E-008
   SIMPLE iter           3  res_p=   1.1254356350238684E-008  u(1,1,1)=  -1.0345368949512697E-006  p(1,1,1)=   2045.9999999875463     
   SIMPLE iter           4  res_p=   9.4915720913293216E-009  u(1,1,1)=  -1.3279621015138359E-006  p(1,1,1)=   2045.9999999832037     
   SIMPLE iter           5  res_p=   8.2681164862916228E-009  u(1,1,1)=  -1.8289978472756486E-006  p(1,1,1)=   2045.9999999791189     
 Low-speed solver Block           1  SIMPLE iterations:          11  res_p:   5.5834328162816773E-009
 --------------Force and Moment -----------------------------
 Total Force Coefficient (CL, CD, CS) =
  -4.0567052338184126E-002  0.40195432003942055       -6.5891292569688292E-020
 Total Moment Coefficient(CMx, CMy, CMz)=
   1.0141763084546031E-002  0.10048858000985514       -1.8783112583480359E-002
 Kstep, t=           2   2.0000000000000000     
 ----------The Max Residuals are--------  ---Mesh---           1
    0.1726765516E-03    0.3132507830E-02    0.2422949906E-03    0.1355239867E-19    0.4345534435E-03
   The R.M.S Residuals are 
    0.1608484587E-04    0.2671771797E-03    0.2427605938E-04    0.1319832454E-20    0.4506470403E-04
 CPU wall time in this step:   3.1743192000000003E-002
 Averaged CPU wall time is:   2.6436167000000000E-002
   DBG iter           1  maxU2=   5.0000000000000000       maxFi=   4.4500397895123341E-008  maxFj=   2.8460457064221243E-006  Fi(21,1,1)=   0.0000000000000000       Fi(21,21,1)=   0.0000000000000000       Fi(41,21,1)=   0.0000000000000000     
   DBG div max=   7.4974611391894202E-005  res_p=   2.8015453085270008E-006
   SIMPLE iter           1  res_p=   2.8015453085270008E-006  u(1,1,1)=  -8.3596626872084383E-006  p(1,1,1)=   2045.9999999966601     
   DBG iter           2  maxU2=   5.0000000000000000       maxFi=   4.5199927360283639E-008  maxFj=   3.6490690758461953E-006  Fi(21,1,1)=   0.0000000000000000       Fi(21,21,1)=   0.0000000000000000       Fi(41,21,1)=   0.0000000000000000     
   DBG div max=   7.4974611391894202E-005  res_p=   3.6038691503935565E-006
   SIMPLE iter           2  res_p=   3.6038691503935565E-006  u(1,1,1)=  -1.3947928371860704E-005  p(1,1,1)=   2046.0000000969030     
   DBG iter           3  maxU2=   5.0000000000000000       maxFi=   4.5829642506009534E-008  maxFj=   3.8484313444796803E-006  Fi(21,1,1)=   0.0000000000000000       Fi(21,21,1)=   0.0000000000000000       Fi(41,21,1)=   0.0000000000000000     
   DBG div max=   7.4974611391894202E-005  res_p=   3.8026017052052610E-006
   SIMPLE iter           3  res_p=   3.8026017052052610E-006  u(1,1,1)=  -2.0834099865932043E-005  p(1,1,1)=   2046.0000000870814     
   SIMPLE iter           4  res_p=   3.7890679463331214E-006  u(1,1,1)=  -1.5530409432678288E-005  p(1,1,1)=   2046.0000000946313     
   SIMPLE iter           5  res_p=   3.7010612651578870E-006  u(1,1,1)=  -1.2495311872138762E-005  p(1,1,1)=   2046.0000000930397     
 Low-speed solver Block           1  SIMPLE iterations:          11  res_p:   3.0218545767523840E-006
 --------------Force and Moment -----------------------------
 Total Force Coefficient (CL, CD, CS) =
  -6.4670470736445093E-002  0.37313645534986484       -3.1077285298202424E-020
 Total Moment Coefficient(CMx, CMy, CMz)=
   1.6167617684111277E-002   9.3284113837466209E-002  -2.9943351929101435E-002
 Kstep, t=           3   3.0000000000000000     
 ----------The Max Residuals are--------  ---Mesh---           1
    0.2992235441E-03    0.2684498919E-02    0.1854421472E-03    0.8910764261E-20    0.1268210833E-02
   The R.M.S Residuals are 
    0.2807415329E-04    0.2383845575E-03    0.2684127081E-04    0.1527927015E-20    0.8089058323E-04
 CPU wall time in this step:   2.8971967999999994E-002
 Averaged CPU wall time is:   2.7281433999999997E-002
   DBG iter           1  maxU2=   5.0000000000000000       maxFi=   4.9629672963190469E-008  maxFj=   5.6779011662162396E-006  Fi(21,1,1)=   0.0000000000000000       Fi(21,21,1)=   0.0000000000000000       Fi(41,21,1)=   0.0000000000000000     
   DBG div max=   7.4974611391894202E-005  res_p=   5.6446306825194212E-006
   SIMPLE iter           1  res_p=   5.6446306825194212E-006  u(1,1,1)=  -1.2658762522282485E-005  p(1,1,1)=   2046.0000001043131     
   DBG iter           2  maxU2=   5.0000000000000000       maxFi=   4.9922905444043294E-008  maxFj=   6.7228263228128363E-006  Fi(21,1,1)=   0.0000000000000000       Fi(21,21,1)=   0.0000000000000000       Fi(41,21,1)=   0.0000000000000000     
   DBG div max=   7.4974611391894202E-005  res_p=   6.7219639816435179E-006
   SIMPLE iter           2  res_p=   6.7219639816435179E-006  u(1,1,1)=  -1.9031994176292195E-005  p(1,1,1)=   2046.0000002129007     
   DBG iter           3  maxU2=   5.0000000000000000       maxFi=   5.1691315628012330E-008  maxFj=   6.9081065535974313E-006  Fi(21,1,1)=   0.0000000000000000       Fi(21,21,1)=   0.0000000000000000       Fi(41,21,1)=   0.0000000000000000     
   DBG div max=   7.4974611391894202E-005  res_p=   6.9182472392504931E-006
   SIMPLE iter           3  res_p=   6.9182472392504931E-006  u(1,1,1)=  -2.7314087327458182E-005  p(1,1,1)=   2046.0000002156055     
   SIMPLE iter           4  res_p=   6.8359542912352233E-006  u(1,1,1)=  -2.3038069103128918E-005  p(1,1,1)=   2046.0000002163272     
   SIMPLE iter           5  res_p=   6.6602191177307243E-006  u(1,1,1)=  -1.9067755379621540E-005  p(1,1,1)=   2046.0000002115244     
 Low-speed solver Block           1  SIMPLE iterations:          11  res_p:   5.4593773165526755E-006
 --------------Force and Moment -----------------------------
 Total Force Coefficient (CL, CD, CS) =
  -7.0930830215784446E-002  0.31090805509016717       -1.3007700714978221E-020
 Total Moment Coefficient(CMx, CMy, CMz)=
   1.7732707553946108E-002   7.7727013772541792E-002  -3.2841994757539614E-002
 Kstep, t=           4   4.0000000000000000     
 ----------The Max Residuals are--------  ---Mesh---           1
    0.3700590695E-03    0.1985766017E-02    0.1625964105E-03    0.9554537073E-20    0.6403569485E-03
   The R.M.S Residuals are 
    0.3555652361E-04    0.1843558884E-03    0.2458012482E-04    0.1593711952E-20    0.6171817411E-04
 CPU wall time in this step:   2.6192138000000004E-002
 Averaged CPU wall time is:   2.7009109999999999E-002
   DBG iter           1  maxU2=   5.0000000000000000       maxFi=   8.6529707685383066E-008  maxFj=   3.8734425061077831E-006  Fi(21,1,1)=   0.0000000000000000       Fi(21,21,1)=   0.0000000000000000       Fi(41,21,1)=   0.0000000000000000     
   DBG div max=   7.4974611391894202E-005  res_p=   3.8556999313331644E-006
   SIMPLE iter           1  res_p=   3.8556999313331644E-006  u(1,1,1)=  -1.7526762138790149E-005  p(1,1,1)=   2046.0000001165270     
   DBG iter           2  maxU2=   5.0000000000000000       maxFi=   9.0037702553534476E-008  maxFj=   3.9849237085357439E-006  Fi(21,1,1)=   0.0000000000000000       Fi(21,21,1)=   0.0000000000000000       Fi(41,21,1)=   0.0000000000000000     
   DBG div max=   7.4974611391894202E-005  res_p=   3.9683563352081919E-006
   SIMPLE iter           2  res_p=   3.9683563352081919E-006  u(1,1,1)=  -1.7435496498458793E-005  p(1,1,1)=   2046.0000000681330     
   DBG iter           3  maxU2=   5.0000000000000000       maxFi=   9.4145037827690356E-008  maxFj=   3.8839327802504313E-006  Fi(21,1,1)=   0.0000000000000000       Fi(21,21,1)=   0.0000000000000000       Fi(41,21,1)=   0.0000000000000000     
   DBG div max=   7.4974611391894202E-005  res_p=   3.8662533888499582E-006
   SIMPLE iter           3  res_p=   3.8662533888499582E-006  u(1,1,1)=  -1.7688628835957878E-005  p(1,1,1)=   2046.0000000894265     
   SIMPLE iter           4  res_p=   3.7487941614557447E-006  u(1,1,1)=  -2.4071255486563109E-005  p(1,1,1)=   2046.0000000634702     
   SIMPLE iter           5  res_p=   3.6339442657011612E-006  u(1,1,1)=  -2.5398597065339013E-005  p(1,1,1)=   2046.0000000498471     
 Low-speed solver Block           1  SIMPLE iterations:          11  res_p:   3.0259036339348885E-006
 --------------Force and Moment -----------------------------
 Total Force Coefficient (CL, CD, CS) =
  -7.0653206877350924E-002  0.25315377282848672       -7.0275418157877790E-021
 Total Moment Coefficient(CMx, CMy, CMz)=
   1.7663301719337728E-002   6.3288443207121681E-002  -3.2713461202379175E-002
 Kstep, t=           5   5.0000000000000000     
 ----------The Max Residuals are--------  ---Mesh---           1
    0.3930895982E-03    0.1376880378E-02    0.1628910474E-03    0.8796505206E-20    0.5594006624E-03
   The R.M.S Residuals are 
    0.3997249485E-04    0.1424883745E-03    0.2323913006E-04    0.1660598409E-20    0.5746395215E-04
 CPU wall time in this step:   3.2651081000000012E-002
 Averaged CPU wall time is:   2.8137504200000003E-002
   DBG iter           1  maxU2=   5.0000000000000000       maxFi=   1.3626539792528177E-007  maxFj=   2.0608210375892802E-006  Fi(21,1,1)=   0.0000000000000000       Fi(21,21,1)=   0.0000000000000000       Fi(41,21,1)=   0.0000000000000000     
   DBG div max=   7.4974611391894202E-005  res_p=   2.0230621123368573E-006
   SIMPLE iter           1  res_p=   2.0230621123368573E-006  u(1,1,1)=  -4.0487715855277603E-005  p(1,1,1)=   2045.9999999154279     
   DBG iter           2  maxU2=   5.0000000000000000       maxFi=   1.4206756959378195E-007  maxFj=   2.1560559088142457E-006  Fi(21,1,1)=   0.0000000000000000       Fi(21,21,1)=   0.0000000000000000       Fi(41,21,1)=   0.0000000000000000     
   DBG div max=   7.4974611391894202E-005  res_p=   2.1193926985951503E-006
   SIMPLE iter           2  res_p=   2.1193926985951503E-006  u(1,1,1)=  -4.2137676102605894E-005  p(1,1,1)=   2045.9999998751268     
   DBG iter           3  maxU2=   5.0000000000000000       maxFi=   1.4843937880854231E-007  maxFj=   2.1138350767654393E-006  Fi(21,1,1)=   0.0000000000000000       Fi(21,21,1)=   0.0000000000000000       Fi(41,21,1)=   0.0000000000000000     
   DBG div max=   7.4974611391894202E-005  res_p=   2.0767444351367894E-006
   SIMPLE iter           3  res_p=   2.0767444351367894E-006  u(1,1,1)=  -4.4078655640671116E-005  p(1,1,1)=   2045.9999998791984     
   SIMPLE iter           4  res_p=   2.0230436067565749E-006  u(1,1,1)=  -4.9936100389478046E-005  p(1,1,1)=   2045.9999998531164     
   SIMPLE iter           5  res_p=   1.9698736234514251E-006  u(1,1,1)=  -5.2630290246434982E-005  p(1,1,1)=   2045.9999998348453     
 Low-speed solver Block           1  SIMPLE iterations:          11  res_p:   1.6819829957602267E-006
 --------------Force and Moment -----------------------------
 Total Force Coefficient (CL, CD, CS) =
  -6.8580083810454606E-002  0.20761688482565430       -5.5397893805926833E-021
 Total Moment Coefficient(CMx, CMy, CMz)=
   1.7145020952613648E-002   5.1904221206413574E-002  -3.1753577706753265E-002
 Kstep, t=           6   6.0000000000000000     
 ----------The Max Residuals are--------  ---Mesh---           1
    0.3875051827E-03    0.9205137214E-03    0.1447128653E-03    0.9635755870E-20    0.4218757253E-03
   The R.M.S Residuals are 
    0.4282189969E-04    0.1150514746E-03    0.2228948446E-04    0.1753004835E-20    0.5391247392E-04
 CPU wall time in this step:   2.9802750999999988E-002
 Averaged CPU wall time is:   2.8415045333333333E-002
   DBG iter           1  maxU2=   5.0000000000000000       maxFi=   2.2171475268124930E-007  maxFj=   1.6375550227183461E-006  Fi(21,1,1)=   0.0000000000000000       Fi(21,21,1)=   0.0000000000000000       Fi(41,21,1)=   0.0000000000000000     
   DBG div max=   7.4974611391894202E-005  res_p=   1.0603165538382791E-006
   SIMPLE iter           1  res_p=   1.0603165538382791E-006  u(1,1,1)=  -7.7466101434893356E-005  p(1,1,1)=   2045.9999996780323     
   DBG iter           2  maxU2=   5.0000000000000000       maxFi=   2.3175213259330158E-007  maxFj=   1.7033245626366944E-006  Fi(21,1,1)=   0.0000000000000000       Fi(21,21,1)=   0.0000000000000000       Fi(41,21,1)=   0.0000000000000000     
   DBG div max=   7.4974611391894202E-005  res_p=   1.1338575285909122E-006
   SIMPLE iter           2  res_p=   1.1338575285909122E-006  u(1,1,1)=  -8.1339061785076745E-005  p(1,1,1)=   2045.9999996422828     
   DBG iter           3  maxU2=   5.0000000000000000       maxFi=   2.4278447964826947E-007  maxFj=   1.7885959467987701E-006  Fi(21,1,1)=   0.0000000000000000       Fi(21,21,1)=   0.0000000000000000       Fi(41,21,1)=   0.0000000000000000     
   DBG div max=   7.4974611391894202E-005  res_p=   1.1187268109760575E-006
   SIMPLE iter           3  res_p=   1.1187268109760575E-006  u(1,1,1)=  -8.5452573122697786E-005  p(1,1,1)=   2045.9999996329952     
   SIMPLE iter           4  res_p=   1.0959548271269900E-006  u(1,1,1)=  -9.1965698981377178E-005  p(1,1,1)=   2045.9999996047325     
   SIMPLE iter           5  res_p=   1.0729107061972848E-006  u(1,1,1)=  -9.6679293429839306E-005  p(1,1,1)=   2045.9999995808373     
 Low-speed solver Block           1  SIMPLE iterations:          11  res_p:   9.4328141695259640E-007
 --------------Force and Moment -----------------------------
 Total Force Coefficient (CL, CD, CS) =
  -6.6257360848637065E-002  0.17352675072225560        1.3098088595936337E-020
 Total Moment Coefficient(CMx, CMy, CMz)=
   1.6564340212159263E-002   4.3381687680563899E-002  -3.0678118772358539E-002
 Kstep, t=           7   7.0000000000000000     
 ----------The Max Residuals are--------  ---Mesh---           1
    0.3704374408E-03    0.7738446765E-03    0.1528127393E-03    0.1115644342E-19    0.3743257365E-03
   The R.M.S Residuals are 
    0.4540406041E-04    0.9932580668E-04    0.2190164227E-04    0.1800904933E-20    0.5320698339E-04
 CPU wall time in this step:   3.3628074000000008E-002
 Averaged CPU wall time is:   2.9159763714285716E-002
   DBG iter           1  maxU2=   5.0000000000000000       maxFi=   3.6861168270440978E-007  maxFj=   2.6764706812989437E-006  Fi(21,1,1)=   0.0000000000000000       Fi(21,21,1)=   0.0000000000000000       Fi(41,21,1)=   0.0000000000000000     
   DBG div max=   7.4974611391894202E-005  res_p=   5.5276633863364173E-007
   SIMPLE iter           1  res_p=   5.5276633863364173E-007  u(1,1,1)=  -1.3747436914390642E-004  p(1,1,1)=   2045.9999993804856     
   DBG iter           2  maxU2=   5.0000000000000000       maxFi=   3.8550160421532393E-007  maxFj=   2.7871489451138213E-006  Fi(21,1,1)=   0.0000000000000000       Fi(21,21,1)=   0.0000000000000000       Fi(41,21,1)=   0.0000000000000000     
   DBG div max=   7.4974611391894202E-005  res_p=   6.0693451889412091E-007
   SIMPLE iter           2  res_p=   6.0693451889412091E-007  u(1,1,1)=  -1.4503658577604426E-004  p(1,1,1)=   2045.9999993437887     
   DBG iter           3  maxU2=   5.0000000000000000       maxFi=   4.0438820768484820E-007  maxFj=   2.9173132719278670E-006  Fi(21,1,1)=   0.0000000000000000       Fi(21,21,1)=   0.0000000000000000       Fi(41,21,1)=   0.0000000000000000     
   DBG div max=   7.4974611391894202E-005  res_p=   6.0395793752491272E-007
   SIMPLE iter           3  res_p=   6.0395793752491272E-007  u(1,1,1)=  -1.5260670390450959E-004  p(1,1,1)=   2045.9999993193185     
   SIMPLE iter           4  res_p=   5.9572912985683425E-007  u(1,1,1)=  -1.6131248290733412E-004  p(1,1,1)=   2045.9999992834332     
   SIMPLE iter           5  res_p=   5.8698585651403422E-007  u(1,1,1)=  -1.6929907669864432E-004  p(1,1,1)=   2045.9999992490123     
 Low-speed solver Block           1  SIMPLE iterations:          11  res_p:   5.3385412308646682E-007
 --------------Force and Moment -----------------------------
 Total Force Coefficient (CL, CD, CS) =
  -6.4162715383341867E-002  0.14836322085847056        2.2190956727341101E-020
 Total Moment Coefficient(CMx, CMy, CMz)=
   1.6040678845835467E-002   3.7090805214617641E-002  -2.9708259557262705E-002
 Kstep, t=           8   8.0000000000000000     
 ----------The Max Residuals are--------  ---Mesh---           1
    0.3490141997E-03    0.7304579646E-03    0.1391020560E-03    0.1085309431E-19    0.3963069425E-03
   The R.M.S Residuals are 
    0.4706139145E-04    0.9025060814E-04    0.2195845790E-04    0.1948632023E-20    0.5257553632E-04
 CPU wall time in this step:   2.9933922000000002E-002
 Averaged CPU wall time is:   2.9256533500000001E-002
   DBG iter           1  maxU2=   5.0000000000000000       maxFi=   6.1569577385437429E-007  maxFj=   4.3024633371744864E-006  Fi(21,1,1)=   0.0000000000000000       Fi(21,21,1)=   0.0000000000000000       Fi(41,21,1)=   0.0000000000000000     
   DBG div max=   7.4974611391894202E-005  res_p=   2.8561459120348480E-007
   SIMPLE iter           1  res_p=   2.8561459120348480E-007  u(1,1,1)=  -2.3613154195507014E-004  p(1,1,1)=   2045.9999989594337     
   DBG iter           2  maxU2=   5.0000000000000000       maxFi=   6.4283276039442772E-007  maxFj=   4.4688010505836333E-006  Fi(21,1,1)=   0.0000000000000000       Fi(21,21,1)=   0.0000000000000000       Fi(41,21,1)=   0.0000000000000000     
   DBG div max=   7.4974611391894202E-005  res_p=   3.2461510491695941E-007
   SIMPLE iter           2  res_p=   3.2461510491695941E-007  u(1,1,1)=  -2.5040358425177425E-004  p(1,1,1)=   2045.9999989168109     
   DBG iter           3  maxU2=   5.0000000000000000       maxFi=   6.7440155780105577E-007  maxFj=   4.6662735876518669E-006  Fi(21,1,1)=   0.0000000000000000       Fi(21,21,1)=   0.0000000000000000       Fi(41,21,1)=   0.0000000000000000     
   DBG div max=   7.4974611391894202E-005  res_p=   3.2646932027790686E-007
   SIMPLE iter           3  res_p=   3.2646932027790686E-007  u(1,1,1)=  -2.6376202721247485E-004  p(1,1,1)=   2045.9999988697293     
   SIMPLE iter           4  res_p=   3.2472696217821141E-007  u(1,1,1)=  -2.7648988447840451E-004  p(1,1,1)=   2045.9999988182592     
   SIMPLE iter           5  res_p=   3.2246247064012318E-007  u(1,1,1)=  -2.8968411600963621E-004  p(1,1,1)=   2045.9999987649808     
 Low-speed solver Block           1  SIMPLE iterations:          11  res_p:   3.0498497827142168E-007
 --------------Force and Moment -----------------------------
 Total Force Coefficient (CL, CD, CS) =
  -6.2387009991705690E-002  0.12975899504744376        1.8013816995818603E-020
 Total Moment Coefficient(CMx, CMy, CMz)=
   1.5596752497926421E-002   3.2439748761860940E-002  -2.8886072937547844E-002
 Kstep, t=           9   9.0000000000000000     
 ----------The Max Residuals are--------  ---Mesh---           1
    0.3250941013E-03    0.6680125964E-03    0.1420249627E-03    0.1514312116E-19    0.3863513259E-03
   The R.M.S Residuals are 
    0.4814229959E-04    0.8469166193E-04    0.2180104808E-04    0.1956112097E-20    0.5207078697E-04
 CPU wall time in this step:   3.0937286999999980E-002
 Averaged CPU wall time is:   2.9443283888888887E-002
   DBG iter           1  maxU2=   5.0000000000000000       maxFi=   1.0160277587340720E-006  maxFj=   6.7435559766569940E-006  Fi(21,1,1)=   0.0000000000000000       Fi(21,21,1)=   0.0000000000000000       Fi(41,21,1)=   0.0000000000000000     
   DBG div max=   7.4974611391894202E-005  res_p=   1.4608968901702387E-007
   SIMPLE iter           1  res_p=   1.4608968901702387E-007  u(1,1,1)=  -3.9639638332809093E-004  p(1,1,1)=   2045.9999983179816     
   DBG iter           2  maxU2=   5.0000000000000000       maxFi=   1.0562711742595665E-006  maxFj=   6.9659703696949586E-006  Fi(21,1,1)=   0.0000000000000000       Fi(21,21,1)=   0.0000000000000000       Fi(41,21,1)=   0.0000000000000000     
   DBG div max=   7.4974611391894202E-005  res_p=   1.7337439032210237E-007
   SIMPLE iter           2  res_p=   1.7337439032210237E-007  u(1,1,1)=  -4.2347569158001188E-004  p(1,1,1)=   2045.9999982687557     
   DBG iter           3  maxU2=   5.0000000000000000       maxFi=   1.1071490537675104E-006  maxFj=   7.2635697114100564E-006  Fi(21,1,1)=   0.0000000000000000       Fi(21,21,1)=   0.0000000000000000       Fi(41,21,1)=   0.0000000000000000     
   DBG div max=   7.4974611391894202E-005  res_p=   1.7658960408750447E-007
   SIMPLE iter           3  res_p=   1.7658960408750447E-007  u(1,1,1)=  -4.4643126396433288E-004  p(1,1,1)=   2045.9999981856113     
   SIMPLE iter           4  res_p=   1.7738759471085830E-007  u(1,1,1)=  -4.6505167412567029E-004  p(1,1,1)=   2045.9999981089088     
   SIMPLE iter           5  res_p=   1.7777949716225641E-007  u(1,1,1)=  -4.8599902101498314E-004  p(1,1,1)=   2045.9999980253335     
 Low-speed solver Block           1  SIMPLE iterations:          11  res_p:   1.7590652390352285E-007
 --------------Force and Moment -----------------------------
 Total Force Coefficient (CL, CD, CS) =
  -6.0847182376544920E-002  0.11581722042141246        2.1353972272815714E-020
 Total Moment Coefficient(CMx, CMy, CMz)=
   1.5211795594136227E-002   2.8954305105353115E-002  -2.8173101147120343E-002
 Kstep, t=          10   10.000000000000000     
 ----------The Max Residuals are--------  ---Mesh---           1
    0.3011691317E-03    0.5995723282E-03    0.1317286082E-03    0.1272897515E-19    0.3614167827E-03
   The R.M.S Residuals are 
    0.4936709322E-04    0.8124988364E-04    0.2173674602E-04    0.2016378646E-20    0.5202330255E-04
 write flow3d.dat ......
 write flow3d.dat OK
 write VTK files ......
 write merged flow3d.vtk OK: points=       18406  cells=        8760
 write VTK files OK
 CPU wall time in this step:  0.10934262000000000     
 Averaged CPU wall time is:   3.7433217499999998E-002
   DBG iter           1  maxU2=   5.0000000000000000       maxFi=   1.6317183399285126E-006  maxFj=   1.0244857925953650E-005  Fi(21,1,1)=   0.0000000000000000       Fi(21,21,1)=   0.0000000000000000       Fi(41,21,1)=   0.0000000000000000     
   DBG div max=   7.4974611391894202E-005  res_p=   1.6284571745394791E-007
   SIMPLE iter           1  res_p=   1.6284571745394791E-007  u(1,1,1)=  -6.4764091225178756E-004  p(1,1,1)=   2045.9999973325837     
   DBG iter           2  maxU2=   5.0000000000000000       maxFi=   1.6838715325402257E-006  maxFj=   1.0487913551877980E-005  Fi(21,1,1)=   0.0000000000000000       Fi(21,21,1)=   0.0000000000000000       Fi(41,21,1)=   0.0000000000000000     
   DBG div max=   7.4974611391894202E-005  res_p=   2.0253983595148476E-007
   SIMPLE iter           2  res_p=   2.0253983595148476E-007  u(1,1,1)=  -6.9998164892841178E-004  p(1,1,1)=   2045.9999972892249     
   DBG iter           3  maxU2=   5.0000000000000000       maxFi=   1.7626976928693198E-006  maxFj=   1.0941292240056741E-005  Fi(21,1,1)=   0.0000000000000000       Fi(21,21,1)=   0.0000000000000000       Fi(41,21,1)=   0.0000000000000000     
   DBG div max=   7.4974611391894202E-005  res_p=   1.7426705631518615E-007
   SIMPLE iter           3  res_p=   1.7426705631518615E-007  u(1,1,1)=  -7.3822465243586900E-004  p(1,1,1)=   2045.9999971491395     
   SIMPLE iter           4  res_p=   1.8277408477879913E-007  u(1,1,1)=  -7.6364037215693450E-004  p(1,1,1)=   2045.9999970378317     
   SIMPLE iter           5  res_p=   1.8708429594413148E-007  u(1,1,1)=  -7.9493921217643933E-004  p(1,1,1)=   2045.9999969100463     
 Low-speed solver Block           1  SIMPLE iterations:          11  res_p:   2.3155738514175979E-007
 --------------Force and Moment -----------------------------
 Total Force Coefficient (CL, CD, CS) =
  -5.9463699579272791E-002  0.10514797682736218        1.3943056228381866E-020
 Total Moment Coefficient(CMx, CMy, CMz)=
   1.4865924894818201E-002   2.6286994206840546E-002  -2.7532520070925048E-002
 Kstep, t=          11   11.000000000000000     
 ----------The Max Residuals are--------  ---Mesh---           1
    0.2789733341E-03    0.5313226749E-03    0.1309072650E-03    0.1460626478E-19    0.3295746714E-03
   The R.M.S Residuals are 
    0.5023942429E-04    0.7862506771E-04    0.2181501976E-04    0.2074723509E-20    0.5184354246E-04
 CPU wall time in this step:   3.0362080000000014E-002
 Averaged CPU wall time is:   3.6790386818181815E-002
   DBG iter           1  maxU2=   5.0000000000000000       maxFi=   2.5547899590062492E-006  maxFj=   1.5047748334385207E-005  Fi(21,1,1)=   0.0000000000000000       Fi(21,21,1)=   0.0000000000000000       Fi(41,21,1)=   0.0000000000000000     
   DBG div max=   7.4974611391894202E-005  res_p=   2.4599989396543819E-007
   SIMPLE iter           1  res_p=   2.4599989396543819E-007  u(1,1,1)=  -1.0205242194904029E-003  p(1,1,1)=   2045.9999958677674     
   DBG iter           2  maxU2=   5.0000000000000000       maxFi=   2.6239353535238261E-006  maxFj=   1.5223976896489524E-005  Fi(21,1,1)=   0.0000000000000000       Fi(21,21,1)=   0.0000000000000000       Fi(41,21,1)=   0.0000000000000000     
   DBG div max=   7.4974611391894202E-005  res_p=   3.2606858858026513E-007
   SIMPLE iter           2  res_p=   3.2606858858026513E-007  u(1,1,1)=  -1.1234423264038483E-003  p(1,1,1)=   2045.9999958740775     
   DBG iter           3  maxU2=   5.0000000000000000       maxFi=   2.7422592846610716E-006  maxFj=   1.5866876777248772E-005  Fi(21,1,1)=   0.0000000000000000       Fi(21,21,1)=   0.0000000000000000       Fi(41,21,1)=   0.0000000000000000     
   DBG div max=   7.4974611391894202E-005  res_p=   2.5922501604346560E-007
   SIMPLE iter           3  res_p=   2.5922501604346560E-007  u(1,1,1)=  -1.1846841600862074E-003  p(1,1,1)=   2045.9999956463819     
   SIMPLE iter           4  res_p=   2.6397448882278507E-007  u(1,1,1)=  -1.2146784420254799E-003  p(1,1,1)=   2045.9999954951688     
   SIMPLE iter           5  res_p=   2.7183574264138345E-007  u(1,1,1)=  -1.2575945916285707E-003  p(1,1,1)=   2045.9999953080471     
 Low-speed solver Block           1  SIMPLE iterations:          11  res_p:   3.3906423008612198E-007
 --------------Force and Moment -----------------------------
 Total Force Coefficient (CL, CD, CS) =
  -5.8179966093472799E-002   9.6791856685839089E-002   3.1697623021192262E-021
 Total Moment Coefficient(CMx, CMy, CMz)=
   1.4544991523368203E-002   2.4197964171459772E-002  -2.6938125200293345E-002
 Kstep, t=          12   12.000000000000000     
 ----------The Max Residuals are--------  ---Mesh---           1
    0.2626149858E-03    0.4785941653E-03    0.1245490944E-03    0.1708090483E-19    0.2950887058E-03
   The R.M.S Residuals are 
    0.5094180883E-04    0.7655443641E-04    0.2179511829E-04    0.2125467588E-20    0.5170865493E-04
 CPU wall time in this step:   3.1060968000000022E-002
 Averaged CPU wall time is:   3.6312935250000004E-002
   DBG iter           1  maxU2=   5.0000000000000000       maxFi=   3.8714568406760206E-006  maxFj=   2.1537965004055523E-005  Fi(21,1,1)=   0.0000000000000000       Fi(21,21,1)=   0.0000000000000000       Fi(41,21,1)=   0.0000000000000000     
   DBG div max=   7.4974611391894202E-005  res_p=   3.4696080118724576E-007
   SIMPLE iter           1  res_p=   3.4696080118724576E-007  u(1,1,1)=  -1.5370494163263206E-003  p(1,1,1)=   2045.9999938043104     
   DBG iter           2  maxU2=   5.0000000000000000       maxFi=   3.9266368978093452E-006  maxFj=   2.1370390183164052E-005  Fi(21,1,1)=   0.0000000000000000       Fi(21,21,1)=   0.0000000000000000       Fi(41,21,1)=   0.0000000000000000     
   DBG div max=   7.4974611391894202E-005  res_p=   5.0316182587746813E-007
   SIMPLE iter           2  res_p=   5.0316182587746813E-007  u(1,1,1)=  -1.7397829782650265E-003  p(1,1,1)=   2045.9999939696434     
   DBG iter           3  maxU2=   5.0000000000000000       maxFi=   4.1010024651824443E-006  maxFj=   2.2424641652439909E-005  Fi(21,1,1)=   0.0000000000000000       Fi(21,21,1)=   0.0000000000000000       Fi(41,21,1)=   0.0000000000000000     
   DBG div max=   7.4974611391894202E-005  res_p=   3.8249616149987235E-007
   SIMPLE iter           3  res_p=   3.8249616149987235E-007  u(1,1,1)=  -1.8333172110742198E-003  p(1,1,1)=   2045.9999936106910     
   SIMPLE iter           4  res_p=   3.9179749682141912E-007  u(1,1,1)=  -1.8591967042525363E-003  p(1,1,1)=   2045.9999934246321     
   SIMPLE iter           5  res_p=   4.0917657509853077E-007  u(1,1,1)=  -1.9111883568628623E-003  p(1,1,1)=   2045.9999931642631     
 Low-speed solver Block           1  SIMPLE iterations:          11  res_p:   5.5450136099577130E-007
 --------------Force and Moment -----------------------------
 Total Force Coefficient (CL, CD, CS) =
  -5.6957246803328934E-002   9.0080650399585599E-002   9.6613577789945651E-021
 Total Moment Coefficient(CMx, CMy, CMz)=
   1.4239311700832234E-002   2.2520162599896400E-002  -2.6371981499573746E-002
 Kstep, t=          13   13.000000000000000     
 ----------The Max Residuals are--------  ---Mesh---           1
    0.2466150919E-03    0.4568897573E-03    0.1212890442E-03    0.1455263860E-19    0.2953993606E-03
   The R.M.S Residuals are 
    0.5170228585E-04    0.7501846103E-04    0.2189477819E-04    0.2164936772E-20    0.5174504276E-04
 CPU wall time in this step:   2.9279857999999992E-002
 Averaged CPU wall time is:   3.5771929307692310E-002
   DBG iter           1  maxU2=   5.0000000000000000       maxFi=   5.6414271231715590E-006  maxFj=   2.9757993503103726E-005  Fi(21,1,1)=   0.0000000000000000       Fi(21,21,1)=   0.0000000000000000       Fi(41,21,1)=   0.0000000000000000     
   DBG div max=   7.4974611391894202E-005  res_p=   4.9586817465864663E-007
   SIMPLE iter           1  res_p=   4.9586817465864663E-007  u(1,1,1)=  -2.1977498314007904E-003  p(1,1,1)=   2045.9999910884726     
   DBG iter           2  maxU2=   5.0000000000000000       maxFi=   5.6646591246356505E-006  maxFj=   2.8886960814884232E-005  Fi(21,1,1)=   0.0000000000000000       Fi(21,21,1)=   0.0000000000000000       Fi(41,21,1)=   0.0000000000000000     
   DBG div max=   7.4974611391894202E-005  res_p=   7.4201568195780821E-007
   SIMPLE iter           2  res_p=   7.4201568195780821E-007  u(1,1,1)=  -2.5884535314956909E-003  p(1,1,1)=   2045.9999916467491     
   DBG iter           3  maxU2=   5.0000000000000000       maxFi=   5.9071950054796302E-006  maxFj=   3.0458256986801572E-005  Fi(21,1,1)=   0.0000000000000000       Fi(21,21,1)=   0.0000000000000000       Fi(41,21,1)=   0.0000000000000000     
   DBG div max=   7.4974611391894202E-005  res_p=   6.3714294708437914E-007
   SIMPLE iter           3  res_p=   6.3714294708437914E-007  u(1,1,1)=  -2.7240676230073390E-003  p(1,1,1)=   2045.9999910954398     
   SIMPLE iter           4  res_p=   6.5142265878845644E-007  u(1,1,1)=  -2.7268081367677831E-003  p(1,1,1)=   2045.9999908984441     
   SIMPLE iter           5  res_p=   6.7650031536004468E-007  u(1,1,1)=  -2.7780895705111133E-003  p(1,1,1)=   2045.9999905559278     
 Low-speed solver Block           1  SIMPLE iterations:          11  res_p:   8.9458301717833135E-007
 --------------Force and Moment -----------------------------
 Total Force Coefficient (CL, CD, CS) =
  -5.5779005729084341E-002   8.4557693170727227E-002   1.2965369796054835E-020
 Total Moment Coefficient(CMx, CMy, CMz)=
   1.3944751432271082E-002   2.1139423292681807E-002  -2.5826432152467410E-002
 Kstep, t=          14   14.000000000000000     
 ----------The Max Residuals are--------  ---Mesh---           1
    0.2453414114E-03    0.4301694139E-03    0.1162351836E-03    0.1876419153E-19    0.2866095410E-03
   The R.M.S Residuals are 
    0.5223561385E-04    0.7366358320E-04    0.2196973644E-04    0.2254871065E-20    0.5165819405E-04
 CPU wall time in this step:   2.8516384000000006E-002
 Averaged CPU wall time is:   3.5253676071428576E-002
   DBG iter           1  maxU2=   5.0000000000000000       maxFi=   7.9666326541398368E-006  maxFj=   4.0439523126536566E-005  Fi(21,1,1)=   0.0000000000000000       Fi(21,21,1)=   0.0000000000000000       Fi(41,21,1)=   0.0000000000000000     
   DBG div max=   7.4974611391894202E-005  res_p=   6.4111782906088968E-007
   SIMPLE iter           1  res_p=   6.4111782906088968E-007  u(1,1,1)=  -2.9707456129000726E-003  p(1,1,1)=   2045.9999878058500     
   DBG iter           2  maxU2=   5.0000000000000000       maxFi=   8.0658102455946016E-006  maxFj=   3.7784385202583253E-005  Fi(21,1,1)=   0.0000000000000000       Fi(21,21,1)=   0.0000000000000000       Fi(41,21,1)=   0.0000000000000000     
   DBG div max=   7.4974611391894202E-005  res_p=   1.0446037969288359E-006
   SIMPLE iter           2  res_p=   1.0446037969288359E-006  u(1,1,1)=  -3.6916029995792948E-003  p(1,1,1)=   2045.9999892047811     
   DBG iter           3  maxU2=   5.0000000000000000       maxFi=   8.4217144920971172E-006  maxFj=   4.0540230405555435E-005  Fi(21,1,1)=   0.0000000000000000       Fi(21,21,1)=   0.0000000000000000       Fi(41,21,1)=   0.0000000000000000     
   DBG div max=   7.4974611391894202E-005  res_p=   1.0123751615478336E-006
   SIMPLE iter           3  res_p=   1.0123751615478336E-006  u(1,1,1)=  -3.8784547794302603E-003  p(1,1,1)=   2045.9999883754831     
   SIMPLE iter           4  res_p=   1.0281675105725780E-006  u(1,1,1)=  -3.8262655605685323E-003  p(1,1,1)=   2045.9999882181726     
   SIMPLE iter           5  res_p=   1.0538129247855382E-006  u(1,1,1)=  -3.8564145846418127E-003  p(1,1,1)=   2045.9999877938296     
 Low-speed solver Block           1  SIMPLE iterations:          11  res_p:   1.3204111482917134E-006
 --------------Force and Moment -----------------------------
 Total Force Coefficient (CL, CD, CS) =
  -5.4636121115302916E-002   7.9908621052876092E-002   1.0920394765932904E-020
 Total Moment Coefficient(CMx, CMy, CMz)=
   1.3659030278825731E-002   1.9977155263219023E-002  -2.5297253101604529E-002
 Kstep, t=          15   15.000000000000000     
 ----------The Max Residuals are--------  ---Mesh---           1
    0.2400684578E-03    0.4004024953E-03    0.1128847490E-03    0.1718108416E-19    0.2716142129E-03
   The R.M.S Residuals are 
    0.5280861905E-04    0.7263803022E-04    0.2200682625E-04    0.2331992803E-20    0.5167594567E-04
 CPU wall time in this step:   2.7078124999999953E-002
 Averaged CPU wall time is:   3.4708639333333333E-002
   DBG iter           1  maxU2=   5.0000000000000000       maxFi=   1.1318591131851211E-005  maxFj=   5.3373401946643191E-005  Fi(21,1,1)=   0.0000000000000000       Fi(21,21,1)=   0.0000000000000000       Fi(41,21,1)=   0.0000000000000000     
   DBG div max=   7.4974611391894202E-005  res_p=   9.8049743754884187E-007
   SIMPLE iter           1  res_p=   9.8049743754884187E-007  u(1,1,1)=  -3.7884519358939209E-003  p(1,1,1)=   2045.9999842705904     
   DBG iter           2  maxU2=   5.0000000000000000       maxFi=   1.1137479959486660E-005  maxFj=   4.7949581525577148E-005  Fi(21,1,1)=   0.0000000000000000       Fi(21,21,1)=   0.0000000000000000       Fi(41,21,1)=   0.0000000000000000     
   DBG div max=   7.4974611391894202E-005  res_p=   1.5569377177145974E-006
   SIMPLE iter           2  res_p=   1.5569377177145974E-006  u(1,1,1)=  -5.0442872176911036E-003  p(1,1,1)=   2045.9999872841483     
   DBG iter           3  maxU2=   5.0000000000000000       maxFi=   1.1638348814554538E-005  maxFj=   5.2057442144165498E-005  Fi(21,1,1)=   0.0000000000000000       Fi(21,21,1)=   0.0000000000000000       Fi(41,21,1)=   0.0000000000000000     
   DBG div max=   7.4974611391894202E-005  res_p=   1.4556489835096347E-006
   SIMPLE iter           3  res_p=   1.4556489835096347E-006  u(1,1,1)=  -5.2907245271711220E-003  p(1,1,1)=   2045.9999860548730     
   SIMPLE iter           4  res_p=   1.4753464529944112E-006  u(1,1,1)=  -5.1399500144962990E-003  p(1,1,1)=   2045.9999860157682     
   SIMPLE iter           5  res_p=   1.4847733295262055E-006  u(1,1,1)=  -5.1162342656271261E-003  p(1,1,1)=   2045.9999855212884     
 Low-speed solver Block           1  SIMPLE iterations:          11  res_p:   1.9441924217713102E-006
 --------------Force and Moment -----------------------------
 Total Force Coefficient (CL, CD, CS) =
  -5.3550573697008205E-002   7.5921768316732974E-002   8.7740769267402375E-021
 Total Moment Coefficient(CMx, CMy, CMz)=
   1.3387643424252057E-002   1.8980442079183243E-002  -2.4794623313945226E-002
 Kstep, t=          16   16.000000000000000     
 ----------The Max Residuals are--------  ---Mesh---           1
    0.2314273568E-03    0.3827079435E-03    0.1081696790E-03    0.1768584205E-19    0.2568775057E-03
   The R.M.S Residuals are 
    0.5332545709E-04    0.7180429921E-04    0.2209122240E-04    0.2317976515E-20    0.5175196405E-04
 CPU wall time in this step:   2.8949321000000028E-002
 Averaged CPU wall time is:   3.4348681937500000E-002
   DBG iter           1  maxU2=   5.0000000000000000       maxFi=   1.5450192956305213E-005  maxFj=   6.8956810116713955E-005  Fi(21,1,1)=   0.0000000000000000       Fi(21,21,1)=   0.0000000000000000       Fi(41,21,1)=   0.0000000000000000     
   DBG div max=   7.4974611391894202E-005  res_p=   1.7225451711619066E-006
   SIMPLE iter           1  res_p=   1.7225451711619066E-006  u(1,1,1)=  -4.5531638600542629E-003  p(1,1,1)=   2045.9999811019693     
   DBG iter           2  maxU2=   5.0000000000000000       maxFi=   1.4675677349950388E-005  maxFj=   5.8629384429792196E-005  Fi(21,1,1)=   0.0000000000000000       Fi(21,21,1)=   0.0000000000000000       Fi(41,21,1)=   0.0000000000000000     
   DBG div max=   7.4974611391894202E-005  res_p=   2.3163513904815073E-006
   SIMPLE iter           2  res_p=   2.3163513904815073E-006  u(1,1,1)=  -6.6076638668671264E-003  p(1,1,1)=   2045.9999869399073     
   DBG iter           3  maxU2=   5.0000000000000000       maxFi=   1.5440932057692533E-005  maxFj=   6.5318622632941963E-005  Fi(21,1,1)=   0.0000000000000000       Fi(21,21,1)=   0.0000000000000000       Fi(41,21,1)=   0.0000000000000000     
   DBG div max=   7.4974611391894202E-005  res_p=   1.9889083972927087E-006
   SIMPLE iter           3  res_p=   1.9889083972927087E-006  u(1,1,1)=  -6.9221710124599250E-003  p(1,1,1)=   2045.9999851336950     
   SIMPLE iter           4  res_p=   2.1076631766526876E-006  u(1,1,1)=  -6.6217605397323864E-003  p(1,1,1)=   2045.9999853054037     
   SIMPLE iter           5  res_p=   2.0870404899090454E-006  u(1,1,1)=  -6.5005254811212158E-003  p(1,1,1)=   2045.9999847585589     
 Low-speed solver Block           1  SIMPLE iterations:          11  res_p:   2.5840734649509951E-006
 --------------Force and Moment -----------------------------
 Total Force Coefficient (CL, CD, CS) =
  -5.2558566351275468E-002   7.2459862609575723E-002   6.6459675155882769E-021
 Total Moment Coefficient(CMx, CMy, CMz)=
   1.3139641587818867E-002   1.8114965652393931E-002  -2.4335305517810275E-002
 Kstep, t=          17   17.000000000000000     
 ----------The Max Residuals are--------  ---Mesh---           1
    0.2274984129E-03    0.3689807131E-03    0.1056841008E-03    0.2299049024E-19    0.2526785471E-03
   The R.M.S Residuals are 
    0.5371183099E-04    0.7104359392E-04    0.2210663444E-04    0.2399183510E-20    0.5169245280E-04
 CPU wall time in this step:   2.8058098000000031E-002
 Averaged CPU wall time is:   3.3978647588235295E-002
   DBG iter           1  maxU2=   5.0000000000000000       maxFi=   2.0074962912592267E-005  maxFj=   8.7905978395815191E-005  Fi(21,1,1)=   0.0000000000000000       Fi(21,21,1)=   0.0000000000000000       Fi(41,21,1)=   0.0000000000000000     
   DBG div max=   7.4974611391894202E-005  res_p=   2.7880320015993255E-006
   SIMPLE iter           1  res_p=   2.7880320015993255E-006  u(1,1,1)=  -5.1456353852080113E-003  p(1,1,1)=   2045.9999792233675     
   DBG iter           2  maxU2=   5.0000000000000000       maxFi=   1.8114584257968167E-005  maxFj=   6.9498400408750757E-005  Fi(21,1,1)=   0.0000000000000000       Fi(21,21,1)=   0.0000000000000000       Fi(41,21,1)=   0.0000000000000000     
   DBG div max=   7.4974611391894202E-005  res_p=   3.3530173060220328E-006
   SIMPLE iter           2  res_p=   3.3530173060220328E-006  u(1,1,1)=  -8.3050463782390633E-003  p(1,1,1)=   2045.9999895940882     
   DBG iter           3  maxU2=   5.0000000000000000       maxFi=   1.9731430940345384E-005  maxFj=   7.9966421554241004E-005  Fi(21,1,1)=   0.0000000000000000       Fi(21,21,1)=   0.0000000000000000       Fi(41,21,1)=   0.0000000000000000     
   DBG div max=   7.4974611391894202E-005  res_p=   2.6599432551321334E-006
   SIMPLE iter           3  res_p=   2.6599432551321334E-006  u(1,1,1)=  -8.6972475679999266E-003  p(1,1,1)=   2045.9999869543381     
   SIMPLE iter           4  res_p=   2.7783888522730429E-006  u(1,1,1)=  -8.1941355587210399E-003  p(1,1,1)=   2045.9999874042821     
   SIMPLE iter           5  res_p=   2.6655597759602540E-006  u(1,1,1)=  -7.9249285493879530E-003  p(1,1,1)=   2045.9999868119344     
 Low-speed solver Block           1  SIMPLE iterations:          11  res_p:   3.3034000437637390E-006
 --------------Force and Moment -----------------------------
 Total Force Coefficient (CL, CD, CS) =
  -5.1608941553163132E-002   6.9406321055759085E-002   1.0152608798202250E-021
 Total Moment Coefficient(CMx, CMy, CMz)=
   1.2902235388290779E-002   1.7351580263939771E-002  -2.3895612219312894E-002
 Kstep, t=          18   18.000000000000000     
 ----------The Max Residuals are--------  ---Mesh---           1
    0.2232904490E-03    0.3514199381E-03    0.1036252625E-03    0.1776583300E-19    0.2428609500E-03
   The R.M.S Residuals are 
    0.5412685384E-04    0.7045120431E-04    0.2214828320E-04    0.2470047511E-20    0.5170540937E-04
 CPU wall time in this step:   2.6884242999999919E-002
 Averaged CPU wall time is:   3.3584513999999996E-002
   DBG iter           1  maxU2=   5.0000000000000000       maxFi=   2.4698489290395872E-005  maxFj=   1.0959153339382191E-004  Fi(21,1,1)=   0.0000000000000000       Fi(21,21,1)=   0.0000000000000000       Fi(41,21,1)=   0.0000000000000000     
   DBG div max=   7.4974611391894202E-005  res_p=   4.7182626597350208E-006
   SIMPLE iter           1  res_p=   4.7182626597350208E-006  u(1,1,1)=  -5.4328353914964407E-003  p(1,1,1)=   2045.9999797340549     
   DBG iter           2  maxU2=   5.0000000000000000       maxFi=   2.0705537098042632E-005  maxFj=   8.0032951250220584E-005  Fi(21,1,1)=   0.0000000000000000       Fi(21,21,1)=   0.0000000000000000       Fi(41,21,1)=   0.0000000000000000     
   DBG div max=   7.4974611391894202E-005  res_p=   4.8460289020990985E-006
   SIMPLE iter           2  res_p=   4.8460289020990985E-006  u(1,1,1)=  -1.0022506584003027E-002  p(1,1,1)=   2045.9999968065852     
   DBG iter           3  maxU2=   5.0000000000000000       maxFi=   2.4567988396475502E-005  maxFj=   9.5070267113001039E-005  Fi(21,1,1)=   0.0000000000000000       Fi(21,21,1)=   0.0000000000000000       Fi(41,21,1)=   0.0000000000000000     
   DBG div max=   7.4974611391894202E-005  res_p=   3.0994213533616917E-006
   SIMPLE iter           3  res_p=   3.0994213533616917E-006  u(1,1,1)=  -1.0503175405767244E-002  p(1,1,1)=   2045.9999929750934     
   SIMPLE iter           4  res_p=   3.4656147569457700E-006  u(1,1,1)=  -9.7444317425850226E-003  p(1,1,1)=   2045.9999936828178     
   SIMPLE iter           5  res_p=   3.2140329330380106E-006  u(1,1,1)=  -9.2759192530220431E-003  p(1,1,1)=   2045.9999930153294     
 Low-speed solver Block           1  SIMPLE iterations:          11  res_p:   3.9275440826639439E-006
 --------------Force and Moment -----------------------------
 Total Force Coefficient (CL, CD, CS) =
  -5.0693599319025673E-002   6.6681541643690417E-002  -2.5192128855989283E-021
 Total Moment Coefficient(CMx, CMy, CMz)=
   1.2673399829756418E-002   1.6670385410922604E-002  -2.3471792553422278E-002
 Kstep, t=          19   19.000000000000000     
 ----------The Max Residuals are--------  ---Mesh---           1
    0.2161791513E-03    0.3336942122E-03    0.1006962833E-03    0.1913295252E-19    0.2328487845E-03
   The R.M.S Residuals are 
    0.5447362146E-04    0.6991515231E-04    0.2218031489E-04    0.2445880378E-20    0.5167477363E-04
 CPU wall time in this step:   2.8668657000000097E-002
 Averaged CPU wall time is:   3.3325784684210526E-002
   DBG iter           1  maxU2=   5.0000000000000000       maxFi=   2.8944260143314923E-005  maxFj=   1.3402811243351631E-004  Fi(21,1,1)=   0.0000000000000000       Fi(21,21,1)=   0.0000000000000000       Fi(41,21,1)=   0.0000000000000000     
   DBG div max=   7.4974611391894202E-005  res_p=   8.1107498567571201E-006
   SIMPLE iter           1  res_p=   8.1107498567571201E-006  u(1,1,1)=  -5.2819199293175738E-003  p(1,1,1)=   2045.9999836921709     
   DBG iter           2  maxU2=   5.0000000000000000       maxFi=   2.2174195185115247E-005  maxFj=   8.9136533906928415E-005  Fi(21,1,1)=   0.0000000000000000       Fi(21,21,1)=   0.0000000000000000       Fi(41,21,1)=   0.0000000000000000     
   DBG div max=   7.4974611391894202E-005  res_p=   6.9314253140690844E-006
   SIMPLE iter           2  res_p=   6.9314253140690844E-006  u(1,1,1)=  -1.1618104475822675E-002  p(1,1,1)=   2046.0000099037281     
   DBG iter           3  maxU2=   5.0000000000000000       maxFi=   2.8907789954916421E-005  maxFj=   1.1047640124192176E-004  Fi(21,1,1)=   0.0000000000000000       Fi(21,21,1)=   0.0000000000000000       Fi(41,21,1)=   0.0000000000000000     
   DBG div max=   7.4974611391894202E-005  res_p=   3.5971955031709435E-006
   SIMPLE iter           3  res_p=   3.5971955031709435E-006  u(1,1,1)=  -1.2198185209945691E-002  p(1,1,1)=   2046.0000044052595     
   SIMPLE iter           4  res_p=   4.3235704956313189E-006  u(1,1,1)=  -1.1125166806323862E-002  p(1,1,1)=   2046.0000051885118     
   SIMPLE iter           5  res_p=   3.7121540119724132E-006  u(1,1,1)=  -1.0412081009055569E-002  p(1,1,1)=   2046.0000043604693     
 Low-speed solver Block           1  SIMPLE iterations:          11  res_p:   4.7004810075111712E-006
 --------------Force and Moment -----------------------------
 Total Force Coefficient (CL, CD, CS) =
  -4.9812463416493022E-002   6.4226345049396602E-002  -9.4746314880195127E-021
 Total Moment Coefficient(CMx, CMy, CMz)=
   1.2453115854123257E-002   1.6056586262349151E-002  -2.3063810838605703E-002
 Kstep, t=          20   20.000000000000000     
 ----------The Max Residuals are--------  ---Mesh---           1
    0.2142664255E-03    0.3250062354E-03    0.9939823880E-04    0.1864188835E-19    0.2250028603E-03
   The R.M.S Residuals are 
    0.5473715832E-04    0.6939689776E-04    0.2217108134E-04    0.2526396271E-20    0.5158748094E-04
 write flow3d.dat ......
 write flow3d.dat OK
 write VTK files ......
 write merged flow3d.vtk OK: points=       18406  cells=        8760
 write VTK files OK
 CPU wall time in this step:  0.11017574099999994     
 Averaged CPU wall time is:   3.7168282499999997E-002
   DBG iter           1  maxU2=   5.0000000000000000       maxFi=   3.5637826865966604E-005  maxFj=   1.6161592320951669E-004  Fi(21,1,1)=   0.0000000000000000       Fi(21,21,1)=   0.0000000000000000       Fi(41,21,1)=   0.0000000000000000     
   DBG div max=   7.4974611391894202E-005  res_p=   1.2783010705354513E-005
   SIMPLE iter           1  res_p=   1.2783010705354513E-005  u(1,1,1)=  -4.5860974846592024E-003  p(1,1,1)=   2045.9999918802289     
   DBG iter           2  maxU2=   5.0000000000000000       maxFi=   2.2722078560140368E-005  maxFj=   9.6347897970455132E-005  Fi(21,1,1)=   0.0000000000000000       Fi(21,21,1)=   0.0000000000000000       Fi(41,21,1)=   0.0000000000000000     
   DBG div max=   7.4974611391894202E-005  res_p=   9.8106156497890316E-006
   SIMPLE iter           2  res_p=   9.8106156497890316E-006  u(1,1,1)=  -1.2944510264857313E-002  p(1,1,1)=   2046.0000295663965     
   DBG iter           3  maxU2=   5.0000000000000000       maxFi=   3.2395011325635963E-005  maxFj=   1.2602139461580632E-004  Fi(21,1,1)=   0.0000000000000000       Fi(21,21,1)=   0.0000000000000000       Fi(41,21,1)=   0.0000000000000000     
   DBG div max=   7.4974611391894202E-005  res_p=   4.1042653466585725E-006
   SIMPLE iter           3  res_p=   4.1042653466585725E-006  u(1,1,1)=  -1.3641770412165806E-002  p(1,1,1)=   2046.0000218498421     
   SIMPLE iter           4  res_p=   5.1094827956847663E-006  u(1,1,1)=  -1.2179623767036641E-002  p(1,1,1)=   2046.0000223357538     
   SIMPLE iter           5  res_p=   4.1723615797821203E-006  u(1,1,1)=  -1.1189823101884098E-002  p(1,1,1)=   2046.0000212188177     
 Low-speed solver Block           1  SIMPLE iterations:          11  res_p:   5.3746576413604493E-006
 --------------Force and Moment -----------------------------
 Total Force Coefficient (CL, CD, CS) =
  -4.8965772296313256E-002   6.1996174655309655E-002  -8.6767714012942139E-021
 Total Moment Coefficient(CMx, CMy, CMz)=
   1.2241443074078318E-002   1.5499043663827414E-002  -2.2671777538169201E-002
 Kstep, t=          21   21.000000000000000     
 ----------The Max Residuals are--------  ---Mesh---           1
    0.2103124988E-03    0.3132441784E-03    0.9721991786E-04    0.2517149217E-19    0.2196312794E-03
   The R.M.S Residuals are 
    0.5498845468E-04    0.6894528260E-04    0.2217379591E-04    0.2687464708E-20    0.5151948993E-04
 CPU wall time in this step:   2.9379310000000047E-002
 Averaged CPU wall time is:   3.6797379047619053E-002
   DBG iter           1  maxU2=   5.0000000000000000       maxFi=   4.6498795566339302E-005  maxFj=   1.9374927655723659E-004  Fi(21,1,1)=   0.0000000000000000       Fi(21,21,1)=   0.0000000000000000       Fi(41,21,1)=   0.0000000000000000     
   DBG div max=   7.4974611391894202E-005  res_p=   1.8465074615425946E-005
   SIMPLE iter           1  res_p=   1.8465074615425946E-005  u(1,1,1)=  -3.3270556545977039E-003  p(1,1,1)=   2046.0000049492951     
   DBG iter           2  maxU2=   5.0000000000000000       maxFi=   2.5733974625969532E-005  maxFj=   1.0139411854905920E-004  Fi(21,1,1)=   0.0000000000000000       Fi(21,21,1)=   0.0000000000000000       Fi(41,21,1)=   0.0000000000000000     
   DBG div max=   7.4974611391894202E-005  res_p=   1.3653520372946915E-005
   SIMPLE iter           2  res_p=   1.3653520372946915E-005  u(1,1,1)=  -1.3925792725147532E-002  p(1,1,1)=   2046.0000559602893     
   DBG iter           3  maxU2=   5.0000000000000000       maxFi=   3.4930317620346337E-005  maxFj=   1.4164316163820979E-004  Fi(21,1,1)=   0.0000000000000000       Fi(21,21,1)=   0.0000000000000000       Fi(41,21,1)=   0.0000000000000000     
   DBG div max=   7.4974611391894202E-005  res_p=   4.7216124378234074E-006
   SIMPLE iter           3  res_p=   4.7216124378234074E-006  u(1,1,1)=  -1.4772014727602797E-002  p(1,1,1)=   2046.0000455337006     
   SIMPLE iter           4  res_p=   5.8295987052363357E-006  u(1,1,1)=  -1.2818416379657891E-002  p(1,1,1)=   2046.0000452655070     
   SIMPLE iter           5  res_p=   4.5793093107920923E-006  u(1,1,1)=  -1.1541411416590659E-002  p(1,1,1)=   2046.0000438078428     
 Low-speed solver Block           1  SIMPLE iterations:          11  res_p:   5.8281352453681129E-006
 --------------Force and Moment -----------------------------
 Total Force Coefficient (CL, CD, CS) =
  -4.8154634561913788E-002   5.9957193440186532E-002  -3.7561112955085494E-021
 Total Moment Coefficient(CMx, CMy, CMz)=
   1.2038658640478452E-002   1.4989298360046633E-002  -2.2296205961272502E-002
 Kstep, t=          22   22.000000000000000     
 ----------The Max Residuals are--------  ---Mesh---           1
    0.2040431623E-03    0.2997036984E-03    0.9467200076E-04    0.2121029357E-19    0.2126996724E-03
   The R.M.S Residuals are 
    0.5515603040E-04    0.6848052488E-04    0.2214462843E-04    0.2674292279E-20    0.5138160195E-04
 CPU wall time in this step:   2.6520928999999915E-002
 Averaged CPU wall time is:   3.6330267681818178E-002
   DBG iter           1  maxU2=   5.0000000000000000       maxFi=   5.9982525481348467E-005  maxFj=   2.2880184382207091E-004  Fi(21,1,1)=   0.0000000000000000       Fi(21,21,1)=   0.0000000000000000       Fi(41,21,1)=   0.0000000000000000     
   DBG div max=   7.4974611391894202E-005  res_p=   2.6742373299544944E-005
   SIMPLE iter           1  res_p=   2.6742373299544944E-005  u(1,1,1)=  -1.6461569695973028E-003  p(1,1,1)=   2046.0000244372829     
   DBG iter           2  maxU2=   5.0000000000000000       maxFi=   2.9300358064330712E-005  maxFj=   1.0568012701537085E-004  Fi(21,1,1)=   0.0000000000000000       Fi(21,21,1)=   0.0000000000000000       Fi(41,21,1)=   0.0000000000000000     
   DBG div max=   7.4974611391894202E-005  res_p=   1.8097815603281757E-005
   SIMPLE iter           2  res_p=   1.8097815603281757E-005  u(1,1,1)=  -1.4659676319249271E-002  p(1,1,1)=   2046.0000900036923     
   DBG iter           3  maxU2=   5.0000000000000000       maxFi=   3.6647310834880746E-005  maxFj=   1.5747630880528555E-004  Fi(21,1,1)=   0.0000000000000000       Fi(21,21,1)=   0.0000000000000000       Fi(41,21,1)=   0.0000000000000000     
   DBG div max=   7.4974611391894202E-005  res_p=   5.2096397212534658E-006
   SIMPLE iter           3  res_p=   5.2096397212534658E-006  u(1,1,1)=  -1.5696284525016618E-002  p(1,1,1)=   2046.0000766369783     
   SIMPLE iter           4  res_p=   6.6410586794640991E-006  u(1,1,1)=  -1.3100774919388766E-002  p(1,1,1)=   2046.0000753347776     
   SIMPLE iter           5  res_p=   4.6480065790934443E-006  u(1,1,1)=  -1.1548582419319050E-002  p(1,1,1)=   2046.0000736882300     
 Low-speed solver Block           1  SIMPLE iterations:          11  res_p:   6.1268037871747740E-006
 --------------Force and Moment -----------------------------
 Total Force Coefficient (CL, CD, CS) =
  -4.7378455562951130E-002   5.8082582332417768E-002  -4.2197243709712850E-021
 Total Moment Coefficient(CMx, CMy, CMz)=
   1.1844613890737783E-002   1.4520645583104442E-002  -2.1936820818877059E-002
 Kstep, t=          23   23.000000000000000     
 ----------The Max Residuals are--------  ---Mesh---           1
    0.2023195390E-03    0.2905688184E-03    0.9318901401E-04    0.2195665068E-19    0.2049510676E-03
   The R.M.S Residuals are 
    0.5528307995E-04    0.6802882474E-04    0.2210618805E-04    0.2768732074E-20    0.5124307224E-04
 CPU wall time in this step:   2.8777527999999997E-002
 Averaged CPU wall time is:   3.6001887695652171E-002
   DBG iter           1  maxU2=   5.0000000000000000       maxFi=   7.6140098243688615E-005  maxFj=   2.6640910549243597E-004  Fi(21,1,1)=   0.0000000000000000       Fi(21,21,1)=   0.0000000000000000       Fi(41,21,1)=   0.0000000000000000     
   DBG div max=   7.4974611391894202E-005  res_p=   3.6153056431186280E-005
   SIMPLE iter           1  res_p=   3.6153056431186280E-005  u(1,1,1)=   2.1060593972493588E-004  p(1,1,1)=   2046.0000536828729     
   DBG iter           2  maxU2=   5.0000000000000000       maxFi=   3.2561788097466331E-005  maxFj=   1.0829628393747365E-004  Fi(21,1,1)=   0.0000000000000000       Fi(21,21,1)=   0.0000000000000000       Fi(41,21,1)=   0.0000000000000000     
   DBG div max=   7.4974611391894202E-005  res_p=   2.3589702379828501E-005
   SIMPLE iter           2  res_p=   2.3589702379828501E-005  u(1,1,1)=  -1.5465856595107632E-002  p(1,1,1)=   2046.0001349421377     
   DBG iter           3  maxU2=   5.0000000000000000       maxFi=   3.7648185161130639E-005  maxFj=   1.7444082801277297E-004  Fi(21,1,1)=   0.0000000000000000       Fi(21,21,1)=   0.0000000000000000       Fi(41,21,1)=   0.0000000000000000     
   DBG div max=   7.4974611391894202E-005  res_p=   6.1522182342145179E-006
   SIMPLE iter           3  res_p=   6.1522182342145179E-006  u(1,1,1)=  -1.6804388506644348E-002  p(1,1,1)=   2046.0001193127471     
   SIMPLE iter           4  res_p=   7.8136899447988175E-006  u(1,1,1)=  -1.3346521357179529E-002  p(1,1,1)=   2046.0001171449603     
   SIMPLE iter           5  res_p=   5.3760236454113099E-006  u(1,1,1)=  -1.1524066283443421E-002  p(1,1,1)=   2046.0001157029428     
 Low-speed solver Block           1  SIMPLE iterations:          11  res_p:   6.8949855554871069E-006
 --------------Force and Moment -----------------------------
 Total Force Coefficient (CL, CD, CS) =
  -4.6636242392308624E-002   5.6350985802590153E-002  -3.2003734870519222E-021
 Total Moment Coefficient(CMx, CMy, CMz)=
   1.1659060598077160E-002   1.4087746450647538E-002  -2.1593162406366904E-002
 Kstep, t=          24   24.000000000000000     
 ----------The Max Residuals are--------  ---Mesh---           1
    0.1983270852E-03    0.2817244098E-03    0.8939295862E-04    0.2329998694E-19    0.1996331011E-03
   The R.M.S Residuals are 
    0.5537129485E-04    0.6758583765E-04    0.2205907466E-04    0.2719422641E-20    0.5106627967E-04
 CPU wall time in this step:   2.9140708999999987E-002
 Averaged CPU wall time is:   3.5716005249999995E-002
   DBG iter           1  maxU2=   5.0000000000000000       maxFi=   9.5035043102391503E-005  maxFj=   3.0602586197588989E-004  Fi(21,1,1)=   0.0000000000000000       Fi(21,21,1)=   0.0000000000000000       Fi(41,21,1)=   0.0000000000000000     
   DBG div max=   7.4974611391894202E-005  res_p=   4.6358692801333763E-005
   SIMPLE iter           1  res_p=   4.6358692801333763E-005  u(1,1,1)=   2.0419536960049169E-003  p(1,1,1)=   2046.0000982901154     
   DBG iter           2  maxU2=   5.0000000000000000       maxFi=   3.5555030171720449E-005  maxFj=   1.1155808775933160E-004  Fi(21,1,1)=   0.0000000000000000       Fi(21,21,1)=   0.0000000000000000       Fi(41,21,1)=   0.0000000000000000     
   DBG div max=   7.4974611391894202E-005  res_p=   3.0277532047615405E-005
   SIMPLE iter           2  res_p=   3.0277532047615405E-005  u(1,1,1)=  -1.6536264028829881E-002  p(1,1,1)=   2046.0001957770360     
   DBG iter           3  maxU2=   5.0000000000000000       maxFi=   3.8190449224262734E-005  maxFj=   1.9307983322088953E-004  Fi(21,1,1)=   0.0000000000000000       Fi(21,21,1)=   0.0000000000000000       Fi(41,21,1)=   0.0000000000000000     
   DBG div max=   7.4974611391894202E-005  res_p=   8.3393519480689442E-006
   SIMPLE iter           3  res_p=   8.3393519480689442E-006  u(1,1,1)=  -1.8348267646123236E-002  p(1,1,1)=   2046.0001790104616     
   SIMPLE iter           4  res_p=   9.4175654310034727E-006  u(1,1,1)=  -1.3849700284397921E-002  p(1,1,1)=   2046.0001761009128     
   SIMPLE iter           5  res_p=   7.0865388915694632E-006  u(1,1,1)=  -1.1730087851540659E-002  p(1,1,1)=   2046.0001755248234     
 Low-speed solver Block           1  SIMPLE iterations:          11  res_p:   7.3595914715387340E-006
 --------------Force and Moment -----------------------------
 Total Force Coefficient (CL, CD, CS) =
  -4.5926580788678964E-002   5.4744925870633954E-002   2.2496014075644033E-021
 Total Moment Coefficient(CMx, CMy, CMz)=
   1.1481645197169746E-002   1.3686231467658488E-002  -2.1264575916614282E-002
 Kstep, t=          25   25.000000000000000     
 ----------The Max Residuals are--------  ---Mesh---           1
    0.1934048848E-03    0.2719449628E-03    0.8851800281E-04    0.1888377810E-19    0.1951243037E-03
   The R.M.S Residuals are 
    0.5538117522E-04    0.6710548314E-04    0.2198565583E-04    0.2790082538E-20    0.5085520559E-04
 CPU wall time in this step:   2.6767781000000102E-002
 Averaged CPU wall time is:   3.5358076280000005E-002
   DBG iter           1  maxU2=   5.0000000000000000       maxFi=   1.1668107158674947E-004  maxFj=   3.4694507514932825E-004  Fi(21,1,1)=   0.0000000000000000       Fi(21,21,1)=   0.0000000000000000       Fi(41,21,1)=   0.0000000000000000     
   DBG div max=   7.4974611391894202E-005  res_p=   5.7631654648758154E-005
   SIMPLE iter           1  res_p=   5.7631654648758154E-005  u(1,1,1)=   3.6640605227300357E-003  p(1,1,1)=   2046.0001637635039     
   DBG iter           2  maxU2=   5.0000000000000000       maxFi=   3.8318055569741044E-005  maxFj=   1.1396211210183648E-004  Fi(21,1,1)=   0.0000000000000000       Fi(21,21,1)=   0.0000000000000000       Fi(41,21,1)=   0.0000000000000000     
   DBG div max=   7.4974611391894202E-005  res_p=   3.8567985981843966E-005
   SIMPLE iter           2  res_p=   3.8567985981843966E-005  u(1,1,1)=  -1.7769206020092923E-002  p(1,1,1)=   2046.0002761749211     
   DBG iter           3  maxU2=   5.0000000000000000       maxFi=   3.8239152412402453E-005  maxFj=   2.1467606086255123E-004  Fi(21,1,1)=   0.0000000000000000       Fi(21,21,1)=   0.0000000000000000       Fi(41,21,1)=   0.0000000000000000     
   DBG div max=   7.4974611391894202E-005  res_p=   1.3415855468106882E-005
   SIMPLE iter           3  res_p=   1.3415855468106882E-005  u(1,1,1)=  -2.0320978908349652E-002  p(1,1,1)=   2046.0002589329754     
   SIMPLE iter           4  res_p=   1.2210657719816510E-005  u(1,1,1)=  -1.4211322931939861E-002  p(1,1,1)=   2046.0002552624253     
   SIMPLE iter           5  res_p=   9.2042137244342434E-006  u(1,1,1)=  -1.1856713500136732E-002  p(1,1,1)=   2046.0002558669862     
 Low-speed solver Block           1  SIMPLE iterations:          11  res_p:   7.4433606738311770E-006
 --------------Force and Moment -----------------------------
 Total Force Coefficient (CL, CD, CS) =
  -4.5247922147577148E-002   5.3249942930141188E-002   2.8779982106244543E-021
 Total Moment Coefficient(CMx, CMy, CMz)=
   1.1311980536894287E-002   1.3312485732535297E-002  -2.0950344329913623E-002
 Kstep, t=          26   26.000000000000000     
 ----------The Max Residuals are--------  ---Mesh---           1
    0.1905863275E-03    0.2619601383E-03    0.8571469323E-04    0.2311644433E-19    0.1897662275E-03
   The R.M.S Residuals are 
    0.5537614900E-04    0.6664275108E-04    0.2191228106E-04    0.2815065405E-20    0.5062490108E-04
 CPU wall time in this step:   2.8402770999999993E-002
 Averaged CPU wall time is:   3.5090564538461537E-002
   DBG iter           1  maxU2=   5.0000000000000000       maxFi=   1.4113971207377514E-004  maxFj=   3.8811085861915434E-004  Fi(21,1,1)=   0.0000000000000000       Fi(21,21,1)=   0.0000000000000000       Fi(41,21,1)=   0.0000000000000000     
   DBG div max=   7.7237413061724818E-005  res_p=   7.7237413061724818E-005
   SIMPLE iter           1  res_p=   7.7237413061724818E-005  u(1,1,1)=   4.9987809027906890E-003  p(1,1,1)=   2046.0002506710214     
   DBG iter           2  maxU2=   5.0000000000000000       maxFi=   4.7135427166896373E-005  maxFj=   1.1599114685768414E-004  Fi(21,1,1)=   0.0000000000000000       Fi(21,21,1)=   0.0000000000000000       Fi(41,21,1)=   0.0000000000000000     
   DBG div max=   7.4974611391894202E-005  res_p=   4.9584128874537118E-005
   SIMPLE iter           2  res_p=   4.9584128874537118E-005  u(1,1,1)=  -1.9121383732105344E-002  p(1,1,1)=   2046.0003760878801     
   DBG iter           3  maxU2=   5.0000000000000000       maxFi=   3.9374996157071056E-005  maxFj=   2.4632981969094570E-004  Fi(21,1,1)=   0.0000000000000000       Fi(21,21,1)=   0.0000000000000000       Fi(41,21,1)=   0.0000000000000000     
   DBG div max=   7.4974611391894202E-005  res_p=   2.8074042766864895E-005
   SIMPLE iter           3  res_p=   2.8074042766864895E-005  u(1,1,1)=  -2.2465287536814156E-002  p(1,1,1)=   2046.0003587113035     
   SIMPLE iter           4  res_p=   2.0459953022088372E-005  u(1,1,1)=  -1.4288009112984369E-002  p(1,1,1)=   2046.0003543858095     
   SIMPLE iter           5  res_p=   1.2673094436558880E-005  u(1,1,1)=  -1.1915601532673875E-002  p(1,1,1)=   2046.0003563089099     
 Low-speed solver Block           1  SIMPLE iterations:          11  res_p:   7.5816067201843408E-006
 --------------Force and Moment -----------------------------
 Total Force Coefficient (CL, CD, CS) =
  -4.4598646127566720E-002   5.1853885422727980E-002   1.0627923302095920E-021
 Total Moment Coefficient(CMx, CMy, CMz)=
   1.1149661531891675E-002   1.2963471355681995E-002  -2.0649717406517078E-002
 Kstep, t=          27   27.000000000000000     
 ----------The Max Residuals are--------  ---Mesh---           1
    0.1875308201E-03    0.2555394041E-03    0.8318936637E-04    0.2861666589E-19    0.1831210680E-03
   The R.M.S Residuals are 
    0.5528421250E-04    0.6612559595E-04    0.2181000278E-04    0.3001367833E-20    0.5034930261E-04
 CPU wall time in this step:   2.7989662999999942E-002
 Averaged CPU wall time is:   3.4827568185185183E-002
   DBG iter           1  maxU2=   5.0000000000000000       maxFi=   1.6879846344271054E-004  maxFj=   4.3422588882014546E-004  Fi(21,1,1)=   0.0000000000000000       Fi(21,21,1)=   0.0000000000000000       Fi(41,21,1)=   0.0000000000000000     
   DBG div max=   1.0581543213298097E-004  res_p=   1.0581543213298097E-004
   SIMPLE iter           1  res_p=   1.0581543213298097E-004  u(1,1,1)=   5.7318333553991879E-003  p(1,1,1)=   2046.0003588482052     
   DBG iter           2  maxU2=   5.0000000000000000       maxFi=   5.9892906916182732E-005  maxFj=   1.1879634621313481E-004  Fi(21,1,1)=   0.0000000000000000       Fi(21,21,1)=   0.0000000000000000       Fi(41,21,1)=   0.0000000000000000     
   DBG div max=   7.4974611391894202E-005  res_p=   6.4115710650513552E-005
   SIMPLE iter           2  res_p=   6.4115710650513552E-005  u(1,1,1)=  -2.0609594337739685E-002  p(1,1,1)=   2046.0004940903407     
   DBG iter           3  maxU2=   5.0000000000000000       maxFi=   6.5412146326301854E-005  maxFj=   3.2040955565449254E-004  Fi(21,1,1)=   0.0000000000000000       Fi(21,21,1)=   0.0000000000000000       Fi(41,21,1)=   0.0000000000000000     
   DBG div max=   7.4974611391894202E-005  res_p=   6.9436173428773923E-005
   SIMPLE iter           3  res_p=   6.9436173428773923E-005  u(1,1,1)=  -2.4725381716483481E-002  p(1,1,1)=   2046.0004772719406     
   SIMPLE iter           4  res_p=   3.8026808313376714E-005  u(1,1,1)=  -1.4732081468384933E-002  p(1,1,1)=   2046.0004724280593     
   SIMPLE iter           5  res_p=   3.8713143016328632E-005  u(1,1,1)=  -1.2434280372840806E-002  p(1,1,1)=   2046.0004758755811     
 Low-speed solver Block           1  SIMPLE iterations:          11  res_p:   9.7593771756003761E-006
 --------------Force and Moment -----------------------------
 Total Force Coefficient (CL, CD, CS) =
  -4.3977134343034185E-002   5.0546429791367337E-002   7.0612201529304115E-021
 Total Moment Coefficient(CMx, CMy, CMz)=
   1.0994283585758546E-002   1.2636607447841834E-002  -2.0361945807482310E-002
 Kstep, t=          28   28.000000000000000     
 ----------The Max Residuals are--------  ---Mesh---           1
    0.1833544798E-03    0.2480059956E-03    0.8125830009E-04    0.2039009742E-19    0.1795524892E-03
   The R.M.S Residuals are 
    0.5518565239E-04    0.6562511407E-04    0.2170965910E-04    0.2940913353E-20    0.5006286373E-04
 CPU wall time in this step:   2.6782999000000030E-002
 Averaged CPU wall time is:   3.4540262142857145E-002
   DBG iter           1  maxU2=   5.0000000000000000       maxFi=   2.0563540986837865E-004  maxFj=   4.8347058597837309E-004  Fi(21,1,1)=   0.0000000000000000       Fi(21,21,1)=   0.0000000000000000       Fi(41,21,1)=   0.0000000000000000     
   DBG div max=   1.5506256426308377E-004  res_p=   1.5506256426308377E-004
   SIMPLE iter           1  res_p=   1.5506256426308377E-004  u(1,1,1)=   5.1168938568653347E-003  p(1,1,1)=   2046.0004903641075     
   DBG iter           2  maxU2=   5.0000000000000000       maxFi=   7.7426826554877982E-005  maxFj=   1.2873134158001228E-004  Fi(21,1,1)=   0.0000000000000000       Fi(21,21,1)=   0.0000000000000000       Fi(41,21,1)=   0.0000000000000000     
   DBG div max=   8.6609054605051529E-005  res_p=   8.6609054605051529E-005
   SIMPLE iter           2  res_p=   8.6609054605051529E-005  u(1,1,1)=  -2.2274976492496525E-002  p(1,1,1)=   2046.0006293239485     
   DBG iter           3  maxU2=   5.0000000000000000       maxFi=   1.5154461478581724E-004  maxFj=   6.0392285878212669E-004  Fi(21,1,1)=   0.0000000000000000       Fi(21,21,1)=   0.0000000000000000       Fi(41,21,1)=   0.0000000000000000     
   DBG div max=   2.4505910910619353E-004  res_p=   2.4505910910619353E-004
   SIMPLE iter           3  res_p=   2.4505910910619353E-004  u(1,1,1)=  -2.7092272312270405E-002  p(1,1,1)=   2046.0006155905555     
   SIMPLE iter           4  res_p=   1.1751973718691254E-004  u(1,1,1)=  -1.6033293755953748E-002  p(1,1,1)=   2046.0006096391921     
   SIMPLE iter           5  res_p=   2.9653308094930225E-004  u(1,1,1)=  -1.4187970418590478E-002  p(1,1,1)=   2046.0006193193140     
 DEBUG T iter          50 min   229.26440066128157      max   299.99933074051444     
 Low-speed solver Block           1  SIMPLE iterations:          61  res_p:   4.4273098145811824E-004
 --------------Force and Moment -----------------------------
 Total Force Coefficient (CL, CD, CS) =
  -4.3381793362668744E-002   4.9318718341480043E-002   3.0872503296085046E-021
 Total Moment Coefficient(CMx, CMy, CMz)=
   1.0845448340667189E-002   1.2329679585370011E-002  -2.0086291740008894E-002
 Kstep, t=          29   29.000000000000000     
 ----------The Max Residuals are--------  ---Mesh---           1
    0.1799387070E-03    0.2394108886E-03    0.7904359919E-04    0.2311277695E-19    0.1747386264E-03
   The R.M.S Residuals are 
    0.5500638836E-04    0.6506992109E-04    0.2158420557E-04    0.2939261240E-20    0.4973260475E-04
 CPU wall time in this step:  0.10175308199999988     
 Averaged CPU wall time is:   3.6857945586206892E-002
   DBG iter           1  maxU2=   56.687838067951191       maxFi=   2.4373086112647411E-002  maxFj=   2.0551315604990697E-002  Fi(21,1,1)=   0.0000000000000000       Fi(21,21,1)=   0.0000000000000000       Fi(41,21,1)=   0.0000000000000000     
Note: The following floating-point exceptions are signalling: IEEE_INVALID_FLAG IEEE_OVERFLOW_FLAG IEEE_DENORMAL
   DBG div max=   1.8831911209520505E-002  res_p=   1.8831911209520505E-002
   SIMPLE iter           1  res_p=   1.8831911209520505E-002  u(1,1,1)=   8.8732071304359644E-002  p(1,1,1)=   2045.9997125524390     
   DBG iter           2  maxU2=   129.50755153866237       maxFi=   1.6134705613110419E-002  maxFj=   2.3110773148217516E-002  Fi(21,1,1)=   0.0000000000000000       Fi(21,21,1)=   0.0000000000000000       Fi(41,21,1)=   0.0000000000000000     
   DBG div max=   2.4920771443801181E-002  res_p=   2.4920771443801181E-002
   SIMPLE iter           2  res_p=   2.4920771443801181E-002  u(1,1,1)=  -7.8831003223242266       p(1,1,1)=   2046.0325132721916     
   DBG iter           3  maxU2=   133.44517547862134       maxFi=   2.4352744226806295E-002  maxFj=   7.1020621951149804E-002  Fi(21,1,1)=   0.0000000000000000       Fi(21,21,1)=   0.0000000000000000       Fi(41,21,1)=   0.0000000000000000     
   DBG div max=   3.9684568385939541E-002  res_p=   3.9684568385939541E-002
   SIMPLE iter           3  res_p=   3.9684568385939541E-002  u(1,1,1)=  -3.7422607129018282       p(1,1,1)=   2045.8850302075286     
   SIMPLE iter           4  res_p=   1.4903462400262406E-002  u(1,1,1)=  -6.7978638942799385       p(1,1,1)=   2047.2372538243385     
   SIMPLE iter           5  res_p=   5.6065793889510992E-003  u(1,1,1)=  -8.9702616239867528       p(1,1,1)=   2047.6762640944819     
 DEBUG T NaN at iter          29  cell           2          20           1  T(i-1)   255.97217327080460       T(i+1)                       NaN  T(j-1)   269.02226798941342       T(j+1)                       NaN  p                       NaN  Fi(i,j)  -69274.384595079668     
