 ----------------- OpenCFD-EC3D ver 1.14a (MPI-OpenMP version)------------------
         Copyright by Li Xinliang, lixl@imech.ac.cn                            
         Programming by Li Xinliang  2016-1                                   
 ----------------------------------------------------------------------------- 
 Check if Multi-Grid can be used ...
 Total Block number is            1 Total Cell number is          800
 Check multigrid OK
 can not find partation.dat,  create partation ...
 Partation ......
 Total Cell number=         800
 Total Grid number=        1722
 Max grid number is         1722  ... rato to mean grid is   1.0000000000000000     
 Min grid number is         1722  ... rato to mean grid is   1.0000000000000000     
 rato max to min is    1.0000000000000000     
 Read material.in OK, Total_block=           1
   Block           1 : Block_type=           3  rho=   2500.0000000000000       Cp=   800.00000000000000       k=   300.00000000000000     
 Read porous.inp OK
   Porous Block           1 : eps=  0.29999999999999999       dp=  0.10000000000000001       hv=   0.0000000000000000       rho_s=   2500.0000000000000       k_s=   300.00000000000000     
 creat main mesh OK, Num_Cell=         800
  read main mesh ...
  Mesh3d.x layout: separate (x,y,z in three records per block)
 read Mesh3d.x OK
 Convert bc3d.inp to bc3d.inc ...
 Convert bc3d.inp to bc3d.inc OK
 read bc3d.inc (Link/boundary file)......
 read bc3d.inc OK
 bc3d_interface.inp not found, skip interface
 solid_bc.inp not found, no solid thermal BCs
  Need not read wall_dist.dat 
 No FDM.in, Donot use hybrid FVM/FDM
 my_id, block_no, FDM, FD_Flux, FD_Scheme=           0           1           0
 comput Jocabian OK ...
 Check mesh quality ......
 Check mesh quality OK
 Initial by Free-stream flow ......
  Start ......
  AC porous solver (LS_Algorithm=3) block           1  eps=  0.29999999999999999       dp=  0.10000000000000001       hv=   0.0000000000000000       beta=   500.00000000000000       CFL=   20.000000000000000     
   AC-porous iter           1  res_q=   0.0000000000000000       res_m=   1024.2499999999995     
   AC-porous iter           1  res_q=   0.0000000000000000       res_m=   1024.2499999999995     
   AC-porous iter       20000  res_q=   1.8578693318808756E-006  res_m=   1.9812695814551016E-005
   AC-porous iter       40000  res_q=   1.7687794003988608E-008  res_m=   1.8862839803896532E-007
  AC porous solver block           1 : iterations =       42727  final res_q=   9.3764778378663440E-009  res_m=   9.9994360888401372E-008
 --------------Force and Moment -----------------------------
 Total Force Coefficient (CL, CD, CS) =
  -1.4566126083082054E-013   0.0000000000000000        0.0000000000000000     
 Total Moment Coefficient(CMx, CMy, CMz)=
   7.2830630415410269E-014   0.0000000000000000        2.8421709430404007E-013
 Kstep, t=           1   1.0000000000000000     
 ----------The Max Residuals are--------  ---Mesh---           1
    0.0000000000E+00    0.0000000000E+00    0.0000000000E+00    0.0000000000E+00    0.0000000000E+00
   The R.M.S Residuals are 
    0.0000000000E+00    0.0000000000E+00    0.0000000000E+00    0.0000000000E+00    0.0000000000E+00
 write flow3d.dat ......
 write flow3d.dat OK
 Output Ts to Ts_block_1.dat
 write VTK files ......
 write VTK files OK
