nohup: ignoring input
 ----------------- OpenCFD-EC3D ver 1.14a (MPI-OpenMP version)------------------
         Copyright by Li Xinliang, lixl@imech.ac.cn                            
         Programming by Li Xinliang  2016-1                                   
 ----------------------------------------------------------------------------- 
 Check if Multi-Grid can be used ...
 Total Block number is            1 Total Cell number is         6400
 Check multigrid OK
 can not find partation.dat,  create partation ...
 Partation ......
 Total Cell number=        6400
 Total Grid number=       13202
 Max grid number is        13202  ... rato to mean grid is   1.0000000000000000     
 Min grid number is        13202  ... rato to mean grid is   1.0000000000000000     
 rato max to min is    1.0000000000000000     
 Read material.in OK, Total_block=           1
   Block           1 : Block_type=           2  rho=   1.0000000000000000       Cp=   1.0000000000000000       k=   0.0000000000000000     
 porous.inp not found: porous blocks use defaults (eps=0.9, dp=1e-3 m, hv=0)
 creat main mesh OK, Num_Cell=        6400
  read main mesh ...
 read Mesh3d.x OK
 Convert bc3d.inp to bc3d.inc ...
 Convert bc3d.inp to bc3d.inc OK
 read bc3d.inc (Link/boundary file)......
 read bc3d.inc OK
 bc3d_interface.inp not found, skip interface
 solid_bc.inp not found, no solid thermal BCs
  Need not read wall_dist.dat 
 No FDM.in, Donot use hybrid FVM/FDM
 my_id, block_no, FDM, FD_Flux, FD_Scheme=           0           1           0
 comput Jocabian OK ...
 Check mesh quality ......
 Check mesh quality OK
 Initial by Free-stream flow ......
  Start ......
   DBG iter           1  maxU2=   1.3468335037616674       maxFi=   3.0800037389493506E-002  maxFj=   0.0000000000000000       Fi(21,1,1)=   3.5468101962451899E-003  Fi(21,21,1)=   2.4999999999968239E-002  Fi(41,21,1)=   2.4999999999968242E-002
   DBG div max=   2.1794211722053831E-002  res_p=   2.1794211722053831E-002
   SIMPLE iter           1  res_p=   2.1794211722053831E-002  u(1,1,1)=  0.56456397454200669       p(1,1,1)=  0.58560557710983263     
   DBG iter           2  maxU2=   1.3468335037616674       maxFi=   2.7329948455548734E-002  maxFj=   1.2172190052541481E-002  Fi(21,1,1)=   5.5752017410661235E-003  Fi(21,21,1)=   2.5013212299142579E-002  Fi(41,21,1)=   2.5000000203435412E-002
   DBG div max=   1.4847457040919550E-002  res_p=   1.4847457040919550E-002
   SIMPLE iter           2  res_p=   1.4847457040919550E-002  u(1,1,1)=  0.69002573951447332       p(1,1,1)=  0.78848402307417942     
   DBG iter           3  maxU2=   1.1258404309833934       maxFi=   2.7378532547138314E-002  maxFj=   8.9916655730050594E-003  Fi(21,1,1)=   4.3537263253677341E-003  Fi(21,21,1)=   2.5163963901336839E-002  Fi(41,21,1)=   2.5000272460810803E-002
   DBG div max=   5.8134441483177974E-003  res_p=   5.8134441483177974E-003
   SIMPLE iter           3  res_p=   5.8134441483177974E-003  u(1,1,1)=  0.57036949861457042       p(1,1,1)=   1.0620423807292427     
   SIMPLE iter           4  res_p=   5.0150537397260272E-003  u(1,1,1)=  0.59053612927269139       p(1,1,1)=   1.2157209560712441     
   SIMPLE iter           5  res_p=   2.0327244200858633E-003  u(1,1,1)=  0.56563463554538596       p(1,1,1)=   1.3503637231959709     
 DEBUG T iter          50 min   300.00035029904075      max   347.87011578746882     
 DEBUG T iter         100 min   300.00035201876523      max   348.45656848747427     
   SIMPLE iter         100  res_p=   1.7452896918230962E-005  u(1,1,1)=  0.55556815073560895       p(1,1,1)=   4.3212589427148025     
 DEBUG T iter         150 min   300.00034275976947      max   348.76371815984038     
 DEBUG T iter         200 min   300.00034486655113      max   348.99604125686676     
   SIMPLE iter         200  res_p=   1.9750395292008726E-005  u(1,1,1)=  0.55556676500423918       p(1,1,1)=   2.7233000798177769     
 DEBUG T iter         250 min   300.00034929829474      max   349.18152847621730     
 DEBUG T iter         300 min   300.00035037693129      max   349.33280735760621     
   SIMPLE iter         300  res_p=   1.4649740795033540E-005  u(1,1,1)=  0.55551762591578679       p(1,1,1)=   3.0963768068164663     
 DEBUG T iter         350 min   300.00034880007030      max   349.45628104988708     
 DEBUG T iter         400 min   300.00034752951126      max   349.52729432566542     
   SIMPLE iter         400  res_p=   7.2189519806042078E-006  u(1,1,1)=  0.55555559669022803       p(1,1,1)=   3.1608230018517394     
 DEBUG T iter         450 min   300.00034777001349      max   349.54149455508633     
 DEBUG T iter         500 min   300.00034849524678      max   349.54283921107202     
   SIMPLE iter         500  res_p=   2.2595769204057776E-006  u(1,1,1)=  0.55553662988146091       p(1,1,1)=   3.0212080239556123     
 DEBUG T iter         550 min   300.00034868223963      max   349.54303184250836     
 DEBUG T iter         600 min   300.00034842517164      max   349.54285025838482     
   SIMPLE iter         600  res_p=   2.5398369245760802E-007  u(1,1,1)=  0.55554254031392447       p(1,1,1)=   3.1147639142060255     
 DEBUG T iter         650 min   300.00034821975015      max   349.54268224626469     
 DEBUG T iter         700 min   300.00034825650374      max   349.54269148831327     
   SIMPLE iter         700  res_p=   5.0773092120432644E-007  u(1,1,1)=  0.55554237010157070       p(1,1,1)=   3.0744443472906817     
 DEBUG T iter         750 min   300.00034837361181      max   349.54277371687186     
 DEBUG T iter         800 min   300.00034840480839      max   349.54280363201406     
   SIMPLE iter         800  res_p=   3.9127384609185666E-007  u(1,1,1)=  0.55554112556310242       p(1,1,1)=   3.0840107868928155     
 DEBUG T iter         850 min   300.00034836364051      max   349.54277627590687     
 DEBUG T iter         900 min   300.00034833018941      max   349.54274966380746     
   SIMPLE iter         900  res_p=   1.8778476394487121E-007  u(1,1,1)=  0.55554213309103917       p(1,1,1)=   3.0859522206714232     
 DEBUG T iter         950 min   300.00034833581481      max   349.54275125287472     
 DEBUG T iter        1000 min   300.00034835473735      max   349.54276468553422     
   SIMPLE iter        1000  res_p=   5.7431303049566906E-008  u(1,1,1)=  0.55554163895783626       p(1,1,1)=   3.0822135786350402     
 DEBUG T iter        1050 min   300.00034835992415      max   349.54276970337128     
 DEBUG T iter        1100 min   300.00034835333656      max   349.54276537546559     
   SIMPLE iter        1100  res_p=   6.3723226867122974E-009  u(1,1,1)=  0.55554178880597826       p(1,1,1)=   3.0846701333294373     
 DEBUG T iter        1150 min   300.00034834789017      max   349.54276106634768     
 DEBUG T iter        1200 min   300.00034834874782      max   349.54276129303435     
   SIMPLE iter        1200  res_p=   1.3697699546399555E-008  u(1,1,1)=  0.55554178727310677       p(1,1,1)=   3.0836293318525678     
 DEBUG T iter        1250 min   300.00034835180509      max   349.54276346376855     
 DEBUG T iter        1300 min   300.00034835266666      max   349.54276429318901     
   SIMPLE iter        1300  res_p=   1.0309911400085622E-008  u(1,1,1)=  0.55554175357378266       p(1,1,1)=   3.0838671007749490     
 DEBUG T iter        1350 min   300.00034835161279      max   349.54276360403816     
 DEBUG T iter        1400 min   300.00034835072620      max   349.54276290428334     
   SIMPLE iter        1400  res_p=   4.8729466382965627E-009  u(1,1,1)=  0.55554178014977629       p(1,1,1)=   3.0839244524527376     
 DEBUG T iter        1450 min   300.00034835085637      max   349.54276293490807     
 DEBUG T iter        1500 min   300.00034835135040      max   349.54276328500691     
   SIMPLE iter        1500  res_p=   1.4582845993865433E-009  u(1,1,1)=  0.55554176731952176       p(1,1,1)=   3.0838244673813628     
 DEBUG T iter        1550 min   300.00034835149330      max   349.54276342176138     
 DEBUG T iter        1600 min   300.00034835132487      max   349.54276331195291     
   SIMPLE iter        1600  res_p=   1.5877475521814495E-010  u(1,1,1)=  0.55554177111376701       p(1,1,1)=   3.0838889047564666     
 DEBUG T iter        1650 min   300.00034835118055      max   349.54276319824743     
 DEBUG T iter        1700 min   300.00034835120016      max   349.54276320219384     
   SIMPLE iter        1700  res_p=   3.6914141876695158E-010  u(1,1,1)=  0.55554177114918002       p(1,1,1)=   3.0838620514488833     
 Low-speed solver Block           1  SIMPLE iterations:        1721  res_p:   9.6103488014809280E-011
 --------------Force and Moment -----------------------------
 Total Force Coefficient (CL, CD, CS) =
   0.0000000000000000        0.0000000000000000        0.0000000000000000     
 Total Moment Coefficient(CMx, CMy, CMz)=
   0.0000000000000000        0.0000000000000000        0.0000000000000000     
 Kstep, t=           1   1.0000000000000000     
 ----------The Max Residuals are--------  ---Mesh---           1
    0.0000000000E+00    0.0000000000E+00    0.0000000000E+00    0.0000000000E+00    0.0000000000E+00
   The R.M.S Residuals are 
    0.0000000000E+00    0.0000000000E+00    0.0000000000E+00    0.0000000000E+00    0.0000000000E+00
 write flow3d.dat ......
 write flow3d.dat OK
 write VTK files ......
 write VTK files OK
