 ----------------- OpenCFD-EC3D ver 1.14a (MPI-OpenMP version)------------------
         Copyright by Li Xinliang, lixl@imech.ac.cn                            
         Programming by Li Xinliang  2016-1                                   
 ----------------------------------------------------------------------------- 
 Check if Multi-Grid can be used ...
 Total Block number is            1 Total Cell number is         6400
 Check multigrid OK
 can not find partation.dat,  create partation ...
 Partation ......
 Total Cell number=        6400
 Total Grid number=       13202
 Max grid number is        13202  ... rato to mean grid is   1.0000000000000000     
 Min grid number is        13202  ... rato to mean grid is   1.0000000000000000     
 rato max to min is    1.0000000000000000     
 Read material.in OK, Total_block=           1
   Block           1 : Block_type=           2  rho=   1.0000000000000000       Cp=   1.0000000000000000       k=   0.0000000000000000     
 creat main mesh OK, Num_Cell=        6400
  read main mesh ...
 read Mesh3d.x OK
 Convert bc3d.inp to bc3d.inc ...
 Convert bc3d.inp to bc3d.inc OK
 read bc3d.inc (Link/boundary file)......
 read bc3d.inc OK
 bc3d_interface.inp not found, skip interface
 solid_bc.inp not found, no solid thermal BCs
  Need not read wall_dist.dat 
 No FDM.in, Donot use hybrid FVM/FDM
 my_id, block_no, FDM, FD_Flux, FD_Scheme=           0           1           0
 comput Jocabian OK ...
 Check mesh quality ......
 Check mesh quality OK
 Initial by Free-stream flow ......
  Start ......
   DBG iter           1  maxU2=  0.60734142561953630       maxFi=   1.7846951340706158E-002  maxFj=   0.0000000000000000       Fi(21,1,1)=   1.7005138052133395E-025  Fi(21,21,1)=   9.8606410488172472E-024  Fi(41,21,1)=   2.9576398771613880E-047
   DBG div max=   1.7846951340706158E-002  res_p=   1.7846951340706158E-002
   SIMPLE iter           1  res_p=   1.7846951340706158E-002  u(1,1,1)=  0.37303443078874809       p(1,1,1)= -0.11568844775498616     
   DBG iter           2  maxU2=  0.61676876733389374       maxFi=   1.8325392634652174E-002  maxFj=   1.2152615477310040E-003  Fi(21,1,1)=   1.3444725157699678E-005  Fi(21,21,1)=   3.6841797593497672E-005  Fi(41,21,1)=   4.0456083670258890E-010
   DBG div max=   1.5042788219153337E-002  res_p=   1.5042788219153337E-002
   SIMPLE iter           2  res_p=   1.5042788219153337E-002  u(1,1,1)=  0.11455954244657102       p(1,1,1)=  0.40869559365203684     
   DBG iter           3  maxU2=  0.65227605623551199       maxFi=   1.5419219183347340E-002  maxFj=   3.2816230462994751E-003  Fi(21,1,1)=   1.6614219792843957E-004  Fi(21,21,1)=   4.3131665980979659E-004  Fi(41,21,1)=   5.4562596611461952E-007
   DBG div max=   4.9249820266441969E-003  res_p=   4.9249820266441969E-003
   SIMPLE iter           3  res_p=   4.9249820266441969E-003  u(1,1,1)=  0.14926477327397508       p(1,1,1)=  0.75184431205144331     
   SIMPLE iter           4  res_p=   6.0712248133579401E-003  u(1,1,1)=  0.11134994336646695       p(1,1,1)=   1.1191241650135466     
   SIMPLE iter           5  res_p=   7.7680575931718919E-003  u(1,1,1)=   8.0012713675595204E-002  p(1,1,1)=   1.4585888542693526     
 DEBUG T iter          50 min   299.99999999999955      max   300.00000000000034     
 DEBUG T iter         100 min   299.99999999999949      max   300.00000000000051     
   SIMPLE iter         100  res_p=   5.5341709896091710E-005  u(1,1,1)=   3.6585180593289177E-002  p(1,1,1)=   1.9743031685518677     
 DEBUG T iter         150 min   299.99999999999949      max   300.00000000000063     
 DEBUG T iter         200 min   299.99999999999943      max   300.00000000000063     
   SIMPLE iter         200  res_p=   2.2891398031462111E-005  u(1,1,1)=   4.9623237568369456E-002  p(1,1,1)=   1.9870527442844665     
 DEBUG T iter         250 min   299.99999999999926      max   300.00000000000074     
 DEBUG T iter         300 min   299.99999999999937      max   300.00000000000074     
   SIMPLE iter         300  res_p=   1.9274684031087637E-006  u(1,1,1)=   6.1657184064874394E-002  p(1,1,1)=   1.9867009999778349     
 DEBUG T iter         350 min   299.99999999999932      max   300.00000000000074     
 DEBUG T iter         400 min   299.99999999999949      max   300.00000000000068     
   SIMPLE iter         400  res_p=   3.4078769675266347E-006  u(1,1,1)=   6.8613539582760008E-002  p(1,1,1)=   1.9849904294526766     
 DEBUG T iter         450 min   299.99999999999926      max   300.00000000000063     
 DEBUG T iter         500 min   299.99999999999937      max   300.00000000000063     
   SIMPLE iter         500  res_p=   1.3759841538453082E-006  u(1,1,1)=   7.2176403870445494E-002  p(1,1,1)=   1.9846642860427675     
 DEBUG T iter         550 min   299.99999999999926      max   300.00000000000057     
 DEBUG T iter         600 min   299.99999999999937      max   300.00000000000063     
   SIMPLE iter         600  res_p=   1.8518576433078518E-007  u(1,1,1)=   7.4293662126829640E-002  p(1,1,1)=   1.9849795483249764     
 DEBUG T iter         650 min   299.99999999999926      max   300.00000000000057     
 DEBUG T iter         700 min   299.99999999999949      max   300.00000000000057     
   SIMPLE iter         700  res_p=   2.8084808318429082E-007  u(1,1,1)=   7.5765355516302313E-002  p(1,1,1)=   1.9852546632226182     
 DEBUG T iter         750 min   299.99999999999943      max   300.00000000000051     
 DEBUG T iter         800 min   299.99999999999926      max   300.00000000000068     
   SIMPLE iter         800  res_p=   1.4537170317708565E-007  u(1,1,1)=   7.6805603481152798E-002  p(1,1,1)=   1.9853786630818575     
 DEBUG T iter         850 min   299.99999999999926      max   300.00000000000063     
 DEBUG T iter         900 min   299.99999999999920      max   300.00000000000063     
   SIMPLE iter         900  res_p=   5.6496368901216550E-008  u(1,1,1)=   7.7511591202389693E-002  p(1,1,1)=   1.9854288215536875     
 DEBUG T iter         950 min   299.99999999999932      max   300.00000000000074     
 DEBUG T iter        1000 min   299.99999999999943      max   300.00000000000074     
   SIMPLE iter        1000  res_p=   3.2110182064858437E-008  u(1,1,1)=   7.7978300559492619E-002  p(1,1,1)=   1.9854592641685596     
 DEBUG T iter        1050 min   299.99999999999926      max   300.00000000000057     
 DEBUG T iter        1100 min   299.99999999999943      max   300.00000000000068     
   SIMPLE iter        1100  res_p=   2.2729324059916439E-008  u(1,1,1)=   7.8286688273973920E-002  p(1,1,1)=   1.9854835438131437     
 DEBUG T iter        1150 min   299.99999999999926      max   300.00000000000074     
 DEBUG T iter        1200 min   299.99999999999937      max   300.00000000000074     
   SIMPLE iter        1200  res_p=   1.7852330403943183E-008  u(1,1,1)=   7.8492459385065841E-002  p(1,1,1)=   1.9855017476634469     
 DEBUG T iter        1250 min   299.99999999999943      max   300.00000000000068     
 DEBUG T iter        1300 min   299.99999999999943      max   300.00000000000074     
   SIMPLE iter        1300  res_p=   1.2474070455940523E-008  u(1,1,1)=   7.8630608019638157E-002  p(1,1,1)=   1.9855140581413635     
 Low-speed solver Block           1  SIMPLE iterations:        1336  res_p:   9.9418225802387316E-009
 --------------Force and Moment -----------------------------
 Total Force Coefficient (CL, CD, CS) =
   0.0000000000000000        0.0000000000000000        0.0000000000000000     
 Total Moment Coefficient(CMx, CMy, CMz)=
   0.0000000000000000        0.0000000000000000        0.0000000000000000     
 Kstep, t=           1   1.0000000000000000     
 ----------The Max Residuals are--------  ---Mesh---           1
    0.0000000000E+00    0.0000000000E+00    0.0000000000E+00    0.0000000000E+00    0.0000000000E+00
   The R.M.S Residuals are 
    0.0000000000E+00    0.0000000000E+00    0.0000000000E+00    0.0000000000E+00    0.0000000000E+00
 write flow3d.dat ......
 write flow3d.dat OK
 write VTK files ......
 write VTK files OK
