 ----------------- OpenCFD-EC3D ver 1.14a (MPI-OpenMP version)------------------
         Copyright by Li Xinliang, lixl@imech.ac.cn                            
         Programming by Li Xinliang  2016-1                                   
 ----------------------------------------------------------------------------- 
 Check if Multi-Grid can be used ...
 Total Block number is            1 Total Cell number is          400
 Check multigrid OK
 can not find partation.dat,  create partation ...
 Partation ......
 Total Cell number=         400
 Total Grid number=        1604
 Max grid number is         1604  ... rato to mean grid is   1.0000000000000000     
 Min grid number is         1604  ... rato to mean grid is   1.0000000000000000     
 rato max to min is    1.0000000000000000     
 Read material.in OK, Total_block=           1
   Block           1 : Block_type=           3  rho=   8000.0000000000000       Cp=   500.00000000000000       k=   13.400000000000000     
 Read porous.inp OK
   Porous Block           1 : eps=  0.29999999999999999       dp=   1.0000000000000000E-003  hv=   2013280.0000000000       rho_s=   8000.0000000000000       k_s=   13.400000000000000     
 creat main mesh OK, Num_Cell=         400
  read main mesh ...
  Mesh3d.x layout: separate (x,y,z in three records per block)
 read Mesh3d.x OK
 Convert bc3d.inp to bc3d.inc ...
 Convert bc3d.inp to bc3d.inc OK
 read bc3d.inc (Link/boundary file)......
 read bc3d.inc OK
 bc3d_interface.inp not found, skip interface
 Read solid_bc.inp OK
   Block           1  (solid):           2  thermal BC faces
     face           1  Tw=   0.0000000000000000       Qw=   0.0000000000000000     
     face           4  Tw=  -1.0000000000000000       Qw=   3000000.0000000000     
  Need not read wall_dist.dat 
 No FDM.in, Donot use hybrid FVM/FDM
 my_id, block_no, FDM, FD_Flux, FD_Scheme=           0           1           0
 comput Jocabian OK ...
 Check mesh quality ......
 Check mesh quality OK
 Initial by Free-stream flow ......
  Start ......
  AC porous solver (LS_Algorithm=3) block           1  eps=  0.29999999999999999       dp=   1.0000000000000000E-003  hv=   2013280.0000000000       beta=   400.00000000000000       CFL=   20.000000000000000     
   AC-porous iter           1  res_q=   0.0000000000000000       res_m=   3486.3499999999999     
   AC-porous iter           1  res_q=   0.0000000000000000       res_m=   3486.3499999999999     
   AC-porous iter        5000  res_q=  0.60088688681236835       res_m=   1.9902257504417431     
   AC-porous iter       10000  res_q=   1.9819751484462240E-003  res_m=   6.5548054384477143E-003
   AC-porous iter       15000  res_q=   6.5520922021278230E-006  res_m=   2.1669086230220157E-005
  AC porous solver block           1 : iterations =       17693  final res_q=   3.0220714819506606E-007  res_m=   9.9936768929724092E-007
   AC-porous LTNE iter        2000  dTf=   14.551352230801626       dTs=   15.818238715370626       Tf[   300.01575805728277      ,   812.04764090883009      ]  Ts[   301.27925447957921      ,   1047.3424541130239      ]
   AC-porous LTNE iter        4000  dTf=   8.5572389105709590       dTs=   8.9895045526088779       Tf[   300.24466774863788      ,   1029.8639284949290      ]  Ts[   319.83528232360038      ,   1279.4560106915283      ]
   AC-porous LTNE iter        6000  dTf=   6.0120488553811811       dTs=   6.2277733777302728       Tf[   300.65929083265917      ,   1171.3999815351599      ]  Ts[   353.43437557027454      ,   1427.0040340780870      ]
   AC-porous LTNE iter        8000  dTf=   4.6147600013537158       dTs=   4.7436419985299381       Tf[   301.10959591942213      ,   1275.7910082693577      ]  Ts[   389.92172614418678      ,   1534.6807939034388      ]
   AC-porous LTNE iter       10000  dTf=   3.7166025963153970       dTs=   3.8048620217346070       Tf[   301.52985019780084      ,   1358.0990696040922      ]  Ts[   423.97306562440036      ,   1619.0936999748271      ]
   AC-porous LTNE iter       12000  dTf=   3.0677898987346452       dTs=   3.1342785932070001       Tf[   301.90042125104145      ,   1425.3173829255629      ]  Ts[   453.99841751092714      ,   1687.8289266081747      ]
   AC-porous LTNE iter       14000  dTf=   2.5628067428822305       dTs=   2.6158031131549251       Tf[   302.21948053727806      ,   1481.1823994021818      ]  Ts[   479.84991049727472      ,   1744.8729490466621      ]
   AC-porous LTNE iter       16000  dTf=   2.1531883360416941       dTs=   2.1967059680628154       Tf[   302.49129867597242      ,   1528.0041926982228      ]  Ts[   501.87367753849998      ,   1792.6504014201917      ]
   AC-porous LTNE iter       18000  dTf=   1.8138841003901689       dTs=   1.8501473906817409       Tf[   302.72176060260307      ,   1567.4027624202624      ]  Ts[   520.54658172428481      ,   1832.8403008190542      ]
   AC-porous LTNE iter       20000  dTf=   1.5299543281817023       dTs=   1.5603855763974934       Tf[   302.91672785367990      ,   1600.6165828813678      ]  Ts[   536.34356372247339      ,   1866.7161929274064      ]
   AC-porous LTNE iter       22000  dTf=   1.2912165416296375       dTs=   1.3168381957113979       Tf[   303.08149921985586      ,   1628.6407251599662      ]  Ts[   549.69395803359657      ,   1895.2969828680746      ]
   AC-porous LTNE iter       24000  dTf=   1.0900251932398533       dTs=   1.1116306935523426       Tf[   303.22068571196860      ,   1652.2955680184311      ]  Ts[   560.97136859807824      ,   1919.4209115157339      ]
   AC-porous LTNE iter       26000  dTf=  0.92029740632483481       dTs=  0.93852935222685119       Tf[   303.33823434792623      ,   1672.2660555106897      ]  Ts[   570.49559857527504      ,   1939.7871193410988      ]
   AC-porous LTNE iter       28000  dTf=  0.77704291111103885       dTs=  0.79243318623844061       Tf[   303.43749888898844      ,   1689.1274999024249      ]  Ts[   578.53838263099090      ,   1956.9825588879312      ]
   AC-porous LTNE iter       30000  dTf=  0.65610518115613559       dTs=  0.66909870264134952       Tf[   303.52131940003886      ,   1703.3644931388708      ]  Ts[   585.32983358747299      ,   1971.5015151048544      ]
   AC-porous LTNE iter       32000  dTf=  0.55399690544595614       dTs=  0.56496771030629134       Tf[   303.59209719373348      ,   1715.3857492539821      ]  Ts[   591.06451482706484      ,   1983.7608334334350      ]
   AC-porous LTNE iter       34000  dTf=  0.46778222749139786       dTs=  0.47704550235584975       Tf[   303.65186115221252      ,   1725.5361961182962      ]  Ts[   595.90681398315348      ,   1994.1122869289165      ]
   AC-porous LTNE iter       36000  dTf=  0.39498559649223353       dTs=  0.40280722721172424       Tf[   303.70232491829438      ,   1734.1070128523379      ]  Ts[   599.99557680708767      ,   2002.8528265040643      ]
   AC-porous LTNE iter       38000  dTf=  0.33351804735934820       dTs=  0.34012244432778971       Tf[   303.74493565272456      ,   1741.3440376381234      ]  Ts[   603.44805767161949      ,   2010.2331607414030      ]
   AC-porous LTNE iter       40000  dTf=  0.28161622329957936       dTs=  0.28719283583836841       Tf[   303.78091538637113      ,   1747.4548406521706      ]  Ts[   606.36327008364435      ,   2016.4649710421838      ]
   AC-porous LTNE iter       42000  dTf=  0.23779138497161512       dTs=  0.24250016542214325       Tf[   303.81129600869167      ,   1752.6146859550092      ]  Ts[   608.82482158187997      ,   2021.7269924183438      ]
   AC-porous LTNE iter       44000  dTf=  0.20078654952112629       dTs=  0.20476255265975851       Tf[   303.83694883931076      ,   1756.9715615414866      ]  Ts[   610.90330973709445      ,   2026.1701434791557      ]
   AC-porous LTNE iter       46000  dTf=  0.16954037584673642       dTs=  0.17289763712551576       Tf[   303.85860960866052      ,   1760.6504250320413      ]  Ts[   612.65834617708049      ,   2029.9218563257580      ]
   AC-porous LTNE iter       48000  dTf=  0.14315669987763613       dTs=  0.14599150776393799       Tf[   303.87689955544926      ,   1763.7567880325184      ]  Ts[   614.14026598246232      ,   2033.0897319395312      ]
   AC-porous LTNE iter       50000  dTf=  0.12087882233595337       dTs=  0.12327248062183571       Tf[   303.89234324264805      ,   1766.3797424566392      ]  Ts[   615.39157120451534      ,   2035.7646264520756      ]
   AC-porous LTNE iter       52000  dTf=  0.10206780252588032       dTs=  0.10408896247781740       Tf[   303.90538360163100      ,   1768.5945158005127      ]  Ts[   616.44814979762805      ,   2038.0232570274115      ]
   AC-porous LTNE iter       54000  dTf=   8.6184131664140295E-002  dTs=   8.7890761078142532E-002  Tf[   303.91639463542310      ,   1770.4646287308144      ]  Ts[   617.34030488383883      ,   2039.9304021779840      ]
   AC-porous LTNE iter       56000  dTf=   7.2772258993381911E-002  dTs=   7.4213304754039200E-002  Tf[   303.92569214518238      ,   1772.0437168972078      ]  Ts[   618.09362385255815      ,   2041.5407596540663      ]
   AC-porous LTNE iter       58000  dTf=   6.1447526125448348E-002  dTs=   6.2664318046017797E-002  Tf[   303.93354278748097      ,   1773.3770692305745      ]  Ts[   618.72971221527621      ,   2042.9005152040270      ]
   AC-porous LTNE iter       60000  dTf=   5.1885134813346667E-002  dTs=   5.2912571006800135E-002  Tf[   303.94017172211659      ,   1774.5029268510996      ]  Ts[   619.26681325983895      ,   2044.0486672037698      ]
   AC-porous LTNE iter       62000  dTf=   4.3810831520204374E-002  dTs=   4.4678379309061711E-002  Tf[   303.94576906978909      ,   1775.4535798407371      ]  Ts[   619.72033127546024      ,   2045.0181451477047      ]
   AC-porous LTNE iter       64000  dTf=   3.6993041754385558E-002  dTs=   3.7725582787516032E-002  Tf[   303.95049536484004      ,   1776.2562933369213      ]  Ts[   620.10327335412353      ,   2045.8367540810618      ]
   AC-porous LTNE iter       66000  dTf=   3.1236228368925367E-002  dTs=   3.1854772228143702E-002  Tf[   303.95448615944775      ,   1776.9340895086132      ]  Ts[   620.42662243964480      ,   2046.5279720608041      ]
   AC-porous LTNE iter       68000  dTf=   2.6375283468723865E-002  dTs=   2.6897570264964088E-002  Tf[   303.95785591132079      ,   1777.5064078420287      ]  Ts[   620.69965232307720      ,   2047.1116235163722      ]
   AC-porous LTNE iter       70000  dTf=   2.2270793060897631E-002  dTs=   2.2711802203730258E-002  Tf[   303.96070126639455      ,   1777.9896626735740      ]  Ts[   620.93019361911081      ,   2047.6044478230156      ]
   AC-porous LTNE iter       72000  dTf=   1.8805038599111867E-002  dTs=   1.9177418420440517E-002  Tf[   303.96310383067828      ,   1778.3977139600634      ]  Ts[   621.12485835143445      ,   2048.0205793942096      ]
   AC-porous LTNE iter       74000  dTf=   1.5878620738476457E-002  dTs=   1.6193051256777835E-002  Tf[   303.96513251075095      ,   1778.7422647881453      ]  Ts[   621.28922958844487      ,   2048.3719530626522      ]
   AC-porous LTNE iter       76000  dTf=   1.3407608569877993E-002  dTs=   1.3673107779140992E-002  Tf[   303.96684549003140      ,   1779.0331970240591      ]  Ts[   621.42802156805283      ,   2048.6686463765795      ]
   AC-porous LTNE iter       78000  dTf=   1.1321132389639388E-002  dTs=   1.1545314922841499E-002  Tf[   303.96829189750287      ,   1779.2788547296677      ]  Ts[   621.54521490402090      ,   2048.9191686280610      ]
   AC-porous LTNE iter       80000  dTf=   9.5593511630340799E-003  dTs=   9.7486466765985824E-003  Tf[   303.96951321675516      ,   1779.4862834737753      ]  Ts[   621.64417075170286      ,   2049.1307049031670      ]
   AC-porous LTNE iter       82000  dTf=   8.0717362459381548E-003  dTs=   8.2315738163742935E-003  Tf[   303.97054447575056      ,   1779.6614324021875      ]  Ts[   621.72772720746161      ,   2049.3093221534637      ]
   AC-porous LTNE iter       84000  dTf=   6.8156221991557686E-003  dTs=   6.9505860392382601E-003  Tf[   303.97141525144121      ,   1779.8093248616030      ]  Ts[   621.79828070643589      ,   2049.4601431986198      ]
   AC-porous LTNE iter       86000  dTf=   5.7549831381038530E-003  dTs=   5.8689440643320268E-003  Tf[   303.97215051804932      ,   1779.9342024714765      ]  Ts[   621.85785475339048      ,   2049.5874936511832      ]
   AC-porous LTNE iter       88000  dTf=   4.8593994745260716E-003  dTs=   4.9556259377823153E-003  Tf[   303.97277136333781      ,   1780.0396467754488      ]  Ts[   621.90815795764479      ,   2049.6950259769928      ]
   AC-porous LTNE iter       90000  dTf=   4.1031854761968134E-003  dTs=   4.1844372904051852E-003  Tf[   303.97329559341722      ,   1780.1286819615968      ]  Ts[   621.95063303677830      ,   2049.7858242494899      ]
   AC-porous LTNE iter       92000  dTf=   3.4646526084998186E-003  dTs=   3.5332601146365050E-003  Tf[   303.97373824343168      ,   1780.2038615974204      ]  Ts[   621.98649819433876      ,   2049.8624926022480      ]
   AC-porous LTNE iter       94000  dTf=   2.9254874682465015E-003  dTs=   2.9834183528691938E-003  Tf[   303.97411200877491      ,   1780.2673418672734      ]  Ts[   622.01678205852852      ,   2049.9272299166673      ]
   AC-porous LTNE iter       96000  dTf=   2.4702265702671866E-003  dTs=   2.5191423205797037E-003  Tf[   303.97442760919768      ,   1780.3209434126602      ]  Ts[   622.04235318361043      ,   2049.9818928868399      ]
   AC-porous LTNE iter       98000  dTf=   2.0858128368672624E-003  dTs=   2.1271163718665775E-003  Tf[   303.97469409625586      ,   1780.3662035489679      ]  Ts[   622.06394496044720      ,   2050.0280492702586      ]
   AC-porous LTNE iter      100000  dTf=   1.7612211074720108E-003  dTs=   1.7960970380954677E-003  Tf[   303.97491911291343      ,   1780.4044203564204      ]  Ts[   622.08217665052825      ,   2050.0670228519102      ]
   AC-porous LTNE iter      102000  dTf=   1.4871419639348460E-003  dTs=   1.5165905429057602E-003  Tf[   303.97510911274509      ,   1780.4366899095130      ]  Ts[   622.09757114657293      ,   2050.0999314108922      ]
   AC-porous LTNE iter      104000  dTf=   1.2557146917515638E-003  dTs=   1.2805805163225159E-003  Tf[   303.97526954502769      ,   1780.4639377129427      ]  Ts[   622.11056996935895      ,   2050.1277187788742      ]
   AC-porous LTNE iter      106000  dTf=   1.0603018570236600E-003  dTs=   1.0812980908667669E-003  Tf[   303.97540501102839      ,   1780.4869452454436      ]  Ts[   622.12154593072682      ,   2050.1511819095304      ]
  AC-porous LTNE block           1 : sweeps =      107000  final dTf=   9.7431366771161265E-004  dTs=   9.9360715739749139E-004
 write flow3d.dat ......
 write flow3d.dat OK
 Output Ts to Ts_block_1.dat
 write VTK files ......
 write VTK files OK
