 ----------------- OpenCFD-EC3D ver 1.14a (MPI-OpenMP version)------------------
         Copyright by Li Xinliang, lixl@imech.ac.cn                            
         Programming by Li Xinliang  2016-1                                   
 ----------------------------------------------------------------------------- 
 Check if Multi-Grid can be used ...
 Total Block number is            1 Total Cell number is         6400
 Check multigrid OK
 can not find partation.dat,  create partation ...
 Partation ......
 Total Cell number=        6400
 Total Grid number=       13122
 Max grid number is        13122  ... rato to mean grid is   1.0000000000000000     
 Min grid number is        13122  ... rato to mean grid is   1.0000000000000000     
 rato max to min is    1.0000000000000000     
 Read material.in OK, Total_block=           1
   Block           1 : Block_type=           2  rho=   1.0000000000000000       Cp=   1.0000000000000000       k=   0.0000000000000000     
 creat main mesh OK, Num_Cell=        6400
  read main mesh ...
 read Mesh3d.x OK
 Convert bc3d.inp to bc3d.inc ...
 Convert bc3d.inp to bc3d.inc OK
 read bc3d.inc (Link/boundary file)......
 read bc3d.inc OK
 bc3d_interface.inp not found, skip interface
 solid_bc.inp not found, no solid thermal BCs
  Need not read wall_dist.dat 
 No FDM.in, Donot use hybrid FVM/FDM
 my_id, block_no, FDM, FD_Flux, FD_Scheme=           0           1           0
 comput Jocabian OK ...
 Check mesh quality ......
 Check mesh quality OK
 Initial by Free-stream flow ......
  Start ......
   SIMPLE iter           1  res_p=  0.78739166582829512       u(1,1,1)=   3.6438152240423205E-012  p(1,1,1)=  -7.0431176291791381E-014
   SIMPLE iter           2  res_p=   2.6029894554631690       u(1,1,1)=   1.9138278328429155E-006  p(1,1,1)=  -4.0712306123268055E-008
   SIMPLE iter           3  res_p=   2.3177551996983596       u(1,1,1)=   8.0950083497410499E-005  p(1,1,1)=  -1.7759693742405280E-006
   SIMPLE iter           4  res_p=   2.4497234300822677       u(1,1,1)=   5.1002377262012193E-004  p(1,1,1)=  -1.2462873143451559E-005
   SIMPLE iter           5  res_p=   2.5956794733210904       u(1,1,1)=   1.3010907658979468E-003  p(1,1,1)=  -3.8391929272645696E-005
 DEBUG T iter          50 min   300.00000000000000      max   300.00000000000000     
 DEBUG T iter         100 min   300.00000000000000      max   300.00000000000000     
   SIMPLE iter         100  res_p=   3.5756338110173287       u(1,1,1)=   1.0370953766609202E-002  p(1,1,1)=  -3.2691324685040428E-002
 DEBUG T iter         150 min   300.00000000000000      max   300.00000000000000     
 DEBUG T iter         200 min   300.00000000000000      max   300.00000000000000     
   SIMPLE iter         200  res_p=   3.5893030578346643       u(1,1,1)=  -1.1117088951999067E-003  p(1,1,1)=  -3.5769932620432023E-002
 DEBUG T iter         250 min   300.00000000000000      max   300.00000000000000     
 DEBUG T iter         300 min   300.00000000000000      max   300.00000000000000     
   SIMPLE iter         300  res_p=   3.5484169340266978       u(1,1,1)=  -1.9836796493517598E-003  p(1,1,1)=  -3.3208483856392711E-002
 DEBUG T iter         350 min   300.00000000000000      max   300.00000000000000     
 DEBUG T iter         400 min   300.00000000000000      max   300.00000000000000     
   SIMPLE iter         400  res_p=   3.5034046563439603       u(1,1,1)=  -2.4775454049278025E-003  p(1,1,1)=  -2.9209611524216035E-002
 DEBUG T iter         450 min   300.00000000000000      max   300.00000000000000     
 DEBUG T iter         500 min   300.00000000000000      max   300.00000000000000     
   SIMPLE iter         500  res_p=   3.4833428091604874       u(1,1,1)=  -3.9579216190579912E-003  p(1,1,1)=  -2.3687317019963912E-002
 DEBUG T iter         550 min   300.00000000000000      max   300.00000000000000     
 DEBUG T iter         600 min   300.00000000000000      max   300.00000000000000     
   SIMPLE iter         600  res_p=   3.4749595946567622       u(1,1,1)=  -5.3835802959233629E-003  p(1,1,1)=  -1.5622914106520024E-002
 DEBUG T iter         650 min   300.00000000000000      max   300.00000000000000     
 DEBUG T iter         700 min   300.00000000000000      max   300.00000000000000     
   SIMPLE iter         700  res_p=   3.4686747442053418       u(1,1,1)=  -6.6400250443529527E-003  p(1,1,1)=  -5.2714311585302254E-003
 DEBUG T iter         750 min   300.00000000000000      max   300.00000000000000     
 DEBUG T iter         800 min   300.00000000000000      max   300.00000000000000     
   SIMPLE iter         800  res_p=   3.4629630883798446       u(1,1,1)=  -7.4905391437947045E-003  p(1,1,1)=   6.8832433323486372E-003
 DEBUG T iter         850 min   300.00000000000000      max   300.00000000000000     
 DEBUG T iter         900 min   300.00000000000000      max   300.00000000000000     
   SIMPLE iter         900  res_p=   3.4571170323037514       u(1,1,1)=  -7.9261260471644567E-003  p(1,1,1)=   2.0118542245872031E-002
 DEBUG T iter         950 min   300.00000000000000      max   300.00000000000000     
 DEBUG T iter        1000 min   300.00000000000000      max   300.00000000000000     
   SIMPLE iter        1000  res_p=   3.4506968191724008       u(1,1,1)=  -8.0895650234788317E-003  p(1,1,1)=   3.3817298669794882E-002
 DEBUG T iter        1050 min   300.00000000000000      max   300.00000000000000     
 DEBUG T iter        1100 min   300.00000000000000      max   300.00000000000000     
   SIMPLE iter        1100  res_p=   3.4435450555134897       u(1,1,1)=  -8.0667193101022234E-003  p(1,1,1)=   4.7628690621980718E-002
 DEBUG T iter        1150 min   300.00000000000000      max   300.00000000000000     
 DEBUG T iter        1200 min   300.00000000000000      max   300.00000000000000     
   SIMPLE iter        1200  res_p=   3.4362448328143196       u(1,1,1)=  -7.9244682466610792E-003  p(1,1,1)=   6.1294344832309382E-002
 DEBUG T iter        1250 min   300.00000000000000      max   300.00000000000000     
 DEBUG T iter        1300 min   300.00000000000000      max   300.00000000000000     
   SIMPLE iter        1300  res_p=   3.4294983789748228       u(1,1,1)=  -7.7709010478975559E-003  p(1,1,1)=   7.4699007817743718E-002
 DEBUG T iter        1350 min   300.00000000000000      max   300.00000000000000     
 DEBUG T iter        1400 min   300.00000000000000      max   300.00000000000000     
   SIMPLE iter        1400  res_p=   3.4217212322596042       u(1,1,1)=  -7.6339311565504324E-003  p(1,1,1)=   8.7864192535338725E-002
 DEBUG T iter        1450 min   300.00000000000000      max   300.00000000000000     
 DEBUG T iter        1500 min   300.00000000000000      max   300.00000000000000     
   SIMPLE iter        1500  res_p=   3.4142531432431751       u(1,1,1)=  -7.4509052686822395E-003  p(1,1,1)=  0.10072377159615455     
 DEBUG T iter        1550 min   300.00000000000000      max   300.00000000000000     
 DEBUG T iter        1600 min   300.00000000000000      max   300.00000000000000     
   SIMPLE iter        1600  res_p=   3.4074054183832141       u(1,1,1)=  -7.3277659885492858E-003  p(1,1,1)=  0.11332276633992985     
 DEBUG T iter        1650 min   300.00000000000000      max   300.00000000000000     
 DEBUG T iter        1700 min   300.00000000000000      max   300.00000000000000     
   SIMPLE iter        1700  res_p=   3.3990922639236105       u(1,1,1)=  -7.1497953009214757E-003  p(1,1,1)=  0.12575849601059588     
 DEBUG T iter        1750 min   300.00000000000000      max   300.00000000000000     
 DEBUG T iter        1800 min   300.00000000000000      max   300.00000000000000     
   SIMPLE iter        1800  res_p=   3.3922783079071963       u(1,1,1)=  -7.0659791082277905E-003  p(1,1,1)=  0.13789176178422610     
 DEBUG T iter        1850 min   300.00000000000000      max   300.00000000000000     
 DEBUG T iter        1900 min   300.00000000000000      max   300.00000000000000     
   SIMPLE iter        1900  res_p=   3.3854532335229925       u(1,1,1)=  -6.9148393629637492E-003  p(1,1,1)=  0.14984169682588441     
 DEBUG T iter        1950 min   300.00000000000000      max   300.00000000000000     
 DEBUG T iter        2000 min   300.00000000000000      max   300.00000000000000     
   SIMPLE iter        2000  res_p=   3.3838541821090899       u(1,1,1)=  -5.9408400108496486E-003  p(1,1,1)=  0.16096402289853320     
 DEBUG T iter        2050 min   300.00000000000000      max   300.00000000000000     
Note: The following floating-point exceptions are signalling: IEEE_INVALID_FLAG IEEE_OVERFLOW_FLAG IEEE_UNDERFLOW_FLAG IEEE_DENORMAL
 DEBUG T NaN at iter        2061  cell          79          72           1  T(i-1)   300.00000000000000       T(i+1)                       NaN  T(j-1)   300.00000000000000       T(j+1)                       NaN  p                       NaN  Fi(i,j)  -13046.940874044378     
--------------------------------------------------------------------------
mpirun has exited due to process rank 0 with PID 0 on
node DESKTOP-68P2P7O exiting improperly. There are three reasons this could occur:

1. this process did not call "init" before exiting, but others in
the job did. This can cause a job to hang indefinitely while it waits
for all processes to call "init". By rule, if one process calls "init",
then ALL processes must call "init" prior to termination.

2. this process called "init", but exited without calling "finalize".
By rule, all processes that call "init" MUST call "finalize" prior to
exiting or it will be considered an "abnormal termination"

3. this process called "MPI_Abort" or "orte_abort" and the mca parameter
orte_create_session_dirs is set to false. In this case, the run-time cannot
detect that the abort call was an abnormal termination. Hence, the only
error message you will receive is this one.

This may have caused other processes in the application to be
terminated by signals sent by mpirun (as reported here).

You can avoid this message by specifying -quiet on the mpirun command line.
--------------------------------------------------------------------------
